#Build: Fabric Compiler 2024.2-SP1.2, Build 187561, May 22 18:16 2025
#Install: C:\studyware\pango\PDS_2024.2-SP1.2-ads\bin
#Application name: pds_shell.exe
#OS: Windows 10 10.0.18363
#Hostname: z02665mj
Generated by Fabric Compiler (version 2024.2-SP1.2 build 187561) at Thu Mar 12 19:03:38 2026
Parameters for debugging are loaded as follows:
Compiling verification operator library.
Compiling common defs.
Compiling prim grid devices.
Compiling place grid timing.
Compiling gate devices.
Compiling gate operators.
Building architecture model.
Loading device packaging model.
Building architecture floorplan logic view.
Elaborate the liberty model.
I: Multithreading enabled for Timing using a maximum of 4 processes.

Routing started.
Build routing arch for double attribute device.
Enter timing driven router mode.
I: Multithreading enabled for route using a maximum of 1 processes.
W: Route-4027: Cannot find permit_rougth_thru_units.json file in working directory.
Building routing graph takes 0.31 sec.
Enable Recovery Analysis in Routing
Init coarse delay table.
Read place coarse delay table takes 0.02 sec.
build place dedicate switch graph takes 0.16 sec
Setup STE netlist take 524 msec.
Slack Weight : 90
CE/RS signal series limit : 500
Dispose control chain take 81 msec.
Collect const net info take 25 msec.
Total nets for routing: 2882.
Total loads for routing: 13469.
Direct connect net size: 1234
Build all design net take 168 msec.
Processing design graph takes 0.80 sec.
Delay table total memory: 4.79386520 MB
Route graph total memory: 11.13744354 MB
Route design total memory: 4.18334579 MB
The remaining process takes 0.05 sec.
Stage: after context initialize | Performance: TNS = 0 ; WNS = 8767 ; THS = NA ; WHS = NA | Time (s): real = 0h:0m:6s ; cpu = 0h:0m:3s ; process = 0h:0m:5s | Memory (MB): curr = 353.031250 ; peak = 377.894531 | Checksum: F71E7A11A0F3BE8
Global routing takes 0.00 sec.
Pin Cost Increasing Speed 300
Unrouted clock nets at iteration 0 (0.009 sec): 0
Stage: after clock route | Performance: TNS = 0 ; WNS = 8767 ; THS = NA ; WHS = NA | Time (s): real = 0h:0m:6s ; cpu = 0h:0m:3s ; process = 0h:0m:5s | Memory (MB): curr = 354.507813 ; peak = 377.894531 | Checksum: 38C622AD5A37E17C
Total route nets size: 2874
I: Start printing congestion info.
I: Finish printing congestion info.
Pre route takes 0.879 sec
Stage: after pre route | Performance: TNS = 0 ; WNS = 10612 ; THS = 0 ; WHS = 275 | Time (s): real = 0h:0m:7s ; cpu = 0h:0m:4s ; process = 0h:0m:6s | Memory (MB): curr = 414.550781 ; peak = 419.175781 | Checksum: C66A9F8964F8F508
Unrouted general nets at iteration 2 (MT total route time: 0.570 sec): 2489(overused: 13665)
Unrouted general nets at iteration 3 (MT total route time: 0.443 sec): 2106(overused: 8512)
Unrouted general nets at iteration 4 (MT total route time: 0.298 sec): 1873(overused: 6756)
Unrouted general nets at iteration 5 (MT total route time: 0.248 sec): 1613(overused: 5314)
Unrouted general nets at iteration 6 (MT total route time: 0.214 sec): 1448(overused: 4483)
Unrouted general nets at iteration 7 (MT total route time: 0.156 sec): 1043(overused: 3221)
Unrouted general nets at iteration 8 (MT total route time: 0.133 sec): 788(overused: 2195)
Unrouted general nets at iteration 9 (MT total route time: 0.113 sec): 637(overused: 1599)
Unrouted general nets at iteration 10 (MT total route time: 0.087 sec): 562(overused: 1351)
Unrouted general nets at iteration 11 (MT total route time: 0.080 sec): 474(overused: 1149)
Unrouted general nets at iteration 12 (MT total route time: 0.071 sec): 380(overused: 875)
Unrouted general nets at iteration 13 (MT total route time: 0.064 sec): 349(overused: 774)
Unrouted general nets at iteration 14 (MT total route time: 0.061 sec): 297(overused: 695)
Unrouted general nets at iteration 15 (MT total route time: 0.066 sec): 263(overused: 606)
Unrouted general nets at iteration 16 (MT total route time: 0.054 sec): 213(overused: 414)
Unrouted general nets at iteration 17 (MT total route time: 0.037 sec): 187(overused: 428)
Unrouted general nets at iteration 18 (MT total route time: 0.039 sec): 176(overused: 406)
Unrouted general nets at iteration 19 (MT total route time: 0.037 sec): 135(overused: 246)
Unrouted general nets at iteration 20 (MT total route time: 0.029 sec): 136(overused: 274)
Unrouted general nets at iteration 21 (MT total route time: 0.031 sec): 125(overused: 246)
Unrouted general nets at iteration 22 (MT total route time: 0.028 sec): 105(overused: 200)
Unrouted general nets at iteration 23 (MT total route time: 0.041 sec): 87(overused: 172)
Unrouted general nets at iteration 24 (MT total route time: 0.025 sec): 70(overused: 142)
Unrouted general nets at iteration 25 (MT total route time: 0.037 sec): 80(overused: 177)
Unrouted general nets at iteration 26 (MT total route time: 0.039 sec): 104(overused: 248)
Unrouted general nets at iteration 27 (MT total route time: 0.043 sec): 115(overused: 261)
Unrouted general nets at iteration 28 (MT total route time: 0.037 sec): 90(overused: 222)
Unrouted general nets at iteration 29 (MT total route time: 0.035 sec): 94(overused: 214)
Unrouted general nets at iteration 30 (MT total route time: 0.024 sec): 65(overused: 142)
Unrouted general nets at iteration 31 (MT total route time: 0.022 sec): 61(overused: 120)
Unrouted general nets at iteration 32 (MT total route time: 0.019 sec): 51(overused: 78)
Unrouted general nets at iteration 33 (MT total route time: 0.018 sec): 41(overused: 76)
Unrouted general nets at iteration 34 (MT total route time: 0.016 sec): 40(overused: 60)
Unrouted general nets at iteration 35 (MT total route time: 0.024 sec): 34(overused: 68)
Unrouted general nets at iteration 36 (MT total route time: 0.033 sec): 28(overused: 46)
Unrouted general nets at iteration 37 (MT total route time: 0.011 sec): 24(overused: 42)
Unrouted general nets at iteration 38 (MT total route time: 0.012 sec): 15(overused: 20)
Unrouted general nets at iteration 39 (MT total route time: 0.009 sec): 12(overused: 24)
Unrouted general nets at iteration 40 (MT total route time: 0.008 sec): 11(overused: 12)
Unrouted general nets at iteration 41 (MT total route time: 0.008 sec): 13(overused: 24)
Unrouted general nets at iteration 42 (MT total route time: 0.013 sec): 8(overused: 16)
Unrouted general nets at iteration 43 (MT total route time: 0.011 sec): 4(overused: 4)
Unrouted general nets at iteration 44 (MT total route time: 0.012 sec): 5(overused: 6)
Unrouted general nets at iteration 45 (MT total route time: 0.013 sec): 5(overused: 8)
Unrouted general nets at iteration 46 (MT total route time: 0.012 sec): 6(overused: 8)
Unrouted general nets at iteration 47 (MT total route time: 0.009 sec): 4(overused: 6)
Unrouted general nets at iteration 48 (MT total route time: 0.007 sec): 2(overused: 4)
Unrouted general nets at iteration 49 (MT total route time: 0.007 sec): 2(overused: 4)
Unrouted general nets at iteration 50 (MT total route time: 0.007 sec): 2(overused: 4)
Unrouted general nets at iteration 51 (MT total route time: 0.007 sec): 2(overused: 4)
Unrouted general nets at iteration 52 (MT total route time: 0.008 sec): 0(overused: 0)
----General net take 0.007 sec(route net take 0.000 sec, inc cost take 0.003 sec, iter times: 1)
----const net route take 0.009 sec
Unrouted nets at iteration 53 (0.018 sec): 0
Stage: after detail route | Performance: TNS = 0 ; WNS = 9424 ; THS = NA ; WHS = NA | Time (s): real = 0h:0m:11s ; cpu = 0h:0m:4s ; process = 0h:0m:10s | Memory (MB): curr = 421.929688 ; peak = 422.230469 | Checksum: CB459A49FE319BA0
Begin rip-up and reroute:
Rip-up and reroute takes 0.12 sec.
Stage: after ripup & reroute | Performance: TNS = 0 ; WNS = 9425 ; THS = NA ; WHS = NA | Time (s): real = 0h:0m:11s ; cpu = 0h:0m:4s ; process = 0h:0m:10s | Memory (MB): curr = 425.808594 ; peak = 426.757813 | Checksum: CFD15DF057E4CBB7
Detailed routing takes 5.17 sec.
I: Design net genblk1[0].fan_pwm_tach_m/w_clk_1s_pos is routed by general path.
C: Route-2036: The clock path from genblk1[0].fan_pwm_tach_m/Edge_Detect_u1/N0/gateop:Z to clkbufgs_6:CLKIN is routed by SRB.
I: Design net nt_i_CLK_PAL_IN_25M is routed by general path.
C: Route-2036: The clock path from i_CLK_PAL_IN_25M_ibuf/opit_1:OUT to pll_inst/u_pll_e2/goppllinmuxd:CLK_IN[0] is routed by SRB.
Sort Original Nets take 0.002 sec
Check HPIO div result take 0.000 sec
Total net: 2882, route succeed net: 2882
Generate routing result take 0.008 sec
Handle PERMUX permutation take 0.110 sec
Handle const net take 0.010 sec
Handle route through take 0.033 sec
Used SRB routing arc is 22601.
Stage: after finish route | Performance: TNS = 0 ; WNS = 9425 ; THS = NA ; WHS = NA | Time (s): real = 0h:0m:11s ; cpu = 0h:0m:5s ; process = 0h:0m:11s | Memory (MB): curr = 402.960938 ; peak = 426.757813 | Checksum: C375499A0B1C883E
Finish routing takes 0.23 sec.
Total routing takes 6.67 sec.


Device Utilization Summary :
+----------------------------------------------------------------------------+
| Device Type                      | Used     | Available     | Util(%)     
+----------------------------------------------------------------------------+
| CLMA                             | 356      | 592           | 61          
| + FF                             | 702      | 3552          | 20          
| + LUT                            | 1002     | 2368          | 43          
|   + LUT as Logic                 | 820      |               |             
|   + LUT as Const                 | 168      |               |             
|   + LUT as Bypass                | 14       |               |             
| CLMS                             | 517      | 888           | 59          
| + FF                             | 1160     | 5328          | 22          
| + LUT                            | 1496     | 3552          | 43          
|   + LUT as Logic                 | 1313     |               |             
|   + LUT as Memory                | 0        |               |             
|     + LUT as Distributed RAM     | 0        |               |             
|   + LUT as Const                 | 159      |               |             
|   + LUT as Bypass                | 24       |               |             
| IO                               | 310      | 336           | 93          
| + IOBD                           | 21       | 21            | 100         
| + IOBR                           | 41       | 42            | 98          
| + IOBS                           | 248      | 273           | 91          
| BKCL                             | 6        | 6             | 100         
| CCS                              | 1        | 1             | 100         
| CLKDIV                           | 0        | 4             | 0           
| CLKDLY                           | 0        | 8             | 0           
| DLL                              | 0        | 2             | 0           
| DRM                              | 0        | 26            | 0           
| HARD0N1                          | 157      | 936           | 17          
| IOCKBRG                          | 0        | 2             | 0           
| IOCKGATE                         | 0        | 4             | 0           
| + IOCKGATE as Bypass             | 0        |               |             
| IOLDLYS                          | 138      | 252           | 55          
| IOLDLY                           | 59       | 84            | 71          
| IOL                              | 310      | 336           | 93          
| ISERDES                          | 0        | 21            | 0           
| LDO                              | 0        | 2             | 0           
| OSC                              | 0        | 1             | 0           
| OSERDES                          | 0        | 21            | 0           
| PLLINMUXD                        | 1        | 2             | 50          
| + PLLINMUXD as Bypass            | 0        |               |             
| PLL                              | 1        | 2             | 50          
| USCMDC                           | 2        | 8             | 25          
| + USCMDC as Bypass               | 0        |               |             
| USCMD                            | 0        | 2             | 0           
| + USCMD as Bypass                | 0        |               |             
| USSMBUF                          | 1        | 8             | 13          
| + USSMBUF as Bypass              | 0        |               |             
+----------------------------------------------------------------------------+

Finished routing. (CPU time elapsed 0h:00m:09s)
Design 'Tieta_Feiteng_1001_top' has been routed successfully.
Saving design to DB.
Action route: Export DB successfully.
Action route: Real time elapsed is 0h:0m:12s
Action route: CPU time elapsed is 0h:0m:10s
Action route: Process CPU time elapsed is 0h:0m:12s
Action route: Peak memory pool usage is 426 MB

Current time: Thu Mar 12 19:03:48 2026
