#Build: Fabric Compiler 2024.2-SP1.2, Build 187561, May 22 18:16 2025
#Install: C:\studyware\pango\PDS_2024.2-SP1.2-ads\bin
#Application name: pds_shell.exe
#OS: Windows 10 10.0.18363
#Hostname: z02665mj
Generated by Fabric Compiler (version 2024.2-SP1.2 build 187561) at Wed Mar 11 13:26:11 2026
Parameters for debugging are loaded as follows:
Compiling verification operator library.
Compiling common defs.
Compiling prim grid devices.
Compiling place grid timing.
Compiling gate devices.
Compiling gate operators.
Building architecture model.
Loading device packaging model.
Building architecture floorplan logic view.
Elaborate the liberty model.
I: Multithreading enabled for Timing using a maximum of 4 processes.

Routing started.
Build routing arch for double attribute device.
Enter timing driven router mode.
I: Multithreading enabled for route using a maximum of 1 processes.
W: Route-4027: Cannot find permit_rougth_thru_units.json file in working directory.
Building routing graph takes 0.36 sec.
Enable Recovery Analysis in Routing
Init coarse delay table.
Read place coarse delay table takes 0.03 sec.
build place dedicate switch graph takes 0.20 sec
Setup STE netlist take 620 msec.
Slack Weight : 90
CE/RS signal series limit : 500
Dispose control chain take 93 msec.
Collect const net info take 28 msec.
Total nets for routing: 2694.
Total loads for routing: 12674.
Direct connect net size: 1193
Build all design net take 194 msec.
Processing design graph takes 0.94 sec.
Delay table total memory: 4.79386520 MB
Route graph total memory: 10.99589539 MB
Route design total memory: 3.98387527 MB
The remaining process takes 0.06 sec.
Stage: after context initialize | Performance: TNS = 0 ; WNS = 9214 ; THS = NA ; WHS = NA | Time (s): real = 0h:0m:7s ; cpu = 0h:0m:4s ; process = 0h:0m:5s | Memory (MB): curr = 349.859375 ; peak = 373.433594 | Checksum: 439637D9A9B5C57E
Global routing takes 0.00 sec.
Pin Cost Increasing Speed 300
Unrouted clock nets at iteration 0 (0.011 sec): 0
Stage: after clock route | Performance: TNS = 0 ; WNS = 9214 ; THS = NA ; WHS = NA | Time (s): real = 0h:0m:7s ; cpu = 0h:0m:4s ; process = 0h:0m:5s | Memory (MB): curr = 350.996094 ; peak = 373.433594 | Checksum: 81A1C3CEE7EDCC73
Total route nets size: 2686
I: Start printing congestion info.
I: Finish printing congestion info.
Pre route takes 0.875 sec
Stage: after pre route | Performance: TNS = 0 ; WNS = 10695 ; THS = 0 ; WHS = 256 | Time (s): real = 0h:0m:7s ; cpu = 0h:0m:4s ; process = 0h:0m:6s | Memory (MB): curr = 407.773438 ; peak = 412.261719 | Checksum: 6C69047D4D37982E
Unrouted general nets at iteration 2 (MT total route time: 0.522 sec): 2330(overused: 12793)
Unrouted general nets at iteration 3 (MT total route time: 0.581 sec): 1976(overused: 7942)
Unrouted general nets at iteration 4 (MT total route time: 0.329 sec): 1719(overused: 6170)
Unrouted general nets at iteration 5 (MT total route time: 0.261 sec): 1487(overused: 4852)
Unrouted general nets at iteration 6 (MT total route time: 0.218 sec): 1335(overused: 4039)
Unrouted general nets at iteration 7 (MT total route time: 0.191 sec): 980(overused: 2949)
Unrouted general nets at iteration 8 (MT total route time: 0.157 sec): 736(overused: 1955)
Unrouted general nets at iteration 9 (MT total route time: 0.114 sec): 599(overused: 1506)
Unrouted general nets at iteration 10 (MT total route time: 0.110 sec): 478(overused: 1225)
Unrouted general nets at iteration 11 (MT total route time: 0.084 sec): 405(overused: 958)
Unrouted general nets at iteration 12 (MT total route time: 0.074 sec): 384(overused: 905)
Unrouted general nets at iteration 13 (MT total route time: 0.074 sec): 305(overused: 714)
Unrouted general nets at iteration 14 (MT total route time: 0.079 sec): 240(overused: 479)
Unrouted general nets at iteration 15 (MT total route time: 0.057 sec): 219(overused: 439)
Unrouted general nets at iteration 16 (MT total route time: 0.049 sec): 174(overused: 331)
Unrouted general nets at iteration 17 (MT total route time: 0.042 sec): 152(overused: 304)
Unrouted general nets at iteration 18 (MT total route time: 0.034 sec): 133(overused: 267)
Unrouted general nets at iteration 19 (MT total route time: 0.044 sec): 133(overused: 290)
Unrouted general nets at iteration 20 (MT total route time: 0.034 sec): 112(overused: 195)
Unrouted general nets at iteration 21 (MT total route time: 0.030 sec): 95(overused: 174)
Unrouted general nets at iteration 22 (MT total route time: 0.031 sec): 89(overused: 151)
Unrouted general nets at iteration 23 (MT total route time: 0.023 sec): 85(overused: 164)
Unrouted general nets at iteration 24 (MT total route time: 0.025 sec): 75(overused: 138)
Unrouted general nets at iteration 25 (MT total route time: 0.021 sec): 53(overused: 96)
Unrouted general nets at iteration 26 (MT total route time: 0.018 sec): 32(overused: 48)
Unrouted general nets at iteration 27 (MT total route time: 0.013 sec): 20(overused: 32)
Unrouted general nets at iteration 28 (MT total route time: 0.011 sec): 22(overused: 34)
Unrouted general nets at iteration 29 (MT total route time: 0.016 sec): 24(overused: 34)
Unrouted general nets at iteration 30 (MT total route time: 0.014 sec): 17(overused: 22)
Unrouted general nets at iteration 31 (MT total route time: 0.014 sec): 13(overused: 22)
Unrouted general nets at iteration 32 (MT total route time: 0.013 sec): 14(overused: 20)
Unrouted general nets at iteration 33 (MT total route time: 0.010 sec): 9(overused: 18)
Unrouted general nets at iteration 34 (MT total route time: 0.009 sec): 4(overused: 8)
Unrouted general nets at iteration 35 (MT total route time: 0.008 sec): 2(overused: 2)
Unrouted general nets at iteration 36 (MT total route time: 0.009 sec): 2(overused: 2)
Unrouted general nets at iteration 37 (MT total route time: 0.008 sec): 2(overused: 2)
Unrouted general nets at iteration 38 (MT total route time: 0.012 sec): 2(overused: 4)
Unrouted general nets at iteration 39 (MT total route time: 0.010 sec): 2(overused: 4)
Unrouted general nets at iteration 40 (MT total route time: 0.009 sec): 0(overused: 0)
----General net take 0.010 sec(route net take 0.000 sec, inc cost take 0.005 sec, iter times: 1)
----const net route take 0.010 sec
Unrouted nets at iteration 41 (0.021 sec): 0
Stage: after detail route | Performance: TNS = 0 ; WNS = 9475 ; THS = NA ; WHS = NA | Time (s): real = 0h:0m:11s ; cpu = 0h:0m:4s ; process = 0h:0m:10s | Memory (MB): curr = 417.156250 ; peak = 417.160156 | Checksum: 7D768BA78986D69
Begin rip-up and reroute:
Rip-up and reroute takes 0.14 sec.
Stage: after ripup & reroute | Performance: TNS = 0 ; WNS = 9474 ; THS = NA ; WHS = NA | Time (s): real = 0h:0m:12s ; cpu = 0h:0m:4s ; process = 0h:0m:10s | Memory (MB): curr = 421.261719 ; peak = 421.316406 | Checksum: F02AB585A8E0D46A
Detailed routing takes 5.00 sec.
I: Design net genblk1[0].fan_pwm_tach_m/w_clk_1s_pos is routed by general path.
C: Route-2036: The clock path from genblk1[0].fan_pwm_tach_m/Edge_Detect_u1/N0/gateop:Z to clkbufgs_6:CLKIN is routed by SRB.
I: Design net nt_i_CLK_PAL_IN_25M is routed by general path.
C: Route-2036: The clock path from i_CLK_PAL_IN_25M_ibuf/opit_1:OUT to pll_inst/u_pll_e2/goppllinmuxd:CLK_IN[0] is routed by SRB.
Sort Original Nets take 0.001 sec
Check HPIO div result take 0.000 sec
Total net: 2694, route succeed net: 2694
Generate routing result take 0.007 sec
Handle PERMUX permutation take 0.141 sec
Handle const net take 0.012 sec
Handle route through take 0.042 sec
Used SRB routing arc is 21333.
Stage: after finish route | Performance: TNS = 0 ; WNS = 9474 ; THS = NA ; WHS = NA | Time (s): real = 0h:0m:12s ; cpu = 0h:0m:5s ; process = 0h:0m:10s | Memory (MB): curr = 398.808594 ; peak = 421.316406 | Checksum: FC81383FA7C92997
Finish routing takes 0.29 sec.
Total routing takes 6.76 sec.


Device Utilization Summary :
+----------------------------------------------------------------------------+
| Device Type                      | Used     | Available     | Util(%)     
+----------------------------------------------------------------------------+
| CLMA                             | 349      | 592           | 59          
| + FF                             | 779      | 3552          | 22          
| + LUT                            | 1022     | 2368          | 44          
|   + LUT as Logic                 | 852      |               |             
|   + LUT as Const                 | 162      |               |             
|   + LUT as Bypass                | 8        |               |             
| CLMS                             | 470      | 888           | 53          
| + FF                             | 959      | 5328          | 18          
| + LUT                            | 1331     | 3552          | 38          
|   + LUT as Logic                 | 1160     |               |             
|   + LUT as Memory                | 0        |               |             
|     + LUT as Distributed RAM     | 0        |               |             
|   + LUT as Const                 | 157      |               |             
|   + LUT as Bypass                | 14       |               |             
| IO                               | 308      | 336           | 92          
| + IOBD                           | 21       | 21            | 100         
| + IOBR                           | 40       | 42            | 96          
| + IOBS                           | 247      | 273           | 91          
| BKCL                             | 6        | 6             | 100         
| CCS                              | 1        | 1             | 100         
| CLKDIV                           | 0        | 4             | 0           
| CLKDLY                           | 0        | 8             | 0           
| DLL                              | 0        | 2             | 0           
| DRM                              | 0        | 26            | 0           
| HARD0N1                          | 151      | 936           | 17          
| IOCKBRG                          | 0        | 2             | 0           
| IOCKGATE                         | 0        | 4             | 0           
| + IOCKGATE as Bypass             | 0        |               |             
| IOLDLYS                          | 138      | 252           | 55          
| IOLDLY                           | 57       | 84            | 68          
| IOL                              | 308      | 336           | 92          
| ISERDES                          | 0        | 21            | 0           
| LDO                              | 0        | 2             | 0           
| OSC                              | 0        | 1             | 0           
| OSERDES                          | 0        | 21            | 0           
| PLLINMUXD                        | 1        | 2             | 50          
| + PLLINMUXD as Bypass            | 0        |               |             
| PLL                              | 1        | 2             | 50          
| USCMDC                           | 2        | 8             | 25          
| + USCMDC as Bypass               | 0        |               |             
| USCMD                            | 0        | 2             | 0           
| + USCMD as Bypass                | 0        |               |             
| USSMBUF                          | 1        | 8             | 13          
| + USSMBUF as Bypass              | 0        |               |             
+----------------------------------------------------------------------------+

Finished routing. (CPU time elapsed 0h:00m:09s)
Design 'Tieta_Feiteng_1001_top' has been routed successfully.
Saving design to DB.
Action route: Export DB successfully.
Action route: Real time elapsed is 0h:0m:13s
Action route: CPU time elapsed is 0h:0m:10s
Action route: Process CPU time elapsed is 0h:0m:11s
Action route: Peak memory pool usage is 421 MB

Current time: Wed Mar 11 13:26:21 2026
