#Build: Fabric Compiler 2024.2-SP1.2, Build 187561, May 22 18:16 2025
#Install: C:\studyware\pango\PDS_2024.2-SP1.2-ads\bin
#Application name: pds_shell.exe
#OS: Windows 10 10.0.18363
#Hostname: z02665mj
Generated by Fabric Compiler (version 2024.2-SP1.2 build 187561) at Sat Mar 14 14:26:56 2026
Parameters for debugging are loaded as follows:
Compiling verification operator library.
Compiling common defs.
Compiling prim grid devices.
Compiling place grid timing.
Compiling gate devices.
Compiling gate operators.
Building architecture model.
Loading device packaging model.
Building architecture floorplan logic view.
Elaborate the liberty model.
I: Multithreading enabled for Timing using a maximum of 4 processes.

Routing started.
Build routing arch for double attribute device.
Enter timing driven router mode.
I: Multithreading enabled for route using a maximum of 1 processes.
W: Route-4027: Cannot find permit_rougth_thru_units.json file in working directory.
Building routing graph takes 0.39 sec.
Enable Recovery Analysis in Routing
Init coarse delay table.
Read place coarse delay table takes 0.03 sec.
build place dedicate switch graph takes 0.09 sec
Setup STE netlist take 508 msec.
Slack Weight : 90
CE/RS signal series limit : 500
Dispose control chain take 77 msec.
Collect const net info take 25 msec.
Total nets for routing: 2937.
Total loads for routing: 13798.
Direct connect net size: 1234
Build all design net take 175 msec.
Processing design graph takes 0.79 sec.
Delay table total memory: 4.79386520 MB
Route graph total memory: 11.16183853 MB
Route design total memory: 4.19926834 MB
The remaining process takes 0.05 sec.
Stage: after context initialize | Performance: TNS = 0 ; WNS = 9492 ; THS = NA ; WHS = NA | Time (s): real = 0h:0m:5s ; cpu = 0h:0m:3s ; process = 0h:0m:4s | Memory (MB): curr = 354.890625 ; peak = 377.601563 | Checksum: F15AC4B28EC5F945
Global routing takes 0.00 sec.
Pin Cost Increasing Speed 300
Unrouted clock nets at iteration 0 (0.010 sec): 0
Stage: after clock route | Performance: TNS = 0 ; WNS = 9492 ; THS = NA ; WHS = NA | Time (s): real = 0h:0m:5s ; cpu = 0h:0m:3s ; process = 0h:0m:4s | Memory (MB): curr = 355.875000 ; peak = 377.601563 | Checksum: 303F0C24ADE73138
Total route nets size: 2929
I: Start printing congestion info.
I: Finish printing congestion info.
Pre route takes 0.788 sec
Stage: after pre route | Performance: TNS = 0 ; WNS = 9965 ; THS = 0 ; WHS = 258 | Time (s): real = 0h:0m:6s ; cpu = 0h:0m:3s ; process = 0h:0m:5s | Memory (MB): curr = 415.992188 ; peak = 420.867188 | Checksum: 71894CD7D07C4C33
Unrouted general nets at iteration 2 (MT total route time: 0.478 sec): 2513(overused: 13943)
Unrouted general nets at iteration 3 (MT total route time: 0.377 sec): 2137(overused: 8743)
Unrouted general nets at iteration 4 (MT total route time: 0.299 sec): 1878(overused: 7086)
Unrouted general nets at iteration 5 (MT total route time: 0.245 sec): 1676(overused: 5507)
Unrouted general nets at iteration 6 (MT total route time: 0.204 sec): 1520(overused: 4704)
Unrouted general nets at iteration 7 (MT total route time: 0.166 sec): 1116(overused: 3359)
Unrouted general nets at iteration 8 (MT total route time: 0.132 sec): 819(overused: 2277)
Unrouted general nets at iteration 9 (MT total route time: 0.107 sec): 661(overused: 1813)
Unrouted general nets at iteration 10 (MT total route time: 0.093 sec): 541(overused: 1367)
Unrouted general nets at iteration 11 (MT total route time: 0.080 sec): 444(overused: 1023)
Unrouted general nets at iteration 12 (MT total route time: 0.070 sec): 378(overused: 842)
Unrouted general nets at iteration 13 (MT total route time: 0.065 sec): 328(overused: 760)
Unrouted general nets at iteration 14 (MT total route time: 0.058 sec): 293(overused: 634)
Unrouted general nets at iteration 15 (MT total route time: 0.053 sec): 256(overused: 580)
Unrouted general nets at iteration 16 (MT total route time: 0.040 sec): 228(overused: 424)
Unrouted general nets at iteration 17 (MT total route time: 0.035 sec): 193(overused: 406)
Unrouted general nets at iteration 18 (MT total route time: 0.031 sec): 167(overused: 317)
Unrouted general nets at iteration 19 (MT total route time: 0.024 sec): 133(overused: 246)
Unrouted general nets at iteration 20 (MT total route time: 0.022 sec): 111(overused: 198)
Unrouted general nets at iteration 21 (MT total route time: 0.025 sec): 101(overused: 198)
Unrouted general nets at iteration 22 (MT total route time: 0.019 sec): 76(overused: 150)
Unrouted general nets at iteration 23 (MT total route time: 0.029 sec): 73(overused: 126)
Unrouted general nets at iteration 24 (MT total route time: 0.027 sec): 63(overused: 118)
Unrouted general nets at iteration 25 (MT total route time: 0.019 sec): 41(overused: 66)
Unrouted general nets at iteration 26 (MT total route time: 0.014 sec): 32(overused: 52)
Unrouted general nets at iteration 27 (MT total route time: 0.016 sec): 26(overused: 40)
Unrouted general nets at iteration 28 (MT total route time: 0.013 sec): 20(overused: 44)
Unrouted general nets at iteration 29 (MT total route time: 0.013 sec): 19(overused: 30)
Unrouted general nets at iteration 30 (MT total route time: 0.014 sec): 24(overused: 42)
Unrouted general nets at iteration 31 (MT total route time: 0.013 sec): 16(overused: 30)
Unrouted general nets at iteration 32 (MT total route time: 0.014 sec): 13(overused: 26)
Unrouted general nets at iteration 33 (MT total route time: 0.028 sec): 8(overused: 18)
Unrouted general nets at iteration 34 (MT total route time: 0.017 sec): 9(overused: 20)
Unrouted general nets at iteration 35 (MT total route time: 0.016 sec): 11(overused: 22)
Unrouted general nets at iteration 36 (MT total route time: 0.015 sec): 5(overused: 14)
Unrouted general nets at iteration 37 (MT total route time: 0.012 sec): 5(overused: 12)
Unrouted general nets at iteration 38 (MT total route time: 0.016 sec): 3(overused: 6)
Unrouted general nets at iteration 39 (MT total route time: 0.012 sec): 2(overused: 4)
Unrouted general nets at iteration 40 (MT total route time: 0.011 sec): 2(overused: 2)
Unrouted general nets at iteration 41 (MT total route time: 0.012 sec): 2(overused: 4)
Unrouted general nets at iteration 42 (MT total route time: 0.012 sec): 2(overused: 4)
Unrouted general nets at iteration 43 (MT total route time: 0.011 sec): 2(overused: 2)
Unrouted general nets at iteration 44 (MT total route time: 0.012 sec): 3(overused: 4)
Unrouted general nets at iteration 45 (MT total route time: 0.011 sec): 2(overused: 4)
Unrouted general nets at iteration 46 (MT total route time: 0.012 sec): 5(overused: 12)
Unrouted general nets at iteration 47 (MT total route time: 0.012 sec): 5(overused: 10)
Unrouted general nets at iteration 48 (MT total route time: 0.011 sec): 0(overused: 0)
----General net take 0.011 sec(route net take 0.000 sec, inc cost take 0.005 sec, iter times: 1)
----const net route take 0.013 sec
Unrouted nets at iteration 49 (0.025 sec): 0
Stage: after detail route | Performance: TNS = 0 ; WNS = 9102 ; THS = NA ; WHS = NA | Time (s): real = 0h:0m:10s ; cpu = 0h:0m:4s ; process = 0h:0m:9s | Memory (MB): curr = 424.230469 ; peak = 424.234375 | Checksum: 70470D7F0B73A74B
Begin rip-up and reroute:
Rip-up and reroute takes 0.12 sec.
Stage: after ripup & reroute | Performance: TNS = 0 ; WNS = 9103 ; THS = NA ; WHS = NA | Time (s): real = 0h:0m:10s ; cpu = 0h:0m:4s ; process = 0h:0m:9s | Memory (MB): curr = 426.910156 ; peak = 427.605469 | Checksum: 444967F1A1022645
Detailed routing takes 4.63 sec.
I: Design net genblk1[0].fan_pwm_tach_m/w_clk_1s_pos is routed by general path.
C: Route-2036: The clock path from genblk1[0].fan_pwm_tach_m/Edge_Detect_u1/N0/gateop:Z to clkbufgs_6:CLKIN is routed by SRB.
I: Design net nt_i_CLK_PAL_IN_25M is routed by general path.
C: Route-2036: The clock path from i_CLK_PAL_IN_25M_ibuf/opit_1:OUT to pll_inst/u_pll_e2/goppllinmuxd:CLK_IN[0] is routed by SRB.
Sort Original Nets take 0.001 sec
Check HPIO div result take 0.000 sec
Total net: 2937, route succeed net: 2937
Generate routing result take 0.006 sec
Handle PERMUX permutation take 0.111 sec
Handle const net take 0.009 sec
Handle route through take 0.033 sec
Used SRB routing arc is 23077.
Stage: after finish route | Performance: TNS = 0 ; WNS = 9103 ; THS = NA ; WHS = NA | Time (s): real = 0h:0m:10s ; cpu = 0h:0m:4s ; process = 0h:0m:10s | Memory (MB): curr = 404.632813 ; peak = 427.605469 | Checksum: 1D2527B569C0A1F7
Finish routing takes 0.24 sec.
Total routing takes 6.20 sec.


Device Utilization Summary :
+----------------------------------------------------------------------------+
| Device Type                      | Used     | Available     | Util(%)     
+----------------------------------------------------------------------------+
| CLMA                             | 370      | 592           | 63          
| + FF                             | 771      | 3552          | 22          
| + LUT                            | 1060     | 2368          | 45          
|   + LUT as Logic                 | 871      |               |             
|   + LUT as Const                 | 181      |               |             
|   + LUT as Bypass                | 8        |               |             
| CLMS                             | 501      | 888           | 57          
| + FF                             | 1131     | 5328          | 22          
| + LUT                            | 1459     | 3552          | 42          
|   + LUT as Logic                 | 1301     |               |             
|   + LUT as Memory                | 0        |               |             
|     + LUT as Distributed RAM     | 0        |               |             
|   + LUT as Const                 | 138      |               |             
|   + LUT as Bypass                | 20       |               |             
| IO                               | 310      | 336           | 93          
| + IOBD                           | 21       | 21            | 100         
| + IOBR                           | 40       | 42            | 96          
| + IOBS                           | 249      | 273           | 92          
| BKCL                             | 6        | 6             | 100         
| CCS                              | 1        | 1             | 100         
| CLKDIV                           | 0        | 4             | 0           
| CLKDLY                           | 0        | 8             | 0           
| DLL                              | 0        | 2             | 0           
| DRM                              | 0        | 26            | 0           
| HARD0N1                          | 166      | 936           | 18          
| IOCKBRG                          | 0        | 2             | 0           
| IOCKGATE                         | 0        | 4             | 0           
| + IOCKGATE as Bypass             | 0        |               |             
| IOLDLYS                          | 140      | 252           | 56          
| IOLDLY                           | 57       | 84            | 68          
| IOL                              | 310      | 336           | 93          
| ISERDES                          | 0        | 21            | 0           
| LDO                              | 0        | 2             | 0           
| OSC                              | 0        | 1             | 0           
| OSERDES                          | 0        | 21            | 0           
| PLLINMUXD                        | 1        | 2             | 50          
| + PLLINMUXD as Bypass            | 0        |               |             
| PLL                              | 1        | 2             | 50          
| USCMDC                           | 2        | 8             | 25          
| + USCMDC as Bypass               | 0        |               |             
| USCMD                            | 0        | 2             | 0           
| + USCMD as Bypass                | 0        |               |             
| USSMBUF                          | 1        | 8             | 13          
| + USSMBUF as Bypass              | 0        |               |             
+----------------------------------------------------------------------------+

Finished routing. (CPU time elapsed 0h:00m:08s)
Design 'Tieta_Feiteng_1001_top' has been routed successfully.
Saving design to DB.
Action route: Export DB successfully.
Action route: Real time elapsed is 0h:0m:11s
Action route: CPU time elapsed is 0h:0m:9s
Action route: Process CPU time elapsed is 0h:0m:11s
Action route: Peak memory pool usage is 427 MB

Current time: Sat Mar 14 14:27:05 2026
