#Build: Fabric Compiler 2024.2-SP1.2, Build 187561, May 22 18:16 2025
#Install: C:\studyware\pango\PDS_2024.2-SP1.2-ads\bin
#Application name: pds_shell.exe
#OS: Windows 10 10.0.18363
#Hostname: z02665mj
Generated by Fabric Compiler (version 2024.2-SP1.2 build 187561) at Fri Mar 27 13:55:50 2026
Parameters for debugging are loaded as follows:
Compiling verification operator library.
Compiling common defs.
Compiling prim grid devices.
Compiling place grid timing.
Compiling gate devices.
Compiling gate operators.
Building architecture model.
Loading device packaging model.
Building architecture floorplan logic view.
Elaborate the liberty model.
I: Multithreading enabled for Timing using a maximum of 4 processes.

Routing started.
Build routing arch for double attribute device.
Enter timing driven router mode.
I: Multithreading enabled for route using a maximum of 1 processes.
W: Route-4027: Cannot find permit_rougth_thru_units.json file in working directory.
Building routing graph takes 0.46 sec.
Enable Recovery Analysis in Routing
Init coarse delay table.
Read place coarse delay table takes 0.05 sec.
build place dedicate switch graph takes 0.17 sec
Setup STE netlist take 577 msec.
Slack Weight : 90
CE/RS signal series limit : 500
Dispose control chain take 57 msec.
Collect const net info take 20 msec.
Total nets for routing: 2241.
Total loads for routing: 10464.
Direct connect net size: 1031
Build all design net take 151 msec.
Processing design graph takes 0.81 sec.
Delay table total memory: 4.79386520 MB
Route graph total memory: 10.69832993 MB
Route design total memory: 3.53218460 MB
The remaining process takes 0.04 sec.
Stage: after context initialize | Performance: TNS = 0 ; WNS = 12003 ; THS = NA ; WHS = NA | Time (s): real = 0h:0m:6s ; cpu = 0h:0m:3s ; process = 0h:0m:4s | Memory (MB): curr = 330.468750 ; peak = 351.042969 | Checksum: F7B8CAE8A0046D0D
Global routing takes 0.00 sec.
Pin Cost Increasing Speed 300
Unrouted clock nets at iteration 0 (0.006 sec): 0
Stage: after clock route | Performance: TNS = 0 ; WNS = 12003 ; THS = NA ; WHS = NA | Time (s): real = 0h:0m:6s ; cpu = 0h:0m:3s ; process = 0h:0m:5s | Memory (MB): curr = 331.437500 ; peak = 351.042969 | Checksum: 9BD32DEE25B714E5
Total route nets size: 2236
I: Start printing congestion info.
I: Finish printing congestion info.
Pre route takes 0.630 sec
Stage: after pre route | Performance: TNS = 0 ; WNS = 12074 ; THS = 0 ; WHS = 255 | Time (s): real = 0h:0m:6s ; cpu = 0h:0m:3s ; process = 0h:0m:5s | Memory (MB): curr = 377.062500 ; peak = 381.968750 | Checksum: B5E5C80658E39FAF
Unrouted general nets at iteration 2 (MT total route time: 0.347 sec): 1812(overused: 10259)
Unrouted general nets at iteration 3 (MT total route time: 0.333 sec): 1590(overused: 6458)
Unrouted general nets at iteration 4 (MT total route time: 0.273 sec): 1418(overused: 5156)
Unrouted general nets at iteration 5 (MT total route time: 0.175 sec): 1283(overused: 4256)
Unrouted general nets at iteration 6 (MT total route time: 0.162 sec): 1196(overused: 3677)
Unrouted general nets at iteration 7 (MT total route time: 0.116 sec): 764(overused: 2620)
Unrouted general nets at iteration 8 (MT total route time: 0.102 sec): 599(overused: 1803)
Unrouted general nets at iteration 9 (MT total route time: 0.084 sec): 485(overused: 1328)
Unrouted general nets at iteration 10 (MT total route time: 0.061 sec): 373(overused: 986)
Unrouted general nets at iteration 11 (MT total route time: 0.053 sec): 332(overused: 783)
Unrouted general nets at iteration 12 (MT total route time: 0.047 sec): 269(overused: 597)
Unrouted general nets at iteration 13 (MT total route time: 0.034 sec): 211(overused: 474)
Unrouted general nets at iteration 14 (MT total route time: 0.027 sec): 177(overused: 373)
Unrouted general nets at iteration 15 (MT total route time: 0.027 sec): 147(overused: 306)
Unrouted general nets at iteration 16 (MT total route time: 0.020 sec): 137(overused: 286)
Unrouted general nets at iteration 17 (MT total route time: 0.019 sec): 115(overused: 244)
Unrouted general nets at iteration 18 (MT total route time: 0.017 sec): 96(overused: 186)
Unrouted general nets at iteration 19 (MT total route time: 0.020 sec): 77(overused: 182)
Unrouted general nets at iteration 20 (MT total route time: 0.016 sec): 59(overused: 118)
Unrouted general nets at iteration 21 (MT total route time: 0.015 sec): 49(overused: 95)
Unrouted general nets at iteration 22 (MT total route time: 0.013 sec): 39(overused: 64)
Unrouted general nets at iteration 23 (MT total route time: 0.011 sec): 29(overused: 64)
Unrouted general nets at iteration 24 (MT total route time: 0.009 sec): 19(overused: 28)
Unrouted general nets at iteration 25 (MT total route time: 0.007 sec): 17(overused: 28)
Unrouted general nets at iteration 26 (MT total route time: 0.006 sec): 20(overused: 28)
Unrouted general nets at iteration 27 (MT total route time: 0.006 sec): 15(overused: 24)
Unrouted general nets at iteration 28 (MT total route time: 0.005 sec): 10(overused: 12)
Unrouted general nets at iteration 29 (MT total route time: 0.004 sec): 4(overused: 4)
Unrouted general nets at iteration 30 (MT total route time: 0.004 sec): 4(overused: 4)
Unrouted general nets at iteration 31 (MT total route time: 0.004 sec): 3(overused: 4)
Unrouted general nets at iteration 32 (MT total route time: 0.005 sec): 2(overused: 2)
Unrouted general nets at iteration 33 (MT total route time: 0.005 sec): 2(overused: 2)
Unrouted general nets at iteration 34 (MT total route time: 0.004 sec): 2(overused: 2)
Unrouted general nets at iteration 35 (MT total route time: 0.004 sec): 0(overused: 0)
----General net take 0.004 sec(route net take 0.000 sec, inc cost take 0.001 sec, iter times: 1)
----const net route take 0.005 sec
Unrouted nets at iteration 36 (0.010 sec): 0
Stage: after detail route | Performance: TNS = 0 ; WNS = 10673 ; THS = NA ; WHS = NA | Time (s): real = 0h:0m:9s ; cpu = 0h:0m:4s ; process = 0h:0m:8s | Memory (MB): curr = 384.089844 ; peak = 384.421875 | Checksum: 3DCFFCAFBBA22019
Begin rip-up and reroute:
Rip-up and reroute takes 0.08 sec.
Stage: after ripup & reroute | Performance: TNS = 0 ; WNS = 10677 ; THS = NA ; WHS = NA | Time (s): real = 0h:0m:9s ; cpu = 0h:0m:4s ; process = 0h:0m:8s | Memory (MB): curr = 387.703125 ; peak = 387.753906 | Checksum: 6DCF8188032FD2FD
Detailed routing takes 3.15 sec.
I: Design net nt_i_CLK_C42_IN_25M is routed by general path.
C: Route-2036: The clock path from i_CLK_C42_IN_25M_ibuf/opit_1:OUT to pll_inst/u_pll_e2/goppllinmuxd:CLK_IN[0] is routed by SRB.
Sort Original Nets take 0.001 sec
Check HPIO div result take 0.000 sec
Total net: 2241, route succeed net: 2241
Generate routing result take 0.005 sec
Handle PERMUX permutation take 0.080 sec
Handle const net take 0.005 sec
Handle route through take 0.028 sec
Used SRB routing arc is 17943.
Stage: after finish route | Performance: TNS = 0 ; WNS = 10677 ; THS = NA ; WHS = NA | Time (s): real = 0h:0m:9s ; cpu = 0h:0m:4s ; process = 0h:0m:8s | Memory (MB): curr = 372.773438 ; peak = 387.753906 | Checksum: 3125F17AB4465C7B
Finish routing takes 0.17 sec.
Total routing takes 4.72 sec.


Device Utilization Summary :
+----------------------------------------------------------------------------+
| Device Type                      | Used     | Available     | Util(%)     
+----------------------------------------------------------------------------+
| CLMA                             | 280      | 592           | 48          
| + FF                             | 577      | 3552          | 17          
| + LUT                            | 735      | 2368          | 32          
|   + LUT as Logic                 | 601      |               |             
|   + LUT as Const                 | 112      |               |             
|   + LUT as Bypass                | 22       |               |             
| CLMS                             | 377      | 888           | 43          
| + FF                             | 945      | 5328          | 18          
| + LUT                            | 999      | 3552          | 29          
|   + LUT as Logic                 | 908      |               |             
|   + LUT as Memory                | 0        |               |             
|     + LUT as Distributed RAM     | 0        |               |             
|   + LUT as Const                 | 75       |               |             
|   + LUT as Bypass                | 16       |               |             
| IO                               | 263      | 336           | 79          
| + IOBD                           | 19       | 21            | 91          
| + IOBR                           | 31       | 42            | 74          
| + IOBS                           | 213      | 273           | 79          
| BKCL                             | 6        | 6             | 100         
| CCS                              | 1        | 1             | 100         
| CLKDIV                           | 0        | 4             | 0           
| CLKDLY                           | 0        | 8             | 0           
| DLL                              | 0        | 2             | 0           
| DRM                              | 0        | 26            | 0           
| HARD0N1                          | 78       | 936           | 9           
| IOCKBRG                          | 0        | 2             | 0           
| IOCKGATE                         | 0        | 4             | 0           
| + IOCKGATE as Bypass             | 0        |               |             
| IOLDLYS                          | 124      | 252           | 50          
| IOLDLY                           | 39       | 84            | 47          
| IOL                              | 263      | 336           | 79          
| ISERDES                          | 0        | 21            | 0           
| LDO                              | 0        | 2             | 0           
| OSC                              | 0        | 1             | 0           
| OSERDES                          | 0        | 21            | 0           
| PLLINMUXD                        | 1        | 2             | 50          
| + PLLINMUXD as Bypass            | 0        |               |             
| PLL                              | 1        | 2             | 50          
| USCMDC                           | 1        | 8             | 13          
| + USCMDC as Bypass               | 0        |               |             
| USCMD                            | 0        | 2             | 0           
| + USCMD as Bypass                | 0        |               |             
| USSMBUF                          | 0        | 8             | 0           
| + USSMBUF as Bypass              | 0        |               |             
+----------------------------------------------------------------------------+

Finished routing. (CPU time elapsed 0h:00m:07s)
Design 'Tieta_Feiteng_2001_top' has been routed successfully.
Saving design to DB.
Action route: Export DB successfully.
Action route: Real time elapsed is 0h:0m:10s
Action route: CPU time elapsed is 0h:0m:8s
Action route: Process CPU time elapsed is 0h:0m:9s
Action route: Peak memory pool usage is 387 MB

Current time: Fri Mar 27 13:55:58 2026
