#Build: Fabric Compiler 2024.2-SP1.2, Build 187561, May 22 18:16 2025
#Install: C:\studyware\pango\PDS_2024.2-SP1.2-ads\bin
#Application name: pds_shell.exe
#OS: Windows 10 10.0.18363
#Hostname: z02665mj
Generated by Fabric Compiler (version 2024.2-SP1.2 build 187561) at Fri Mar 27 11:07:32 2026
Parameters for debugging are loaded as follows:
Compiling verification operator library.
Compiling common defs.
Compiling prim grid devices.
Compiling place grid timing.
Compiling gate devices.
Compiling gate operators.
Building architecture model.
Loading device packaging model.
Building architecture floorplan logic view.
Elaborate the liberty model.
I: Multithreading enabled for Timing using a maximum of 4 processes.

Routing started.
Build routing arch for double attribute device.
Enter timing driven router mode.
I: Multithreading enabled for route using a maximum of 1 processes.
W: Route-4027: Cannot find permit_rougth_thru_units.json file in working directory.
Building routing graph takes 0.53 sec.
Enable Recovery Analysis in Routing
Init coarse delay table.
Read place coarse delay table takes 0.03 sec.
build place dedicate switch graph takes 0.16 sec
Setup STE netlist take 523 msec.
Slack Weight : 90
CE/RS signal series limit : 500
Dispose control chain take 85 msec.
Collect const net info take 28 msec.
Total nets for routing: 3142.
Total loads for routing: 14735.
Direct connect net size: 1254
Build all design net take 173 msec.
Processing design graph takes 0.81 sec.
Delay table total memory: 4.79386520 MB
Route graph total memory: 11.33701706 MB
Route design total memory: 4.23780441 MB
The remaining process takes 0.06 sec.
Stage: after context initialize | Performance: TNS = 0 ; WNS = 9150 ; THS = NA ; WHS = NA | Time (s): real = 0h:0m:5s ; cpu = 0h:0m:3s ; process = 0h:0m:4s | Memory (MB): curr = 356.765625 ; peak = 382.785156 | Checksum: CCEBC99E9D55E6E7
Global routing takes 0.00 sec.
Pin Cost Increasing Speed 300
Unrouted clock nets at iteration 0 (0.009 sec): 0
Stage: after clock route | Performance: TNS = 0 ; WNS = 9150 ; THS = NA ; WHS = NA | Time (s): real = 0h:0m:5s ; cpu = 0h:0m:3s ; process = 0h:0m:4s | Memory (MB): curr = 358.308594 ; peak = 382.785156 | Checksum: 86193F69B54D8993
Total route nets size: 3134
I: Start printing congestion info.
I: Finish printing congestion info.
Pre route takes 0.855 sec
Stage: after pre route | Performance: TNS = 0 ; WNS = 10062 ; THS = 0 ; WHS = 68 | Time (s): real = 0h:0m:6s ; cpu = 0h:0m:4s ; process = 0h:0m:6s | Memory (MB): curr = 420.910156 ; peak = 425.652344 | Checksum: F78568E4DFD5F21C
Unrouted general nets at iteration 2 (MT total route time: 0.670 sec): 2723(overused: 14946)
Unrouted general nets at iteration 3 (MT total route time: 0.593 sec): 2355(overused: 9371)
Unrouted general nets at iteration 4 (MT total route time: 0.326 sec): 2093(overused: 7395)
Unrouted general nets at iteration 5 (MT total route time: 0.276 sec): 1852(overused: 5964)
Unrouted general nets at iteration 6 (MT total route time: 0.236 sec): 1703(overused: 5091)
Unrouted general nets at iteration 7 (MT total route time: 0.187 sec): 1266(overused: 3706)
Unrouted general nets at iteration 8 (MT total route time: 0.169 sec): 989(overused: 2709)
Unrouted general nets at iteration 9 (MT total route time: 0.145 sec): 830(overused: 2037)
Unrouted general nets at iteration 10 (MT total route time: 0.113 sec): 668(overused: 1574)
Unrouted general nets at iteration 11 (MT total route time: 0.092 sec): 540(overused: 1170)
Unrouted general nets at iteration 12 (MT total route time: 0.106 sec): 442(overused: 998)
Unrouted general nets at iteration 13 (MT total route time: 0.127 sec): 390(overused: 923)
Unrouted general nets at iteration 14 (MT total route time: 0.136 sec): 352(overused: 771)
Unrouted general nets at iteration 15 (MT total route time: 0.109 sec): 299(overused: 665)
Unrouted general nets at iteration 16 (MT total route time: 0.110 sec): 267(overused: 562)
Unrouted general nets at iteration 17 (MT total route time: 0.050 sec): 224(overused: 424)
Unrouted general nets at iteration 18 (MT total route time: 0.046 sec): 201(overused: 384)
Unrouted general nets at iteration 19 (MT total route time: 0.037 sec): 182(overused: 324)
Unrouted general nets at iteration 20 (MT total route time: 0.025 sec): 157(overused: 290)
Unrouted general nets at iteration 21 (MT total route time: 0.025 sec): 126(overused: 214)
Unrouted general nets at iteration 22 (MT total route time: 0.024 sec): 107(overused: 184)
Unrouted general nets at iteration 23 (MT total route time: 0.028 sec): 94(overused: 177)
Unrouted general nets at iteration 24 (MT total route time: 0.020 sec): 73(overused: 136)
Unrouted general nets at iteration 25 (MT total route time: 0.025 sec): 57(overused: 98)
Unrouted general nets at iteration 26 (MT total route time: 0.015 sec): 46(overused: 68)
Unrouted general nets at iteration 27 (MT total route time: 0.012 sec): 33(overused: 44)
Unrouted general nets at iteration 28 (MT total route time: 0.013 sec): 16(overused: 26)
Unrouted general nets at iteration 29 (MT total route time: 0.011 sec): 15(overused: 18)
Unrouted general nets at iteration 30 (MT total route time: 0.011 sec): 17(overused: 24)
Unrouted general nets at iteration 31 (MT total route time: 0.011 sec): 17(overused: 22)
Unrouted general nets at iteration 32 (MT total route time: 0.010 sec): 15(overused: 24)
Unrouted general nets at iteration 33 (MT total route time: 0.009 sec): 14(overused: 24)
Unrouted general nets at iteration 34 (MT total route time: 0.009 sec): 13(overused: 22)
Unrouted general nets at iteration 35 (MT total route time: 0.009 sec): 8(overused: 10)
Unrouted general nets at iteration 36 (MT total route time: 0.009 sec): 6(overused: 8)
Unrouted general nets at iteration 37 (MT total route time: 0.010 sec): 4(overused: 6)
Unrouted general nets at iteration 38 (MT total route time: 0.008 sec): 0(overused: 0)
----General net take 0.008 sec(route net take 0.000 sec, inc cost take 0.003 sec, iter times: 1)
----const net route take 0.010 sec
Unrouted nets at iteration 39 (0.019 sec): 0
Stage: after detail route | Performance: TNS = 0 ; WNS = 9172 ; THS = NA ; WHS = NA | Time (s): real = 0h:0m:11s ; cpu = 0h:0m:4s ; process = 0h:0m:10s | Memory (MB): curr = 431.867188 ; peak = 431.871094 | Checksum: F273D6320FF3463D
Begin rip-up and reroute:
Rip-up and reroute takes 0.12 sec.
Stage: after ripup & reroute | Performance: TNS = 0 ; WNS = 9172 ; THS = NA ; WHS = NA | Time (s): real = 0h:0m:11s ; cpu = 0h:0m:4s ; process = 0h:0m:11s | Memory (MB): curr = 434.871094 ; peak = 436.312500 | Checksum: 1E1C0B62F3487E32
Detailed routing takes 5.51 sec.
I: Design net genblk1[0].fan_pwm_tach_m/w_clk_1s_pos is routed by general path.
C: Route-2036: The clock path from genblk1[0].fan_pwm_tach_m/Edge_Detect_u1/N0/gateop:Z to clkbufgs_6:CLKIN is routed by SRB.
I: Design net nt_i_CLK_PAL_IN_25M is routed by general path.
C: Route-2036: The clock path from i_CLK_PAL_IN_25M_ibuf/opit_1:OUT to pll_inst/u_pll_e2/goppllinmuxd:CLK_IN[0] is routed by SRB.
Sort Original Nets take 0.002 sec
Check HPIO div result take 0.000 sec
Total net: 3142, route succeed net: 3142
Generate routing result take 0.010 sec
Handle PERMUX permutation take 0.115 sec
Handle const net take 0.011 sec
Handle route through take 0.033 sec
Used SRB routing arc is 25314.
Stage: after finish route | Performance: TNS = 0 ; WNS = 9172 ; THS = NA ; WHS = NA | Time (s): real = 0h:0m:11s ; cpu = 0h:0m:4s ; process = 0h:0m:11s | Memory (MB): curr = 411.566406 ; peak = 436.312500 | Checksum: 22E97414F41BE20E
Finish routing takes 0.24 sec.
Total routing takes 7.26 sec.


Device Utilization Summary :
+----------------------------------------------------------------------------+
| Device Type                      | Used     | Available     | Util(%)     
+----------------------------------------------------------------------------+
| CLMA                             | 383      | 592           | 65          
| + FF                             | 814      | 3552          | 23          
| + LUT                            | 1141     | 2368          | 49          
|   + LUT as Logic                 | 925      |               |             
|   + LUT as Const                 | 200      |               |             
|   + LUT as Bypass                | 16       |               |             
| CLMS                             | 553      | 888           | 63          
| + FF                             | 1257     | 5328          | 24          
| + LUT                            | 1598     | 3552          | 45          
|   + LUT as Logic                 | 1412     |               |             
|   + LUT as Memory                | 0        |               |             
|     + LUT as Distributed RAM     | 0        |               |             
|   + LUT as Const                 | 162      |               |             
|   + LUT as Bypass                | 24       |               |             
| IO                               | 292      | 336           | 87          
| + IOBD                           | 21       | 21            | 100         
| + IOBR                           | 29       | 42            | 70          
| + IOBS                           | 242      | 273           | 89          
| BKCL                             | 6        | 6             | 100         
| CCS                              | 1        | 1             | 100         
| CLKDIV                           | 0        | 4             | 0           
| CLKDLY                           | 0        | 8             | 0           
| DLL                              | 0        | 2             | 0           
| DRM                              | 0        | 26            | 0           
| HARD0N1                          | 190      | 936           | 21          
| IOCKBRG                          | 0        | 2             | 0           
| IOCKGATE                         | 0        | 4             | 0           
| + IOCKGATE as Bypass             | 0        |               |             
| IOLDLYS                          | 138      | 252           | 55          
| IOLDLY                           | 36       | 84            | 43          
| IOL                              | 292      | 336           | 87          
| ISERDES                          | 0        | 21            | 0           
| LDO                              | 0        | 2             | 0           
| OSC                              | 0        | 1             | 0           
| OSERDES                          | 0        | 21            | 0           
| PLLINMUXD                        | 1        | 2             | 50          
| + PLLINMUXD as Bypass            | 0        |               |             
| PLL                              | 1        | 2             | 50          
| USCMDC                           | 2        | 8             | 25          
| + USCMDC as Bypass               | 0        |               |             
| USCMD                            | 0        | 2             | 0           
| + USCMD as Bypass                | 0        |               |             
| USSMBUF                          | 1        | 8             | 13          
| + USSMBUF as Bypass              | 0        |               |             
+----------------------------------------------------------------------------+

Finished routing. (CPU time elapsed 0h:00m:09s)
Design 'Tieta_Feiteng_1001_top' has been routed successfully.
Saving design to DB.
Action route: Export DB successfully.
Action route: Real time elapsed is 0h:0m:12s
Action route: CPU time elapsed is 0h:0m:10s
Action route: Process CPU time elapsed is 0h:0m:12s
Action route: Peak memory pool usage is 436 MB

Current time: Fri Mar 27 11:07:42 2026
