#Build: Fabric Compiler 2024.2-SP1.2, Build 187561, May 22 18:16 2025
#Install: C:\studyware\pango\PDS_2024.2-SP1.2-ads\bin
#Application name: pds_shell.exe
#OS: Windows 10 10.0.18363
#Hostname: z02665mj
Generated by Fabric Compiler (version 2024.2-SP1.2 build 187561) at Sat Mar  7 16:32:54 2026
Parameters for debugging are loaded as follows:
Compiling verification operator library.
Compiling common defs.
Compiling prim grid devices.
Compiling place grid timing.
Compiling gate devices.
Compiling gate operators.
Building architecture model.
Loading device packaging model.
Building architecture floorplan logic view.
Elaborate the liberty model.
I: Multithreading enabled for Timing using a maximum of 4 processes.

Routing started.
Build routing arch for double attribute device.
Enter timing driven router mode.
I: Multithreading enabled for route using a maximum of 1 processes.
W: Route-4027: Cannot find permit_rougth_thru_units.json file in working directory.
Building routing graph takes 0.40 sec.
Enable Recovery Analysis in Routing
Init coarse delay table.
Read place coarse delay table takes 0.05 sec.
build place dedicate switch graph takes 0.16 sec
Setup STE netlist take 477 msec.
Slack Weight : 90
CE/RS signal series limit : 500
Dispose control chain take 69 msec.
Collect const net info take 23 msec.
Total nets for routing: 2622.
Total loads for routing: 12375.
Direct connect net size: 1189
Build all design net take 152 msec.
Processing design graph takes 0.72 sec.
Delay table total memory: 4.79386520 MB
Route graph total memory: 10.92647171 MB
Route design total memory: 3.96589279 MB
The remaining process takes 0.05 sec.
Stage: after context initialize | Performance: TNS = 0 ; WNS = 9421 ; THS = NA ; WHS = NA | Time (s): real = 0h:0m:5s ; cpu = 0h:0m:3s ; process = 0h:0m:4s | Memory (MB): curr = 346.406250 ; peak = 370.511719 | Checksum: 44D1281F55B63B2E
Global routing takes 0.00 sec.
Pin Cost Increasing Speed 300
Unrouted clock nets at iteration 0 (0.008 sec): 0
Stage: after clock route | Performance: TNS = 0 ; WNS = 9421 ; THS = NA ; WHS = NA | Time (s): real = 0h:0m:5s ; cpu = 0h:0m:3s ; process = 0h:0m:4s | Memory (MB): curr = 347.710938 ; peak = 370.511719 | Checksum: D75ADDDB162C6735
Total route nets size: 2614
I: Start printing congestion info.
I: Finish printing congestion info.
Pre route takes 0.758 sec
Stage: after pre route | Performance: TNS = 0 ; WNS = 9946 ; THS = 0 ; WHS = 269 | Time (s): real = 0h:0m:6s ; cpu = 0h:0m:4s ; process = 0h:0m:5s | Memory (MB): curr = 403.925781 ; peak = 408.757813 | Checksum: 525A0D403EFCB111
Unrouted general nets at iteration 2 (MT total route time: 0.440 sec): 2255(overused: 12518)
Unrouted general nets at iteration 3 (MT total route time: 0.345 sec): 1898(overused: 7824)
Unrouted general nets at iteration 4 (MT total route time: 0.260 sec): 1644(overused: 5917)
Unrouted general nets at iteration 5 (MT total route time: 0.218 sec): 1444(overused: 4761)
Unrouted general nets at iteration 6 (MT total route time: 0.179 sec): 1298(overused: 3937)
Unrouted general nets at iteration 7 (MT total route time: 0.149 sec): 974(overused: 2884)
Unrouted general nets at iteration 8 (MT total route time: 0.121 sec): 761(overused: 1983)
Unrouted general nets at iteration 9 (MT total route time: 0.099 sec): 628(overused: 1594)
Unrouted general nets at iteration 10 (MT total route time: 0.076 sec): 470(overused: 1189)
Unrouted general nets at iteration 11 (MT total route time: 0.062 sec): 375(overused: 859)
Unrouted general nets at iteration 12 (MT total route time: 0.051 sec): 306(overused: 690)
Unrouted general nets at iteration 13 (MT total route time: 0.045 sec): 258(overused: 573)
Unrouted general nets at iteration 14 (MT total route time: 0.041 sec): 235(overused: 513)
Unrouted general nets at iteration 15 (MT total route time: 0.048 sec): 216(overused: 487)
Unrouted general nets at iteration 16 (MT total route time: 0.039 sec): 199(overused: 390)
Unrouted general nets at iteration 17 (MT total route time: 0.032 sec): 154(overused: 311)
Unrouted general nets at iteration 18 (MT total route time: 0.026 sec): 121(overused: 266)
Unrouted general nets at iteration 19 (MT total route time: 0.034 sec): 123(overused: 274)
Unrouted general nets at iteration 20 (MT total route time: 0.028 sec): 99(overused: 192)
Unrouted general nets at iteration 21 (MT total route time: 0.026 sec): 73(overused: 153)
Unrouted general nets at iteration 22 (MT total route time: 0.025 sec): 83(overused: 158)
Unrouted general nets at iteration 23 (MT total route time: 0.030 sec): 89(overused: 180)
Unrouted general nets at iteration 24 (MT total route time: 0.024 sec): 83(overused: 160)
Unrouted general nets at iteration 25 (MT total route time: 0.018 sec): 57(overused: 98)
Unrouted general nets at iteration 26 (MT total route time: 0.013 sec): 36(overused: 58)
Unrouted general nets at iteration 27 (MT total route time: 0.010 sec): 30(overused: 46)
Unrouted general nets at iteration 28 (MT total route time: 0.013 sec): 34(overused: 66)
Unrouted general nets at iteration 29 (MT total route time: 0.013 sec): 34(overused: 70)
Unrouted general nets at iteration 30 (MT total route time: 0.011 sec): 19(overused: 38)
Unrouted general nets at iteration 31 (MT total route time: 0.010 sec): 15(overused: 30)
Unrouted general nets at iteration 32 (MT total route time: 0.015 sec): 13(overused: 24)
Unrouted general nets at iteration 33 (MT total route time: 0.009 sec): 8(overused: 12)
Unrouted general nets at iteration 34 (MT total route time: 0.008 sec): 6(overused: 10)
Unrouted general nets at iteration 35 (MT total route time: 0.009 sec): 4(overused: 4)
Unrouted general nets at iteration 36 (MT total route time: 0.007 sec): 4(overused: 6)
Unrouted general nets at iteration 37 (MT total route time: 0.010 sec): 4(overused: 4)
Unrouted general nets at iteration 38 (MT total route time: 0.009 sec): 2(overused: 4)
Unrouted general nets at iteration 39 (MT total route time: 0.009 sec): 2(overused: 2)
Unrouted general nets at iteration 40 (MT total route time: 0.008 sec): 2(overused: 4)
Unrouted general nets at iteration 41 (MT total route time: 0.008 sec): 2(overused: 4)
Unrouted general nets at iteration 42 (MT total route time: 0.018 sec): 2(overused: 2)
Unrouted general nets at iteration 43 (MT total route time: 0.011 sec): 0(overused: 0)
----General net take 0.017 sec(route net take 0.000 sec, inc cost take 0.012 sec, iter times: 1)
----const net route take 0.027 sec
Unrouted nets at iteration 44 (0.045 sec): 0
Stage: after detail route | Performance: TNS = 0 ; WNS = 8823 ; THS = NA ; WHS = NA | Time (s): real = 0h:0m:9s ; cpu = 0h:0m:4s ; process = 0h:0m:9s | Memory (MB): curr = 411.335938 ; peak = 411.761719 | Checksum: 3E54B317EB50A4E0
Begin rip-up and reroute:
Rip-up and reroute takes 0.30 sec.
Stage: after ripup & reroute | Performance: TNS = 0 ; WNS = 8826 ; THS = NA ; WHS = NA | Time (s): real = 0h:0m:9s ; cpu = 0h:0m:4s ; process = 0h:0m:9s | Memory (MB): curr = 414.281250 ; peak = 416.468750 | Checksum: F936D212C23C1274
Detailed routing takes 4.39 sec.
I: Design net genblk1[0].fan_pwm_tach_m/w_clk_1s_pos is routed by general path.
C: Route-2036: The clock path from genblk1[0].fan_pwm_tach_m/Edge_Detect_u1/N0/gateop:Z to clkbufgs_6:CLKIN is routed by SRB.
I: Design net nt_i_CLK_PAL_IN_25M is routed by general path.
C: Route-2036: The clock path from i_CLK_PAL_IN_25M_ibuf/opit_1:OUT to pll_inst/u_pll_e2/goppllinmuxd:CLK_IN[0] is routed by SRB.
Sort Original Nets take 0.015 sec
Check HPIO div result take 0.000 sec
Total net: 2622, route succeed net: 2622
Generate routing result take 0.018 sec
Handle PERMUX permutation take 0.104 sec
Handle const net take 0.010 sec
Handle route through take 0.039 sec
Used SRB routing arc is 20838.
Stage: after finish route | Performance: TNS = 0 ; WNS = 8826 ; THS = NA ; WHS = NA | Time (s): real = 0h:0m:10s ; cpu = 0h:0m:4s ; process = 0h:0m:9s | Memory (MB): curr = 394.160156 ; peak = 416.468750 | Checksum: E01EA954F7CFD508
Finish routing takes 0.25 sec.
Total routing takes 5.92 sec.


Device Utilization Summary :
+----------------------------------------------------------------------------+
| Device Type                      | Used     | Available     | Util(%)     
+----------------------------------------------------------------------------+
| CLMA                             | 349      | 592           | 59          
| + FF                             | 672      | 3552          | 19          
| + LUT                            | 991      | 2368          | 42          
|   + LUT as Logic                 | 803      |               |             
|   + LUT as Const                 | 182      |               |             
|   + LUT as Bypass                | 6        |               |             
| CLMS                             | 460      | 888           | 52          
| + FF                             | 1024     | 5328          | 20          
| + LUT                            | 1294     | 3552          | 37          
|   + LUT as Logic                 | 1146     |               |             
|   + LUT as Memory                | 0        |               |             
|     + LUT as Distributed RAM     | 0        |               |             
|   + LUT as Const                 | 134      |               |             
|   + LUT as Bypass                | 14       |               |             
| IO                               | 308      | 336           | 92          
| + IOBD                           | 21       | 21            | 100         
| + IOBR                           | 40       | 42            | 96          
| + IOBS                           | 247      | 273           | 91          
| BKCL                             | 6        | 6             | 100         
| CCS                              | 1        | 1             | 100         
| CLKDIV                           | 0        | 4             | 0           
| CLKDLY                           | 0        | 8             | 0           
| DLL                              | 0        | 2             | 0           
| DRM                              | 0        | 26            | 0           
| HARD0N1                          | 143      | 936           | 16          
| IOCKBRG                          | 0        | 2             | 0           
| IOCKGATE                         | 0        | 4             | 0           
| + IOCKGATE as Bypass             | 0        |               |             
| IOLDLYS                          | 138      | 252           | 55          
| IOLDLY                           | 57       | 84            | 68          
| IOL                              | 308      | 336           | 92          
| ISERDES                          | 0        | 21            | 0           
| LDO                              | 0        | 2             | 0           
| OSC                              | 0        | 1             | 0           
| OSERDES                          | 0        | 21            | 0           
| PLLINMUXD                        | 1        | 2             | 50          
| + PLLINMUXD as Bypass            | 0        |               |             
| PLL                              | 1        | 2             | 50          
| USCMDC                           | 2        | 8             | 25          
| + USCMDC as Bypass               | 0        |               |             
| USCMD                            | 0        | 2             | 0           
| + USCMD as Bypass                | 0        |               |             
| USSMBUF                          | 1        | 8             | 13          
| + USSMBUF as Bypass              | 0        |               |             
+----------------------------------------------------------------------------+

Finished routing. (CPU time elapsed 0h:00m:08s)
Design 'Tieta_Feiteng_1001_top' has been routed successfully.
Saving design to DB.
Action route: Export DB successfully.
Action route: Real time elapsed is 0h:0m:11s
Action route: CPU time elapsed is 0h:0m:9s
Action route: Process CPU time elapsed is 0h:0m:10s
Action route: Peak memory pool usage is 416 MB

Current time: Sat Mar  7 16:33:03 2026
