#Build: Fabric Compiler 2024.2-SP1.2, Build 187561, May 22 18:16 2025
#Install: C:\studyware\pango\PDS_2024.2-SP1.2-ads\bin
#Application name: pds_shell.exe
#OS: Windows 10 10.0.18363
#Hostname: z02665mj
Generated by Fabric Compiler (version 2024.2-SP1.2 build 187561) at Thu Mar 26 18:12:22 2026
Parameters for debugging are loaded as follows:
Compiling verification operator library.
Compiling common defs.
Compiling prim grid devices.
Compiling place grid timing.
Compiling gate devices.
Compiling gate operators.
Building architecture model.
Loading device packaging model.
Building architecture floorplan logic view.
Elaborate the liberty model.
I: Multithreading enabled for Timing using a maximum of 4 processes.

Route Optimize started.
Build routing arch for double attribute device.
Enter timing driven router mode.
I: Multithreading enabled for route using a maximum of 1 processes.
I: Column Clock Check close.
W: Route-4027: Cannot find permit_rougth_thru_units.json file in working directory.
Building routing graph takes 0.38 sec.
Total nets for routing: 3688.
Total loads for routing: 14731.
Direct connect net size: 1296
Build all design net take 273 msec.
Processing design graph takes 0.27 sec.
Delay table total memory: 4.79386520 MB
Route graph total memory: 11.43096161 MB
Route design total memory: 4.35816574 MB
The remaining process takes 0.06 sec.
Stage: after context initialize in post route | Performance: TNS = NA ; WNS = NA ; THS = NA ; WHS = NA | Time (s): real = 0h:0m:6s ; cpu = 0h:0m:4s ; process = 0h:0m:4s | Memory (MB): curr = 305.925781 ; peak = 319.386719 | Checksum: CE08A89B6F449A16
Load route result takes 0.03 sec
Fix Hold Violation Threshold For Clock Path Cross SRB(ps) : 200
Fix Hold Violation Threshold For Clock Path On Clock Tree(ps) : 100
Hold fix to no violation.
Hold fix to threshold
    Fix hold iteration 0 takes 0.03 sec
    Fix hold iteration 1 takes 0.02 sec
    Fix hold iteration 2 takes 0.02 sec
    Fix hold iteration 3 takes 0.02 sec
    Fix hold iteration 4 takes 0.03 sec
    Fix hold iteration 5 takes 0.02 sec
    Fix hold iteration 6 takes 0.02 sec
    Step 2.1 finish
    Fix hold iteration 0 takes 0.02 sec
    Fix hold iteration 1 takes 0.02 sec
    Fix hold iteration 2 takes 0.02 sec
    Fix hold iteration 3 takes 0.02 sec
    Fix hold iteration 4 takes 0.03 sec
    Fix hold iteration 5 takes 0.02 sec
    Fix hold iteration 6 takes 0.02 sec
    Step 2.2 finish
Stage: after hold fix | Performance: TNS = 0 ; WNS = 8863 ; THS = 0 ; WHS = 167 | Time (s): real = 0h:0m:7s ; cpu = 0h:0m:4s ; process = 0h:0m:6s | Memory (MB): curr = 391.753906 ; peak = 391.757813 | Checksum: 35A05878A3630101
Hold Violation Fix in router takes 0.81 sec.
Sort Original Nets take 0.001 sec
Total net: 3688, route succeed net: 3688
Generate routing result take 0.010 sec
Handle PERMUX permutation take 0.010 sec
Handle const net take 0.000 sec
Handle route through take 0.032 sec
Used SRB routing arc is 25310.
Stage: after finish post route | Performance: TNS = 0 ; WNS = 8863 ; THS = NA ; WHS = NA | Time (s): real = 0h:0m:7s ; cpu = 0h:0m:4s ; process = 0h:0m:6s | Memory (MB): curr = 369.562500 ; peak = 391.761719 | Checksum: 881443FA6A8DCABF
Finish post route takes 0.10 sec.
Total post route takes 1.69 sec.


Device Utilization Summary :
+----------------------------------------------------------------------------+
| Device Type                      | Used     | Available     | Util(%)     
+----------------------------------------------------------------------------+
| CLMA                             | 395      | 592           | 67          
| + FF                             | 818      | 3552          | 24          
| + LUT                            | 1121     | 2368          | 48          
|   + LUT as Logic                 | 899      |               |             
|   + LUT as Const                 | 212      |               |             
|   + LUT as Bypass                | 10       |               |             
| CLMS                             | 557      | 888           | 63          
| + FF                             | 1252     | 5328          | 24          
| + LUT                            | 1608     | 3552          | 46          
|   + LUT as Logic                 | 1430     |               |             
|   + LUT as Memory                | 0        |               |             
|     + LUT as Distributed RAM     | 0        |               |             
|   + LUT as Const                 | 156      |               |             
|   + LUT as Bypass                | 22       |               |             
| IO                               | 308      | 336           | 92          
| + IOBD                           | 21       | 21            | 100         
| + IOBR                           | 39       | 42            | 93          
| + IOBS                           | 248      | 273           | 91          
| BKCL                             | 6        | 6             | 100         
| CCS                              | 1        | 1             | 100         
| CLKDIV                           | 0        | 4             | 0           
| CLKDLY                           | 0        | 8             | 0           
| DLL                              | 0        | 2             | 0           
| DRM                              | 0        | 26            | 0           
| HARD0N1                          | 186      | 936           | 20          
| IOCKBRG                          | 0        | 2             | 0           
| IOCKGATE                         | 0        | 4             | 0           
| + IOCKGATE as Bypass             | 0        |               |             
| IOLDLYS                          | 138      | 252           | 55          
| IOLDLY                           | 52       | 84            | 62          
| IOL                              | 308      | 336           | 92          
| ISERDES                          | 0        | 21            | 0           
| LDO                              | 0        | 2             | 0           
| OSC                              | 0        | 1             | 0           
| OSERDES                          | 0        | 21            | 0           
| PLLINMUXD                        | 1        | 2             | 50          
| + PLLINMUXD as Bypass            | 0        |               |             
| PLL                              | 1        | 2             | 50          
| USCMDC                           | 2        | 8             | 25          
| + USCMDC as Bypass               | 0        |               |             
| USCMD                            | 0        | 2             | 0           
| + USCMD as Bypass                | 0        |               |             
| USSMBUF                          | 1        | 8             | 13          
| + USSMBUF as Bypass              | 0        |               |             
+----------------------------------------------------------------------------+

Finished route optimize. (CPU time elapsed 0h:00m:04s)
Design 'Tieta_Feiteng_1001_top' has been routed successfully.
Saving design to DB.
Action route_optimize: Export DB successfully.
Action route_optimize: Real time elapsed is 0h:0m:9s
Action route_optimize: CPU time elapsed is 0h:0m:6s
Action route_optimize: Process CPU time elapsed is 0h:0m:7s
Action route_optimize: Peak memory pool usage is 391 MB

Current time: Thu Mar 26 18:12:29 2026
