#Build: Fabric Compiler 2024.2-SP1.2, Build 187561, May 22 18:16 2025
#Install: C:\studyware\pango\PDS_2024.2-SP1.2-ads\bin
#Application name: pds_shell.exe
#OS: Windows 10 10.0.18363
#Hostname: z02665mj
Generated by Fabric Compiler (version 2024.2-SP1.2 build 187561) at Fri Mar 27 11:19:17 2026
Parameters for debugging are loaded as follows:
Compiling verification operator library.
Compiling common defs.
Compiling prim grid devices.
Compiling place grid timing.
Compiling gate devices.
Compiling gate operators.
Building architecture model.
Loading device packaging model.
Building architecture floorplan logic view.
Elaborate the liberty model.
I: Multithreading enabled for Timing using a maximum of 4 processes.

Routing started.
Build routing arch for double attribute device.
Enter timing driven router mode.
I: Multithreading enabled for route using a maximum of 1 processes.
W: Route-4027: Cannot find permit_rougth_thru_units.json file in working directory.
Building routing graph takes 0.45 sec.
Enable Recovery Analysis in Routing
Init coarse delay table.
Read place coarse delay table takes 0.05 sec.
build place dedicate switch graph takes 0.17 sec
Setup STE netlist take 513 msec.
Slack Weight : 90
CE/RS signal series limit : 500
Dispose control chain take 82 msec.
Collect const net info take 26 msec.
Total nets for routing: 3141.
Total loads for routing: 14832.
Direct connect net size: 1268
Build all design net take 179 msec.
Processing design graph takes 0.81 sec.
Delay table total memory: 4.79386520 MB
Route graph total memory: 11.34052658 MB
Route design total memory: 4.23971939 MB
The remaining process takes 0.06 sec.
Stage: after context initialize | Performance: TNS = 0 ; WNS = 8411 ; THS = NA ; WHS = NA | Time (s): real = 0h:0m:6s ; cpu = 0h:0m:3s ; process = 0h:0m:4s | Memory (MB): curr = 355.398438 ; peak = 381.902344 | Checksum: 906D5380079C0612
Global routing takes 0.00 sec.
Pin Cost Increasing Speed 300
Unrouted clock nets at iteration 0 (0.010 sec): 0
Stage: after clock route | Performance: TNS = 0 ; WNS = 8411 ; THS = NA ; WHS = NA | Time (s): real = 0h:0m:6s ; cpu = 0h:0m:3s ; process = 0h:0m:5s | Memory (MB): curr = 356.828125 ; peak = 381.902344 | Checksum: E9B85477F781B297
Total route nets size: 3133
I: Start printing congestion info.
I: Finish printing congestion info.
Pre route takes 0.839 sec
Stage: after pre route | Performance: TNS = 0 ; WNS = 9527 ; THS = 0 ; WHS = 63 | Time (s): real = 0h:0m:7s ; cpu = 0h:0m:4s ; process = 0h:0m:6s | Memory (MB): curr = 421.125000 ; peak = 426.570313 | Checksum: BF9DC0E04B2AAA14
Unrouted general nets at iteration 2 (MT total route time: 0.650 sec): 2704(overused: 14790)
Unrouted general nets at iteration 3 (MT total route time: 0.636 sec): 2295(overused: 9165)
Unrouted general nets at iteration 4 (MT total route time: 0.319 sec): 2048(overused: 7239)
Unrouted general nets at iteration 5 (MT total route time: 0.251 sec): 1815(overused: 5899)
Unrouted general nets at iteration 6 (MT total route time: 0.222 sec): 1635(overused: 4906)
Unrouted general nets at iteration 7 (MT total route time: 0.170 sec): 1240(overused: 3576)
Unrouted general nets at iteration 8 (MT total route time: 0.138 sec): 964(overused: 2539)
Unrouted general nets at iteration 9 (MT total route time: 0.113 sec): 765(overused: 1920)
Unrouted general nets at iteration 10 (MT total route time: 0.102 sec): 649(overused: 1562)
Unrouted general nets at iteration 11 (MT total route time: 0.089 sec): 536(overused: 1287)
Unrouted general nets at iteration 12 (MT total route time: 0.087 sec): 478(overused: 1070)
Unrouted general nets at iteration 13 (MT total route time: 0.139 sec): 394(overused: 867)
Unrouted general nets at iteration 14 (MT total route time: 0.099 sec): 333(overused: 668)
Unrouted general nets at iteration 15 (MT total route time: 0.090 sec): 281(overused: 598)
Unrouted general nets at iteration 16 (MT total route time: 0.086 sec): 245(overused: 483)
Unrouted general nets at iteration 17 (MT total route time: 0.082 sec): 211(overused: 450)
Unrouted general nets at iteration 18 (MT total route time: 0.075 sec): 175(overused: 345)
Unrouted general nets at iteration 19 (MT total route time: 0.083 sec): 136(overused: 284)
Unrouted general nets at iteration 20 (MT total route time: 0.059 sec): 114(overused: 230)
Unrouted general nets at iteration 21 (MT total route time: 0.031 sec): 97(overused: 202)
Unrouted general nets at iteration 22 (MT total route time: 0.027 sec): 105(overused: 214)
Unrouted general nets at iteration 23 (MT total route time: 0.027 sec): 98(overused: 168)
Unrouted general nets at iteration 24 (MT total route time: 0.022 sec): 79(overused: 130)
Unrouted general nets at iteration 25 (MT total route time: 0.024 sec): 61(overused: 98)
Unrouted general nets at iteration 26 (MT total route time: 0.020 sec): 66(overused: 120)
Unrouted general nets at iteration 27 (MT total route time: 0.023 sec): 59(overused: 98)
Unrouted general nets at iteration 28 (MT total route time: 0.019 sec): 62(overused: 107)
Unrouted general nets at iteration 29 (MT total route time: 0.016 sec): 58(overused: 100)
Unrouted general nets at iteration 30 (MT total route time: 0.013 sec): 38(overused: 66)
Unrouted general nets at iteration 31 (MT total route time: 0.013 sec): 31(overused: 54)
Unrouted general nets at iteration 32 (MT total route time: 0.014 sec): 20(overused: 24)
Unrouted general nets at iteration 33 (MT total route time: 0.010 sec): 16(overused: 20)
Unrouted general nets at iteration 34 (MT total route time: 0.009 sec): 14(overused: 18)
Unrouted general nets at iteration 35 (MT total route time: 0.009 sec): 8(overused: 16)
Unrouted general nets at iteration 36 (MT total route time: 0.009 sec): 9(overused: 14)
Unrouted general nets at iteration 37 (MT total route time: 0.008 sec): 6(overused: 6)
Unrouted general nets at iteration 38 (MT total route time: 0.008 sec): 6(overused: 10)
Unrouted general nets at iteration 39 (MT total route time: 0.008 sec): 3(overused: 8)
Unrouted general nets at iteration 40 (MT total route time: 0.008 sec): 3(overused: 8)
Unrouted general nets at iteration 41 (MT total route time: 0.009 sec): 4(overused: 6)
Unrouted general nets at iteration 42 (MT total route time: 0.008 sec): 4(overused: 6)
Unrouted general nets at iteration 43 (MT total route time: 0.008 sec): 4(overused: 6)
Unrouted general nets at iteration 44 (MT total route time: 0.007 sec): 4(overused: 6)
Unrouted general nets at iteration 45 (MT total route time: 0.008 sec): 0(overused: 0)
----General net take 0.007 sec(route net take 0.000 sec, inc cost take 0.003 sec, iter times: 1)
----const net route take 0.010 sec
Unrouted nets at iteration 46 (0.017 sec): 0
Stage: after detail route | Performance: TNS = 0 ; WNS = 8386 ; THS = NA ; WHS = NA | Time (s): real = 0h:0m:11s ; cpu = 0h:0m:4s ; process = 0h:0m:10s | Memory (MB): curr = 429.808594 ; peak = 430.140625 | Checksum: 1A691765E9507212
Begin rip-up and reroute:
Rip-up and reroute takes 0.13 sec.
Stage: after ripup & reroute | Performance: TNS = 0 ; WNS = 8385 ; THS = NA ; WHS = NA | Time (s): real = 0h:0m:11s ; cpu = 0h:0m:4s ; process = 0h:0m:11s | Memory (MB): curr = 433.027344 ; peak = 434.136719 | Checksum: 9F3FE0CF30EDDD4F
Detailed routing takes 5.53 sec.
I: Design net genblk1[0].fan_pwm_tach_m/w_clk_1s_pos is routed by general path.
C: Route-2036: The clock path from genblk1[0].fan_pwm_tach_m/Edge_Detect_u1/N0/gateop:Z to clkbufgs_6:CLKIN is routed by SRB.
I: Design net nt_i_CLK_PAL_IN_25M is routed by general path.
C: Route-2036: The clock path from i_CLK_PAL_IN_25M_ibuf/opit_1:OUT to pll_inst/u_pll_e2/goppllinmuxd:CLK_IN[0] is routed by SRB.
Sort Original Nets take 0.001 sec
Check HPIO div result take 0.000 sec
Total net: 3141, route succeed net: 3141
Generate routing result take 0.006 sec
Handle PERMUX permutation take 0.115 sec
Handle const net take 0.012 sec
Handle route through take 0.044 sec
Used SRB routing arc is 25361.
Stage: after finish route | Performance: TNS = 0 ; WNS = 8385 ; THS = NA ; WHS = NA | Time (s): real = 0h:0m:12s ; cpu = 0h:0m:4s ; process = 0h:0m:11s | Memory (MB): curr = 410.324219 ; peak = 434.136719 | Checksum: 7D4A61BC1F862A24
Finish routing takes 0.25 sec.
Total routing takes 7.20 sec.


Device Utilization Summary :
+----------------------------------------------------------------------------+
| Device Type                      | Used     | Available     | Util(%)     
+----------------------------------------------------------------------------+
| CLMA                             | 389      | 592           | 66          
| + FF                             | 794      | 3552          | 23          
| + LUT                            | 1144     | 2368          | 49          
|   + LUT as Logic                 | 905      |               |             
|   + LUT as Const                 | 229      |               |             
|   + LUT as Bypass                | 10       |               |             
| CLMS                             | 556      | 888           | 63          
| + FF                             | 1277     | 5328          | 24          
| + LUT                            | 1592     | 3552          | 45          
|   + LUT as Logic                 | 1429     |               |             
|   + LUT as Memory                | 0        |               |             
|     + LUT as Distributed RAM     | 0        |               |             
|   + LUT as Const                 | 147      |               |             
|   + LUT as Bypass                | 16       |               |             
| IO                               | 304      | 336           | 91          
| + IOBD                           | 21       | 21            | 100         
| + IOBR                           | 37       | 42            | 89          
| + IOBS                           | 246      | 273           | 91          
| BKCL                             | 6        | 6             | 100         
| CCS                              | 1        | 1             | 100         
| CLKDIV                           | 0        | 4             | 0           
| CLKDLY                           | 0        | 8             | 0           
| DLL                              | 0        | 2             | 0           
| DRM                              | 0        | 26            | 0           
| HARD0N1                          | 187      | 936           | 20          
| IOCKBRG                          | 0        | 2             | 0           
| IOCKGATE                         | 0        | 4             | 0           
| + IOCKGATE as Bypass             | 0        |               |             
| IOLDLYS                          | 138      | 252           | 55          
| IOLDLY                           | 48       | 84            | 58          
| IOL                              | 304      | 336           | 91          
| ISERDES                          | 0        | 21            | 0           
| LDO                              | 0        | 2             | 0           
| OSC                              | 0        | 1             | 0           
| OSERDES                          | 0        | 21            | 0           
| PLLINMUXD                        | 1        | 2             | 50          
| + PLLINMUXD as Bypass            | 0        |               |             
| PLL                              | 1        | 2             | 50          
| USCMDC                           | 2        | 8             | 25          
| + USCMDC as Bypass               | 0        |               |             
| USCMD                            | 0        | 2             | 0           
| + USCMD as Bypass                | 0        |               |             
| USSMBUF                          | 1        | 8             | 13          
| + USSMBUF as Bypass              | 0        |               |             
+----------------------------------------------------------------------------+

Finished routing. (CPU time elapsed 0h:00m:09s)
Design 'Tieta_Feiteng_1001_top' has been routed successfully.
Saving design to DB.
Action route: Export DB successfully.
Action route: Real time elapsed is 0h:0m:13s
Action route: CPU time elapsed is 0h:0m:10s
Action route: Process CPU time elapsed is 0h:0m:12s
Action route: Peak memory pool usage is 434 MB

Current time: Fri Mar 27 11:19:28 2026
