#Build: Fabric Compiler 2024.2-SP1.2, Build 187561, May 22 18:16 2025
#Install: C:\studyware\pango\PDS_2024.2-SP1.2-ads\bin
#Application name: pds_shell.exe
#OS: Windows 10 10.0.18363
#Hostname: z02665mj
Generated by Fabric Compiler (version 2024.2-SP1.2 build 187561) at Tue Apr 21 10:02:18 2026
Parameters for debugging are loaded as follows:
Compiling verification operator library.
Compiling common defs.
Compiling prim grid devices.
Compiling place grid timing.
Compiling gate devices.
Compiling gate operators.
Building architecture model.
Loading device packaging model.
Building architecture floorplan logic view.
Elaborate the liberty model.
I: Multithreading enabled for Timing using a maximum of 4 processes.

Routing started.
Build routing arch for double attribute device.
Enter timing driven router mode.
I: Multithreading enabled for route using a maximum of 1 processes.
W: Route-4027: Cannot find permit_rougth_thru_units.json file in working directory.
Building routing graph takes 0.53 sec.
Enable Recovery Analysis in Routing
Init coarse delay table.
Read place coarse delay table takes 0.02 sec.
build place dedicate switch graph takes 0.19 sec
Setup STE netlist take 553 msec.
Slack Weight : 90
CE/RS signal series limit : 500
Dispose control chain take 84 msec.
Collect const net info take 23 msec.
Total nets for routing: 2253.
Total loads for routing: 10401.
Direct connect net size: 1130
Build all design net take 175 msec.
Processing design graph takes 0.84 sec.
Delay table total memory: 4.79386520 MB
Route graph total memory: 10.70413208 MB
Route design total memory: 3.60909653 MB
The remaining process takes 0.05 sec.
Stage: after context initialize | Performance: TNS = 0 ; WNS = 11074 ; THS = NA ; WHS = NA | Time (s): real = 0h:0m:6s ; cpu = 0h:0m:3s ; process = 0h:0m:5s | Memory (MB): curr = 331.320313 ; peak = 351.507813 | Checksum: E06F9C99F3C5989F
Global routing takes 0.00 sec.
Pin Cost Increasing Speed 300
Unrouted clock nets at iteration 0 (0.010 sec): 0
Stage: after clock route | Performance: TNS = 0 ; WNS = 11074 ; THS = NA ; WHS = NA | Time (s): real = 0h:0m:6s ; cpu = 0h:0m:3s ; process = 0h:0m:5s | Memory (MB): curr = 332.441406 ; peak = 351.507813 | Checksum: A796F6C4FCAB8280
Total route nets size: 2248
I: Start printing congestion info.
I: Finish printing congestion info.
Pre route takes 0.743 sec
Stage: after pre route | Performance: TNS = 0 ; WNS = 11431 ; THS = 0 ; WHS = 258 | Time (s): real = 0h:0m:7s ; cpu = 0h:0m:4s ; process = 0h:0m:6s | Memory (MB): curr = 378.746094 ; peak = 383.957031 | Checksum: AE0198A04E127532
Unrouted general nets at iteration 2 (MT total route time: 0.465 sec): 1865(overused: 10408)
Unrouted general nets at iteration 3 (MT total route time: 0.390 sec): 1628(overused: 6620)
Unrouted general nets at iteration 4 (MT total route time: 0.287 sec): 1455(overused: 5325)
Unrouted general nets at iteration 5 (MT total route time: 0.224 sec): 1310(overused: 4401)
Unrouted general nets at iteration 6 (MT total route time: 0.188 sec): 1209(overused: 3719)
Unrouted general nets at iteration 7 (MT total route time: 0.149 sec): 816(overused: 2671)
Unrouted general nets at iteration 8 (MT total route time: 0.125 sec): 607(overused: 1669)
Unrouted general nets at iteration 9 (MT total route time: 0.091 sec): 465(overused: 1145)
Unrouted general nets at iteration 10 (MT total route time: 0.064 sec): 394(overused: 932)
Unrouted general nets at iteration 11 (MT total route time: 0.057 sec): 345(overused: 738)
Unrouted general nets at iteration 12 (MT total route time: 0.052 sec): 262(overused: 633)
Unrouted general nets at iteration 13 (MT total route time: 0.053 sec): 224(overused: 527)
Unrouted general nets at iteration 14 (MT total route time: 0.040 sec): 203(overused: 430)
Unrouted general nets at iteration 15 (MT total route time: 0.041 sec): 179(overused: 356)
Unrouted general nets at iteration 16 (MT total route time: 0.030 sec): 137(overused: 288)
Unrouted general nets at iteration 17 (MT total route time: 0.026 sec): 119(overused: 246)
Unrouted general nets at iteration 18 (MT total route time: 0.020 sec): 100(overused: 192)
Unrouted general nets at iteration 19 (MT total route time: 0.019 sec): 77(overused: 184)
Unrouted general nets at iteration 20 (MT total route time: 0.018 sec): 66(overused: 142)
Unrouted general nets at iteration 21 (MT total route time: 0.017 sec): 64(overused: 124)
Unrouted general nets at iteration 22 (MT total route time: 0.015 sec): 54(overused: 102)
Unrouted general nets at iteration 23 (MT total route time: 0.015 sec): 52(overused: 96)
Unrouted general nets at iteration 24 (MT total route time: 0.017 sec): 47(overused: 92)
Unrouted general nets at iteration 25 (MT total route time: 0.015 sec): 31(overused: 48)
Unrouted general nets at iteration 26 (MT total route time: 0.013 sec): 25(overused: 38)
Unrouted general nets at iteration 27 (MT total route time: 0.009 sec): 14(overused: 22)
Unrouted general nets at iteration 28 (MT total route time: 0.011 sec): 12(overused: 20)
Unrouted general nets at iteration 29 (MT total route time: 0.010 sec): 8(overused: 14)
Unrouted general nets at iteration 30 (MT total route time: 0.014 sec): 5(overused: 12)
Unrouted general nets at iteration 31 (MT total route time: 0.008 sec): 4(overused: 6)
Unrouted general nets at iteration 32 (MT total route time: 0.008 sec): 4(overused: 6)
Unrouted general nets at iteration 33 (MT total route time: 0.012 sec): 4(overused: 4)
Unrouted general nets at iteration 34 (MT total route time: 0.010 sec): 4(overused: 4)
Unrouted general nets at iteration 35 (MT total route time: 0.011 sec): 0(overused: 0)
----General net take 0.010 sec(route net take 0.000 sec, inc cost take 0.005 sec, iter times: 1)
----const net route take 0.010 sec
Unrouted nets at iteration 36 (0.021 sec): 0
Stage: after detail route | Performance: TNS = 0 ; WNS = 11008 ; THS = NA ; WHS = NA | Time (s): real = 0h:0m:10s ; cpu = 0h:0m:4s ; process = 0h:0m:9s | Memory (MB): curr = 387.125000 ; peak = 387.527344 | Checksum: 24509A4E0A2391ED
Begin rip-up and reroute:
Rip-up and reroute takes 0.34 sec.
Stage: after ripup & reroute | Performance: TNS = 0 ; WNS = 11016 ; THS = NA ; WHS = NA | Time (s): real = 0h:0m:10s ; cpu = 0h:0m:4s ; process = 0h:0m:9s | Memory (MB): curr = 389.812500 ; peak = 391.007813 | Checksum: 568C4597E6BBD3CE
Detailed routing takes 4.23 sec.
I: Design net nt_i_CLK_C42_IN_25M is routed by general path.
C: Route-2036: The clock path from i_CLK_C42_IN_25M_ibuf/opit_1:OUT to pll_inst/u_pll_e2/goppllinmuxd:CLK_IN[0] is routed by SRB.
Sort Original Nets take 0.003 sec
Check HPIO div result take 0.000 sec
Total net: 2253, route succeed net: 2253
Generate routing result take 0.007 sec
Handle PERMUX permutation take 0.140 sec
Handle const net take 0.012 sec
Handle route through take 0.046 sec
Used SRB routing arc is 18229.
Stage: after finish route | Performance: TNS = 0 ; WNS = 11016 ; THS = NA ; WHS = NA | Time (s): real = 0h:0m:11s ; cpu = 0h:0m:5s ; process = 0h:0m:10s | Memory (MB): curr = 373.449219 ; peak = 391.007813 | Checksum: AA1A1A0A29AC4AD0
Finish routing takes 0.31 sec.
Total routing takes 6.13 sec.


Device Utilization Summary :
+----------------------------------------------------------------------------+
| Device Type                      | Used     | Available     | Util(%)     
+----------------------------------------------------------------------------+
| CLMA                             | 287      | 592           | 49          
| + FF                             | 626      | 3552          | 18          
| + LUT                            | 726      | 2368          | 31          
|   + LUT as Logic                 | 605      |               |             
|   + LUT as Const                 | 107      |               |             
|   + LUT as Bypass                | 14       |               |             
| CLMS                             | 387      | 888           | 44          
| + FF                             | 899      | 5328          | 17          
| + LUT                            | 1005     | 3552          | 29          
|   + LUT as Logic                 | 907      |               |             
|   + LUT as Memory                | 0        |               |             
|     + LUT as Distributed RAM     | 0        |               |             
|   + LUT as Const                 | 86       |               |             
|   + LUT as Bypass                | 12       |               |             
| IO                               | 287      | 336           | 86          
| + IOBD                           | 19       | 21            | 91          
| + IOBR                           | 37       | 42            | 89          
| + IOBS                           | 231      | 273           | 85          
| BKCL                             | 6        | 6             | 100         
| CCS                              | 1        | 1             | 100         
| CLKDIV                           | 0        | 4             | 0           
| CLKDLY                           | 0        | 8             | 0           
| DLL                              | 0        | 2             | 0           
| DRM                              | 0        | 26            | 0           
| HARD0N1                          | 83       | 936           | 9           
| IOCKBRG                          | 0        | 2             | 0           
| IOCKGATE                         | 0        | 4             | 0           
| + IOCKGATE as Bypass             | 0        |               |             
| IOLDLYS                          | 132      | 252           | 53          
| IOLDLY                           | 43       | 84            | 52          
| IOL                              | 287      | 336           | 86          
| ISERDES                          | 0        | 21            | 0           
| LDO                              | 0        | 2             | 0           
| OSC                              | 0        | 1             | 0           
| OSERDES                          | 0        | 21            | 0           
| PLLINMUXD                        | 1        | 2             | 50          
| + PLLINMUXD as Bypass            | 0        |               |             
| PLL                              | 1        | 2             | 50          
| USCMDC                           | 1        | 8             | 13          
| + USCMDC as Bypass               | 0        |               |             
| USCMD                            | 0        | 2             | 0           
| + USCMD as Bypass                | 0        |               |             
| USSMBUF                          | 0        | 8             | 0           
| + USSMBUF as Bypass              | 0        |               |             
+----------------------------------------------------------------------------+

Finished routing. (CPU time elapsed 0h:00m:08s)
Design 'Tieta_Feiteng_2001_top' has been routed successfully.
Saving design to DB.
Action route: Export DB successfully.
Action route: Real time elapsed is 0h:0m:12s
Action route: CPU time elapsed is 0h:0m:9s
Action route: Process CPU time elapsed is 0h:0m:11s
Action route: Peak memory pool usage is 391 MB

Current time: Tue Apr 21 10:02:28 2026
