#Build: Fabric Compiler 2024.2-SP1.2, Build 187561, May 22 18:16 2025
#Install: C:\studyware\pango\PDS_2024.2-SP1.2-ads\bin
#Application name: pds_shell.exe
#OS: Windows 10 10.0.18363
#Hostname: z02665mj
Generated by Fabric Compiler (version 2024.2-SP1.2 build 187561) at Fri Apr 10 11:34:20 2026
Parameters for debugging are loaded as follows:
Compiling verification operator library.
Compiling common defs.
Compiling prim grid devices.
Compiling place grid timing.
Compiling gate devices.
Compiling gate operators.
Building architecture model.
Loading device packaging model.
Building architecture floorplan logic view.
Elaborate the liberty model.
I: Multithreading enabled for Timing using a maximum of 4 processes.

Route Optimize started.
Build routing arch for double attribute device.
Enter timing driven router mode.
I: Multithreading enabled for route using a maximum of 1 processes.
I: Column Clock Check close.
W: Route-4027: Cannot find permit_rougth_thru_units.json file in working directory.
Building routing graph takes 0.28 sec.
Total nets for routing: 3702.
Total loads for routing: 14927.
Direct connect net size: 1306
Build all design net take 183 msec.
Processing design graph takes 0.18 sec.
Delay table total memory: 4.79386520 MB
Route graph total memory: 11.44536972 MB
Route design total memory: 4.36478806 MB
The remaining process takes 0.06 sec.
Stage: after context initialize in post route | Performance: TNS = NA ; WNS = NA ; THS = NA ; WHS = NA | Time (s): real = 0h:0m:5s ; cpu = 0h:0m:3s ; process = 0h:0m:4s | Memory (MB): curr = 305.050781 ; peak = 318.734375 | Checksum: FF8A63746AD065F7
Load route result takes 0.03 sec
Fix Hold Violation Threshold For Clock Path Cross SRB(ps) : 200
Fix Hold Violation Threshold For Clock Path On Clock Tree(ps) : 100
Hold fix to no violation.
Hold fix to threshold
    Fix hold iteration 0 takes 0.03 sec
    Step 2.1 finish
Stage: after hold fix | Performance: TNS = 0 ; WNS = 9589 ; THS = 0 ; WHS = 214 | Time (s): real = 0h:0m:5s ; cpu = 0h:0m:3s ; process = 0h:0m:5s | Memory (MB): curr = 393.546875 ; peak = 393.550781 | Checksum: 11741339A1187E2D
Hold Violation Fix in router takes 0.51 sec.
Sort Original Nets take 0.002 sec
Total net: 3702, route succeed net: 3702
Generate routing result take 0.014 sec
Handle PERMUX permutation take 0.011 sec
Handle const net take 0.000 sec
Handle route through take 0.034 sec
Used SRB routing arc is 25666.
Stage: after finish post route | Performance: TNS = 0 ; WNS = 9589 ; THS = NA ; WHS = NA | Time (s): real = 0h:0m:5s ; cpu = 0h:0m:3s ; process = 0h:0m:5s | Memory (MB): curr = 371.480469 ; peak = 393.554688 | Checksum: C7EDF6DA1A9C6FE7
Finish post route takes 0.11 sec.
Total post route takes 1.20 sec.


Device Utilization Summary :
+----------------------------------------------------------------------------+
| Device Type                      | Used     | Available     | Util(%)     
+----------------------------------------------------------------------------+
| CLMA                             | 391      | 592           | 67          
| + FF                             | 870      | 3552          | 25          
| + LUT                            | 1193     | 2368          | 51          
|   + LUT as Logic                 | 985      |               |             
|   + LUT as Const                 | 198      |               |             
|   + LUT as Bypass                | 10       |               |             
| CLMS                             | 551      | 888           | 63          
| + FF                             | 1223     | 5328          | 23          
| + LUT                            | 1532     | 3552          | 44          
|   + LUT as Logic                 | 1370     |               |             
|   + LUT as Memory                | 0        |               |             
|     + LUT as Distributed RAM     | 0        |               |             
|   + LUT as Const                 | 136      |               |             
|   + LUT as Bypass                | 26       |               |             
| IO                               | 308      | 336           | 92          
| + IOBD                           | 21       | 21            | 100         
| + IOBR                           | 40       | 42            | 96          
| + IOBS                           | 247      | 273           | 91          
| BKCL                             | 6        | 6             | 100         
| CCS                              | 1        | 1             | 100         
| CLKDIV                           | 0        | 4             | 0           
| CLKDLY                           | 0        | 8             | 0           
| DLL                              | 0        | 2             | 0           
| DRM                              | 0        | 26            | 0           
| HARD0N1                          | 195      | 936           | 21          
| IOCKBRG                          | 0        | 2             | 0           
| IOCKGATE                         | 0        | 4             | 0           
| + IOCKGATE as Bypass             | 0        |               |             
| IOLDLYS                          | 138      | 252           | 55          
| IOLDLY                           | 57       | 84            | 68          
| IOL                              | 308      | 336           | 92          
| ISERDES                          | 0        | 21            | 0           
| LDO                              | 0        | 2             | 0           
| OSC                              | 0        | 1             | 0           
| OSERDES                          | 0        | 21            | 0           
| PLLINMUXD                        | 1        | 2             | 50          
| + PLLINMUXD as Bypass            | 0        |               |             
| PLL                              | 1        | 2             | 50          
| USCMDC                           | 2        | 8             | 25          
| + USCMDC as Bypass               | 0        |               |             
| USCMD                            | 0        | 2             | 0           
| + USCMD as Bypass                | 0        |               |             
| USSMBUF                          | 1        | 8             | 13          
| + USSMBUF as Bypass              | 0        |               |             
+----------------------------------------------------------------------------+

Finished route optimize. (CPU time elapsed 0h:00m:04s)
Design 'Tieta_Feiteng_1001_top' has been routed successfully.
Saving design to DB.
Action route_optimize: Export DB successfully.
Action route_optimize: Real time elapsed is 0h:0m:6s
Action route_optimize: CPU time elapsed is 0h:0m:5s
Action route_optimize: Process CPU time elapsed is 0h:0m:6s
Action route_optimize: Peak memory pool usage is 393 MB

Current time: Fri Apr 10 11:34:24 2026
