#Build: Fabric Compiler 2024.2-SP1.2, Build 187561, May 22 18:16 2025
#Install: C:\studyware\pango\PDS_2024.2-SP1.2-ads\bin
#Application name: pds_shell.exe
#OS: Windows 10 10.0.18363
#Hostname: z02665mj
Generated by Fabric Compiler (version 2024.2-SP1.2 build 187561) at Fri Apr 10 11:34:08 2026
Parameters for debugging are loaded as follows:
Compiling verification operator library.
Compiling common defs.
Compiling prim grid devices.
Compiling place grid timing.
Compiling gate devices.
Compiling gate operators.
Building architecture model.
Loading device packaging model.
Building architecture floorplan logic view.
Elaborate the liberty model.
I: Multithreading enabled for Timing using a maximum of 4 processes.

Routing started.
Build routing arch for double attribute device.
Enter timing driven router mode.
I: Multithreading enabled for route using a maximum of 1 processes.
W: Route-4027: Cannot find permit_rougth_thru_units.json file in working directory.
Building routing graph takes 0.31 sec.
Enable Recovery Analysis in Routing
Init coarse delay table.
Read place coarse delay table takes 0.05 sec.
build place dedicate switch graph takes 0.17 sec
Setup STE netlist take 503 msec.
Slack Weight : 90
CE/RS signal series limit : 500
Dispose control chain take 94 msec.
Collect const net info take 27 msec.
Total nets for routing: 3168.
Total loads for routing: 14927.
Direct connect net size: 1306
Build all design net take 200 msec.
Processing design graph takes 0.84 sec.
Delay table total memory: 4.79386520 MB
Route graph total memory: 11.35024643 MB
Route design total memory: 4.24601364 MB
The remaining process takes 0.06 sec.
Stage: after context initialize | Performance: TNS = 0 ; WNS = 8860 ; THS = NA ; WHS = NA | Time (s): real = 0h:0m:6s ; cpu = 0h:0m:3s ; process = 0h:0m:4s | Memory (MB): curr = 357.769531 ; peak = 384.714844 | Checksum: C5C43F540CDE94C8
Global routing takes 0.00 sec.
Pin Cost Increasing Speed 300
Unrouted clock nets at iteration 0 (0.012 sec): 0
Stage: after clock route | Performance: TNS = 0 ; WNS = 8860 ; THS = NA ; WHS = NA | Time (s): real = 0h:0m:6s ; cpu = 0h:0m:3s ; process = 0h:0m:4s | Memory (MB): curr = 359.132813 ; peak = 384.714844 | Checksum: 5DB2E2938C6EFC10
Total route nets size: 3160
I: Start printing congestion info.
I: Finish printing congestion info.
Pre route takes 0.915 sec
Stage: after pre route | Performance: TNS = 0 ; WNS = 10469 ; THS = 0 ; WHS = 70 | Time (s): real = 0h:0m:7s ; cpu = 0h:0m:3s ; process = 0h:0m:5s | Memory (MB): curr = 422.410156 ; peak = 427.742188 | Checksum: BF79545B4517CADF
Unrouted general nets at iteration 2 (MT total route time: 0.559 sec): 2769(overused: 15349)
Unrouted general nets at iteration 3 (MT total route time: 0.441 sec): 2381(overused: 9783)
Unrouted general nets at iteration 4 (MT total route time: 0.370 sec): 2083(overused: 7496)
Unrouted general nets at iteration 5 (MT total route time: 0.291 sec): 1878(overused: 6096)
Unrouted general nets at iteration 6 (MT total route time: 0.253 sec): 1715(overused: 5139)
Unrouted general nets at iteration 7 (MT total route time: 0.195 sec): 1296(overused: 3727)
Unrouted general nets at iteration 8 (MT total route time: 0.162 sec): 986(overused: 2565)
Unrouted general nets at iteration 9 (MT total route time: 0.138 sec): 810(overused: 2080)
Unrouted general nets at iteration 10 (MT total route time: 0.134 sec): 653(overused: 1673)
Unrouted general nets at iteration 11 (MT total route time: 0.106 sec): 568(overused: 1347)
Unrouted general nets at iteration 12 (MT total route time: 0.095 sec): 466(overused: 1152)
Unrouted general nets at iteration 13 (MT total route time: 0.081 sec): 400(overused: 924)
Unrouted general nets at iteration 14 (MT total route time: 0.078 sec): 362(overused: 817)
Unrouted general nets at iteration 15 (MT total route time: 0.066 sec): 329(overused: 727)
Unrouted general nets at iteration 16 (MT total route time: 0.060 sec): 265(overused: 610)
Unrouted general nets at iteration 17 (MT total route time: 0.050 sec): 252(overused: 530)
Unrouted general nets at iteration 18 (MT total route time: 0.041 sec): 204(overused: 374)
Unrouted general nets at iteration 19 (MT total route time: 0.037 sec): 183(overused: 350)
Unrouted general nets at iteration 20 (MT total route time: 0.030 sec): 158(overused: 270)
Unrouted general nets at iteration 21 (MT total route time: 0.031 sec): 133(overused: 262)
Unrouted general nets at iteration 22 (MT total route time: 0.030 sec): 120(overused: 206)
Unrouted general nets at iteration 23 (MT total route time: 0.026 sec): 102(overused: 176)
Unrouted general nets at iteration 24 (MT total route time: 0.021 sec): 93(overused: 160)
Unrouted general nets at iteration 25 (MT total route time: 0.022 sec): 75(overused: 146)
Unrouted general nets at iteration 26 (MT total route time: 0.016 sec): 62(overused: 96)
Unrouted general nets at iteration 27 (MT total route time: 0.020 sec): 69(overused: 130)
Unrouted general nets at iteration 28 (MT total route time: 0.021 sec): 74(overused: 144)
Unrouted general nets at iteration 29 (MT total route time: 0.035 sec): 101(overused: 208)
Unrouted general nets at iteration 30 (MT total route time: 0.031 sec): 96(overused: 188)
Unrouted general nets at iteration 31 (MT total route time: 0.026 sec): 85(overused: 174)
Unrouted general nets at iteration 32 (MT total route time: 0.021 sec): 71(overused: 106)
Unrouted general nets at iteration 33 (MT total route time: 0.016 sec): 52(overused: 90)
Unrouted general nets at iteration 34 (MT total route time: 0.015 sec): 37(overused: 70)
Unrouted general nets at iteration 35 (MT total route time: 0.012 sec): 29(overused: 48)
Unrouted general nets at iteration 36 (MT total route time: 0.014 sec): 22(overused: 36)
Unrouted general nets at iteration 37 (MT total route time: 0.012 sec): 15(overused: 36)
Unrouted general nets at iteration 38 (MT total route time: 0.010 sec): 14(overused: 30)
Unrouted general nets at iteration 39 (MT total route time: 0.011 sec): 16(overused: 44)
Unrouted general nets at iteration 40 (MT total route time: 0.015 sec): 14(overused: 30)
Unrouted general nets at iteration 41 (MT total route time: 0.015 sec): 6(overused: 10)
Unrouted general nets at iteration 42 (MT total route time: 0.011 sec): 4(overused: 12)
Unrouted general nets at iteration 43 (MT total route time: 0.008 sec): 6(overused: 12)
Unrouted general nets at iteration 44 (MT total route time: 0.009 sec): 2(overused: 2)
Unrouted general nets at iteration 45 (MT total route time: 0.008 sec): 0(overused: 0)
----General net take 0.008 sec(route net take 0.000 sec, inc cost take 0.003 sec, iter times: 1)
----const net route take 0.010 sec
Unrouted nets at iteration 46 (0.019 sec): 0
Stage: after detail route | Performance: TNS = 0 ; WNS = 9598 ; THS = NA ; WHS = NA | Time (s): real = 0h:0m:11s ; cpu = 0h:0m:4s ; process = 0h:0m:10s | Memory (MB): curr = 430.800781 ; peak = 430.804688 | Checksum: 61FA28D936C3F4C5
Begin rip-up and reroute:
Rip-up and reroute takes 0.12 sec.
Stage: after ripup & reroute | Performance: TNS = 0 ; WNS = 9598 ; THS = NA ; WHS = NA | Time (s): real = 0h:0m:11s ; cpu = 0h:0m:4s ; process = 0h:0m:10s | Memory (MB): curr = 434.500000 ; peak = 434.558594 | Checksum: 9841CE0E8ECA2459
Detailed routing takes 5.41 sec.
I: Design net genblk1[0].fan_pwm_tach_m/w_clk_1s_pos is routed by general path.
C: Route-2036: The clock path from genblk1[0].fan_pwm_tach_m/Edge_Detect_u1/N0/gateop:Z to clkbufgs_6:CLKIN is routed by SRB.
I: Design net nt_i_CLK_PAL_IN_25M is routed by general path.
C: Route-2036: The clock path from i_CLK_PAL_IN_25M_ibuf/opit_1:OUT to pll_inst/u_pll_e2/goppllinmuxd:CLK_IN[0] is routed by SRB.
Sort Original Nets take 0.002 sec
Check HPIO div result take 0.000 sec
Total net: 3168, route succeed net: 3168
Generate routing result take 0.009 sec
Handle PERMUX permutation take 0.124 sec
Handle const net take 0.012 sec
Handle route through take 0.039 sec
Used SRB routing arc is 25637.
Stage: after finish route | Performance: TNS = 0 ; WNS = 9598 ; THS = NA ; WHS = NA | Time (s): real = 0h:0m:11s ; cpu = 0h:0m:4s ; process = 0h:0m:10s | Memory (MB): curr = 408.835938 ; peak = 434.558594 | Checksum: A48F7A81A6388392
Finish routing takes 0.28 sec.
Total routing takes 7.01 sec.


Device Utilization Summary :
+----------------------------------------------------------------------------+
| Device Type                      | Used     | Available     | Util(%)     
+----------------------------------------------------------------------------+
| CLMA                             | 391      | 592           | 67          
| + FF                             | 870      | 3552          | 25          
| + LUT                            | 1193     | 2368          | 51          
|   + LUT as Logic                 | 985      |               |             
|   + LUT as Const                 | 198      |               |             
|   + LUT as Bypass                | 10       |               |             
| CLMS                             | 551      | 888           | 63          
| + FF                             | 1223     | 5328          | 23          
| + LUT                            | 1532     | 3552          | 44          
|   + LUT as Logic                 | 1370     |               |             
|   + LUT as Memory                | 0        |               |             
|     + LUT as Distributed RAM     | 0        |               |             
|   + LUT as Const                 | 136      |               |             
|   + LUT as Bypass                | 26       |               |             
| IO                               | 308      | 336           | 92          
| + IOBD                           | 21       | 21            | 100         
| + IOBR                           | 40       | 42            | 96          
| + IOBS                           | 247      | 273           | 91          
| BKCL                             | 6        | 6             | 100         
| CCS                              | 1        | 1             | 100         
| CLKDIV                           | 0        | 4             | 0           
| CLKDLY                           | 0        | 8             | 0           
| DLL                              | 0        | 2             | 0           
| DRM                              | 0        | 26            | 0           
| HARD0N1                          | 195      | 936           | 21          
| IOCKBRG                          | 0        | 2             | 0           
| IOCKGATE                         | 0        | 4             | 0           
| + IOCKGATE as Bypass             | 0        |               |             
| IOLDLYS                          | 138      | 252           | 55          
| IOLDLY                           | 57       | 84            | 68          
| IOL                              | 308      | 336           | 92          
| ISERDES                          | 0        | 21            | 0           
| LDO                              | 0        | 2             | 0           
| OSC                              | 0        | 1             | 0           
| OSERDES                          | 0        | 21            | 0           
| PLLINMUXD                        | 1        | 2             | 50          
| + PLLINMUXD as Bypass            | 0        |               |             
| PLL                              | 1        | 2             | 50          
| USCMDC                           | 2        | 8             | 25          
| + USCMDC as Bypass               | 0        |               |             
| USCMD                            | 0        | 2             | 0           
| + USCMD as Bypass                | 0        |               |             
| USSMBUF                          | 1        | 8             | 13          
| + USSMBUF as Bypass              | 0        |               |             
+----------------------------------------------------------------------------+

Finished routing. (CPU time elapsed 0h:00m:09s)
Design 'Tieta_Feiteng_1001_top' has been routed successfully.
Saving design to DB.
Action route: Export DB successfully.
Action route: Real time elapsed is 0h:0m:12s
Action route: CPU time elapsed is 0h:0m:10s
Action route: Process CPU time elapsed is 0h:0m:12s
Action route: Peak memory pool usage is 434 MB

Current time: Fri Apr 10 11:34:18 2026
