#Build: Fabric Compiler 2024.2-SP1.2, Build 187561, May 22 18:16 2025
#Install: C:\studyware\pango\PDS_2024.2-SP1.2-ads\bin
#Application name: pds_shell.exe
#OS: Windows 10 10.0.18363
#Hostname: z02665mj
Generated by Fabric Compiler (version 2024.2-SP1.2 build 187561) at Tue Apr 21 14:05:59 2026
Parameters for debugging are loaded as follows:
Compiling verification operator library.
Compiling common defs.
Compiling prim grid devices.
Compiling place grid timing.
Compiling gate devices.
Compiling gate operators.
Building architecture model.
Loading device packaging model.
Building architecture floorplan logic view.
Elaborate the liberty model.
I: Multithreading enabled for Timing using a maximum of 4 processes.

Routing started.
Build routing arch for double attribute device.
Enter timing driven router mode.
I: Multithreading enabled for route using a maximum of 1 processes.
W: Route-4027: Cannot find permit_rougth_thru_units.json file in working directory.
Building routing graph takes 0.60 sec.
Enable Recovery Analysis in Routing
Init coarse delay table.
Read place coarse delay table takes 0.03 sec.
build place dedicate switch graph takes 0.20 sec
Setup STE netlist take 611 msec.
Slack Weight : 90
CE/RS signal series limit : 500
Dispose control chain take 71 msec.
Collect const net info take 22 msec.
Total nets for routing: 2255.
Total loads for routing: 10480.
Direct connect net size: 1098
Build all design net take 169 msec.
Processing design graph takes 0.88 sec.
Delay table total memory: 4.79386520 MB
Route graph total memory: 10.70655060 MB
Route design total memory: 3.61105728 MB
The remaining process takes 0.05 sec.
Stage: after context initialize | Performance: TNS = 0 ; WNS = 11182 ; THS = NA ; WHS = NA | Time (s): real = 0h:0m:6s ; cpu = 0h:0m:4s ; process = 0h:0m:5s | Memory (MB): curr = 330.949219 ; peak = 351.820313 | Checksum: A91F9F0C74B21B6E
Global routing takes 0.00 sec.
Pin Cost Increasing Speed 300
Unrouted clock nets at iteration 0 (0.006 sec): 0
Stage: after clock route | Performance: TNS = 0 ; WNS = 11182 ; THS = NA ; WHS = NA | Time (s): real = 0h:0m:6s ; cpu = 0h:0m:4s ; process = 0h:0m:5s | Memory (MB): curr = 332.121094 ; peak = 351.820313 | Checksum: DC538F5823E8D929
Total route nets size: 2250
I: Start printing congestion info.
I: Finish printing congestion info.
Pre route takes 0.719 sec
Stage: after pre route | Performance: TNS = 0 ; WNS = 11578 ; THS = 0 ; WHS = 256 | Time (s): real = 0h:0m:7s ; cpu = 0h:0m:4s ; process = 0h:0m:6s | Memory (MB): curr = 380.714844 ; peak = 385.339844 | Checksum: 608C9B51C5FAF865
Unrouted general nets at iteration 2 (MT total route time: 0.446 sec): 1831(overused: 10287)
Unrouted general nets at iteration 3 (MT total route time: 0.496 sec): 1592(overused: 6451)
Unrouted general nets at iteration 4 (MT total route time: 0.290 sec): 1430(overused: 5172)
Unrouted general nets at iteration 5 (MT total route time: 0.199 sec): 1303(overused: 4262)
Unrouted general nets at iteration 6 (MT total route time: 0.171 sec): 1193(overused: 3694)
Unrouted general nets at iteration 7 (MT total route time: 0.158 sec): 774(overused: 2684)
Unrouted general nets at iteration 8 (MT total route time: 0.113 sec): 593(overused: 1794)
Unrouted general nets at iteration 9 (MT total route time: 0.093 sec): 484(overused: 1288)
Unrouted general nets at iteration 10 (MT total route time: 0.088 sec): 445(overused: 1111)
Unrouted general nets at iteration 11 (MT total route time: 0.069 sec): 331(overused: 807)
Unrouted general nets at iteration 12 (MT total route time: 0.075 sec): 287(overused: 672)
Unrouted general nets at iteration 13 (MT total route time: 0.051 sec): 239(overused: 545)
Unrouted general nets at iteration 14 (MT total route time: 0.047 sec): 219(overused: 476)
Unrouted general nets at iteration 15 (MT total route time: 0.041 sec): 190(overused: 409)
Unrouted general nets at iteration 16 (MT total route time: 0.037 sec): 149(overused: 310)
Unrouted general nets at iteration 17 (MT total route time: 0.034 sec): 135(overused: 260)
Unrouted general nets at iteration 18 (MT total route time: 0.029 sec): 110(overused: 240)
Unrouted general nets at iteration 19 (MT total route time: 0.020 sec): 85(overused: 176)
Unrouted general nets at iteration 20 (MT total route time: 0.017 sec): 76(overused: 162)
Unrouted general nets at iteration 21 (MT total route time: 0.017 sec): 71(overused: 134)
Unrouted general nets at iteration 22 (MT total route time: 0.016 sec): 49(overused: 80)
Unrouted general nets at iteration 23 (MT total route time: 0.026 sec): 39(overused: 58)
Unrouted general nets at iteration 24 (MT total route time: 0.025 sec): 35(overused: 62)
Unrouted general nets at iteration 25 (MT total route time: 0.032 sec): 30(overused: 60)
Unrouted general nets at iteration 26 (MT total route time: 0.033 sec): 24(overused: 48)
Unrouted general nets at iteration 27 (MT total route time: 0.015 sec): 22(overused: 40)
Unrouted general nets at iteration 28 (MT total route time: 0.013 sec): 14(overused: 22)
Unrouted general nets at iteration 29 (MT total route time: 0.009 sec): 11(overused: 22)
Unrouted general nets at iteration 30 (MT total route time: 0.010 sec): 13(overused: 18)
Unrouted general nets at iteration 31 (MT total route time: 0.012 sec): 6(overused: 6)
Unrouted general nets at iteration 32 (MT total route time: 0.022 sec): 4(overused: 6)
Unrouted general nets at iteration 33 (MT total route time: 0.013 sec): 0(overused: 0)
----General net take 0.011 sec(route net take 0.000 sec, inc cost take 0.006 sec, iter times: 1)
----const net route take 0.013 sec
Unrouted nets at iteration 34 (0.025 sec): 0
Stage: after detail route | Performance: TNS = 0 ; WNS = 11172 ; THS = NA ; WHS = NA | Time (s): real = 0h:0m:10s ; cpu = 0h:0m:4s ; process = 0h:0m:9s | Memory (MB): curr = 388.265625 ; peak = 388.269531 | Checksum: 6C26D6770580A77B
Begin rip-up and reroute:
Rip-up and reroute takes 0.13 sec.
Stage: after ripup & reroute | Performance: TNS = 0 ; WNS = 11172 ; THS = NA ; WHS = NA | Time (s): real = 0h:0m:10s ; cpu = 0h:0m:4s ; process = 0h:0m:10s | Memory (MB): curr = 391.457031 ; peak = 391.515625 | Checksum: 6CAB4C2C471C6C61
Detailed routing takes 4.33 sec.
I: Design net nt_i_CLK_C42_IN_25M is routed by general path.
C: Route-2036: The clock path from i_CLK_C42_IN_25M_ibuf/opit_1:OUT to pll_inst/u_pll_e2/goppllinmuxd:CLK_IN[0] is routed by SRB.
Sort Original Nets take 0.002 sec
Check HPIO div result take 0.000 sec
Total net: 2255, route succeed net: 2255
Generate routing result take 0.006 sec
Handle PERMUX permutation take 0.134 sec
Handle const net take 0.006 sec
Handle route through take 0.033 sec
Used SRB routing arc is 18140.
Stage: after finish route | Performance: TNS = 0 ; WNS = 11172 ; THS = NA ; WHS = NA | Time (s): real = 0h:0m:10s ; cpu = 0h:0m:4s ; process = 0h:0m:10s | Memory (MB): curr = 372.500000 ; peak = 391.515625 | Checksum: 11FC8E8A1E68B6EB
Finish routing takes 0.26 sec.
Total routing takes 6.21 sec.


Device Utilization Summary :
+----------------------------------------------------------------------------+
| Device Type                      | Used     | Available     | Util(%)     
+----------------------------------------------------------------------------+
| CLMA                             | 276      | 592           | 47          
| + FF                             | 578      | 3552          | 17          
| + LUT                            | 700      | 2368          | 30          
|   + LUT as Logic                 | 574      |               |             
|   + LUT as Const                 | 106      |               |             
|   + LUT as Bypass                | 20       |               |             
| CLMS                             | 389      | 888           | 44          
| + FF                             | 947      | 5328          | 18          
| + LUT                            | 1034     | 3552          | 30          
|   + LUT as Logic                 | 938      |               |             
|   + LUT as Memory                | 0        |               |             
|     + LUT as Distributed RAM     | 0        |               |             
|   + LUT as Const                 | 88       |               |             
|   + LUT as Bypass                | 8        |               |             
| IO                               | 287      | 336           | 86          
| + IOBD                           | 19       | 21            | 91          
| + IOBR                           | 37       | 42            | 89          
| + IOBS                           | 231      | 273           | 85          
| BKCL                             | 6        | 6             | 100         
| CCS                              | 1        | 1             | 100         
| CLKDIV                           | 0        | 4             | 0           
| CLKDLY                           | 0        | 8             | 0           
| DLL                              | 0        | 2             | 0           
| DRM                              | 0        | 26            | 0           
| HARD0N1                          | 70       | 936           | 8           
| IOCKBRG                          | 0        | 2             | 0           
| IOCKGATE                         | 0        | 4             | 0           
| + IOCKGATE as Bypass             | 0        |               |             
| IOLDLYS                          | 131      | 252           | 52          
| IOLDLY                           | 44       | 84            | 53          
| IOL                              | 287      | 336           | 86          
| ISERDES                          | 0        | 21            | 0           
| LDO                              | 0        | 2             | 0           
| OSC                              | 0        | 1             | 0           
| OSERDES                          | 0        | 21            | 0           
| PLLINMUXD                        | 1        | 2             | 50          
| + PLLINMUXD as Bypass            | 0        |               |             
| PLL                              | 1        | 2             | 50          
| USCMDC                           | 1        | 8             | 13          
| + USCMDC as Bypass               | 0        |               |             
| USCMD                            | 0        | 2             | 0           
| + USCMD as Bypass                | 0        |               |             
| USSMBUF                          | 0        | 8             | 0           
| + USSMBUF as Bypass              | 0        |               |             
+----------------------------------------------------------------------------+

Finished routing. (CPU time elapsed 0h:00m:08s)
Design 'Tieta_Feiteng_2001_top' has been routed successfully.
Saving design to DB.
Action route: Export DB successfully.
Action route: Real time elapsed is 0h:0m:11s
Action route: CPU time elapsed is 0h:0m:9s
Action route: Process CPU time elapsed is 0h:0m:11s
Action route: Peak memory pool usage is 391 MB

Current time: Tue Apr 21 14:06:08 2026
