#Build: Fabric Compiler 2024.2-SP1.2, Build 187561, May 22 18:16 2025
#Install: C:\studyware\pango\PDS_2024.2-SP1.2-ads\bin
#Application name: pds_shell.exe
#OS: Windows 10 10.0.18363
#Hostname: z02665mj
Generated by Fabric Compiler (version 2024.2-SP1.2 build 187561) at Mon Mar  2 21:49:33 2026
Parameters for debugging are loaded as follows:
Compiling verification operator library.
Compiling common defs.
Compiling prim grid devices.
Compiling place grid timing.
Compiling gate devices.
Compiling gate operators.
Building architecture model.
Loading device packaging model.
Building architecture floorplan logic view.
Elaborate the liberty model.
I: Multithreading enabled for Timing using a maximum of 4 processes.

Routing started.
Build routing arch for double attribute device.
Enter timing driven router mode.
I: Multithreading enabled for route using a maximum of 1 processes.
W: Route-4027: Cannot find permit_rougth_thru_units.json file in working directory.
Building routing graph takes 0.27 sec.
Enable Recovery Analysis in Routing
Init coarse delay table.
Read place coarse delay table takes 0.03 sec.
build place dedicate switch graph takes 0.16 sec
Setup STE netlist take 478 msec.
Slack Weight : 90
CE/RS signal series limit : 500
Dispose control chain take 54 msec.
Collect const net info take 21 msec.
Total nets for routing: 1827.
Total loads for routing: 8572.
Direct connect net size: 1039
Build all design net take 129 msec.
Processing design graph takes 0.68 sec.
Delay table total memory: 4.79386520 MB
Route graph total memory: 10.53518295 MB
Route design total memory: 3.36429214 MB
The remaining process takes 0.04 sec.
Stage: after context initialize | Performance: TNS = 0 ; WNS = 12566 ; THS = NA ; WHS = NA | Time (s): real = 0h:0m:5s ; cpu = 0h:0m:3s ; process = 0h:0m:4s | Memory (MB): curr = 326.312500 ; peak = 342.769531 | Checksum: 366FC15E2CDA232B
Global routing takes 0.00 sec.
Pin Cost Increasing Speed 300
Unrouted clock nets at iteration 0 (0.005 sec): 0
Stage: after clock route | Performance: TNS = 0 ; WNS = 12566 ; THS = NA ; WHS = NA | Time (s): real = 0h:0m:5s ; cpu = 0h:0m:3s ; process = 0h:0m:4s | Memory (MB): curr = 327.078125 ; peak = 342.769531 | Checksum: E2411BB8A6DAA1F1
Total route nets size: 1822
I: Start printing congestion info.
I: Finish printing congestion info.
Pre route takes 0.552 sec
Stage: after pre route | Performance: TNS = 0 ; WNS = 12975 ; THS = 0 ; WHS = 255 | Time (s): real = 0h:0m:6s ; cpu = 0h:0m:3s ; process = 0h:0m:5s | Memory (MB): curr = 365.503906 ; peak = 370.035156 | Checksum: D2AB74B28C94719E
Unrouted general nets at iteration 2 (MT total route time: 0.366 sec): 1469(overused: 8856)
Unrouted general nets at iteration 3 (MT total route time: 0.273 sec): 1289(overused: 5504)
Unrouted general nets at iteration 4 (MT total route time: 0.221 sec): 1165(overused: 4444)
Unrouted general nets at iteration 5 (MT total route time: 0.159 sec): 1069(overused: 3636)
Unrouted general nets at iteration 6 (MT total route time: 0.157 sec): 995(overused: 3230)
Unrouted general nets at iteration 7 (MT total route time: 0.170 sec): 641(overused: 2324)
Unrouted general nets at iteration 8 (MT total route time: 0.095 sec): 498(overused: 1634)
Unrouted general nets at iteration 9 (MT total route time: 0.089 sec): 397(overused: 1130)
Unrouted general nets at iteration 10 (MT total route time: 0.095 sec): 330(overused: 912)
Unrouted general nets at iteration 11 (MT total route time: 0.072 sec): 245(overused: 618)
Unrouted general nets at iteration 12 (MT total route time: 0.052 sec): 213(overused: 525)
Unrouted general nets at iteration 13 (MT total route time: 0.034 sec): 187(overused: 452)
Unrouted general nets at iteration 14 (MT total route time: 0.041 sec): 162(overused: 429)
Unrouted general nets at iteration 15 (MT total route time: 0.039 sec): 150(overused: 388)
Unrouted general nets at iteration 16 (MT total route time: 0.029 sec): 129(overused: 284)
Unrouted general nets at iteration 17 (MT total route time: 0.023 sec): 113(overused: 242)
Unrouted general nets at iteration 18 (MT total route time: 0.020 sec): 93(overused: 201)
Unrouted general nets at iteration 19 (MT total route time: 0.018 sec): 87(overused: 164)
Unrouted general nets at iteration 20 (MT total route time: 0.014 sec): 64(overused: 120)
Unrouted general nets at iteration 21 (MT total route time: 0.014 sec): 72(overused: 134)
Unrouted general nets at iteration 22 (MT total route time: 0.012 sec): 59(overused: 100)
Unrouted general nets at iteration 23 (MT total route time: 0.012 sec): 52(overused: 80)
Unrouted general nets at iteration 24 (MT total route time: 0.013 sec): 43(overused: 68)
Unrouted general nets at iteration 25 (MT total route time: 0.008 sec): 23(overused: 44)
Unrouted general nets at iteration 26 (MT total route time: 0.011 sec): 30(overused: 50)
Unrouted general nets at iteration 27 (MT total route time: 0.015 sec): 32(overused: 54)
Unrouted general nets at iteration 28 (MT total route time: 0.014 sec): 28(overused: 36)
Unrouted general nets at iteration 29 (MT total route time: 0.009 sec): 20(overused: 32)
Unrouted general nets at iteration 30 (MT total route time: 0.013 sec): 10(overused: 12)
Unrouted general nets at iteration 31 (MT total route time: 0.005 sec): 10(overused: 16)
Unrouted general nets at iteration 32 (MT total route time: 0.009 sec): 6(overused: 18)
Unrouted general nets at iteration 33 (MT total route time: 0.008 sec): 4(overused: 10)
Unrouted general nets at iteration 34 (MT total route time: 0.004 sec): 2(overused: 8)
Unrouted general nets at iteration 35 (MT total route time: 0.003 sec): 0(overused: 0)
----General net take 0.004 sec(route net take 0.000 sec, inc cost take 0.001 sec, iter times: 1)
----const net route take 0.004 sec
Unrouted nets at iteration 36 (0.009 sec): 0
Stage: after detail route | Performance: TNS = 0 ; WNS = 11863 ; THS = NA ; WHS = NA | Time (s): real = 0h:0m:8s ; cpu = 0h:0m:3s ; process = 0h:0m:7s | Memory (MB): curr = 371.085938 ; peak = 372.898438 | Checksum: 50917C7C9F690685
Begin rip-up and reroute:
Rip-up and reroute takes 0.07 sec.
Stage: after ripup & reroute | Performance: TNS = 0 ; WNS = 11871 ; THS = NA ; WHS = NA | Time (s): real = 0h:0m:8s ; cpu = 0h:0m:4s ; process = 0h:0m:7s | Memory (MB): curr = 377.019531 ; peak = 377.074219 | Checksum: 8F6FBAE28E8E854C
Detailed routing takes 3.12 sec.
I: Design net nt_i_CLK_C42_IN_25M is routed by general path.
C: Route-2036: The clock path from i_CLK_C42_IN_25M_ibuf/opit_1:OUT to pll_inst/u_pll_e2/goppllinmuxd:CLK_IN[0] is routed by SRB.
Sort Original Nets take 0.000 sec
Check HPIO div result take 0.000 sec
Total net: 1827, route succeed net: 1827
Generate routing result take 0.004 sec
Handle PERMUX permutation take 0.065 sec
Handle const net take 0.005 sec
Handle route through take 0.022 sec
Used SRB routing arc is 14980.
Stage: after finish route | Performance: TNS = 0 ; WNS = 11871 ; THS = NA ; WHS = NA | Time (s): real = 0h:0m:8s ; cpu = 0h:0m:4s ; process = 0h:0m:7s | Memory (MB): curr = 359.332031 ; peak = 377.074219 | Checksum: EC2F36D1649F4749
Finish routing takes 0.14 sec.
Total routing takes 4.33 sec.


Device Utilization Summary :
+----------------------------------------------------------------------------+
| Device Type                      | Used     | Available     | Util(%)     
+----------------------------------------------------------------------------+
| CLMA                             | 240      | 592           | 41          
| + FF                             | 494      | 3552          | 14          
| + LUT                            | 597      | 2368          | 26          
|   + LUT as Logic                 | 476      |               |             
|   + LUT as Const                 | 103      |               |             
|   + LUT as Bypass                | 18       |               |             
| CLMS                             | 318      | 888           | 36          
| + FF                             | 759      | 5328          | 15          
| + LUT                            | 813      | 3552          | 23          
|   + LUT as Logic                 | 716      |               |             
|   + LUT as Memory                | 0        |               |             
|     + LUT as Distributed RAM     | 0        |               |             
|   + LUT as Const                 | 81       |               |             
|   + LUT as Bypass                | 16       |               |             
| IO                               | 287      | 336           | 86          
| + IOBD                           | 19       | 21            | 91          
| + IOBR                           | 37       | 42            | 89          
| + IOBS                           | 231      | 273           | 85          
| BKCL                             | 6        | 6             | 100         
| CCS                              | 1        | 1             | 100         
| CLKDIV                           | 0        | 4             | 0           
| CLKDLY                           | 0        | 8             | 0           
| DLL                              | 0        | 2             | 0           
| DRM                              | 0        | 26            | 0           
| HARD0N1                          | 49       | 936           | 6           
| IOCKBRG                          | 0        | 2             | 0           
| IOCKGATE                         | 0        | 4             | 0           
| + IOCKGATE as Bypass             | 0        |               |             
| IOLDLYS                          | 131      | 252           | 52          
| IOLDLY                           | 38       | 84            | 46          
| IOL                              | 287      | 336           | 86          
| ISERDES                          | 0        | 21            | 0           
| LDO                              | 0        | 2             | 0           
| OSC                              | 0        | 1             | 0           
| OSERDES                          | 0        | 21            | 0           
| PLLINMUXD                        | 1        | 2             | 50          
| + PLLINMUXD as Bypass            | 0        |               |             
| PLL                              | 1        | 2             | 50          
| USCMDC                           | 1        | 8             | 13          
| + USCMDC as Bypass               | 0        |               |             
| USCMD                            | 0        | 2             | 0           
| + USCMD as Bypass                | 0        |               |             
| USSMBUF                          | 0        | 8             | 0           
| + USSMBUF as Bypass              | 0        |               |             
+----------------------------------------------------------------------------+

Finished routing. (CPU time elapsed 0h:00m:06s)
Design 'Tieta_Feiteng_2001_top' has been routed successfully.
Saving design to DB.
Action route: Export DB successfully.
Action route: Real time elapsed is 0h:0m:9s
Action route: CPU time elapsed is 0h:0m:7s
Action route: Process CPU time elapsed is 0h:0m:8s
Action route: Peak memory pool usage is 377 MB

Current time: Mon Mar  2 21:49:40 2026
