#Build: Fabric Compiler 2024.2-SP1.2, Build 187561, May 22 18:16 2025
#Install: C:\studyware\pango\PDS_2024.2-SP1.2-ads\bin
#Application name: pds_shell.exe
#OS: Windows 10 10.0.18363
#Hostname: z02665mj
Generated by Fabric Compiler (version 2024.2-SP1.2 build 187561) at Sat Mar 14 14:45:43 2026
Parameters for debugging are loaded as follows:
Compiling verification operator library.
Compiling common defs.
Compiling prim grid devices.
Compiling place grid timing.
Compiling gate devices.
Compiling gate operators.
Building architecture model.
Loading device packaging model.
Building architecture floorplan logic view.
Elaborate the liberty model.
I: Multithreading enabled for Timing using a maximum of 4 processes.

Routing started.
Build routing arch for double attribute device.
Enter timing driven router mode.
I: Multithreading enabled for route using a maximum of 1 processes.
W: Route-4027: Cannot find permit_rougth_thru_units.json file in working directory.
Building routing graph takes 0.34 sec.
Enable Recovery Analysis in Routing
Init coarse delay table.
Read place coarse delay table takes 0.02 sec.
build place dedicate switch graph takes 0.19 sec
Setup STE netlist take 557 msec.
Slack Weight : 90
CE/RS signal series limit : 500
Dispose control chain take 82 msec.
Collect const net info take 25 msec.
Total nets for routing: 2926.
Total loads for routing: 13710.
Direct connect net size: 1252
Build all design net take 165 msec.
Processing design graph takes 0.83 sec.
Delay table total memory: 4.79386520 MB
Route graph total memory: 11.15595627 MB
Route design total memory: 4.19557571 MB
The remaining process takes 0.05 sec.
Stage: after context initialize | Performance: TNS = 0 ; WNS = 8637 ; THS = NA ; WHS = NA | Time (s): real = 0h:0m:5s ; cpu = 0h:0m:3s ; process = 0h:0m:4s | Memory (MB): curr = 354.687500 ; peak = 379.292969 | Checksum: 8611F6E702824A1C
Global routing takes 0.00 sec.
Pin Cost Increasing Speed 300
Unrouted clock nets at iteration 0 (0.008 sec): 0
Stage: after clock route | Performance: TNS = 0 ; WNS = 8637 ; THS = NA ; WHS = NA | Time (s): real = 0h:0m:5s ; cpu = 0h:0m:3s ; process = 0h:0m:4s | Memory (MB): curr = 356.046875 ; peak = 379.292969 | Checksum: 895B49886CAB42D4
Total route nets size: 2918
I: Start printing congestion info.
I: Finish printing congestion info.
Pre route takes 0.783 sec
Stage: after pre route | Performance: TNS = 0 ; WNS = 9830 ; THS = 0 ; WHS = 256 | Time (s): real = 0h:0m:6s ; cpu = 0h:0m:4s ; process = 0h:0m:6s | Memory (MB): curr = 416.195313 ; peak = 420.609375 | Checksum: 322D33E74478D68
Unrouted general nets at iteration 2 (MT total route time: 0.473 sec): 2542(overused: 14010)
Unrouted general nets at iteration 3 (MT total route time: 0.390 sec): 2137(overused: 8689)
Unrouted general nets at iteration 4 (MT total route time: 0.283 sec): 1842(overused: 6628)
Unrouted general nets at iteration 5 (MT total route time: 0.237 sec): 1621(overused: 5371)
Unrouted general nets at iteration 6 (MT total route time: 0.193 sec): 1481(overused: 4532)
Unrouted general nets at iteration 7 (MT total route time: 0.159 sec): 1123(overused: 3352)
Unrouted general nets at iteration 8 (MT total route time: 0.135 sec): 869(overused: 2343)
Unrouted general nets at iteration 9 (MT total route time: 0.110 sec): 673(overused: 1832)
Unrouted general nets at iteration 10 (MT total route time: 0.094 sec): 596(overused: 1526)
Unrouted general nets at iteration 11 (MT total route time: 0.081 sec): 502(overused: 1241)
Unrouted general nets at iteration 12 (MT total route time: 0.079 sec): 439(overused: 1022)
Unrouted general nets at iteration 13 (MT total route time: 0.063 sec): 382(overused: 839)
Unrouted general nets at iteration 14 (MT total route time: 0.049 sec): 305(overused: 684)
Unrouted general nets at iteration 15 (MT total route time: 0.043 sec): 269(overused: 564)
Unrouted general nets at iteration 16 (MT total route time: 0.037 sec): 234(overused: 472)
Unrouted general nets at iteration 17 (MT total route time: 0.040 sec): 229(overused: 480)
Unrouted general nets at iteration 18 (MT total route time: 0.036 sec): 194(overused: 365)
Unrouted general nets at iteration 19 (MT total route time: 0.035 sec): 187(overused: 392)
Unrouted general nets at iteration 20 (MT total route time: 0.040 sec): 157(overused: 306)
Unrouted general nets at iteration 21 (MT total route time: 0.030 sec): 126(overused: 252)
Unrouted general nets at iteration 22 (MT total route time: 0.025 sec): 119(overused: 200)
Unrouted general nets at iteration 23 (MT total route time: 0.032 sec): 90(overused: 159)
Unrouted general nets at iteration 24 (MT total route time: 0.027 sec): 73(overused: 130)
Unrouted general nets at iteration 25 (MT total route time: 0.034 sec): 86(overused: 173)
Unrouted general nets at iteration 26 (MT total route time: 0.028 sec): 57(overused: 106)
Unrouted general nets at iteration 27 (MT total route time: 0.019 sec): 47(overused: 72)
Unrouted general nets at iteration 28 (MT total route time: 0.022 sec): 46(overused: 84)
Unrouted general nets at iteration 29 (MT total route time: 0.018 sec): 39(overused: 70)
Unrouted general nets at iteration 30 (MT total route time: 0.017 sec): 26(overused: 44)
Unrouted general nets at iteration 31 (MT total route time: 0.017 sec): 22(overused: 46)
Unrouted general nets at iteration 32 (MT total route time: 0.017 sec): 24(overused: 44)
Unrouted general nets at iteration 33 (MT total route time: 0.015 sec): 25(overused: 48)
Unrouted general nets at iteration 34 (MT total route time: 0.014 sec): 21(overused: 32)
Unrouted general nets at iteration 35 (MT total route time: 0.013 sec): 15(overused: 22)
Unrouted general nets at iteration 36 (MT total route time: 0.017 sec): 14(overused: 28)
Unrouted general nets at iteration 37 (MT total route time: 0.016 sec): 6(overused: 10)
Unrouted general nets at iteration 38 (MT total route time: 0.013 sec): 6(overused: 8)
Unrouted general nets at iteration 39 (MT total route time: 0.012 sec): 2(overused: 4)
Unrouted general nets at iteration 40 (MT total route time: 0.012 sec): 2(overused: 4)
Unrouted general nets at iteration 41 (MT total route time: 0.010 sec): 2(overused: 2)
Unrouted general nets at iteration 42 (MT total route time: 0.013 sec): 5(overused: 8)
Unrouted general nets at iteration 43 (MT total route time: 0.013 sec): 5(overused: 6)
Unrouted general nets at iteration 44 (MT total route time: 0.017 sec): 11(overused: 24)
Unrouted general nets at iteration 45 (MT total route time: 0.016 sec): 16(overused: 22)
Unrouted general nets at iteration 46 (MT total route time: 0.013 sec): 6(overused: 6)
Unrouted general nets at iteration 47 (MT total route time: 0.011 sec): 6(overused: 8)
Unrouted general nets at iteration 48 (MT total route time: 0.012 sec): 0(overused: 0)
----General net take 0.012 sec(route net take 0.000 sec, inc cost take 0.006 sec, iter times: 1)
----const net route take 0.011 sec
Unrouted nets at iteration 49 (0.024 sec): 0
Stage: after detail route | Performance: TNS = 0 ; WNS = 8207 ; THS = NA ; WHS = NA | Time (s): real = 0h:0m:10s ; cpu = 0h:0m:4s ; process = 0h:0m:9s | Memory (MB): curr = 423.730469 ; peak = 424.886719 | Checksum: A3687E55DD860455
Begin rip-up and reroute:
Rip-up and reroute takes 0.14 sec.
Stage: after ripup & reroute | Performance: TNS = 0 ; WNS = 8207 ; THS = NA ; WHS = NA | Time (s): real = 0h:0m:10s ; cpu = 0h:0m:4s ; process = 0h:0m:10s | Memory (MB): curr = 427.699219 ; peak = 427.992188 | Checksum: D6617C1D9DF78AA
Detailed routing takes 4.71 sec.
I: Design net genblk1[0].fan_pwm_tach_m/w_clk_1s_pos is routed by general path.
C: Route-2036: The clock path from genblk1[0].fan_pwm_tach_m/Edge_Detect_u1/N0/gateop:Z to clkbufgs_6:CLKIN is routed by SRB.
I: Design net nt_i_CLK_PAL_IN_25M is routed by general path.
C: Route-2036: The clock path from i_CLK_PAL_IN_25M_ibuf/opit_1:OUT to pll_inst/u_pll_e2/goppllinmuxd:CLK_IN[0] is routed by SRB.
Sort Original Nets take 0.001 sec
Check HPIO div result take 0.000 sec
Total net: 2926, route succeed net: 2926
Generate routing result take 0.007 sec
Handle PERMUX permutation take 0.108 sec
Handle const net take 0.012 sec
Handle route through take 0.032 sec
Used SRB routing arc is 22908.
Stage: after finish route | Performance: TNS = 0 ; WNS = 8207 ; THS = NA ; WHS = NA | Time (s): real = 0h:0m:10s ; cpu = 0h:0m:4s ; process = 0h:0m:10s | Memory (MB): curr = 406.820313 ; peak = 427.992188 | Checksum: 2AB7D609755C61C0
Finish routing takes 0.23 sec.
Total routing takes 6.26 sec.


Device Utilization Summary :
+----------------------------------------------------------------------------+
| Device Type                      | Used     | Available     | Util(%)     
+----------------------------------------------------------------------------+
| CLMA                             | 361      | 592           | 61          
| + FF                             | 793      | 3552          | 23          
| + LUT                            | 1055     | 2368          | 45          
|   + LUT as Logic                 | 878      |               |             
|   + LUT as Const                 | 161      |               |             
|   + LUT as Bypass                | 16       |               |             
| CLMS                             | 499      | 888           | 57          
| + FF                             | 1105     | 5328          | 21          
| + LUT                            | 1458     | 3552          | 42          
|   + LUT as Logic                 | 1285     |               |             
|   + LUT as Memory                | 0        |               |             
|     + LUT as Distributed RAM     | 0        |               |             
|   + LUT as Const                 | 163      |               |             
|   + LUT as Bypass                | 10       |               |             
| IO                               | 310      | 336           | 93          
| + IOBD                           | 21       | 21            | 100         
| + IOBR                           | 40       | 42            | 96          
| + IOBS                           | 249      | 273           | 92          
| BKCL                             | 6        | 6             | 100         
| CCS                              | 1        | 1             | 100         
| CLKDIV                           | 0        | 4             | 0           
| CLKDLY                           | 0        | 8             | 0           
| DLL                              | 0        | 2             | 0           
| DRM                              | 0        | 26            | 0           
| HARD0N1                          | 158      | 936           | 17          
| IOCKBRG                          | 0        | 2             | 0           
| IOCKGATE                         | 0        | 4             | 0           
| + IOCKGATE as Bypass             | 0        |               |             
| IOLDLYS                          | 140      | 252           | 56          
| IOLDLY                           | 57       | 84            | 68          
| IOL                              | 310      | 336           | 93          
| ISERDES                          | 0        | 21            | 0           
| LDO                              | 0        | 2             | 0           
| OSC                              | 0        | 1             | 0           
| OSERDES                          | 0        | 21            | 0           
| PLLINMUXD                        | 1        | 2             | 50          
| + PLLINMUXD as Bypass            | 0        |               |             
| PLL                              | 1        | 2             | 50          
| USCMDC                           | 2        | 8             | 25          
| + USCMDC as Bypass               | 0        |               |             
| USCMD                            | 0        | 2             | 0           
| + USCMD as Bypass                | 0        |               |             
| USSMBUF                          | 1        | 8             | 13          
| + USSMBUF as Bypass              | 0        |               |             
+----------------------------------------------------------------------------+

Finished routing. (CPU time elapsed 0h:00m:08s)
Design 'Tieta_Feiteng_1001_top' has been routed successfully.
Saving design to DB.
Action route: Export DB successfully.
Action route: Real time elapsed is 0h:0m:11s
Action route: CPU time elapsed is 0h:0m:9s
Action route: Process CPU time elapsed is 0h:0m:11s
Action route: Peak memory pool usage is 427 MB

Current time: Sat Mar 14 14:45:52 2026
