#Build: Fabric Compiler 2024.2-SP1.2, Build 187561, May 22 18:16 2025
#Install: C:\studyware\pango\PDS_2024.2-SP1.2-ads\bin
#Application name: pds_shell.exe
#OS: Windows 10 10.0.18363
#Hostname: z02665mj
Generated by Fabric Compiler (version 2024.2-SP1.2 build 187561) at Tue Apr 21 09:29:31 2026
Parameters for debugging are loaded as follows:
Compiling verification operator library.
Compiling common defs.
Compiling prim grid devices.
Compiling place grid timing.
Compiling gate devices.
Compiling gate operators.
Building architecture model.
Loading device packaging model.
Building architecture floorplan logic view.
Elaborate the liberty model.
I: Multithreading enabled for Timing using a maximum of 4 processes.

Routing started.
Build routing arch for double attribute device.
Enter timing driven router mode.
I: Multithreading enabled for route using a maximum of 1 processes.
W: Route-4027: Cannot find permit_rougth_thru_units.json file in working directory.
Building routing graph takes 0.35 sec.
Enable Recovery Analysis in Routing
Init coarse delay table.
Read place coarse delay table takes 0.02 sec.
build place dedicate switch graph takes 0.20 sec
Setup STE netlist take 539 msec.
Slack Weight : 90
CE/RS signal series limit : 500
Dispose control chain take 78 msec.
Collect const net info take 24 msec.
Total nets for routing: 2255.
Total loads for routing: 10386.
Direct connect net size: 1125
Build all design net take 164 msec.
Processing design graph takes 0.81 sec.
Delay table total memory: 4.79386520 MB
Route graph total memory: 10.70333099 MB
Route design total memory: 3.60890579 MB
The remaining process takes 0.06 sec.
Stage: after context initialize | Performance: TNS = 0 ; WNS = 10903 ; THS = NA ; WHS = NA | Time (s): real = 0h:0m:7s ; cpu = 0h:0m:4s ; process = 0h:0m:5s | Memory (MB): curr = 333.062500 ; peak = 354.039063 | Checksum: F77990F066A9CE05
Global routing takes 0.00 sec.
Pin Cost Increasing Speed 300
Unrouted clock nets at iteration 0 (0.011 sec): 0
Stage: after clock route | Performance: TNS = 0 ; WNS = 10903 ; THS = NA ; WHS = NA | Time (s): real = 0h:0m:7s ; cpu = 0h:0m:4s ; process = 0h:0m:5s | Memory (MB): curr = 334.222656 ; peak = 354.039063 | Checksum: 7FE8CB832C795A06
Total route nets size: 2250
I: Start printing congestion info.
I: Finish printing congestion info.
Pre route takes 0.755 sec
Stage: after pre route | Performance: TNS = 0 ; WNS = 11087 ; THS = 0 ; WHS = 256 | Time (s): real = 0h:0m:8s ; cpu = 0h:0m:4s ; process = 0h:0m:6s | Memory (MB): curr = 382.675781 ; peak = 387.625000 | Checksum: CF4F1E714A1ADCA
Unrouted general nets at iteration 2 (MT total route time: 0.466 sec): 1871(overused: 10421)
Unrouted general nets at iteration 3 (MT total route time: 0.346 sec): 1652(overused: 6727)
Unrouted general nets at iteration 4 (MT total route time: 0.258 sec): 1455(overused: 5275)
Unrouted general nets at iteration 5 (MT total route time: 0.225 sec): 1322(overused: 4269)
Unrouted general nets at iteration 6 (MT total route time: 0.190 sec): 1218(overused: 3723)
Unrouted general nets at iteration 7 (MT total route time: 0.155 sec): 811(overused: 2763)
Unrouted general nets at iteration 8 (MT total route time: 0.135 sec): 632(overused: 1844)
Unrouted general nets at iteration 9 (MT total route time: 0.101 sec): 502(overused: 1333)
Unrouted general nets at iteration 10 (MT total route time: 0.083 sec): 427(overused: 1112)
Unrouted general nets at iteration 11 (MT total route time: 0.070 sec): 349(overused: 782)
Unrouted general nets at iteration 12 (MT total route time: 0.056 sec): 268(overused: 625)
Unrouted general nets at iteration 13 (MT total route time: 0.060 sec): 251(overused: 563)
Unrouted general nets at iteration 14 (MT total route time: 0.044 sec): 214(overused: 473)
Unrouted general nets at iteration 15 (MT total route time: 0.038 sec): 176(overused: 355)
Unrouted general nets at iteration 16 (MT total route time: 0.032 sec): 147(overused: 310)
Unrouted general nets at iteration 17 (MT total route time: 0.028 sec): 121(overused: 258)
Unrouted general nets at iteration 18 (MT total route time: 0.030 sec): 98(overused: 196)
Unrouted general nets at iteration 19 (MT total route time: 0.025 sec): 88(overused: 188)
Unrouted general nets at iteration 20 (MT total route time: 0.021 sec): 82(overused: 138)
Unrouted general nets at iteration 21 (MT total route time: 0.022 sec): 75(overused: 144)
Unrouted general nets at iteration 22 (MT total route time: 0.022 sec): 68(overused: 122)
Unrouted general nets at iteration 23 (MT total route time: 0.016 sec): 59(overused: 118)
Unrouted general nets at iteration 24 (MT total route time: 0.015 sec): 42(overused: 60)
Unrouted general nets at iteration 25 (MT total route time: 0.012 sec): 32(overused: 64)
Unrouted general nets at iteration 26 (MT total route time: 0.014 sec): 29(overused: 68)
Unrouted general nets at iteration 27 (MT total route time: 0.011 sec): 24(overused: 54)
Unrouted general nets at iteration 28 (MT total route time: 0.011 sec): 32(overused: 58)
Unrouted general nets at iteration 29 (MT total route time: 0.009 sec): 25(overused: 50)
Unrouted general nets at iteration 30 (MT total route time: 0.010 sec): 25(overused: 36)
Unrouted general nets at iteration 31 (MT total route time: 0.009 sec): 20(overused: 36)
Unrouted general nets at iteration 32 (MT total route time: 0.009 sec): 22(overused: 46)
Unrouted general nets at iteration 33 (MT total route time: 0.013 sec): 16(overused: 28)
Unrouted general nets at iteration 34 (MT total route time: 0.011 sec): 15(overused: 22)
Unrouted general nets at iteration 35 (MT total route time: 0.011 sec): 14(overused: 22)
Unrouted general nets at iteration 36 (MT total route time: 0.012 sec): 18(overused: 28)
Unrouted general nets at iteration 37 (MT total route time: 0.011 sec): 9(overused: 12)
Unrouted general nets at iteration 38 (MT total route time: 0.012 sec): 9(overused: 16)
Unrouted general nets at iteration 39 (MT total route time: 0.011 sec): 6(overused: 12)
Unrouted general nets at iteration 40 (MT total route time: 0.010 sec): 5(overused: 10)
Unrouted general nets at iteration 41 (MT total route time: 0.012 sec): 6(overused: 10)
Unrouted general nets at iteration 42 (MT total route time: 0.012 sec): 3(overused: 8)
Unrouted general nets at iteration 43 (MT total route time: 0.012 sec): 2(overused: 4)
Unrouted general nets at iteration 44 (MT total route time: 0.016 sec): 2(overused: 4)
Unrouted general nets at iteration 45 (MT total route time: 0.010 sec): 2(overused: 2)
Unrouted general nets at iteration 46 (MT total route time: 0.008 sec): 0(overused: 0)
----General net take 0.010 sec(route net take 0.000 sec, inc cost take 0.004 sec, iter times: 1)
----const net route take 0.012 sec
Unrouted nets at iteration 47 (0.022 sec): 0
Stage: after detail route | Performance: TNS = 0 ; WNS = 10193 ; THS = NA ; WHS = NA | Time (s): real = 0h:0m:11s ; cpu = 0h:0m:4s ; process = 0h:0m:9s | Memory (MB): curr = 389.191406 ; peak = 389.984375 | Checksum: 16B245D7CF1623D6
Begin rip-up and reroute:
Rip-up and reroute takes 0.16 sec.
Stage: after ripup & reroute | Performance: TNS = 0 ; WNS = 10193 ; THS = NA ; WHS = NA | Time (s): real = 0h:0m:11s ; cpu = 0h:0m:5s ; process = 0h:0m:9s | Memory (MB): curr = 392.890625 ; peak = 392.933594 | Checksum: E98621834A707567
Detailed routing takes 4.32 sec.
I: Design net nt_i_CLK_C42_IN_25M is routed by general path.
C: Route-2036: The clock path from i_CLK_C42_IN_25M_ibuf/opit_1:OUT to pll_inst/u_pll_e2/goppllinmuxd:CLK_IN[0] is routed by SRB.
Sort Original Nets take 0.001 sec
Check HPIO div result take 0.000 sec
Total net: 2255, route succeed net: 2255
Generate routing result take 0.008 sec
Handle PERMUX permutation take 0.190 sec
Handle const net take 0.009 sec
Handle route through take 0.044 sec
Used SRB routing arc is 18252.
Stage: after finish route | Performance: TNS = 0 ; WNS = 10193 ; THS = NA ; WHS = NA | Time (s): real = 0h:0m:12s ; cpu = 0h:0m:5s ; process = 0h:0m:10s | Memory (MB): curr = 375.851563 ; peak = 392.933594 | Checksum: A36DE57AB05E1882
Finish routing takes 0.33 sec.
Total routing takes 5.97 sec.


Device Utilization Summary :
+----------------------------------------------------------------------------+
| Device Type                      | Used     | Available     | Util(%)     
+----------------------------------------------------------------------------+
| CLMA                             | 273      | 592           | 47          
| + FF                             | 583      | 3552          | 17          
| + LUT                            | 692      | 2368          | 30          
|   + LUT as Logic                 | 571      |               |             
|   + LUT as Const                 | 109      |               |             
|   + LUT as Bypass                | 12       |               |             
| CLMS                             | 388      | 888           | 44          
| + FF                             | 942      | 5328          | 18          
| + LUT                            | 1050     | 3552          | 30          
|   + LUT as Logic                 | 941      |               |             
|   + LUT as Memory                | 0        |               |             
|     + LUT as Distributed RAM     | 0        |               |             
|   + LUT as Const                 | 91       |               |             
|   + LUT as Bypass                | 18       |               |             
| IO                               | 287      | 336           | 86          
| + IOBD                           | 19       | 21            | 91          
| + IOBR                           | 37       | 42            | 89          
| + IOBS                           | 231      | 273           | 85          
| BKCL                             | 6        | 6             | 100         
| CCS                              | 1        | 1             | 100         
| CLKDIV                           | 0        | 4             | 0           
| CLKDLY                           | 0        | 8             | 0           
| DLL                              | 0        | 2             | 0           
| DRM                              | 0        | 26            | 0           
| HARD0N1                          | 77       | 936           | 9           
| IOCKBRG                          | 0        | 2             | 0           
| IOCKGATE                         | 0        | 4             | 0           
| + IOCKGATE as Bypass             | 0        |               |             
| IOLDLYS                          | 132      | 252           | 53          
| IOLDLY                           | 43       | 84            | 52          
| IOL                              | 287      | 336           | 86          
| ISERDES                          | 0        | 21            | 0           
| LDO                              | 0        | 2             | 0           
| OSC                              | 0        | 1             | 0           
| OSERDES                          | 0        | 21            | 0           
| PLLINMUXD                        | 1        | 2             | 50          
| + PLLINMUXD as Bypass            | 0        |               |             
| PLL                              | 1        | 2             | 50          
| USCMDC                           | 1        | 8             | 13          
| + USCMDC as Bypass               | 0        |               |             
| USCMD                            | 0        | 2             | 0           
| + USCMD as Bypass                | 0        |               |             
| USSMBUF                          | 0        | 8             | 0           
| + USSMBUF as Bypass              | 0        |               |             
+----------------------------------------------------------------------------+

Finished routing. (CPU time elapsed 0h:00m:08s)
Design 'Tieta_Feiteng_2001_top' has been routed successfully.
Saving design to DB.
Action route: Export DB successfully.
Action route: Real time elapsed is 0h:0m:13s
Action route: CPU time elapsed is 0h:0m:9s
Action route: Process CPU time elapsed is 0h:0m:11s
Action route: Peak memory pool usage is 392 MB

Current time: Tue Apr 21 09:29:41 2026
