#Build: Fabric Compiler 2024.2-SP1.2, Build 187561, May 22 18:16 2025
#Install: C:\studyware\pango\PDS_2024.2-SP1.2-ads\bin
#Application name: pds_shell.exe
#OS: Windows 10 10.0.18363
#Hostname: z02665mj
Generated by Fabric Compiler (version 2024.2-SP1.2 build 187561) at Fri Mar 27 18:22:34 2026
Parameters for debugging are loaded as follows:
Compiling verification operator library.
Compiling common defs.
Compiling prim grid devices.
Compiling place grid timing.
Compiling gate devices.
Compiling gate operators.
Building architecture model.
Loading device packaging model.
Building architecture floorplan logic view.
Elaborate the liberty model.
I: Multithreading enabled for Timing using a maximum of 4 processes.

Routing started.
Build routing arch for double attribute device.
Enter timing driven router mode.
I: Multithreading enabled for route using a maximum of 1 processes.
W: Route-4027: Cannot find permit_rougth_thru_units.json file in working directory.
Building routing graph takes 0.28 sec.
Enable Recovery Analysis in Routing
Init coarse delay table.
Read place coarse delay table takes 0.03 sec.
build place dedicate switch graph takes 0.19 sec
Setup STE netlist take 597 msec.
Slack Weight : 90
CE/RS signal series limit : 500
Dispose control chain take 84 msec.
Collect const net info take 27 msec.
Total nets for routing: 3157.
Total loads for routing: 14801.
Direct connect net size: 1306
Build all design net take 172 msec.
Processing design graph takes 0.88 sec.
Delay table total memory: 4.79386520 MB
Route graph total memory: 11.34280014 MB
Route design total memory: 4.24160385 MB
The remaining process takes 0.06 sec.
Stage: after context initialize | Performance: TNS = 0 ; WNS = 9320 ; THS = NA ; WHS = NA | Time (s): real = 0h:0m:5s ; cpu = 0h:0m:3s ; process = 0h:0m:4s | Memory (MB): curr = 356.464844 ; peak = 384.070313 | Checksum: FB09791899F9D246
Global routing takes 0.00 sec.
Pin Cost Increasing Speed 300
Unrouted clock nets at iteration 0 (0.009 sec): 0
Stage: after clock route | Performance: TNS = 0 ; WNS = 9320 ; THS = NA ; WHS = NA | Time (s): real = 0h:0m:5s ; cpu = 0h:0m:3s ; process = 0h:0m:4s | Memory (MB): curr = 357.718750 ; peak = 384.070313 | Checksum: 72DDDAA9CCCDAEDA
Total route nets size: 3149
I: Start printing congestion info.
I: Finish printing congestion info.
Pre route takes 0.846 sec
Stage: after pre route | Performance: TNS = 0 ; WNS = 10048 ; THS = 0 ; WHS = 64 | Time (s): real = 0h:0m:6s ; cpu = 0h:0m:3s ; process = 0h:0m:5s | Memory (MB): curr = 421.363281 ; peak = 426.027344 | Checksum: 5FC1314F1792797C
Unrouted general nets at iteration 2 (MT total route time: 0.513 sec): 2778(overused: 15247)
Unrouted general nets at iteration 3 (MT total route time: 0.450 sec): 2348(overused: 9502)
Unrouted general nets at iteration 4 (MT total route time: 0.319 sec): 2028(overused: 7189)
Unrouted general nets at iteration 5 (MT total route time: 0.258 sec): 1797(overused: 5623)
Unrouted general nets at iteration 6 (MT total route time: 0.212 sec): 1618(overused: 4803)
Unrouted general nets at iteration 7 (MT total route time: 0.170 sec): 1210(overused: 3487)
Unrouted general nets at iteration 8 (MT total route time: 0.138 sec): 918(overused: 2346)
Unrouted general nets at iteration 9 (MT total route time: 0.111 sec): 739(overused: 1804)
Unrouted general nets at iteration 10 (MT total route time: 0.095 sec): 625(overused: 1485)
Unrouted general nets at iteration 11 (MT total route time: 0.078 sec): 503(overused: 1108)
Unrouted general nets at iteration 12 (MT total route time: 0.065 sec): 404(overused: 848)
Unrouted general nets at iteration 13 (MT total route time: 0.052 sec): 330(overused: 719)
Unrouted general nets at iteration 14 (MT total route time: 0.046 sec): 290(overused: 630)
Unrouted general nets at iteration 15 (MT total route time: 0.042 sec): 236(overused: 488)
Unrouted general nets at iteration 16 (MT total route time: 0.037 sec): 191(overused: 386)
Unrouted general nets at iteration 17 (MT total route time: 0.029 sec): 148(overused: 272)
Unrouted general nets at iteration 18 (MT total route time: 0.032 sec): 144(overused: 280)
Unrouted general nets at iteration 19 (MT total route time: 0.025 sec): 116(overused: 212)
Unrouted general nets at iteration 20 (MT total route time: 0.022 sec): 102(overused: 194)
Unrouted general nets at iteration 21 (MT total route time: 0.020 sec): 94(overused: 170)
Unrouted general nets at iteration 22 (MT total route time: 0.017 sec): 78(overused: 134)
Unrouted general nets at iteration 23 (MT total route time: 0.021 sec): 62(overused: 103)
Unrouted general nets at iteration 24 (MT total route time: 0.034 sec): 77(overused: 136)
Unrouted general nets at iteration 25 (MT total route time: 0.030 sec): 81(overused: 134)
Unrouted general nets at iteration 26 (MT total route time: 0.024 sec): 65(overused: 108)
Unrouted general nets at iteration 27 (MT total route time: 0.021 sec): 74(overused: 128)
Unrouted general nets at iteration 28 (MT total route time: 0.021 sec): 66(overused: 125)
Unrouted general nets at iteration 29 (MT total route time: 0.037 sec): 66(overused: 134)
Unrouted general nets at iteration 30 (MT total route time: 0.032 sec): 50(overused: 92)
Unrouted general nets at iteration 31 (MT total route time: 0.019 sec): 43(overused: 78)
Unrouted general nets at iteration 32 (MT total route time: 0.016 sec): 39(overused: 74)
Unrouted general nets at iteration 33 (MT total route time: 0.017 sec): 37(overused: 62)
Unrouted general nets at iteration 34 (MT total route time: 0.019 sec): 49(overused: 100)
Unrouted general nets at iteration 35 (MT total route time: 0.018 sec): 43(overused: 76)
Unrouted general nets at iteration 36 (MT total route time: 0.019 sec): 41(overused: 78)
Unrouted general nets at iteration 37 (MT total route time: 0.018 sec): 27(overused: 56)
Unrouted general nets at iteration 38 (MT total route time: 0.014 sec): 23(overused: 38)
Unrouted general nets at iteration 39 (MT total route time: 0.013 sec): 19(overused: 34)
Unrouted general nets at iteration 40 (MT total route time: 0.013 sec): 17(overused: 26)
Unrouted general nets at iteration 41 (MT total route time: 0.011 sec): 18(overused: 30)
Unrouted general nets at iteration 42 (MT total route time: 0.016 sec): 9(overused: 12)
Unrouted general nets at iteration 43 (MT total route time: 0.018 sec): 13(overused: 22)
Unrouted general nets at iteration 44 (MT total route time: 0.010 sec): 16(overused: 22)
Unrouted general nets at iteration 45 (MT total route time: 0.013 sec): 16(overused: 32)
Unrouted general nets at iteration 46 (MT total route time: 0.019 sec): 22(overused: 40)
Unrouted general nets at iteration 47 (MT total route time: 0.012 sec): 15(overused: 26)
Unrouted general nets at iteration 48 (MT total route time: 0.010 sec): 18(overused: 26)
Unrouted general nets at iteration 49 (MT total route time: 0.009 sec): 12(overused: 16)
Unrouted general nets at iteration 50 (MT total route time: 0.011 sec): 13(overused: 18)
Unrouted general nets at iteration 51 (MT total route time: 0.009 sec): 13(overused: 20)
Unrouted general nets at iteration 52 (MT total route time: 0.009 sec): 4(overused: 6)
Unrouted general nets at iteration 53 (MT total route time: 0.008 sec): 10(overused: 16)
Unrouted general nets at iteration 54 (MT total route time: 0.009 sec): 9(overused: 10)
Unrouted general nets at iteration 55 (MT total route time: 0.007 sec): 8(overused: 10)
Unrouted general nets at iteration 56 (MT total route time: 0.009 sec): 7(overused: 8)
Unrouted general nets at iteration 57 (MT total route time: 0.008 sec): 5(overused: 6)
Unrouted general nets at iteration 58 (MT total route time: 0.015 sec): 6(overused: 6)
Unrouted general nets at iteration 59 (MT total route time: 0.010 sec): 8(overused: 12)
Unrouted general nets at iteration 60 (MT total route time: 0.010 sec): 6(overused: 8)
Unrouted general nets at iteration 61 (MT total route time: 0.007 sec): 7(overused: 10)
Unrouted general nets at iteration 62 (MT total route time: 0.008 sec): 6(overused: 8)
Unrouted general nets at iteration 63 (MT total route time: 0.007 sec): 4(overused: 4)
Unrouted general nets at iteration 64 (MT total route time: 0.007 sec): 2(overused: 2)
Unrouted general nets at iteration 65 (MT total route time: 0.007 sec): 2(overused: 2)
Unrouted general nets at iteration 66 (MT total route time: 0.010 sec): 5(overused: 8)
Unrouted general nets at iteration 67 (MT total route time: 0.011 sec): 4(overused: 4)
Unrouted general nets at iteration 68 (MT total route time: 0.007 sec): 2(overused: 2)
Unrouted general nets at iteration 69 (MT total route time: 0.007 sec): 0(overused: 0)
----General net take 0.007 sec(route net take 0.000 sec, inc cost take 0.003 sec, iter times: 1)
----const net route take 0.009 sec
Unrouted nets at iteration 70 (0.017 sec): 0
Stage: after detail route | Performance: TNS = 0 ; WNS = 8724 ; THS = NA ; WHS = NA | Time (s): real = 0h:0m:10s ; cpu = 0h:0m:4s ; process = 0h:0m:10s | Memory (MB): curr = 430.730469 ; peak = 430.964844 | Checksum: 6A6F0E4D37645BF4
Begin rip-up and reroute:
Rip-up and reroute takes 0.13 sec.
Stage: after ripup & reroute | Performance: TNS = 0 ; WNS = 8728 ; THS = NA ; WHS = NA | Time (s): real = 0h:0m:11s ; cpu = 0h:0m:4s ; process = 0h:0m:10s | Memory (MB): curr = 435.937500 ; peak = 435.996094 | Checksum: 25D99BEF47DBB4E2
Detailed routing takes 5.27 sec.
I: Design net genblk1[0].fan_pwm_tach_m/w_clk_1s_pos is routed by general path.
C: Route-2036: The clock path from genblk1[0].fan_pwm_tach_m/Edge_Detect_u1/N0/gateop:Z to clkbufgs_6:CLKIN is routed by SRB.
I: Design net nt_i_CLK_PAL_IN_25M is routed by general path.
C: Route-2036: The clock path from i_CLK_PAL_IN_25M_ibuf/opit_1:OUT to pll_inst/u_pll_e2/goppllinmuxd:CLK_IN[0] is routed by SRB.
Sort Original Nets take 0.002 sec
Check HPIO div result take 0.000 sec
Total net: 3157, route succeed net: 3157
Generate routing result take 0.007 sec
Handle PERMUX permutation take 0.117 sec
Handle const net take 0.011 sec
Handle route through take 0.033 sec
Used SRB routing arc is 25183.
Stage: after finish route | Performance: TNS = 0 ; WNS = 8728 ; THS = NA ; WHS = NA | Time (s): real = 0h:0m:11s ; cpu = 0h:0m:5s ; process = 0h:0m:10s | Memory (MB): curr = 411.023438 ; peak = 435.996094 | Checksum: EA0E59ED57527C6F
Finish routing takes 0.25 sec.
Total routing takes 6.84 sec.


Device Utilization Summary :
+----------------------------------------------------------------------------+
| Device Type                      | Used     | Available     | Util(%)     
+----------------------------------------------------------------------------+
| CLMA                             | 398      | 592           | 68          
| + FF                             | 876      | 3552          | 25          
| + LUT                            | 1145     | 2368          | 49          
|   + LUT as Logic                 | 957      |               |             
|   + LUT as Const                 | 178      |               |             
|   + LUT as Bypass                | 10       |               |             
| CLMS                             | 556      | 888           | 63          
| + FF                             | 1206     | 5328          | 23          
| + LUT                            | 1605     | 3552          | 46          
|   + LUT as Logic                 | 1387     |               |             
|   + LUT as Memory                | 0        |               |             
|     + LUT as Distributed RAM     | 0        |               |             
|   + LUT as Const                 | 178      |               |             
|   + LUT as Bypass                | 40       |               |             
| IO                               | 308      | 336           | 92          
| + IOBD                           | 21       | 21            | 100         
| + IOBR                           | 40       | 42            | 96          
| + IOBS                           | 247      | 273           | 91          
| BKCL                             | 6        | 6             | 100         
| CCS                              | 1        | 1             | 100         
| CLKDIV                           | 0        | 4             | 0           
| CLKDLY                           | 0        | 8             | 0           
| DLL                              | 0        | 2             | 0           
| DRM                              | 0        | 26            | 0           
| HARD0N1                          | 184      | 936           | 20          
| IOCKBRG                          | 0        | 2             | 0           
| IOCKGATE                         | 0        | 4             | 0           
| + IOCKGATE as Bypass             | 0        |               |             
| IOLDLYS                          | 138      | 252           | 55          
| IOLDLY                           | 52       | 84            | 62          
| IOL                              | 308      | 336           | 92          
| ISERDES                          | 0        | 21            | 0           
| LDO                              | 0        | 2             | 0           
| OSC                              | 0        | 1             | 0           
| OSERDES                          | 0        | 21            | 0           
| PLLINMUXD                        | 1        | 2             | 50          
| + PLLINMUXD as Bypass            | 0        |               |             
| PLL                              | 1        | 2             | 50          
| USCMDC                           | 2        | 8             | 25          
| + USCMDC as Bypass               | 0        |               |             
| USCMD                            | 0        | 2             | 0           
| + USCMD as Bypass                | 0        |               |             
| USSMBUF                          | 1        | 8             | 13          
| + USSMBUF as Bypass              | 0        |               |             
+----------------------------------------------------------------------------+

Finished routing. (CPU time elapsed 0h:00m:09s)
Design 'Tieta_Feiteng_1001_top' has been routed successfully.
Saving design to DB.
Action route: Export DB successfully.
Action route: Real time elapsed is 0h:0m:12s
Action route: CPU time elapsed is 0h:0m:10s
Action route: Process CPU time elapsed is 0h:0m:11s
Action route: Peak memory pool usage is 435 MB

Current time: Fri Mar 27 18:22:44 2026
