#Build: Fabric Compiler 2024.2-SP1.2, Build 187561, May 22 18:16 2025
#Install: C:\studyware\pango\PDS_2024.2-SP1.2-ads\bin
#Application name: pds_shell.exe
#OS: Windows 10 10.0.18363
#Hostname: z02665mj
Generated by Fabric Compiler (version 2024.2-SP1.2 build 187561) at Fri Mar 27 17:47:56 2026
Parameters for debugging are loaded as follows:
Compiling verification operator library.
Compiling common defs.
Compiling prim grid devices.
Compiling place grid timing.
Compiling gate devices.
Compiling gate operators.
Building architecture model.
Loading device packaging model.
Building architecture floorplan logic view.
Elaborate the liberty model.
I: Multithreading enabled for Timing using a maximum of 4 processes.

Route Optimize started.
Build routing arch for double attribute device.
Enter timing driven router mode.
I: Multithreading enabled for route using a maximum of 1 processes.
I: Column Clock Check close.
W: Route-4027: Cannot find permit_rougth_thru_units.json file in working directory.
Building routing graph takes 0.29 sec.
Total nets for routing: 2519.
Total loads for routing: 10441.
Direct connect net size: 1058
Build all design net take 224 msec.
Processing design graph takes 0.22 sec.
Delay table total memory: 4.79386520 MB
Route graph total memory: 10.73516846 MB
Route design total memory: 3.52569199 MB
The remaining process takes 0.10 sec.
Stage: after context initialize in post route | Performance: TNS = NA ; WNS = NA ; THS = NA ; WHS = NA | Time (s): real = 0h:0m:5s ; cpu = 0h:0m:3s ; process = 0h:0m:4s | Memory (MB): curr = 288.300781 ; peak = 305.890625 | Checksum: A5A41EB3EAA9B1EE
Load route result takes 0.02 sec
Fix Hold Violation Threshold For Clock Path Cross SRB(ps) : 200
Fix Hold Violation Threshold For Clock Path On Clock Tree(ps) : 100
Hold fix to no violation.
Hold fix to threshold
Stage: after hold fix | Performance: TNS = 0 ; WNS = 11265 ; THS = 0 ; WHS = 266 | Time (s): real = 0h:0m:6s ; cpu = 0h:0m:3s ; process = 0h:0m:4s | Memory (MB): curr = 355.296875 ; peak = 355.300781 | Checksum: 9731EA8D400C2DD9
Hold Violation Fix in router takes 0.41 sec.
Sort Original Nets take 0.002 sec
Total net: 2519, route succeed net: 2519
Generate routing result take 0.014 sec
Handle PERMUX permutation take 0.007 sec
Handle const net take 0.000 sec
Handle route through take 0.028 sec
Used SRB routing arc is 17936.
Stage: after finish post route | Performance: TNS = 0 ; WNS = 11265 ; THS = NA ; WHS = NA | Time (s): real = 0h:0m:6s ; cpu = 0h:0m:4s ; process = 0h:0m:5s | Memory (MB): curr = 343.183594 ; peak = 355.308594 | Checksum: 90366D03B13D7FA6
Finish post route takes 0.09 sec.
Total post route takes 1.16 sec.


Device Utilization Summary :
+----------------------------------------------------------------------------+
| Device Type                      | Used     | Available     | Util(%)     
+----------------------------------------------------------------------------+
| CLMA                             | 286      | 592           | 49          
| + FF                             | 634      | 3552          | 18          
| + LUT                            | 735      | 2368          | 32          
|   + LUT as Logic                 | 617      |               |             
|   + LUT as Const                 | 104      |               |             
|   + LUT as Bypass                | 14       |               |             
| CLMS                             | 381      | 888           | 43          
| + FF                             | 891      | 5328          | 17          
| + LUT                            | 1000     | 3552          | 29          
|   + LUT as Logic                 | 894      |               |             
|   + LUT as Memory                | 0        |               |             
|     + LUT as Distributed RAM     | 0        |               |             
|   + LUT as Const                 | 94       |               |             
|   + LUT as Bypass                | 12       |               |             
| IO                               | 269      | 336           | 81          
| + IOBD                           | 19       | 21            | 91          
| + IOBR                           | 31       | 42            | 74          
| + IOBS                           | 219      | 273           | 81          
| BKCL                             | 6        | 6             | 100         
| CCS                              | 1        | 1             | 100         
| CLKDIV                           | 0        | 4             | 0           
| CLKDLY                           | 0        | 8             | 0           
| DLL                              | 0        | 2             | 0           
| DRM                              | 0        | 26            | 0           
| HARD0N1                          | 77       | 936           | 9           
| IOCKBRG                          | 0        | 2             | 0           
| IOCKGATE                         | 0        | 4             | 0           
| + IOCKGATE as Bypass             | 0        |               |             
| IOLDLYS                          | 126      | 252           | 50          
| IOLDLY                           | 40       | 84            | 48          
| IOL                              | 269      | 336           | 81          
| ISERDES                          | 0        | 21            | 0           
| LDO                              | 0        | 2             | 0           
| OSC                              | 0        | 1             | 0           
| OSERDES                          | 0        | 21            | 0           
| PLLINMUXD                        | 1        | 2             | 50          
| + PLLINMUXD as Bypass            | 0        |               |             
| PLL                              | 1        | 2             | 50          
| USCMDC                           | 1        | 8             | 13          
| + USCMDC as Bypass               | 0        |               |             
| USCMD                            | 0        | 2             | 0           
| + USCMD as Bypass                | 0        |               |             
| USSMBUF                          | 0        | 8             | 0           
| + USSMBUF as Bypass              | 0        |               |             
+----------------------------------------------------------------------------+

Finished route optimize. (CPU time elapsed 0h:00m:04s)
Design 'Tieta_Feiteng_2001_top' has been routed successfully.
Saving design to DB.
Action route_optimize: Export DB successfully.
Action route_optimize: Real time elapsed is 0h:0m:7s
Action route_optimize: CPU time elapsed is 0h:0m:5s
Action route_optimize: Process CPU time elapsed is 0h:0m:5s
Action route_optimize: Peak memory pool usage is 355 MB

Current time: Fri Mar 27 17:48:01 2026
