#Build: Fabric Compiler 2024.2-SP1.2, Build 187561, May 22 18:16 2025
#Install: C:\studyware\pango\PDS_2024.2-SP1.2-ads\bin
#Application name: pds_shell.exe
#OS: Windows 10 10.0.18363
#Hostname: z02665mj
Generated by Fabric Compiler (version 2024.2-SP1.2 build 187561) at Fri Mar 27 17:47:45 2026
Parameters for debugging are loaded as follows:
Compiling verification operator library.
Compiling common defs.
Compiling prim grid devices.
Compiling place grid timing.
Compiling gate devices.
Compiling gate operators.
Building architecture model.
Loading device packaging model.
Building architecture floorplan logic view.
Elaborate the liberty model.
I: Multithreading enabled for Timing using a maximum of 4 processes.

Routing started.
Build routing arch for double attribute device.
Enter timing driven router mode.
I: Multithreading enabled for route using a maximum of 1 processes.
W: Route-4027: Cannot find permit_rougth_thru_units.json file in working directory.
Building routing graph takes 0.54 sec.
Enable Recovery Analysis in Routing
Init coarse delay table.
Read place coarse delay table takes 0.06 sec.
build place dedicate switch graph takes 0.20 sec
Setup STE netlist take 588 msec.
Slack Weight : 90
CE/RS signal series limit : 500
Dispose control chain take 65 msec.
Collect const net info take 22 msec.
Total nets for routing: 2245.
Total loads for routing: 10441.
Direct connect net size: 1058
Build all design net take 179 msec.
Processing design graph takes 0.86 sec.
Delay table total memory: 4.79386520 MB
Route graph total memory: 10.70213318 MB
Route design total memory: 3.53242111 MB
The remaining process takes 0.04 sec.
Stage: after context initialize | Performance: TNS = 0 ; WNS = 12334 ; THS = NA ; WHS = NA | Time (s): real = 0h:0m:6s ; cpu = 0h:0m:4s ; process = 0h:0m:5s | Memory (MB): curr = 332.531250 ; peak = 352.222656 | Checksum: E816BC4772A9ABD2
Global routing takes 0.00 sec.
Pin Cost Increasing Speed 300
Unrouted clock nets at iteration 0 (0.010 sec): 0
Stage: after clock route | Performance: TNS = 0 ; WNS = 12334 ; THS = NA ; WHS = NA | Time (s): real = 0h:0m:6s ; cpu = 0h:0m:4s ; process = 0h:0m:5s | Memory (MB): curr = 333.917969 ; peak = 352.222656 | Checksum: 1B2E9EF3535B2215
Total route nets size: 2240
I: Start printing congestion info.
I: Finish printing congestion info.
Pre route takes 0.684 sec
Stage: after pre route | Performance: TNS = 0 ; WNS = 12250 ; THS = 0 ; WHS = 266 | Time (s): real = 0h:0m:6s ; cpu = 0h:0m:4s ; process = 0h:0m:6s | Memory (MB): curr = 381.007813 ; peak = 386.125000 | Checksum: B4AB1FBA6343CBD9
Unrouted general nets at iteration 2 (MT total route time: 0.571 sec): 1825(overused: 10210)
Unrouted general nets at iteration 3 (MT total route time: 0.425 sec): 1610(overused: 6452)
Unrouted general nets at iteration 4 (MT total route time: 0.297 sec): 1371(overused: 4906)
Unrouted general nets at iteration 5 (MT total route time: 0.568 sec): 1282(overused: 4169)
Unrouted general nets at iteration 6 (MT total route time: 0.228 sec): 1172(overused: 3499)
Unrouted general nets at iteration 7 (MT total route time: 0.136 sec): 710(overused: 2343)
Unrouted general nets at iteration 8 (MT total route time: 0.097 sec): 590(overused: 1694)
Unrouted general nets at iteration 9 (MT total route time: 0.078 sec): 458(overused: 1174)
Unrouted general nets at iteration 10 (MT total route time: 0.063 sec): 363(overused: 922)
Unrouted general nets at iteration 11 (MT total route time: 0.050 sec): 308(overused: 683)
Unrouted general nets at iteration 12 (MT total route time: 0.041 sec): 225(overused: 508)
Unrouted general nets at iteration 13 (MT total route time: 0.036 sec): 183(overused: 389)
Unrouted general nets at iteration 14 (MT total route time: 0.027 sec): 168(overused: 364)
Unrouted general nets at iteration 15 (MT total route time: 0.026 sec): 134(overused: 282)
Unrouted general nets at iteration 16 (MT total route time: 0.023 sec): 113(overused: 218)
Unrouted general nets at iteration 17 (MT total route time: 0.016 sec): 88(overused: 166)
Unrouted general nets at iteration 18 (MT total route time: 0.014 sec): 82(overused: 140)
Unrouted general nets at iteration 19 (MT total route time: 0.015 sec): 71(overused: 142)
Unrouted general nets at iteration 20 (MT total route time: 0.013 sec): 52(overused: 98)
Unrouted general nets at iteration 21 (MT total route time: 0.010 sec): 34(overused: 52)
Unrouted general nets at iteration 22 (MT total route time: 0.009 sec): 23(overused: 42)
Unrouted general nets at iteration 23 (MT total route time: 0.015 sec): 24(overused: 46)
Unrouted general nets at iteration 24 (MT total route time: 0.019 sec): 19(overused: 28)
Unrouted general nets at iteration 25 (MT total route time: 0.008 sec): 19(overused: 28)
Unrouted general nets at iteration 26 (MT total route time: 0.007 sec): 15(overused: 28)
Unrouted general nets at iteration 27 (MT total route time: 0.010 sec): 9(overused: 16)
Unrouted general nets at iteration 28 (MT total route time: 0.007 sec): 10(overused: 16)
Unrouted general nets at iteration 29 (MT total route time: 0.010 sec): 11(overused: 22)
Unrouted general nets at iteration 30 (MT total route time: 0.006 sec): 11(overused: 16)
Unrouted general nets at iteration 31 (MT total route time: 0.013 sec): 10(overused: 14)
Unrouted general nets at iteration 32 (MT total route time: 0.009 sec): 10(overused: 18)
Unrouted general nets at iteration 33 (MT total route time: 0.007 sec): 9(overused: 18)
Unrouted general nets at iteration 34 (MT total route time: 0.006 sec): 4(overused: 8)
Unrouted general nets at iteration 35 (MT total route time: 0.006 sec): 4(overused: 6)
Unrouted general nets at iteration 36 (MT total route time: 0.005 sec): 9(overused: 24)
Unrouted general nets at iteration 37 (MT total route time: 0.005 sec): 5(overused: 10)
Unrouted general nets at iteration 38 (MT total route time: 0.005 sec): 4(overused: 6)
Unrouted general nets at iteration 39 (MT total route time: 0.005 sec): 2(overused: 2)
Unrouted general nets at iteration 40 (MT total route time: 0.006 sec): 3(overused: 6)
Unrouted general nets at iteration 41 (MT total route time: 0.006 sec): 2(overused: 4)
Unrouted general nets at iteration 42 (MT total route time: 0.007 sec): 2(overused: 4)
Unrouted general nets at iteration 43 (MT total route time: 0.005 sec): 2(overused: 4)
Unrouted general nets at iteration 44 (MT total route time: 0.005 sec): 2(overused: 2)
Unrouted general nets at iteration 45 (MT total route time: 0.006 sec): 5(overused: 16)
Unrouted general nets at iteration 46 (MT total route time: 0.006 sec): 6(overused: 18)
Unrouted general nets at iteration 47 (MT total route time: 0.006 sec): 8(overused: 20)
Unrouted general nets at iteration 48 (MT total route time: 0.006 sec): 2(overused: 4)
Unrouted general nets at iteration 49 (MT total route time: 0.005 sec): 2(overused: 4)
Unrouted general nets at iteration 50 (MT total route time: 0.006 sec): 2(overused: 2)
Unrouted general nets at iteration 51 (MT total route time: 0.005 sec): 2(overused: 2)
Unrouted general nets at iteration 52 (MT total route time: 0.006 sec): 2(overused: 2)
Unrouted general nets at iteration 53 (MT total route time: 0.008 sec): 2(overused: 4)
Unrouted general nets at iteration 54 (MT total route time: 0.007 sec): 2(overused: 2)
Unrouted general nets at iteration 55 (MT total route time: 0.006 sec): 2(overused: 4)
Unrouted general nets at iteration 56 (MT total route time: 0.006 sec): 0(overused: 0)
----General net take 0.005 sec(route net take 0.000 sec, inc cost take 0.002 sec, iter times: 1)
----const net route take 0.005 sec
Unrouted nets at iteration 57 (0.011 sec): 0
Stage: after detail route | Performance: TNS = 0 ; WNS = 11263 ; THS = NA ; WHS = NA | Time (s): real = 0h:0m:10s ; cpu = 0h:0m:4s ; process = 0h:0m:9s | Memory (MB): curr = 388.859375 ; peak = 389.238281 | Checksum: 2989740776031574
Begin rip-up and reroute:
Rip-up and reroute takes 0.10 sec.
Stage: after ripup & reroute | Performance: TNS = 0 ; WNS = 11266 ; THS = NA ; WHS = NA | Time (s): real = 0h:0m:10s ; cpu = 0h:0m:5s ; process = 0h:0m:9s | Memory (MB): curr = 392.937500 ; peak = 392.992188 | Checksum: BC409FA03159DC16
Detailed routing takes 4.32 sec.
I: Design net nt_i_CLK_C42_IN_25M is routed by general path.
C: Route-2036: The clock path from i_CLK_C42_IN_25M_ibuf/opit_1:OUT to pll_inst/u_pll_e2/goppllinmuxd:CLK_IN[0] is routed by SRB.
Sort Original Nets take 0.000 sec
Check HPIO div result take 0.000 sec
Total net: 2245, route succeed net: 2245
Generate routing result take 0.004 sec
Handle PERMUX permutation take 0.089 sec
Handle const net take 0.006 sec
Handle route through take 0.027 sec
Used SRB routing arc is 17936.
Stage: after finish route | Performance: TNS = 0 ; WNS = 11266 ; THS = NA ; WHS = NA | Time (s): real = 0h:0m:10s ; cpu = 0h:0m:5s ; process = 0h:0m:10s | Memory (MB): curr = 375.031250 ; peak = 392.992188 | Checksum: EF300E02A51E4879
Finish routing takes 0.19 sec.
Total routing takes 6.04 sec.


Device Utilization Summary :
+----------------------------------------------------------------------------+
| Device Type                      | Used     | Available     | Util(%)     
+----------------------------------------------------------------------------+
| CLMA                             | 286      | 592           | 49          
| + FF                             | 634      | 3552          | 18          
| + LUT                            | 735      | 2368          | 32          
|   + LUT as Logic                 | 617      |               |             
|   + LUT as Const                 | 104      |               |             
|   + LUT as Bypass                | 14       |               |             
| CLMS                             | 381      | 888           | 43          
| + FF                             | 891      | 5328          | 17          
| + LUT                            | 1000     | 3552          | 29          
|   + LUT as Logic                 | 894      |               |             
|   + LUT as Memory                | 0        |               |             
|     + LUT as Distributed RAM     | 0        |               |             
|   + LUT as Const                 | 94       |               |             
|   + LUT as Bypass                | 12       |               |             
| IO                               | 269      | 336           | 81          
| + IOBD                           | 19       | 21            | 91          
| + IOBR                           | 31       | 42            | 74          
| + IOBS                           | 219      | 273           | 81          
| BKCL                             | 6        | 6             | 100         
| CCS                              | 1        | 1             | 100         
| CLKDIV                           | 0        | 4             | 0           
| CLKDLY                           | 0        | 8             | 0           
| DLL                              | 0        | 2             | 0           
| DRM                              | 0        | 26            | 0           
| HARD0N1                          | 77       | 936           | 9           
| IOCKBRG                          | 0        | 2             | 0           
| IOCKGATE                         | 0        | 4             | 0           
| + IOCKGATE as Bypass             | 0        |               |             
| IOLDLYS                          | 126      | 252           | 50          
| IOLDLY                           | 40       | 84            | 48          
| IOL                              | 269      | 336           | 81          
| ISERDES                          | 0        | 21            | 0           
| LDO                              | 0        | 2             | 0           
| OSC                              | 0        | 1             | 0           
| OSERDES                          | 0        | 21            | 0           
| PLLINMUXD                        | 1        | 2             | 50          
| + PLLINMUXD as Bypass            | 0        |               |             
| PLL                              | 1        | 2             | 50          
| USCMDC                           | 1        | 8             | 13          
| + USCMDC as Bypass               | 0        |               |             
| USCMD                            | 0        | 2             | 0           
| + USCMD as Bypass                | 0        |               |             
| USSMBUF                          | 0        | 8             | 0           
| + USSMBUF as Bypass              | 0        |               |             
+----------------------------------------------------------------------------+

Finished routing. (CPU time elapsed 0h:00m:08s)
Design 'Tieta_Feiteng_2001_top' has been routed successfully.
Saving design to DB.
Action route: Export DB successfully.
Action route: Real time elapsed is 0h:0m:11s
Action route: CPU time elapsed is 0h:0m:9s
Action route: Process CPU time elapsed is 0h:0m:11s
Action route: Peak memory pool usage is 392 MB

Current time: Fri Mar 27 17:47:54 2026
