#Build: Fabric Compiler 2024.2-SP1.2, Build 187561, May 22 18:16 2025
#Install: C:\studyware\pango\PDS_2024.2-SP1.2-ads\bin
#Application name: pds_shell.exe
#OS: Windows 10 10.0.18363
#Hostname: z02665mj
Generated by Fabric Compiler (version 2024.2-SP1.2 build 187561) at Wed Feb 11 17:38:11 2026
Parameters for debugging are loaded as follows:
Compiling verification operator library.
Compiling common defs.
Compiling prim grid devices.
Compiling place grid timing.
Compiling gate devices.
Compiling gate operators.
Building architecture model.
Loading device packaging model.
Building architecture floorplan logic view.
Elaborate the liberty model.
I: Multithreading enabled for Timing using a maximum of 4 processes.

Route Optimize started.
Build routing arch for double attribute device.
Enter timing driven router mode.
I: Multithreading enabled for route using a maximum of 1 processes.
I: Column Clock Check close.
W: Route-4027: Cannot find permit_rougth_thru_units.json file in working directory.
Building routing graph takes 0.27 sec.
Total nets for routing: 3321.
Total loads for routing: 13541.
Direct connect net size: 1173
Build all design net take 198 msec.
Processing design graph takes 0.20 sec.
Delay table total memory: 4.79386520 MB
Route graph total memory: 11.30598450 MB
Route design total memory: 4.12234116 MB
The remaining process takes 0.07 sec.
Stage: after context initialize in post route | Performance: TNS = NA ; WNS = NA ; THS = NA ; WHS = NA | Time (s): real = 0h:0m:5s ; cpu = 0h:0m:3s ; process = 0h:0m:4s | Memory (MB): curr = 300.769531 ; peak = 315.222656 | Checksum: 52D79CF363F91298
Load route result takes 0.03 sec
Fix Hold Violation Threshold For Clock Path Cross SRB(ps) : 200
Fix Hold Violation Threshold For Clock Path On Clock Tree(ps) : 100
Hold fix to no violation.
Hold fix to threshold
Stage: after hold fix | Performance: TNS = 0 ; WNS = 9785 ; THS = 0 ; WHS = 256 | Time (s): real = 0h:0m:6s ; cpu = 0h:0m:4s ; process = 0h:0m:5s | Memory (MB): curr = 380.632813 ; peak = 380.636719 | Checksum: B597BAFC14BFB7ED
Hold Violation Fix in router takes 0.43 sec.
Sort Original Nets take 0.002 sec
Total net: 3321, route succeed net: 3321
Generate routing result take 0.009 sec
Handle PERMUX permutation take 0.012 sec
Handle const net take 0.000 sec
Handle route through take 0.030 sec
Used SRB routing arc is 22658.
Stage: after finish post route | Performance: TNS = 0 ; WNS = 9785 ; THS = NA ; WHS = NA | Time (s): real = 0h:0m:6s ; cpu = 0h:0m:4s ; process = 0h:0m:5s | Memory (MB): curr = 362.964844 ; peak = 380.644531 | Checksum: 4909025436CE41C0
Finish post route takes 0.10 sec.
Total post route takes 1.14 sec.


Device Utilization Summary :
+----------------------------------------------------------------------------+
| Device Type                      | Used     | Available     | Util(%)     
+----------------------------------------------------------------------------+
| CLMA                             | 359      | 592           | 61          
| + FF                             | 762      | 3552          | 22          
| + LUT                            | 1020     | 2368          | 44          
|   + LUT as Logic                 | 845      |               |             
|   + LUT as Const                 | 163      |               |             
|   + LUT as Bypass                | 12       |               |             
| CLMS                             | 510      | 888           | 58          
| + FF                             | 1179     | 5328          | 23          
| + LUT                            | 1366     | 3552          | 39          
|   + LUT as Logic                 | 1217     |               |             
|   + LUT as Memory                | 0        |               |             
|     + LUT as Distributed RAM     | 0        |               |             
|   + LUT as Const                 | 125      |               |             
|   + LUT as Bypass                | 24       |               |             
| IO                               | 284      | 336           | 85          
| + IOBD                           | 21       | 21            | 100         
| + IOBR                           | 30       | 42            | 72          
| + IOBS                           | 233      | 273           | 86          
| BKCL                             | 6        | 6             | 100         
| CCS                              | 1        | 1             | 100         
| CLKDIV                           | 0        | 4             | 0           
| CLKDLY                           | 0        | 8             | 0           
| DLL                              | 0        | 2             | 0           
| DRM                              | 0        | 26            | 0           
| HARD0N1                          | 146      | 936           | 16          
| IOCKBRG                          | 0        | 2             | 0           
| IOCKGATE                         | 0        | 4             | 0           
| + IOCKGATE as Bypass             | 0        |               |             
| IOLDLYS                          | 132      | 252           | 53          
| IOLDLY                           | 47       | 84            | 56          
| IOL                              | 284      | 336           | 85          
| ISERDES                          | 0        | 21            | 0           
| LDO                              | 0        | 2             | 0           
| OSC                              | 0        | 1             | 0           
| OSERDES                          | 0        | 21            | 0           
| PLLINMUXD                        | 1        | 2             | 50          
| + PLLINMUXD as Bypass            | 0        |               |             
| PLL                              | 1        | 2             | 50          
| USCMDC                           | 2        | 8             | 25          
| + USCMDC as Bypass               | 0        |               |             
| USCMD                            | 0        | 2             | 0           
| + USCMD as Bypass                | 0        |               |             
| USSMBUF                          | 0        | 8             | 0           
| + USSMBUF as Bypass              | 0        |               |             
+----------------------------------------------------------------------------+

Finished route optimize. (CPU time elapsed 0h:00m:04s)
Design 'Tieta_Feiteng_1001_top' has been routed successfully.
Saving design to DB.
Action route_optimize: Export DB successfully.
Action route_optimize: Real time elapsed is 0h:0m:7s
Action route_optimize: CPU time elapsed is 0h:0m:5s
Action route_optimize: Process CPU time elapsed is 0h:0m:6s
Action route_optimize: Peak memory pool usage is 380 MB

Current time: Wed Feb 11 17:38:16 2026
