#Build: Fabric Compiler 2024.2-SP1.2, Build 187561, May 22 18:16 2025
#Install: C:\studyware\pango\PDS_2024.2-SP1.2-ads\bin
#Application name: pds_shell.exe
#OS: Windows 10 10.0.18363
#Hostname: z02665mj
Generated by Fabric Compiler (version 2024.2-SP1.2 build 187561) at Mon Mar  2 21:14:37 2026
Parameters for debugging are loaded as follows:
Compiling verification operator library.
Compiling common defs.
Compiling prim grid devices.
Compiling place grid timing.
Compiling gate devices.
Compiling gate operators.
Building architecture model.
Loading device packaging model.
Building architecture floorplan logic view.
Elaborate the liberty model.
I: Multithreading enabled for Timing using a maximum of 4 processes.

Routing started.
Build routing arch for double attribute device.
Enter timing driven router mode.
I: Multithreading enabled for route using a maximum of 1 processes.
W: Route-4027: Cannot find permit_rougth_thru_units.json file in working directory.
Building routing graph takes 0.32 sec.
Enable Recovery Analysis in Routing
Init coarse delay table.
Read place coarse delay table takes 0.05 sec.
build place dedicate switch graph takes 0.17 sec
Setup STE netlist take 568 msec.
Slack Weight : 90
CE/RS signal series limit : 500
Dispose control chain take 80 msec.
Collect const net info take 34 msec.
Total nets for routing: 1832.
Total loads for routing: 8569.
Direct connect net size: 1053
Build all design net take 150 msec.
Processing design graph takes 0.84 sec.
Delay table total memory: 4.79386520 MB
Route graph total memory: 10.53557587 MB
Route design total memory: 3.36506271 MB
The remaining process takes 0.04 sec.
Stage: after context initialize | Performance: TNS = 0 ; WNS = 12582 ; THS = NA ; WHS = NA | Time (s): real = 0h:0m:6s ; cpu = 0h:0m:3s ; process = 0h:0m:4s | Memory (MB): curr = 327.171875 ; peak = 343.753906 | Checksum: 5A9B954B2DB2A0B5
Global routing takes 0.00 sec.
Pin Cost Increasing Speed 300
Unrouted clock nets at iteration 0 (0.006 sec): 0
Stage: after clock route | Performance: TNS = 0 ; WNS = 12582 ; THS = NA ; WHS = NA | Time (s): real = 0h:0m:6s ; cpu = 0h:0m:3s ; process = 0h:0m:4s | Memory (MB): curr = 327.964844 ; peak = 343.753906 | Checksum: 10114EB0BD0BD9EF
Total route nets size: 1827
I: Start printing congestion info.
I: Finish printing congestion info.
Pre route takes 0.660 sec
Stage: after pre route | Performance: TNS = 0 ; WNS = 12619 ; THS = 0 ; WHS = 260 | Time (s): real = 0h:0m:7s ; cpu = 0h:0m:4s ; process = 0h:0m:5s | Memory (MB): curr = 365.925781 ; peak = 370.296875 | Checksum: C75B9D191135CDC
Unrouted general nets at iteration 2 (MT total route time: 0.367 sec): 1499(overused: 8699)
Unrouted general nets at iteration 3 (MT total route time: 0.269 sec): 1306(overused: 5456)
Unrouted general nets at iteration 4 (MT total route time: 0.207 sec): 1165(overused: 4394)
Unrouted general nets at iteration 5 (MT total route time: 0.178 sec): 1078(overused: 3551)
Unrouted general nets at iteration 6 (MT total route time: 0.144 sec): 954(overused: 2986)
Unrouted general nets at iteration 7 (MT total route time: 0.114 sec): 590(overused: 2149)
Unrouted general nets at iteration 8 (MT total route time: 0.087 sec): 461(overused: 1344)
Unrouted general nets at iteration 9 (MT total route time: 0.086 sec): 385(overused: 1097)
Unrouted general nets at iteration 10 (MT total route time: 0.053 sec): 335(overused: 895)
Unrouted general nets at iteration 11 (MT total route time: 0.051 sec): 268(overused: 681)
Unrouted general nets at iteration 12 (MT total route time: 0.036 sec): 211(overused: 480)
Unrouted general nets at iteration 13 (MT total route time: 0.026 sec): 165(overused: 346)
Unrouted general nets at iteration 14 (MT total route time: 0.020 sec): 138(overused: 312)
Unrouted general nets at iteration 15 (MT total route time: 0.019 sec): 132(overused: 314)
Unrouted general nets at iteration 16 (MT total route time: 0.017 sec): 114(overused: 218)
Unrouted general nets at iteration 17 (MT total route time: 0.017 sec): 96(overused: 172)
Unrouted general nets at iteration 18 (MT total route time: 0.022 sec): 83(overused: 158)
Unrouted general nets at iteration 19 (MT total route time: 0.016 sec): 76(overused: 158)
Unrouted general nets at iteration 20 (MT total route time: 0.024 sec): 69(overused: 140)
Unrouted general nets at iteration 21 (MT total route time: 0.015 sec): 58(overused: 120)
Unrouted general nets at iteration 22 (MT total route time: 0.016 sec): 60(overused: 116)
Unrouted general nets at iteration 23 (MT total route time: 0.012 sec): 55(overused: 106)
Unrouted general nets at iteration 24 (MT total route time: 0.011 sec): 38(overused: 82)
Unrouted general nets at iteration 25 (MT total route time: 0.009 sec): 37(overused: 80)
Unrouted general nets at iteration 26 (MT total route time: 0.017 sec): 32(overused: 66)
Unrouted general nets at iteration 27 (MT total route time: 0.022 sec): 24(overused: 38)
Unrouted general nets at iteration 28 (MT total route time: 0.013 sec): 21(overused: 40)
Unrouted general nets at iteration 29 (MT total route time: 0.009 sec): 13(overused: 28)
Unrouted general nets at iteration 30 (MT total route time: 0.008 sec): 10(overused: 16)
Unrouted general nets at iteration 31 (MT total route time: 0.009 sec): 15(overused: 42)
Unrouted general nets at iteration 32 (MT total route time: 0.007 sec): 14(overused: 30)
Unrouted general nets at iteration 33 (MT total route time: 0.007 sec): 10(overused: 14)
Unrouted general nets at iteration 34 (MT total route time: 0.006 sec): 8(overused: 10)
Unrouted general nets at iteration 35 (MT total route time: 0.006 sec): 8(overused: 10)
Unrouted general nets at iteration 36 (MT total route time: 0.005 sec): 4(overused: 10)
Unrouted general nets at iteration 37 (MT total route time: 0.009 sec): 2(overused: 2)
Unrouted general nets at iteration 38 (MT total route time: 0.006 sec): 2(overused: 2)
Unrouted general nets at iteration 39 (MT total route time: 0.016 sec): 2(overused: 2)
Unrouted general nets at iteration 40 (MT total route time: 0.014 sec): 2(overused: 2)
Unrouted general nets at iteration 41 (MT total route time: 0.010 sec): 2(overused: 2)
Unrouted general nets at iteration 42 (MT total route time: 0.011 sec): 2(overused: 4)
Unrouted general nets at iteration 43 (MT total route time: 0.005 sec): 2(overused: 2)
Unrouted general nets at iteration 44 (MT total route time: 0.005 sec): 2(overused: 2)
Unrouted general nets at iteration 45 (MT total route time: 0.006 sec): 0(overused: 0)
----General net take 0.004 sec(route net take 0.000 sec, inc cost take 0.001 sec, iter times: 1)
----const net route take 0.004 sec
Unrouted nets at iteration 46 (0.009 sec): 0
Stage: after detail route | Performance: TNS = 0 ; WNS = 11596 ; THS = NA ; WHS = NA | Time (s): real = 0h:0m:9s ; cpu = 0h:0m:4s ; process = 0h:0m:8s | Memory (MB): curr = 372.960938 ; peak = 372.964844 | Checksum: 55DA7E46C9E84107
Begin rip-up and reroute:
Rip-up and reroute takes 0.09 sec.
Stage: after ripup & reroute | Performance: TNS = 0 ; WNS = 11589 ; THS = NA ; WHS = NA | Time (s): real = 0h:0m:9s ; cpu = 0h:0m:4s ; process = 0h:0m:8s | Memory (MB): curr = 375.527344 ; peak = 375.582031 | Checksum: 9457740DC24BC7FE
Detailed routing takes 3.28 sec.
I: Design net nt_i_CLK_C42_IN_25M is routed by general path.
C: Route-2036: The clock path from i_CLK_C42_IN_25M_ibuf/opit_1:OUT to pll_inst/u_pll_e2/goppllinmuxd:CLK_IN[0] is routed by SRB.
Sort Original Nets take 0.000 sec
Check HPIO div result take 0.000 sec
Total net: 1832, route succeed net: 1832
Generate routing result take 0.007 sec
Handle PERMUX permutation take 0.068 sec
Handle const net take 0.005 sec
Handle route through take 0.022 sec
Used SRB routing arc is 14953.
Stage: after finish route | Performance: TNS = 0 ; WNS = 11589 ; THS = NA ; WHS = NA | Time (s): real = 0h:0m:9s ; cpu = 0h:0m:4s ; process = 0h:0m:8s | Memory (MB): curr = 363.375000 ; peak = 375.582031 | Checksum: 194F607920E16B80
Finish routing takes 0.15 sec.
Total routing takes 4.71 sec.


Device Utilization Summary :
+----------------------------------------------------------------------------+
| Device Type                      | Used     | Available     | Util(%)     
+----------------------------------------------------------------------------+
| CLMA                             | 241      | 592           | 41          
| + FF                             | 533      | 3552          | 16          
| + LUT                            | 575      | 2368          | 25          
|   + LUT as Logic                 | 453      |               |             
|   + LUT as Const                 | 112      |               |             
|   + LUT as Bypass                | 10       |               |             
| CLMS                             | 319      | 888           | 36          
| + FF                             | 727      | 5328          | 14          
| + LUT                            | 830      | 3552          | 24          
|   + LUT as Logic                 | 740      |               |             
|   + LUT as Memory                | 0        |               |             
|     + LUT as Distributed RAM     | 0        |               |             
|   + LUT as Const                 | 78       |               |             
|   + LUT as Bypass                | 12       |               |             
| IO                               | 287      | 336           | 86          
| + IOBD                           | 19       | 21            | 91          
| + IOBR                           | 37       | 42            | 89          
| + IOBS                           | 231      | 273           | 85          
| BKCL                             | 6        | 6             | 100         
| CCS                              | 1        | 1             | 100         
| CLKDIV                           | 0        | 4             | 0           
| CLKDLY                           | 0        | 8             | 0           
| DLL                              | 0        | 2             | 0           
| DRM                              | 0        | 26            | 0           
| HARD0N1                          | 47       | 936           | 6           
| IOCKBRG                          | 0        | 2             | 0           
| IOCKGATE                         | 0        | 4             | 0           
| + IOCKGATE as Bypass             | 0        |               |             
| IOLDLYS                          | 131      | 252           | 52          
| IOLDLY                           | 38       | 84            | 46          
| IOL                              | 287      | 336           | 86          
| ISERDES                          | 0        | 21            | 0           
| LDO                              | 0        | 2             | 0           
| OSC                              | 0        | 1             | 0           
| OSERDES                          | 0        | 21            | 0           
| PLLINMUXD                        | 1        | 2             | 50          
| + PLLINMUXD as Bypass            | 0        |               |             
| PLL                              | 1        | 2             | 50          
| USCMDC                           | 1        | 8             | 13          
| + USCMDC as Bypass               | 0        |               |             
| USCMD                            | 0        | 2             | 0           
| + USCMD as Bypass                | 0        |               |             
| USSMBUF                          | 0        | 8             | 0           
| + USSMBUF as Bypass              | 0        |               |             
+----------------------------------------------------------------------------+

Finished routing. (CPU time elapsed 0h:00m:07s)
Design 'Tieta_Feiteng_2001_top' has been routed successfully.
Saving design to DB.
Action route: Export DB successfully.
Action route: Real time elapsed is 0h:0m:10s
Action route: CPU time elapsed is 0h:0m:7s
Action route: Process CPU time elapsed is 0h:0m:9s
Action route: Peak memory pool usage is 375 MB

Current time: Mon Mar  2 21:14:45 2026
