#Build: Fabric Compiler 2024.2-SP1.2, Build 187561, May 22 18:16 2025
#Install: C:\studyware\pango\PDS_2024.2-SP1.2-ads\bin
#Application name: pds_shell.exe
#OS: Windows 10 10.0.18363
#Hostname: z02665mj
Generated by Fabric Compiler (version 2024.2-SP1.2 build 187561) at Mon Mar  2 21:14:46 2026
Parameters for debugging are loaded as follows:
Compiling verification operator library.
Compiling common defs.
Compiling prim grid devices.
Compiling place grid timing.
Compiling gate devices.
Compiling gate operators.
Building architecture model.
Loading device packaging model.
Building architecture floorplan logic view.
Elaborate the liberty model.
I: Multithreading enabled for Timing using a maximum of 4 processes.

Route Optimize started.
Build routing arch for double attribute device.
Enter timing driven router mode.
I: Multithreading enabled for route using a maximum of 1 processes.
I: Column Clock Check close.
W: Route-4027: Cannot find permit_rougth_thru_units.json file in working directory.
Building routing graph takes 0.31 sec.
Total nets for routing: 2068.
Total loads for routing: 8569.
Direct connect net size: 1053
Build all design net take 111 msec.
Processing design graph takes 0.11 sec.
Delay table total memory: 4.79386520 MB
Route graph total memory: 10.56166840 MB
Route design total memory: 3.26144028 MB
The remaining process takes 0.04 sec.
Stage: after context initialize in post route | Performance: TNS = NA ; WNS = NA ; THS = NA ; WHS = NA | Time (s): real = 0h:0m:5s ; cpu = 0h:0m:3s ; process = 0h:0m:3s | Memory (MB): curr = 281.582031 ; peak = 300.609375 | Checksum: DFAF96D97AC63493
Load route result takes 0.02 sec
Fix Hold Violation Threshold For Clock Path Cross SRB(ps) : 200
Fix Hold Violation Threshold For Clock Path On Clock Tree(ps) : 100
Hold fix to no violation.
Hold fix to threshold
Stage: after hold fix | Performance: TNS = 0 ; WNS = 11589 ; THS = 0 ; WHS = 259 | Time (s): real = 0h:0m:5s ; cpu = 0h:0m:3s ; process = 0h:0m:4s | Memory (MB): curr = 339.339844 ; peak = 339.343750 | Checksum: 340528D33F3B51
Hold Violation Fix in router takes 0.29 sec.
Sort Original Nets take 0.001 sec
Total net: 2068, route succeed net: 2068
Generate routing result take 0.006 sec
Handle PERMUX permutation take 0.005 sec
Handle const net take 0.000 sec
Handle route through take 0.018 sec
Used SRB routing arc is 14953.
Stage: after finish post route | Performance: TNS = 0 ; WNS = 11589 ; THS = NA ; WHS = NA | Time (s): real = 0h:0m:6s ; cpu = 0h:0m:3s ; process = 0h:0m:4s | Memory (MB): curr = 329.742188 ; peak = 339.351563 | Checksum: FD7347403CE51D52
Finish post route takes 0.06 sec.
Total post route takes 0.86 sec.


Device Utilization Summary :
+----------------------------------------------------------------------------+
| Device Type                      | Used     | Available     | Util(%)     
+----------------------------------------------------------------------------+
| CLMA                             | 241      | 592           | 41          
| + FF                             | 533      | 3552          | 16          
| + LUT                            | 575      | 2368          | 25          
|   + LUT as Logic                 | 453      |               |             
|   + LUT as Const                 | 112      |               |             
|   + LUT as Bypass                | 10       |               |             
| CLMS                             | 319      | 888           | 36          
| + FF                             | 727      | 5328          | 14          
| + LUT                            | 830      | 3552          | 24          
|   + LUT as Logic                 | 740      |               |             
|   + LUT as Memory                | 0        |               |             
|     + LUT as Distributed RAM     | 0        |               |             
|   + LUT as Const                 | 78       |               |             
|   + LUT as Bypass                | 12       |               |             
| IO                               | 287      | 336           | 86          
| + IOBD                           | 19       | 21            | 91          
| + IOBR                           | 37       | 42            | 89          
| + IOBS                           | 231      | 273           | 85          
| BKCL                             | 6        | 6             | 100         
| CCS                              | 1        | 1             | 100         
| CLKDIV                           | 0        | 4             | 0           
| CLKDLY                           | 0        | 8             | 0           
| DLL                              | 0        | 2             | 0           
| DRM                              | 0        | 26            | 0           
| HARD0N1                          | 47       | 936           | 6           
| IOCKBRG                          | 0        | 2             | 0           
| IOCKGATE                         | 0        | 4             | 0           
| + IOCKGATE as Bypass             | 0        |               |             
| IOLDLYS                          | 131      | 252           | 52          
| IOLDLY                           | 38       | 84            | 46          
| IOL                              | 287      | 336           | 86          
| ISERDES                          | 0        | 21            | 0           
| LDO                              | 0        | 2             | 0           
| OSC                              | 0        | 1             | 0           
| OSERDES                          | 0        | 21            | 0           
| PLLINMUXD                        | 1        | 2             | 50          
| + PLLINMUXD as Bypass            | 0        |               |             
| PLL                              | 1        | 2             | 50          
| USCMDC                           | 1        | 8             | 13          
| + USCMDC as Bypass               | 0        |               |             
| USCMD                            | 0        | 2             | 0           
| + USCMD as Bypass                | 0        |               |             
| USSMBUF                          | 0        | 8             | 0           
| + USSMBUF as Bypass              | 0        |               |             
+----------------------------------------------------------------------------+

Finished route optimize. (CPU time elapsed 0h:00m:03s)
Design 'Tieta_Feiteng_2001_top' has been routed successfully.
Saving design to DB.
Action route_optimize: Export DB successfully.
Action route_optimize: Real time elapsed is 0h:0m:6s
Action route_optimize: CPU time elapsed is 0h:0m:4s
Action route_optimize: Process CPU time elapsed is 0h:0m:5s
Action route_optimize: Peak memory pool usage is 339 MB

Current time: Mon Mar  2 21:14:50 2026
