#Build: Fabric Compiler 2024.2-SP1.2, Build 187561, May 22 18:16 2025
#Install: C:\studyware\pango\PDS_2024.2-SP1.2-ads\bin
#Application name: pds_shell.exe
#OS: Windows 10 10.0.18363
#Hostname: z02665mj
Generated by Fabric Compiler (version 2024.2-SP1.2 build 187561) at Sat Mar 14 15:29:12 2026
Parameters for debugging are loaded as follows:
Compiling verification operator library.
Compiling common defs.
Compiling prim grid devices.
Compiling place grid timing.
Compiling gate devices.
Compiling gate operators.
Building architecture model.
Loading device packaging model.
Building architecture floorplan logic view.
Elaborate the liberty model.
I: Multithreading enabled for Timing using a maximum of 4 processes.

Routing started.
Build routing arch for double attribute device.
Enter timing driven router mode.
I: Multithreading enabled for route using a maximum of 1 processes.
W: Route-4027: Cannot find permit_rougth_thru_units.json file in working directory.
Building routing graph takes 0.33 sec.
Enable Recovery Analysis in Routing
Init coarse delay table.
Read place coarse delay table takes 0.03 sec.
build place dedicate switch graph takes 0.19 sec
Setup STE netlist take 617 msec.
Slack Weight : 90
CE/RS signal series limit : 500
Dispose control chain take 79 msec.
Collect const net info take 25 msec.
Total nets for routing: 2913.
Total loads for routing: 13701.
Direct connect net size: 1227
Build all design net take 177 msec.
Processing design graph takes 0.90 sec.
Delay table total memory: 4.79386520 MB
Route graph total memory: 11.15316010 MB
Route design total memory: 4.19338608 MB
The remaining process takes 0.05 sec.
Stage: after context initialize | Performance: TNS = 0 ; WNS = 9030 ; THS = NA ; WHS = NA | Time (s): real = 0h:0m:5s ; cpu = 0h:0m:3s ; process = 0h:0m:5s | Memory (MB): curr = 354.941406 ; peak = 379.394531 | Checksum: D4AB8B6B081CBF71
Global routing takes 0.00 sec.
Pin Cost Increasing Speed 300
Unrouted clock nets at iteration 0 (0.010 sec): 0
Stage: after clock route | Performance: TNS = 0 ; WNS = 9030 ; THS = NA ; WHS = NA | Time (s): real = 0h:0m:5s ; cpu = 0h:0m:3s ; process = 0h:0m:5s | Memory (MB): curr = 356.468750 ; peak = 379.394531 | Checksum: A96E25EED74546DD
Total route nets size: 2905
I: Start printing congestion info.
I: Finish printing congestion info.
Pre route takes 0.794 sec
Stage: after pre route | Performance: TNS = 0 ; WNS = 10902 ; THS = 0 ; WHS = 256 | Time (s): real = 0h:0m:6s ; cpu = 0h:0m:4s ; process = 0h:0m:6s | Memory (MB): curr = 415.117188 ; peak = 420.023438 | Checksum: 2AF438D1F26F0FF9
Unrouted general nets at iteration 2 (MT total route time: 0.490 sec): 2494(overused: 14035)
Unrouted general nets at iteration 3 (MT total route time: 0.377 sec): 2129(overused: 8923)
Unrouted general nets at iteration 4 (MT total route time: 0.285 sec): 1869(overused: 6843)
Unrouted general nets at iteration 5 (MT total route time: 0.243 sec): 1668(overused: 5578)
Unrouted general nets at iteration 6 (MT total route time: 0.206 sec): 1494(overused: 4680)
Unrouted general nets at iteration 7 (MT total route time: 0.164 sec): 1130(overused: 3503)
Unrouted general nets at iteration 8 (MT total route time: 0.138 sec): 860(overused: 2311)
Unrouted general nets at iteration 9 (MT total route time: 0.105 sec): 715(overused: 1781)
Unrouted general nets at iteration 10 (MT total route time: 0.097 sec): 542(overused: 1378)
Unrouted general nets at iteration 11 (MT total route time: 0.083 sec): 450(overused: 1075)
Unrouted general nets at iteration 12 (MT total route time: 0.072 sec): 383(overused: 950)
Unrouted general nets at iteration 13 (MT total route time: 0.064 sec): 300(overused: 781)
Unrouted general nets at iteration 14 (MT total route time: 0.054 sec): 280(overused: 636)
Unrouted general nets at iteration 15 (MT total route time: 0.046 sec): 260(overused: 558)
Unrouted general nets at iteration 16 (MT total route time: 0.051 sec): 240(overused: 559)
Unrouted general nets at iteration 17 (MT total route time: 0.041 sec): 195(overused: 402)
Unrouted general nets at iteration 18 (MT total route time: 0.036 sec): 162(overused: 328)
Unrouted general nets at iteration 19 (MT total route time: 0.030 sec): 123(overused: 224)
Unrouted general nets at iteration 20 (MT total route time: 0.018 sec): 90(overused: 180)
Unrouted general nets at iteration 21 (MT total route time: 0.023 sec): 91(overused: 196)
Unrouted general nets at iteration 22 (MT total route time: 0.022 sec): 81(overused: 160)
Unrouted general nets at iteration 23 (MT total route time: 0.026 sec): 74(overused: 138)
Unrouted general nets at iteration 24 (MT total route time: 0.027 sec): 61(overused: 112)
Unrouted general nets at iteration 25 (MT total route time: 0.024 sec): 33(overused: 58)
Unrouted general nets at iteration 26 (MT total route time: 0.020 sec): 33(overused: 62)
Unrouted general nets at iteration 27 (MT total route time: 0.025 sec): 43(overused: 74)
Unrouted general nets at iteration 28 (MT total route time: 0.025 sec): 35(overused: 68)
Unrouted general nets at iteration 29 (MT total route time: 0.018 sec): 33(overused: 62)
Unrouted general nets at iteration 30 (MT total route time: 0.020 sec): 44(overused: 77)
Unrouted general nets at iteration 31 (MT total route time: 0.020 sec): 42(overused: 66)
Unrouted general nets at iteration 32 (MT total route time: 0.026 sec): 30(overused: 50)
Unrouted general nets at iteration 33 (MT total route time: 0.018 sec): 20(overused: 34)
Unrouted general nets at iteration 34 (MT total route time: 0.015 sec): 16(overused: 28)
Unrouted general nets at iteration 35 (MT total route time: 0.015 sec): 9(overused: 16)
Unrouted general nets at iteration 36 (MT total route time: 0.013 sec): 6(overused: 14)
Unrouted general nets at iteration 37 (MT total route time: 0.017 sec): 5(overused: 10)
Unrouted general nets at iteration 38 (MT total route time: 0.015 sec): 2(overused: 4)
Unrouted general nets at iteration 39 (MT total route time: 0.012 sec): 2(overused: 2)
Unrouted general nets at iteration 40 (MT total route time: 0.011 sec): 2(overused: 2)
Unrouted general nets at iteration 41 (MT total route time: 0.011 sec): 2(overused: 4)
Unrouted general nets at iteration 42 (MT total route time: 0.012 sec): 2(overused: 2)
Unrouted general nets at iteration 43 (MT total route time: 0.007 sec): 0(overused: 0)
----General net take 0.006 sec(route net take 0.000 sec, inc cost take 0.002 sec, iter times: 1)
----const net route take 0.009 sec
Unrouted nets at iteration 44 (0.016 sec): 0
Stage: after detail route | Performance: TNS = 0 ; WNS = 9843 ; THS = NA ; WHS = NA | Time (s): real = 0h:0m:10s ; cpu = 0h:0m:4s ; process = 0h:0m:10s | Memory (MB): curr = 423.566406 ; peak = 423.570313 | Checksum: 19D7C417672D3110
Begin rip-up and reroute:
Rip-up and reroute takes 0.11 sec.
Stage: after ripup & reroute | Performance: TNS = 0 ; WNS = 9838 ; THS = NA ; WHS = NA | Time (s): real = 0h:0m:10s ; cpu = 0h:0m:4s ; process = 0h:0m:10s | Memory (MB): curr = 427.644531 ; peak = 427.699219 | Checksum: 6A25BA3B879274BA
Detailed routing takes 4.70 sec.
I: Design net genblk1[0].fan_pwm_tach_m/w_clk_1s_pos is routed by general path.
C: Route-2036: The clock path from genblk1[0].fan_pwm_tach_m/Edge_Detect_u1/N0/gateop:Z to clkbufgs_6:CLKIN is routed by SRB.
I: Design net nt_i_CLK_PAL_IN_25M is routed by general path.
C: Route-2036: The clock path from i_CLK_PAL_IN_25M_ibuf/opit_1:OUT to pll_inst/u_pll_e2/goppllinmuxd:CLK_IN[0] is routed by SRB.
Sort Original Nets take 0.001 sec
Check HPIO div result take 0.000 sec
Total net: 2913, route succeed net: 2913
Generate routing result take 0.007 sec
Handle PERMUX permutation take 0.109 sec
Handle const net take 0.010 sec
Handle route through take 0.032 sec
Used SRB routing arc is 23152.
Stage: after finish route | Performance: TNS = 0 ; WNS = 9838 ; THS = NA ; WHS = NA | Time (s): real = 0h:0m:10s ; cpu = 0h:0m:4s ; process = 0h:0m:10s | Memory (MB): curr = 403.503906 ; peak = 427.699219 | Checksum: E0F07F59CA04C2FB
Finish routing takes 0.23 sec.
Total routing takes 6.32 sec.


Device Utilization Summary :
+----------------------------------------------------------------------------+
| Device Type                      | Used     | Available     | Util(%)     
+----------------------------------------------------------------------------+
| CLMA                             | 363      | 592           | 62          
| + FF                             | 759      | 3552          | 22          
| + LUT                            | 1025     | 2368          | 44          
|   + LUT as Logic                 | 822      |               |             
|   + LUT as Const                 | 185      |               |             
|   + LUT as Bypass                | 18       |               |             
| CLMS                             | 500      | 888           | 57          
| + FF                             | 1128     | 5328          | 22          
| + LUT                            | 1492     | 3552          | 43          
|   + LUT as Logic                 | 1332     |               |             
|   + LUT as Memory                | 0        |               |             
|     + LUT as Distributed RAM     | 0        |               |             
|   + LUT as Const                 | 144      |               |             
|   + LUT as Bypass                | 16       |               |             
| IO                               | 310      | 336           | 93          
| + IOBD                           | 21       | 21            | 100         
| + IOBR                           | 40       | 42            | 96          
| + IOBS                           | 249      | 273           | 92          
| BKCL                             | 6        | 6             | 100         
| CCS                              | 1        | 1             | 100         
| CLKDIV                           | 0        | 4             | 0           
| CLKDLY                           | 0        | 8             | 0           
| DLL                              | 0        | 2             | 0           
| DRM                              | 0        | 26            | 0           
| HARD0N1                          | 164      | 936           | 18          
| IOCKBRG                          | 0        | 2             | 0           
| IOCKGATE                         | 0        | 4             | 0           
| + IOCKGATE as Bypass             | 0        |               |             
| IOLDLYS                          | 140      | 252           | 56          
| IOLDLY                           | 57       | 84            | 68          
| IOL                              | 310      | 336           | 93          
| ISERDES                          | 0        | 21            | 0           
| LDO                              | 0        | 2             | 0           
| OSC                              | 0        | 1             | 0           
| OSERDES                          | 0        | 21            | 0           
| PLLINMUXD                        | 1        | 2             | 50          
| + PLLINMUXD as Bypass            | 0        |               |             
| PLL                              | 1        | 2             | 50          
| USCMDC                           | 2        | 8             | 25          
| + USCMDC as Bypass               | 0        |               |             
| USCMD                            | 0        | 2             | 0           
| + USCMD as Bypass                | 0        |               |             
| USSMBUF                          | 1        | 8             | 13          
| + USSMBUF as Bypass              | 0        |               |             
+----------------------------------------------------------------------------+

Finished routing. (CPU time elapsed 0h:00m:08s)
Design 'Tieta_Feiteng_1001_top' has been routed successfully.
Saving design to DB.
Action route: Export DB successfully.
Action route: Real time elapsed is 0h:0m:11s
Action route: CPU time elapsed is 0h:0m:9s
Action route: Process CPU time elapsed is 0h:0m:11s
Action route: Peak memory pool usage is 427 MB

Current time: Sat Mar 14 15:29:21 2026
