#Build: Fabric Compiler 2024.2-SP1.2, Build 187561, May 22 18:16 2025
#Install: C:\studyware\pango\PDS_2024.2-SP1.2-ads\bin
#Application name: pds_shell.exe
#OS: Windows 10 10.0.18363
#Hostname: z02665mj
Generated by Fabric Compiler (version 2024.2-SP1.2 build 187561) at Sat Mar 14 14:50:24 2026
Parameters for debugging are loaded as follows:
Compiling verification operator library.
Compiling common defs.
Compiling prim grid devices.
Compiling place grid timing.
Compiling gate devices.
Compiling gate operators.
Building architecture model.
Loading device packaging model.
Building architecture floorplan logic view.
Elaborate the liberty model.
I: Multithreading enabled for Timing using a maximum of 4 processes.

Routing started.
Build routing arch for double attribute device.
Enter timing driven router mode.
I: Multithreading enabled for route using a maximum of 1 processes.
W: Route-4027: Cannot find permit_rougth_thru_units.json file in working directory.
Building routing graph takes 0.40 sec.
Enable Recovery Analysis in Routing
Init coarse delay table.
Read place coarse delay table takes 0.05 sec.
build place dedicate switch graph takes 0.17 sec
Setup STE netlist take 505 msec.
Slack Weight : 90
CE/RS signal series limit : 500
Dispose control chain take 78 msec.
Collect const net info take 24 msec.
Total nets for routing: 2937.
Total loads for routing: 13746.
Direct connect net size: 1254
Build all design net take 181 msec.
Processing design graph takes 0.79 sec.
Delay table total memory: 4.79386520 MB
Route graph total memory: 11.15953445 MB
Route design total memory: 4.19807816 MB
The remaining process takes 0.05 sec.
Stage: after context initialize | Performance: TNS = 0 ; WNS = 9273 ; THS = NA ; WHS = NA | Time (s): real = 0h:0m:5s ; cpu = 0h:0m:3s ; process = 0h:0m:4s | Memory (MB): curr = 353.625000 ; peak = 379.628906 | Checksum: C5FB716119F9A910
Global routing takes 0.00 sec.
Pin Cost Increasing Speed 300
Unrouted clock nets at iteration 0 (0.010 sec): 0
Stage: after clock route | Performance: TNS = 0 ; WNS = 9273 ; THS = NA ; WHS = NA | Time (s): real = 0h:0m:5s ; cpu = 0h:0m:3s ; process = 0h:0m:4s | Memory (MB): curr = 354.750000 ; peak = 379.628906 | Checksum: 38C1AC2BCE0DDE76
Total route nets size: 2929
I: Start printing congestion info.
I: Finish printing congestion info.
Pre route takes 0.786 sec
Stage: after pre route | Performance: TNS = 0 ; WNS = 10447 ; THS = 0 ; WHS = 257 | Time (s): real = 0h:0m:6s ; cpu = 0h:0m:4s ; process = 0h:0m:6s | Memory (MB): curr = 415.195313 ; peak = 420.171875 | Checksum: D726BD47C72B135B
Unrouted general nets at iteration 2 (MT total route time: 0.478 sec): 2521(overused: 14112)
Unrouted general nets at iteration 3 (MT total route time: 0.382 sec): 2192(overused: 8789)
Unrouted general nets at iteration 4 (MT total route time: 0.304 sec): 1927(overused: 6968)
Unrouted general nets at iteration 5 (MT total route time: 0.252 sec): 1734(overused: 5621)
Unrouted general nets at iteration 6 (MT total route time: 0.203 sec): 1537(overused: 4682)
Unrouted general nets at iteration 7 (MT total route time: 0.162 sec): 1137(overused: 3289)
Unrouted general nets at iteration 8 (MT total route time: 0.125 sec): 816(overused: 2148)
Unrouted general nets at iteration 9 (MT total route time: 0.096 sec): 671(overused: 1717)
Unrouted general nets at iteration 10 (MT total route time: 0.086 sec): 561(overused: 1382)
Unrouted general nets at iteration 11 (MT total route time: 0.070 sec): 471(overused: 1090)
Unrouted general nets at iteration 12 (MT total route time: 0.062 sec): 405(overused: 914)
Unrouted general nets at iteration 13 (MT total route time: 0.051 sec): 319(overused: 695)
Unrouted general nets at iteration 14 (MT total route time: 0.042 sec): 268(overused: 557)
Unrouted general nets at iteration 15 (MT total route time: 0.039 sec): 234(overused: 466)
Unrouted general nets at iteration 16 (MT total route time: 0.035 sec): 212(overused: 421)
Unrouted general nets at iteration 17 (MT total route time: 0.028 sec): 165(overused: 317)
Unrouted general nets at iteration 18 (MT total route time: 0.030 sec): 164(overused: 312)
Unrouted general nets at iteration 19 (MT total route time: 0.025 sec): 134(overused: 255)
Unrouted general nets at iteration 20 (MT total route time: 0.020 sec): 102(overused: 194)
Unrouted general nets at iteration 21 (MT total route time: 0.025 sec): 84(overused: 142)
Unrouted general nets at iteration 22 (MT total route time: 0.021 sec): 72(overused: 144)
Unrouted general nets at iteration 23 (MT total route time: 0.030 sec): 70(overused: 148)
Unrouted general nets at iteration 24 (MT total route time: 0.025 sec): 77(overused: 138)
Unrouted general nets at iteration 25 (MT total route time: 0.023 sec): 69(overused: 114)
Unrouted general nets at iteration 26 (MT total route time: 0.020 sec): 58(overused: 92)
Unrouted general nets at iteration 27 (MT total route time: 0.018 sec): 48(overused: 78)
Unrouted general nets at iteration 28 (MT total route time: 0.019 sec): 42(overused: 68)
Unrouted general nets at iteration 29 (MT total route time: 0.015 sec): 39(overused: 74)
Unrouted general nets at iteration 30 (MT total route time: 0.017 sec): 35(overused: 60)
Unrouted general nets at iteration 31 (MT total route time: 0.017 sec): 26(overused: 38)
Unrouted general nets at iteration 32 (MT total route time: 0.018 sec): 36(overused: 68)
Unrouted general nets at iteration 33 (MT total route time: 0.040 sec): 34(overused: 70)
Unrouted general nets at iteration 34 (MT total route time: 0.018 sec): 34(overused: 58)
Unrouted general nets at iteration 35 (MT total route time: 0.021 sec): 29(overused: 48)
Unrouted general nets at iteration 36 (MT total route time: 0.018 sec): 26(overused: 52)
Unrouted general nets at iteration 37 (MT total route time: 0.018 sec): 32(overused: 56)
Unrouted general nets at iteration 38 (MT total route time: 0.029 sec): 42(overused: 124)
Unrouted general nets at iteration 39 (MT total route time: 0.024 sec): 42(overused: 96)
Unrouted general nets at iteration 40 (MT total route time: 0.020 sec): 37(overused: 82)
Unrouted general nets at iteration 41 (MT total route time: 0.021 sec): 40(overused: 72)
Unrouted general nets at iteration 42 (MT total route time: 0.019 sec): 36(overused: 56)
Unrouted general nets at iteration 43 (MT total route time: 0.018 sec): 30(overused: 44)
Unrouted general nets at iteration 44 (MT total route time: 0.016 sec): 22(overused: 30)
Unrouted general nets at iteration 45 (MT total route time: 0.013 sec): 17(overused: 24)
Unrouted general nets at iteration 46 (MT total route time: 0.016 sec): 24(overused: 36)
Unrouted general nets at iteration 47 (MT total route time: 0.018 sec): 30(overused: 62)
Unrouted general nets at iteration 48 (MT total route time: 0.024 sec): 27(overused: 54)
Unrouted general nets at iteration 49 (MT total route time: 0.016 sec): 20(overused: 40)
Unrouted general nets at iteration 50 (MT total route time: 0.021 sec): 34(overused: 80)
Unrouted general nets at iteration 51 (MT total route time: 0.014 sec): 30(overused: 70)
Unrouted general nets at iteration 52 (MT total route time: 0.015 sec): 31(overused: 60)
Unrouted general nets at iteration 53 (MT total route time: 0.012 sec): 29(overused: 63)
Unrouted general nets at iteration 54 (MT total route time: 0.011 sec): 27(overused: 60)
Unrouted general nets at iteration 55 (MT total route time: 0.010 sec): 36(overused: 70)
Unrouted general nets at iteration 56 (MT total route time: 0.012 sec): 26(overused: 42)
Unrouted general nets at iteration 57 (MT total route time: 0.009 sec): 17(overused: 32)
Unrouted general nets at iteration 58 (MT total route time: 0.008 sec): 25(overused: 34)
Unrouted general nets at iteration 59 (MT total route time: 0.009 sec): 20(overused: 34)
Unrouted general nets at iteration 60 (MT total route time: 0.014 sec): 28(overused: 62)
Unrouted general nets at iteration 61 (MT total route time: 0.009 sec): 21(overused: 40)
Unrouted general nets at iteration 62 (MT total route time: 0.010 sec): 19(overused: 29)
Unrouted general nets at iteration 63 (MT total route time: 0.008 sec): 11(overused: 18)
Unrouted general nets at iteration 64 (MT total route time: 0.007 sec): 5(overused: 10)
Unrouted general nets at iteration 65 (MT total route time: 0.008 sec): 4(overused: 10)
Unrouted general nets at iteration 66 (MT total route time: 0.007 sec): 5(overused: 6)
Unrouted general nets at iteration 67 (MT total route time: 0.007 sec): 9(overused: 16)
Unrouted general nets at iteration 68 (MT total route time: 0.007 sec): 13(overused: 24)
Unrouted general nets at iteration 69 (MT total route time: 0.009 sec): 11(overused: 24)
Unrouted general nets at iteration 70 (MT total route time: 0.008 sec): 6(overused: 12)
Unrouted general nets at iteration 71 (MT total route time: 0.008 sec): 6(overused: 6)
Unrouted general nets at iteration 72 (MT total route time: 0.007 sec): 4(overused: 4)
Unrouted general nets at iteration 73 (MT total route time: 0.014 sec): 2(overused: 2)
Unrouted general nets at iteration 74 (MT total route time: 0.007 sec): 0(overused: 0)
----General net take 0.008 sec(route net take 0.000 sec, inc cost take 0.003 sec, iter times: 1)
----const net route take 0.008 sec
Unrouted nets at iteration 75 (0.017 sec): 0
Stage: after detail route | Performance: TNS = 0 ; WNS = 9669 ; THS = NA ; WHS = NA | Time (s): real = 0h:0m:10s ; cpu = 0h:0m:4s ; process = 0h:0m:10s | Memory (MB): curr = 423.593750 ; peak = 423.597656 | Checksum: FD364062E095E516
Begin rip-up and reroute:
Rip-up and reroute takes 0.11 sec.
Stage: after ripup & reroute | Performance: TNS = 0 ; WNS = 9673 ; THS = NA ; WHS = NA | Time (s): real = 0h:0m:10s ; cpu = 0h:0m:4s ; process = 0h:0m:10s | Memory (MB): curr = 427.023438 ; peak = 428.406250 | Checksum: 6848728287570E90
Detailed routing takes 5.20 sec.
I: Design net genblk1[0].fan_pwm_tach_m/w_clk_1s_pos is routed by general path.
C: Route-2036: The clock path from genblk1[0].fan_pwm_tach_m/Edge_Detect_u1/N0/gateop:Z to clkbufgs_6:CLKIN is routed by SRB.
I: Design net nt_i_CLK_PAL_IN_25M is routed by general path.
C: Route-2036: The clock path from i_CLK_PAL_IN_25M_ibuf/opit_1:OUT to pll_inst/u_pll_e2/goppllinmuxd:CLK_IN[0] is routed by SRB.
Sort Original Nets take 0.001 sec
Check HPIO div result take 0.000 sec
Total net: 2937, route succeed net: 2937
Generate routing result take 0.006 sec
Handle PERMUX permutation take 0.107 sec
Handle const net take 0.009 sec
Handle route through take 0.032 sec
Used SRB routing arc is 23141.
Stage: after finish route | Performance: TNS = 0 ; WNS = 9673 ; THS = NA ; WHS = NA | Time (s): real = 0h:0m:10s ; cpu = 0h:0m:5s ; process = 0h:0m:10s | Memory (MB): curr = 405.964844 ; peak = 428.406250 | Checksum: 176122DC94EC34EE
Finish routing takes 0.22 sec.
Total routing takes 6.77 sec.


Device Utilization Summary :
+----------------------------------------------------------------------------+
| Device Type                      | Used     | Available     | Util(%)     
+----------------------------------------------------------------------------+
| CLMA                             | 361      | 592           | 61          
| + FF                             | 805      | 3552          | 23          
| + LUT                            | 1040     | 2368          | 44          
|   + LUT as Logic                 | 875      |               |             
|   + LUT as Const                 | 153      |               |             
|   + LUT as Bypass                | 12       |               |             
| CLMS                             | 502      | 888           | 57          
| + FF                             | 1097     | 5328          | 21          
| + LUT                            | 1464     | 3552          | 42          
|   + LUT as Logic                 | 1297     |               |             
|   + LUT as Memory                | 0        |               |             
|     + LUT as Distributed RAM     | 0        |               |             
|   + LUT as Const                 | 153      |               |             
|   + LUT as Bypass                | 14       |               |             
| IO                               | 310      | 336           | 93          
| + IOBD                           | 21       | 21            | 100         
| + IOBR                           | 40       | 42            | 96          
| + IOBS                           | 249      | 273           | 92          
| BKCL                             | 6        | 6             | 100         
| CCS                              | 1        | 1             | 100         
| CLKDIV                           | 0        | 4             | 0           
| CLKDLY                           | 0        | 8             | 0           
| DLL                              | 0        | 2             | 0           
| DRM                              | 0        | 26            | 0           
| HARD0N1                          | 175      | 936           | 19          
| IOCKBRG                          | 0        | 2             | 0           
| IOCKGATE                         | 0        | 4             | 0           
| + IOCKGATE as Bypass             | 0        |               |             
| IOLDLYS                          | 140      | 252           | 56          
| IOLDLY                           | 57       | 84            | 68          
| IOL                              | 310      | 336           | 93          
| ISERDES                          | 0        | 21            | 0           
| LDO                              | 0        | 2             | 0           
| OSC                              | 0        | 1             | 0           
| OSERDES                          | 0        | 21            | 0           
| PLLINMUXD                        | 1        | 2             | 50          
| + PLLINMUXD as Bypass            | 0        |               |             
| PLL                              | 1        | 2             | 50          
| USCMDC                           | 2        | 8             | 25          
| + USCMDC as Bypass               | 0        |               |             
| USCMD                            | 0        | 2             | 0           
| + USCMD as Bypass                | 0        |               |             
| USSMBUF                          | 1        | 8             | 13          
| + USSMBUF as Bypass              | 0        |               |             
+----------------------------------------------------------------------------+

Finished routing. (CPU time elapsed 0h:00m:09s)
Design 'Tieta_Feiteng_1001_top' has been routed successfully.
Saving design to DB.
Action route: Export DB successfully.
Action route: Real time elapsed is 0h:0m:11s
Action route: CPU time elapsed is 0h:0m:10s
Action route: Process CPU time elapsed is 0h:0m:11s
Action route: Peak memory pool usage is 428 MB

Current time: Sat Mar 14 14:50:33 2026
