#Build: Fabric Compiler 2024.2-SP1.2, Build 187561, May 22 18:16 2025
#Install: C:\studyware\pango\PDS_2024.2-SP1.2-ads\bin
#Application name: pds_shell.exe
#OS: Windows 10 10.0.18363
#Hostname: z02665mj
Generated by Fabric Compiler (version 2024.2-SP1.2 build 187561) at Tue Apr 21 13:56:41 2026
Parameters for debugging are loaded as follows:
Compiling verification operator library.
Compiling common defs.
Compiling prim grid devices.
Compiling place grid timing.
Compiling gate devices.
Compiling gate operators.
Building architecture model.
Loading device packaging model.
Building architecture floorplan logic view.
Elaborate the liberty model.
I: Multithreading enabled for Timing using a maximum of 4 processes.

Routing started.
Build routing arch for double attribute device.
Enter timing driven router mode.
I: Multithreading enabled for route using a maximum of 1 processes.
W: Route-4027: Cannot find permit_rougth_thru_units.json file in working directory.
Building routing graph takes 0.36 sec.
Enable Recovery Analysis in Routing
Init coarse delay table.
Read place coarse delay table takes 0.05 sec.
build place dedicate switch graph takes 0.20 sec
Setup STE netlist take 521 msec.
Slack Weight : 90
CE/RS signal series limit : 500
Dispose control chain take 72 msec.
Collect const net info take 23 msec.
Total nets for routing: 2254.
Total loads for routing: 10425.
Direct connect net size: 1120
Build all design net take 154 msec.
Processing design graph takes 0.78 sec.
Delay table total memory: 4.79386520 MB
Route graph total memory: 10.70488739 MB
Route design total memory: 3.60979843 MB
The remaining process takes 0.04 sec.
Stage: after context initialize | Performance: TNS = 0 ; WNS = 11148 ; THS = NA ; WHS = NA | Time (s): real = 0h:0m:5s ; cpu = 0h:0m:3s ; process = 0h:0m:4s | Memory (MB): curr = 330.988281 ; peak = 351.457031 | Checksum: 953E9D821863EE2E
Global routing takes 0.00 sec.
Pin Cost Increasing Speed 300
Unrouted clock nets at iteration 0 (0.006 sec): 0
Stage: after clock route | Performance: TNS = 0 ; WNS = 11148 ; THS = NA ; WHS = NA | Time (s): real = 0h:0m:5s ; cpu = 0h:0m:3s ; process = 0h:0m:4s | Memory (MB): curr = 331.898438 ; peak = 351.457031 | Checksum: DDF08319E9175DB7
Total route nets size: 2249
I: Start printing congestion info.
I: Finish printing congestion info.
Pre route takes 0.684 sec
Stage: after pre route | Performance: TNS = 0 ; WNS = 11470 ; THS = 0 ; WHS = 256 | Time (s): real = 0h:0m:6s ; cpu = 0h:0m:4s ; process = 0h:0m:5s | Memory (MB): curr = 380.609375 ; peak = 384.792969 | Checksum: 1F0C67696A5C0FF5
Unrouted general nets at iteration 2 (MT total route time: 0.398 sec): 1834(overused: 10452)
Unrouted general nets at iteration 3 (MT total route time: 0.310 sec): 1587(overused: 6510)
Unrouted general nets at iteration 4 (MT total route time: 0.274 sec): 1422(overused: 5271)
Unrouted general nets at iteration 5 (MT total route time: 0.199 sec): 1274(overused: 4195)
Unrouted general nets at iteration 6 (MT total route time: 0.177 sec): 1168(overused: 3667)
Unrouted general nets at iteration 7 (MT total route time: 0.134 sec): 738(overused: 2507)
Unrouted general nets at iteration 8 (MT total route time: 0.102 sec): 555(overused: 1646)
Unrouted general nets at iteration 9 (MT total route time: 0.089 sec): 454(overused: 1213)
Unrouted general nets at iteration 10 (MT total route time: 0.089 sec): 416(overused: 1036)
Unrouted general nets at iteration 11 (MT total route time: 0.061 sec): 335(overused: 773)
Unrouted general nets at iteration 12 (MT total route time: 0.051 sec): 284(overused: 566)
Unrouted general nets at iteration 13 (MT total route time: 0.043 sec): 221(overused: 451)
Unrouted general nets at iteration 14 (MT total route time: 0.034 sec): 172(overused: 370)
Unrouted general nets at iteration 15 (MT total route time: 0.029 sec): 153(overused: 314)
Unrouted general nets at iteration 16 (MT total route time: 0.026 sec): 143(overused: 291)
Unrouted general nets at iteration 17 (MT total route time: 0.023 sec): 113(overused: 208)
Unrouted general nets at iteration 18 (MT total route time: 0.019 sec): 104(overused: 191)
Unrouted general nets at iteration 19 (MT total route time: 0.021 sec): 108(overused: 186)
Unrouted general nets at iteration 20 (MT total route time: 0.022 sec): 96(overused: 155)
Unrouted general nets at iteration 21 (MT total route time: 0.028 sec): 84(overused: 142)
Unrouted general nets at iteration 22 (MT total route time: 0.019 sec): 71(overused: 130)
Unrouted general nets at iteration 23 (MT total route time: 0.017 sec): 61(overused: 100)
Unrouted general nets at iteration 24 (MT total route time: 0.016 sec): 56(overused: 90)
Unrouted general nets at iteration 25 (MT total route time: 0.015 sec): 33(overused: 56)
Unrouted general nets at iteration 26 (MT total route time: 0.010 sec): 25(overused: 38)
Unrouted general nets at iteration 27 (MT total route time: 0.009 sec): 21(overused: 36)
Unrouted general nets at iteration 28 (MT total route time: 0.007 sec): 15(overused: 20)
Unrouted general nets at iteration 29 (MT total route time: 0.007 sec): 13(overused: 18)
Unrouted general nets at iteration 30 (MT total route time: 0.007 sec): 6(overused: 10)
Unrouted general nets at iteration 31 (MT total route time: 0.006 sec): 4(overused: 8)
Unrouted general nets at iteration 32 (MT total route time: 0.006 sec): 2(overused: 2)
Unrouted general nets at iteration 33 (MT total route time: 0.006 sec): 2(overused: 4)
Unrouted general nets at iteration 34 (MT total route time: 0.007 sec): 2(overused: 4)
Unrouted general nets at iteration 35 (MT total route time: 0.006 sec): 3(overused: 6)
Unrouted general nets at iteration 36 (MT total route time: 0.005 sec): 4(overused: 8)
Unrouted general nets at iteration 37 (MT total route time: 0.006 sec): 8(overused: 16)
Unrouted general nets at iteration 38 (MT total route time: 0.006 sec): 6(overused: 10)
Unrouted general nets at iteration 39 (MT total route time: 0.006 sec): 5(overused: 10)
Unrouted general nets at iteration 40 (MT total route time: 0.006 sec): 2(overused: 4)
Unrouted general nets at iteration 41 (MT total route time: 0.006 sec): 3(overused: 4)
Unrouted general nets at iteration 42 (MT total route time: 0.005 sec): 4(overused: 6)
Unrouted general nets at iteration 43 (MT total route time: 0.009 sec): 11(overused: 18)
Unrouted general nets at iteration 44 (MT total route time: 0.007 sec): 9(overused: 12)
Unrouted general nets at iteration 45 (MT total route time: 0.009 sec): 8(overused: 16)
Unrouted general nets at iteration 46 (MT total route time: 0.007 sec): 9(overused: 14)
Unrouted general nets at iteration 47 (MT total route time: 0.010 sec): 12(overused: 14)
Unrouted general nets at iteration 48 (MT total route time: 0.014 sec): 7(overused: 8)
Unrouted general nets at iteration 49 (MT total route time: 0.006 sec): 6(overused: 10)
Unrouted general nets at iteration 50 (MT total route time: 0.009 sec): 4(overused: 4)
Unrouted general nets at iteration 51 (MT total route time: 0.005 sec): 4(overused: 6)
Unrouted general nets at iteration 52 (MT total route time: 0.006 sec): 0(overused: 0)
----General net take 0.007 sec(route net take 0.000 sec, inc cost take 0.002 sec, iter times: 1)
----const net route take 0.007 sec
Unrouted nets at iteration 53 (0.015 sec): 0
Stage: after detail route | Performance: TNS = 0 ; WNS = 10839 ; THS = NA ; WHS = NA | Time (s): real = 0h:0m:9s ; cpu = 0h:0m:4s ; process = 0h:0m:8s | Memory (MB): curr = 388.167969 ; peak = 388.171875 | Checksum: A669F0713B3B336D
Begin rip-up and reroute:
Rip-up and reroute takes 0.13 sec.
Stage: after ripup & reroute | Performance: TNS = 0 ; WNS = 10838 ; THS = NA ; WHS = NA | Time (s): real = 0h:0m:9s ; cpu = 0h:0m:4s ; process = 0h:0m:9s | Memory (MB): curr = 391.472656 ; peak = 391.523438 | Checksum: 56E63E441B2CDDF2
Detailed routing takes 3.81 sec.
I: Design net nt_i_CLK_C42_IN_25M is routed by general path.
C: Route-2036: The clock path from i_CLK_C42_IN_25M_ibuf/opit_1:OUT to pll_inst/u_pll_e2/goppllinmuxd:CLK_IN[0] is routed by SRB.
Sort Original Nets take 0.001 sec
Check HPIO div result take 0.000 sec
Total net: 2254, route succeed net: 2254
Generate routing result take 0.007 sec
Handle PERMUX permutation take 0.109 sec
Handle const net take 0.008 sec
Handle route through take 0.045 sec
Used SRB routing arc is 18090.
Stage: after finish route | Performance: TNS = 0 ; WNS = 10838 ; THS = NA ; WHS = NA | Time (s): real = 0h:0m:10s ; cpu = 0h:0m:4s ; process = 0h:0m:9s | Memory (MB): curr = 377.046875 ; peak = 391.523438 | Checksum: 93CFD2B314CB51CD
Finish routing takes 0.27 sec.
Total routing takes 5.38 sec.


Device Utilization Summary :
+----------------------------------------------------------------------------+
| Device Type                      | Used     | Available     | Util(%)     
+----------------------------------------------------------------------------+
| CLMA                             | 272      | 592           | 46          
| + FF                             | 595      | 3552          | 17          
| + LUT                            | 732      | 2368          | 31          
|   + LUT as Logic                 | 598      |               |             
|   + LUT as Const                 | 112      |               |             
|   + LUT as Bypass                | 22       |               |             
| CLMS                             | 391      | 888           | 45          
| + FF                             | 930      | 5328          | 18          
| + LUT                            | 1002     | 3552          | 29          
|   + LUT as Logic                 | 914      |               |             
|   + LUT as Memory                | 0        |               |             
|     + LUT as Distributed RAM     | 0        |               |             
|   + LUT as Const                 | 78       |               |             
|   + LUT as Bypass                | 10       |               |             
| IO                               | 287      | 336           | 86          
| + IOBD                           | 19       | 21            | 91          
| + IOBR                           | 37       | 42            | 89          
| + IOBS                           | 231      | 273           | 85          
| BKCL                             | 6        | 6             | 100         
| CCS                              | 1        | 1             | 100         
| CLKDIV                           | 0        | 4             | 0           
| CLKDLY                           | 0        | 8             | 0           
| DLL                              | 0        | 2             | 0           
| DRM                              | 0        | 26            | 0           
| HARD0N1                          | 80       | 936           | 9           
| IOCKBRG                          | 0        | 2             | 0           
| IOCKGATE                         | 0        | 4             | 0           
| + IOCKGATE as Bypass             | 0        |               |             
| IOLDLYS                          | 131      | 252           | 52          
| IOLDLY                           | 44       | 84            | 53          
| IOL                              | 287      | 336           | 86          
| ISERDES                          | 0        | 21            | 0           
| LDO                              | 0        | 2             | 0           
| OSC                              | 0        | 1             | 0           
| OSERDES                          | 0        | 21            | 0           
| PLLINMUXD                        | 1        | 2             | 50          
| + PLLINMUXD as Bypass            | 0        |               |             
| PLL                              | 1        | 2             | 50          
| USCMDC                           | 1        | 8             | 13          
| + USCMDC as Bypass               | 0        |               |             
| USCMD                            | 0        | 2             | 0           
| + USCMD as Bypass                | 0        |               |             
| USSMBUF                          | 0        | 8             | 0           
| + USSMBUF as Bypass              | 0        |               |             
+----------------------------------------------------------------------------+

Finished routing. (CPU time elapsed 0h:00m:08s)
Design 'Tieta_Feiteng_2001_top' has been routed successfully.
Saving design to DB.
Action route: Export DB successfully.
Action route: Real time elapsed is 0h:0m:10s
Action route: CPU time elapsed is 0h:0m:8s
Action route: Process CPU time elapsed is 0h:0m:10s
Action route: Peak memory pool usage is 391 MB

Current time: Tue Apr 21 13:56:49 2026
