#Build: Fabric Compiler 2024.2-SP1.2, Build 187561, May 22 18:16 2025
#Install: C:\studyware\pango\PDS_2024.2-SP1.2-ads\bin
#Application name: pds_shell.exe
#OS: Windows 10 10.0.18363
#Hostname: z02665mj
Generated by Fabric Compiler (version 2024.2-SP1.2 build 187561) at Wed Mar  4 20:56:43 2026
Parameters for debugging are loaded as follows:
Compiling verification operator library.
Compiling common defs.
Compiling prim grid devices.
Compiling place grid timing.
Compiling gate devices.
Compiling gate operators.
Building architecture model.
Loading device packaging model.
Building architecture floorplan logic view.
Elaborate the liberty model.
I: Multithreading enabled for Timing using a maximum of 4 processes.

Routing started.
Build routing arch for double attribute device.
Enter timing driven router mode.
I: Multithreading enabled for route using a maximum of 1 processes.
W: Route-4027: Cannot find permit_rougth_thru_units.json file in working directory.
Building routing graph takes 0.34 sec.
Enable Recovery Analysis in Routing
Init coarse delay table.
Read place coarse delay table takes 0.03 sec.
build place dedicate switch graph takes 0.16 sec
Setup STE netlist take 423 msec.
Slack Weight : 90
CE/RS signal series limit : 500
Dispose control chain take 52 msec.
Collect const net info take 17 msec.
Total nets for routing: 1819.
Total loads for routing: 8555.
Direct connect net size: 1034
Build all design net take 115 msec.
Processing design graph takes 0.61 sec.
Delay table total memory: 4.79386520 MB
Route graph total memory: 10.53314972 MB
Route design total memory: 3.36275864 MB
The remaining process takes 0.03 sec.
Stage: after context initialize | Performance: TNS = 0 ; WNS = 12670 ; THS = NA ; WHS = NA | Time (s): real = 0h:0m:5s ; cpu = 0h:0m:3s ; process = 0h:0m:4s | Memory (MB): curr = 325.832031 ; peak = 342.304688 | Checksum: 91CDC5B8492640A4
Global routing takes 0.00 sec.
Pin Cost Increasing Speed 300
Unrouted clock nets at iteration 0 (0.005 sec): 0
Stage: after clock route | Performance: TNS = 0 ; WNS = 12670 ; THS = NA ; WHS = NA | Time (s): real = 0h:0m:5s ; cpu = 0h:0m:3s ; process = 0h:0m:4s | Memory (MB): curr = 326.855469 ; peak = 342.304688 | Checksum: 41C189D7A20F3D83
Total route nets size: 1814
I: Start printing congestion info.
I: Finish printing congestion info.
Pre route takes 0.513 sec
Stage: after pre route | Performance: TNS = 0 ; WNS = 12559 ; THS = 0 ; WHS = 258 | Time (s): real = 0h:0m:6s ; cpu = 0h:0m:3s ; process = 0h:0m:5s | Memory (MB): curr = 359.152344 ; peak = 363.636719 | Checksum: 6A08E96A4649CEDA
Unrouted general nets at iteration 2 (MT total route time: 0.309 sec): 1502(overused: 8901)
Unrouted general nets at iteration 3 (MT total route time: 0.232 sec): 1321(overused: 5576)
Unrouted general nets at iteration 4 (MT total route time: 0.203 sec): 1212(overused: 4585)
Unrouted general nets at iteration 5 (MT total route time: 0.157 sec): 1096(overused: 3710)
Unrouted general nets at iteration 6 (MT total route time: 0.136 sec): 1034(overused: 3253)
Unrouted general nets at iteration 7 (MT total route time: 0.119 sec): 687(overused: 2359)
Unrouted general nets at iteration 8 (MT total route time: 0.099 sec): 553(overused: 1729)
Unrouted general nets at iteration 9 (MT total route time: 0.084 sec): 454(overused: 1309)
Unrouted general nets at iteration 10 (MT total route time: 0.067 sec): 374(overused: 1014)
Unrouted general nets at iteration 11 (MT total route time: 0.055 sec): 336(overused: 887)
Unrouted general nets at iteration 12 (MT total route time: 0.051 sec): 275(overused: 638)
Unrouted general nets at iteration 13 (MT total route time: 0.040 sec): 192(overused: 474)
Unrouted general nets at iteration 14 (MT total route time: 0.031 sec): 177(overused: 425)
Unrouted general nets at iteration 15 (MT total route time: 0.029 sec): 158(overused: 337)
Unrouted general nets at iteration 16 (MT total route time: 0.025 sec): 122(overused: 233)
Unrouted general nets at iteration 17 (MT total route time: 0.020 sec): 102(overused: 176)
Unrouted general nets at iteration 18 (MT total route time: 0.018 sec): 84(overused: 172)
Unrouted general nets at iteration 19 (MT total route time: 0.015 sec): 74(overused: 137)
Unrouted general nets at iteration 20 (MT total route time: 0.012 sec): 56(overused: 122)
Unrouted general nets at iteration 21 (MT total route time: 0.008 sec): 45(overused: 94)
Unrouted general nets at iteration 22 (MT total route time: 0.008 sec): 43(overused: 76)
Unrouted general nets at iteration 23 (MT total route time: 0.010 sec): 35(overused: 68)
Unrouted general nets at iteration 24 (MT total route time: 0.007 sec): 27(overused: 46)
Unrouted general nets at iteration 25 (MT total route time: 0.007 sec): 23(overused: 44)
Unrouted general nets at iteration 26 (MT total route time: 0.006 sec): 10(overused: 10)
Unrouted general nets at iteration 27 (MT total route time: 0.005 sec): 12(overused: 18)
Unrouted general nets at iteration 28 (MT total route time: 0.004 sec): 9(overused: 14)
Unrouted general nets at iteration 29 (MT total route time: 0.005 sec): 8(overused: 20)
Unrouted general nets at iteration 30 (MT total route time: 0.024 sec): 11(overused: 28)
Unrouted general nets at iteration 31 (MT total route time: 0.032 sec): 13(overused: 24)
Unrouted general nets at iteration 32 (MT total route time: 0.009 sec): 11(overused: 30)
Unrouted general nets at iteration 33 (MT total route time: 0.009 sec): 13(overused: 26)
Unrouted general nets at iteration 34 (MT total route time: 0.008 sec): 14(overused: 20)
Unrouted general nets at iteration 35 (MT total route time: 0.008 sec): 7(overused: 8)
Unrouted general nets at iteration 36 (MT total route time: 0.004 sec): 5(overused: 6)
Unrouted general nets at iteration 37 (MT total route time: 0.005 sec): 2(overused: 2)
Unrouted general nets at iteration 38 (MT total route time: 0.006 sec): 4(overused: 4)
Unrouted general nets at iteration 39 (MT total route time: 0.005 sec): 4(overused: 4)
Unrouted general nets at iteration 40 (MT total route time: 0.004 sec): 2(overused: 2)
Unrouted general nets at iteration 41 (MT total route time: 0.005 sec): 3(overused: 4)
Unrouted general nets at iteration 42 (MT total route time: 0.006 sec): 2(overused: 4)
Unrouted general nets at iteration 43 (MT total route time: 0.006 sec): 4(overused: 8)
Unrouted general nets at iteration 44 (MT total route time: 0.007 sec): 6(overused: 6)
Unrouted general nets at iteration 45 (MT total route time: 0.006 sec): 5(overused: 6)
Unrouted general nets at iteration 46 (MT total route time: 0.007 sec): 4(overused: 4)
Unrouted general nets at iteration 47 (MT total route time: 0.003 sec): 2(overused: 2)
Unrouted general nets at iteration 48 (MT total route time: 0.004 sec): 2(overused: 2)
Unrouted general nets at iteration 49 (MT total route time: 0.005 sec): 0(overused: 0)
----General net take 0.004 sec(route net take 0.000 sec, inc cost take 0.001 sec, iter times: 1)
----const net route take 0.004 sec
Unrouted nets at iteration 50 (0.009 sec): 0
Stage: after detail route | Performance: TNS = 0 ; WNS = 11979 ; THS = NA ; WHS = NA | Time (s): real = 0h:0m:8s ; cpu = 0h:0m:3s ; process = 0h:0m:7s | Memory (MB): curr = 364.593750 ; peak = 366.429688 | Checksum: DDB0A98EE36F62ED
Begin rip-up and reroute:
Rip-up and reroute takes 0.07 sec.
Stage: after ripup & reroute | Performance: TNS = 0 ; WNS = 11983 ; THS = NA ; WHS = NA | Time (s): real = 0h:0m:8s ; cpu = 0h:0m:3s ; process = 0h:0m:7s | Memory (MB): curr = 367.464844 ; peak = 369.511719 | Checksum: 199922EA00981F83
Detailed routing takes 2.97 sec.
I: Design net nt_i_CLK_C42_IN_25M is routed by general path.
C: Route-2036: The clock path from i_CLK_C42_IN_25M_ibuf/opit_1:OUT to pll_inst/u_pll_e2/goppllinmuxd:CLK_IN[0] is routed by SRB.
Sort Original Nets take 0.000 sec
Check HPIO div result take 0.000 sec
Total net: 1819, route succeed net: 1819
Generate routing result take 0.005 sec
Handle PERMUX permutation take 0.066 sec
Handle const net take 0.005 sec
Handle route through take 0.026 sec
Used SRB routing arc is 15014.
Stage: after finish route | Performance: TNS = 0 ; WNS = 11983 ; THS = NA ; WHS = NA | Time (s): real = 0h:0m:8s ; cpu = 0h:0m:4s ; process = 0h:0m:7s | Memory (MB): curr = 351.093750 ; peak = 369.511719 | Checksum: 45375A4319F1E913
Finish routing takes 0.15 sec.
Total routing takes 4.18 sec.


Device Utilization Summary :
+----------------------------------------------------------------------------+
| Device Type                      | Used     | Available     | Util(%)     
+----------------------------------------------------------------------------+
| CLMA                             | 247      | 592           | 42          
| + FF                             | 495      | 3552          | 14          
| + LUT                            | 594      | 2368          | 26          
|   + LUT as Logic                 | 485      |               |             
|   + LUT as Const                 | 93       |               |             
|   + LUT as Bypass                | 16       |               |             
| CLMS                             | 311      | 888           | 36          
| + FF                             | 752      | 5328          | 15          
| + LUT                            | 805      | 3552          | 23          
|   + LUT as Logic                 | 704      |               |             
|   + LUT as Memory                | 0        |               |             
|     + LUT as Distributed RAM     | 0        |               |             
|   + LUT as Const                 | 89       |               |             
|   + LUT as Bypass                | 12       |               |             
| IO                               | 287      | 336           | 86          
| + IOBD                           | 19       | 21            | 91          
| + IOBR                           | 37       | 42            | 89          
| + IOBS                           | 231      | 273           | 85          
| BKCL                             | 6        | 6             | 100         
| CCS                              | 1        | 1             | 100         
| CLKDIV                           | 0        | 4             | 0           
| CLKDLY                           | 0        | 8             | 0           
| DLL                              | 0        | 2             | 0           
| DRM                              | 0        | 26            | 0           
| HARD0N1                          | 56       | 936           | 6           
| IOCKBRG                          | 0        | 2             | 0           
| IOCKGATE                         | 0        | 4             | 0           
| + IOCKGATE as Bypass             | 0        |               |             
| IOLDLYS                          | 131      | 252           | 52          
| IOLDLY                           | 38       | 84            | 46          
| IOL                              | 287      | 336           | 86          
| ISERDES                          | 0        | 21            | 0           
| LDO                              | 0        | 2             | 0           
| OSC                              | 0        | 1             | 0           
| OSERDES                          | 0        | 21            | 0           
| PLLINMUXD                        | 1        | 2             | 50          
| + PLLINMUXD as Bypass            | 0        |               |             
| PLL                              | 1        | 2             | 50          
| USCMDC                           | 1        | 8             | 13          
| + USCMDC as Bypass               | 0        |               |             
| USCMD                            | 0        | 2             | 0           
| + USCMD as Bypass                | 0        |               |             
| USSMBUF                          | 0        | 8             | 0           
| + USSMBUF as Bypass              | 0        |               |             
+----------------------------------------------------------------------------+

Finished routing. (CPU time elapsed 0h:00m:06s)
Design 'Tieta_Feiteng_2001_top' has been routed successfully.
Saving design to DB.
Action route: Export DB successfully.
Action route: Real time elapsed is 0h:0m:9s
Action route: CPU time elapsed is 0h:0m:7s
Action route: Process CPU time elapsed is 0h:0m:8s
Action route: Peak memory pool usage is 369 MB

Current time: Wed Mar  4 20:56:50 2026
