#Build: Fabric Compiler 2024.2-SP1.2, Build 187561, May 22 18:16 2025
#Install: C:\studyware\pango\PDS_2024.2-SP1.2-ads\bin
#Application name: pds_shell.exe
#OS: Windows 10 10.0.18363
#Hostname: z02665mj
Generated by Fabric Compiler (version 2024.2-SP1.2 build 187561) at Thu Mar 26 19:36:44 2026
Parameters for debugging are loaded as follows:
Compiling verification operator library.
Compiling common defs.
Compiling prim grid devices.
Compiling place grid timing.
Compiling gate devices.
Compiling gate operators.
Building architecture model.
Loading device packaging model.
Building architecture floorplan logic view.
Elaborate the liberty model.
I: Multithreading enabled for Timing using a maximum of 4 processes.

Routing started.
Build routing arch for double attribute device.
Enter timing driven router mode.
I: Multithreading enabled for route using a maximum of 1 processes.
W: Route-4027: Cannot find permit_rougth_thru_units.json file in working directory.
Building routing graph takes 0.45 sec.
Enable Recovery Analysis in Routing
Init coarse delay table.
Read place coarse delay table takes 0.03 sec.
build place dedicate switch graph takes 0.17 sec
Setup STE netlist take 571 msec.
Slack Weight : 90
CE/RS signal series limit : 500
Dispose control chain take 86 msec.
Collect const net info take 25 msec.
Total nets for routing: 3140.
Total loads for routing: 14821.
Direct connect net size: 1255
Build all design net take 180 msec.
Processing design graph takes 0.87 sec.
Delay table total memory: 4.79386520 MB
Route graph total memory: 11.33916473 MB
Route design total memory: 4.23931503 MB
The remaining process takes 0.06 sec.
Stage: after context initialize | Performance: TNS = 0 ; WNS = 8968 ; THS = NA ; WHS = NA | Time (s): real = 0h:0m:6s ; cpu = 0h:0m:4s ; process = 0h:0m:5s | Memory (MB): curr = 356.542969 ; peak = 383.777344 | Checksum: 72D71A2703783844
Global routing takes 0.00 sec.
Pin Cost Increasing Speed 300
Unrouted clock nets at iteration 0 (0.009 sec): 0
Stage: after clock route | Performance: TNS = 0 ; WNS = 8968 ; THS = NA ; WHS = NA | Time (s): real = 0h:0m:6s ; cpu = 0h:0m:4s ; process = 0h:0m:5s | Memory (MB): curr = 358.023438 ; peak = 383.777344 | Checksum: CC0F5B231235130D
Total route nets size: 3132
I: Start printing congestion info.
I: Finish printing congestion info.
Pre route takes 0.856 sec
Stage: after pre route | Performance: TNS = 0 ; WNS = 10299 ; THS = 0 ; WHS = 63 | Time (s): real = 0h:0m:7s ; cpu = 0h:0m:4s ; process = 0h:0m:6s | Memory (MB): curr = 420.718750 ; peak = 425.980469 | Checksum: A8D20AA4627CF212
Unrouted general nets at iteration 2 (MT total route time: 0.945 sec): 2737(overused: 14852)
Unrouted general nets at iteration 3 (MT total route time: 0.457 sec): 2306(overused: 9142)
Unrouted general nets at iteration 4 (MT total route time: 0.315 sec): 2058(overused: 7302)
Unrouted general nets at iteration 5 (MT total route time: 0.272 sec): 1808(overused: 5849)
Unrouted general nets at iteration 6 (MT total route time: 0.227 sec): 1590(overused: 4813)
Unrouted general nets at iteration 7 (MT total route time: 0.178 sec): 1145(overused: 3473)
Unrouted general nets at iteration 8 (MT total route time: 0.141 sec): 887(overused: 2345)
Unrouted general nets at iteration 9 (MT total route time: 0.120 sec): 699(overused: 1756)
Unrouted general nets at iteration 10 (MT total route time: 0.106 sec): 579(overused: 1329)
Unrouted general nets at iteration 11 (MT total route time: 0.085 sec): 449(overused: 1028)
Unrouted general nets at iteration 12 (MT total route time: 0.121 sec): 370(overused: 890)
Unrouted general nets at iteration 13 (MT total route time: 0.124 sec): 322(overused: 734)
Unrouted general nets at iteration 14 (MT total route time: 0.102 sec): 276(overused: 605)
Unrouted general nets at iteration 15 (MT total route time: 0.094 sec): 255(overused: 569)
Unrouted general nets at iteration 16 (MT total route time: 0.092 sec): 247(overused: 536)
Unrouted general nets at iteration 17 (MT total route time: 0.056 sec): 205(overused: 388)
Unrouted general nets at iteration 18 (MT total route time: 0.034 sec): 163(overused: 337)
Unrouted general nets at iteration 19 (MT total route time: 0.028 sec): 139(overused: 240)
Unrouted general nets at iteration 20 (MT total route time: 0.033 sec): 111(overused: 192)
Unrouted general nets at iteration 21 (MT total route time: 0.034 sec): 133(overused: 271)
Unrouted general nets at iteration 22 (MT total route time: 0.036 sec): 108(overused: 205)
Unrouted general nets at iteration 23 (MT total route time: 0.023 sec): 87(overused: 174)
Unrouted general nets at iteration 24 (MT total route time: 0.020 sec): 81(overused: 136)
Unrouted general nets at iteration 25 (MT total route time: 0.022 sec): 81(overused: 160)
Unrouted general nets at iteration 26 (MT total route time: 0.021 sec): 83(overused: 144)
Unrouted general nets at iteration 27 (MT total route time: 0.032 sec): 91(overused: 170)
Unrouted general nets at iteration 28 (MT total route time: 0.025 sec): 66(overused: 122)
Unrouted general nets at iteration 29 (MT total route time: 0.021 sec): 55(overused: 110)
Unrouted general nets at iteration 30 (MT total route time: 0.017 sec): 42(overused: 66)
Unrouted general nets at iteration 31 (MT total route time: 0.014 sec): 36(overused: 52)
Unrouted general nets at iteration 32 (MT total route time: 0.012 sec): 28(overused: 38)
Unrouted general nets at iteration 33 (MT total route time: 0.012 sec): 36(overused: 60)
Unrouted general nets at iteration 34 (MT total route time: 0.025 sec): 41(overused: 94)
Unrouted general nets at iteration 35 (MT total route time: 0.016 sec): 33(overused: 66)
Unrouted general nets at iteration 36 (MT total route time: 0.013 sec): 22(overused: 40)
Unrouted general nets at iteration 37 (MT total route time: 0.011 sec): 16(overused: 20)
Unrouted general nets at iteration 38 (MT total route time: 0.011 sec): 11(overused: 16)
Unrouted general nets at iteration 39 (MT total route time: 0.013 sec): 19(overused: 26)
Unrouted general nets at iteration 40 (MT total route time: 0.011 sec): 22(overused: 44)
Unrouted general nets at iteration 41 (MT total route time: 0.023 sec): 43(overused: 105)
Unrouted general nets at iteration 42 (MT total route time: 0.019 sec): 43(overused: 76)
Unrouted general nets at iteration 43 (MT total route time: 0.021 sec): 34(overused: 48)
Unrouted general nets at iteration 44 (MT total route time: 0.013 sec): 21(overused: 36)
Unrouted general nets at iteration 45 (MT total route time: 0.014 sec): 19(overused: 34)
Unrouted general nets at iteration 46 (MT total route time: 0.013 sec): 15(overused: 28)
Unrouted general nets at iteration 47 (MT total route time: 0.010 sec): 9(overused: 20)
Unrouted general nets at iteration 48 (MT total route time: 0.009 sec): 2(overused: 4)
Unrouted general nets at iteration 49 (MT total route time: 0.008 sec): 2(overused: 2)
Unrouted general nets at iteration 50 (MT total route time: 0.010 sec): 0(overused: 0)
----General net take 0.009 sec(route net take 0.000 sec, inc cost take 0.003 sec, iter times: 1)
----const net route take 0.010 sec
Unrouted nets at iteration 51 (0.020 sec): 0
Stage: after detail route | Performance: TNS = 0 ; WNS = 8417 ; THS = NA ; WHS = NA | Time (s): real = 0h:0m:12s ; cpu = 0h:0m:4s ; process = 0h:0m:11s | Memory (MB): curr = 429.289063 ; peak = 430.097656 | Checksum: 1ADC3CFD121C85B8
Begin rip-up and reroute:
Rip-up and reroute takes 0.12 sec.
Stage: after ripup & reroute | Performance: TNS = 0 ; WNS = 8421 ; THS = NA ; WHS = NA | Time (s): real = 0h:0m:12s ; cpu = 0h:0m:5s ; process = 0h:0m:11s | Memory (MB): curr = 433.105469 ; peak = 434.457031 | Checksum: 8224E0FAD90A2AA5
Detailed routing takes 5.87 sec.
I: Design net genblk1[0].fan_pwm_tach_m/w_clk_1s_pos is routed by general path.
C: Route-2036: The clock path from genblk1[0].fan_pwm_tach_m/Edge_Detect_u1/N0/gateop:Z to clkbufgs_6:CLKIN is routed by SRB.
I: Design net nt_i_CLK_PAL_IN_25M is routed by general path.
C: Route-2036: The clock path from i_CLK_PAL_IN_25M_ibuf/opit_1:OUT to pll_inst/u_pll_e2/goppllinmuxd:CLK_IN[0] is routed by SRB.
Sort Original Nets take 0.002 sec
Check HPIO div result take 0.000 sec
Total net: 3140, route succeed net: 3140
Generate routing result take 0.007 sec
Handle PERMUX permutation take 0.112 sec
Handle const net take 0.010 sec
Handle route through take 0.035 sec
Used SRB routing arc is 25153.
Stage: after finish route | Performance: TNS = 0 ; WNS = 8421 ; THS = NA ; WHS = NA | Time (s): real = 0h:0m:12s ; cpu = 0h:0m:5s ; process = 0h:0m:11s | Memory (MB): curr = 408.433594 ; peak = 434.457031 | Checksum: AED96596D020AA2C
Finish routing takes 0.25 sec.
Total routing takes 7.59 sec.


Device Utilization Summary :
+----------------------------------------------------------------------------+
| Device Type                      | Used     | Available     | Util(%)     
+----------------------------------------------------------------------------+
| CLMA                             | 390      | 592           | 66          
| + FF                             | 811      | 3552          | 23          
| + LUT                            | 1149     | 2368          | 49          
|   + LUT as Logic                 | 931      |               |             
|   + LUT as Const                 | 204      |               |             
|   + LUT as Bypass                | 14       |               |             
| CLMS                             | 553      | 888           | 63          
| + FF                             | 1260     | 5328          | 24          
| + LUT                            | 1589     | 3552          | 45          
|   + LUT as Logic                 | 1402     |               |             
|   + LUT as Memory                | 0        |               |             
|     + LUT as Distributed RAM     | 0        |               |             
|   + LUT as Const                 | 153      |               |             
|   + LUT as Bypass                | 34       |               |             
| IO                               | 300      | 336           | 90          
| + IOBD                           | 21       | 21            | 100         
| + IOBR                           | 34       | 42            | 81          
| + IOBS                           | 245      | 273           | 90          
| BKCL                             | 6        | 6             | 100         
| CCS                              | 1        | 1             | 100         
| CLKDIV                           | 0        | 4             | 0           
| CLKDLY                           | 0        | 8             | 0           
| DLL                              | 0        | 2             | 0           
| DRM                              | 0        | 26            | 0           
| HARD0N1                          | 186      | 936           | 20          
| IOCKBRG                          | 0        | 2             | 0           
| IOCKGATE                         | 0        | 4             | 0           
| + IOCKGATE as Bypass             | 0        |               |             
| IOLDLYS                          | 138      | 252           | 55          
| IOLDLY                           | 44       | 84            | 53          
| IOL                              | 300      | 336           | 90          
| ISERDES                          | 0        | 21            | 0           
| LDO                              | 0        | 2             | 0           
| OSC                              | 0        | 1             | 0           
| OSERDES                          | 0        | 21            | 0           
| PLLINMUXD                        | 1        | 2             | 50          
| + PLLINMUXD as Bypass            | 0        |               |             
| PLL                              | 1        | 2             | 50          
| USCMDC                           | 2        | 8             | 25          
| + USCMDC as Bypass               | 0        |               |             
| USCMD                            | 0        | 2             | 0           
| + USCMD as Bypass                | 0        |               |             
| USSMBUF                          | 1        | 8             | 13          
| + USSMBUF as Bypass              | 0        |               |             
+----------------------------------------------------------------------------+

Finished routing. (CPU time elapsed 0h:00m:10s)
Design 'Tieta_Feiteng_1001_top' has been routed successfully.
Saving design to DB.
Action route: Export DB successfully.
Action route: Real time elapsed is 0h:0m:13s
Action route: CPU time elapsed is 0h:0m:11s
Action route: Process CPU time elapsed is 0h:0m:13s
Action route: Peak memory pool usage is 434 MB

Current time: Thu Mar 26 19:36:55 2026
