#Build: Fabric Compiler 2024.2-SP1.2, Build 187561, May 22 18:16 2025
#Install: C:\studyware\pango\PDS_2024.2-SP1.2-ads\bin
#Application name: pds_shell.exe
#OS: Windows 10 10.0.18363
#Hostname: z02665mj
Generated by Fabric Compiler (version 2024.2-SP1.2 build 187561) at Fri Mar 27 19:33:49 2026
Parameters for debugging are loaded as follows:
Compiling verification operator library.
Compiling common defs.
Compiling prim grid devices.
Compiling place grid timing.
Compiling gate devices.
Compiling gate operators.
Building architecture model.
Loading device packaging model.
Building architecture floorplan logic view.
Elaborate the liberty model.
I: Multithreading enabled for Timing using a maximum of 4 processes.

Routing started.
Build routing arch for double attribute device.
Enter timing driven router mode.
I: Multithreading enabled for route using a maximum of 1 processes.
W: Route-4027: Cannot find permit_rougth_thru_units.json file in working directory.
Building routing graph takes 0.33 sec.
Enable Recovery Analysis in Routing
Init coarse delay table.
Read place coarse delay table takes 0.06 sec.
build place dedicate switch graph takes 0.28 sec
Setup STE netlist take 1796 msec.
Slack Weight : 90
CE/RS signal series limit : 500
Dispose control chain take 143 msec.
Collect const net info take 40 msec.
Total nets for routing: 2244.
Total loads for routing: 10442.
Direct connect net size: 1102
Build all design net take 185 msec.
Processing design graph takes 2.17 sec.
Delay table total memory: 4.79386520 MB
Route graph total memory: 10.70352554 MB
Route design total memory: 3.60873795 MB
The remaining process takes 0.04 sec.
Stage: after context initialize | Performance: TNS = 0 ; WNS = 10971 ; THS = NA ; WHS = NA | Time (s): real = 0h:0m:7s ; cpu = 0h:0m:3s ; process = 0h:0m:5s | Memory (MB): curr = 331.917969 ; peak = 352.089844 | Checksum: B35D8A007428CA5D
Global routing takes 0.00 sec.
Pin Cost Increasing Speed 300
Unrouted clock nets at iteration 0 (0.006 sec): 0
Stage: after clock route | Performance: TNS = 0 ; WNS = 10971 ; THS = NA ; WHS = NA | Time (s): real = 0h:0m:7s ; cpu = 0h:0m:3s ; process = 0h:0m:5s | Memory (MB): curr = 332.976563 ; peak = 352.089844 | Checksum: 8384635EC86FABD8
Total route nets size: 2239
I: Start printing congestion info.
I: Finish printing congestion info.
Pre route takes 1.041 sec
Stage: after pre route | Performance: TNS = 0 ; WNS = 11445 ; THS = 0 ; WHS = 255 | Time (s): real = 0h:0m:8s ; cpu = 0h:0m:4s ; process = 0h:0m:6s | Memory (MB): curr = 377.109375 ; peak = 381.656250 | Checksum: 1407E680651D4026
Unrouted general nets at iteration 2 (MT total route time: 0.386 sec): 1849(overused: 10405)
Unrouted general nets at iteration 3 (MT total route time: 0.313 sec): 1607(overused: 6561)
Unrouted general nets at iteration 4 (MT total route time: 0.336 sec): 1416(overused: 5254)
Unrouted general nets at iteration 5 (MT total route time: 0.239 sec): 1274(overused: 4236)
Unrouted general nets at iteration 6 (MT total route time: 0.158 sec): 1160(overused: 3682)
Unrouted general nets at iteration 7 (MT total route time: 0.120 sec): 713(overused: 2595)
Unrouted general nets at iteration 8 (MT total route time: 0.122 sec): 584(overused: 1797)
Unrouted general nets at iteration 9 (MT total route time: 0.097 sec): 481(overused: 1321)
Unrouted general nets at iteration 10 (MT total route time: 0.070 sec): 386(overused: 929)
Unrouted general nets at iteration 11 (MT total route time: 0.057 sec): 323(overused: 776)
Unrouted general nets at iteration 12 (MT total route time: 0.049 sec): 258(overused: 590)
Unrouted general nets at iteration 13 (MT total route time: 0.037 sec): 207(overused: 459)
Unrouted general nets at iteration 14 (MT total route time: 0.033 sec): 184(overused: 404)
Unrouted general nets at iteration 15 (MT total route time: 0.029 sec): 158(overused: 348)
Unrouted general nets at iteration 16 (MT total route time: 0.027 sec): 129(overused: 283)
Unrouted general nets at iteration 17 (MT total route time: 0.028 sec): 109(overused: 230)
Unrouted general nets at iteration 18 (MT total route time: 0.037 sec): 97(overused: 198)
Unrouted general nets at iteration 19 (MT total route time: 0.019 sec): 84(overused: 167)
Unrouted general nets at iteration 20 (MT total route time: 0.015 sec): 60(overused: 132)
Unrouted general nets at iteration 21 (MT total route time: 0.013 sec): 46(overused: 66)
Unrouted general nets at iteration 22 (MT total route time: 0.014 sec): 33(overused: 46)
Unrouted general nets at iteration 23 (MT total route time: 0.009 sec): 18(overused: 26)
Unrouted general nets at iteration 24 (MT total route time: 0.008 sec): 16(overused: 22)
Unrouted general nets at iteration 25 (MT total route time: 0.007 sec): 16(overused: 20)
Unrouted general nets at iteration 26 (MT total route time: 0.007 sec): 11(overused: 16)
Unrouted general nets at iteration 27 (MT total route time: 0.006 sec): 4(overused: 4)
Unrouted general nets at iteration 28 (MT total route time: 0.006 sec): 4(overused: 4)
Unrouted general nets at iteration 29 (MT total route time: 0.006 sec): 4(overused: 4)
Unrouted general nets at iteration 30 (MT total route time: 0.005 sec): 5(overused: 10)
Unrouted general nets at iteration 31 (MT total route time: 0.006 sec): 9(overused: 10)
Unrouted general nets at iteration 32 (MT total route time: 0.008 sec): 6(overused: 10)
Unrouted general nets at iteration 33 (MT total route time: 0.011 sec): 4(overused: 6)
Unrouted general nets at iteration 34 (MT total route time: 0.006 sec): 2(overused: 2)
Unrouted general nets at iteration 35 (MT total route time: 0.004 sec): 2(overused: 2)
Unrouted general nets at iteration 36 (MT total route time: 0.004 sec): 0(overused: 0)
----General net take 0.006 sec(route net take 0.000 sec, inc cost take 0.003 sec, iter times: 1)
----const net route take 0.008 sec
Unrouted nets at iteration 37 (0.015 sec): 0
Stage: after detail route | Performance: TNS = 0 ; WNS = 11105 ; THS = NA ; WHS = NA | Time (s): real = 0h:0m:11s ; cpu = 0h:0m:4s ; process = 0h:0m:8s | Memory (MB): curr = 383.781250 ; peak = 384.230469 | Checksum: DF4AB213F5A9756E
Begin rip-up and reroute:
Rip-up and reroute takes 0.11 sec.
Stage: after ripup & reroute | Performance: TNS = 0 ; WNS = 11102 ; THS = NA ; WHS = NA | Time (s): real = 0h:0m:11s ; cpu = 0h:0m:4s ; process = 0h:0m:9s | Memory (MB): curr = 388.089844 ; peak = 388.140625 | Checksum: 21AF46D941FEBF0B
Detailed routing takes 3.90 sec.
I: Design net nt_i_CLK_C42_IN_25M is routed by general path.
C: Route-2036: The clock path from i_CLK_C42_IN_25M_ibuf/opit_1:OUT to pll_inst/u_pll_e2/goppllinmuxd:CLK_IN[0] is routed by SRB.
Sort Original Nets take 0.000 sec
Check HPIO div result take 0.000 sec
Total net: 2244, route succeed net: 2244
Generate routing result take 0.005 sec
Handle PERMUX permutation take 0.101 sec
Handle const net take 0.015 sec
Handle route through take 0.055 sec
Used SRB routing arc is 18030.
Stage: after finish route | Performance: TNS = 0 ; WNS = 11102 ; THS = NA ; WHS = NA | Time (s): real = 0h:0m:11s ; cpu = 0h:0m:4s ; process = 0h:0m:9s | Memory (MB): curr = 369.226563 ; peak = 388.140625 | Checksum: FEB7D7EF70892622
Finish routing takes 0.25 sec.
Total routing takes 6.78 sec.


Device Utilization Summary :
+----------------------------------------------------------------------------+
| Device Type                      | Used     | Available     | Util(%)     
+----------------------------------------------------------------------------+
| CLMA                             | 284      | 592           | 48          
| + FF                             | 626      | 3552          | 18          
| + LUT                            | 725      | 2368          | 31          
|   + LUT as Logic                 | 592      |               |             
|   + LUT as Const                 | 113      |               |             
|   + LUT as Bypass                | 20       |               |             
| CLMS                             | 387      | 888           | 44          
| + FF                             | 896      | 5328          | 17          
| + LUT                            | 1038     | 3552          | 30          
|   + LUT as Logic                 | 917      |               |             
|   + LUT as Memory                | 0        |               |             
|     + LUT as Distributed RAM     | 0        |               |             
|   + LUT as Const                 | 99       |               |             
|   + LUT as Bypass                | 22       |               |             
| IO                               | 287      | 336           | 86          
| + IOBD                           | 19       | 21            | 91          
| + IOBR                           | 37       | 42            | 89          
| + IOBS                           | 231      | 273           | 85          
| BKCL                             | 6        | 6             | 100         
| CCS                              | 1        | 1             | 100         
| CLKDIV                           | 0        | 4             | 0           
| CLKDLY                           | 0        | 8             | 0           
| DLL                              | 0        | 2             | 0           
| DRM                              | 0        | 26            | 0           
| HARD0N1                          | 83       | 936           | 9           
| IOCKBRG                          | 0        | 2             | 0           
| IOCKGATE                         | 0        | 4             | 0           
| + IOCKGATE as Bypass             | 0        |               |             
| IOLDLYS                          | 131      | 252           | 52          
| IOLDLY                           | 44       | 84            | 53          
| IOL                              | 287      | 336           | 86          
| ISERDES                          | 0        | 21            | 0           
| LDO                              | 0        | 2             | 0           
| OSC                              | 0        | 1             | 0           
| OSERDES                          | 0        | 21            | 0           
| PLLINMUXD                        | 1        | 2             | 50          
| + PLLINMUXD as Bypass            | 0        |               |             
| PLL                              | 1        | 2             | 50          
| USCMDC                           | 1        | 8             | 13          
| + USCMDC as Bypass               | 0        |               |             
| USCMD                            | 0        | 2             | 0           
| + USCMD as Bypass                | 0        |               |             
| USSMBUF                          | 0        | 8             | 0           
| + USSMBUF as Bypass              | 0        |               |             
+----------------------------------------------------------------------------+

Finished routing. (CPU time elapsed 0h:00m:07s)
Design 'Tieta_Feiteng_2001_top' has been routed successfully.
Saving design to DB.
Action route: Export DB successfully.
Action route: Real time elapsed is 0h:0m:12s
Action route: CPU time elapsed is 0h:0m:8s
Action route: Process CPU time elapsed is 0h:0m:10s
Action route: Peak memory pool usage is 388 MB

Current time: Fri Mar 27 19:33:59 2026
