#Build: Fabric Compiler 2024.2-SP1.2, Build 187561, May 22 18:16 2025
#Install: C:\studyware\pango\PDS_2024.2-SP1.2-ads\bin
#Application name: pds_shell.exe
#OS: Windows 10 10.0.18363
#Hostname: z02665mj
Generated by Fabric Compiler (version 2024.2-SP1.2 build 187561) at Tue Mar 10 16:34:14 2026
Parameters for debugging are loaded as follows:
Compiling verification operator library.
Compiling common defs.
Compiling prim grid devices.
Compiling place grid timing.
Compiling gate devices.
Compiling gate operators.
Building architecture model.
Loading device packaging model.
Building architecture floorplan logic view.
Elaborate the liberty model.
I: Multithreading enabled for Timing using a maximum of 4 processes.

Routing started.
Build routing arch for double attribute device.
Enter timing driven router mode.
I: Multithreading enabled for route using a maximum of 1 processes.
W: Route-4027: Cannot find permit_rougth_thru_units.json file in working directory.
Building routing graph takes 0.30 sec.
Enable Recovery Analysis in Routing
Init coarse delay table.
Read place coarse delay table takes 0.05 sec.
build place dedicate switch graph takes 0.20 sec
Setup STE netlist take 526 msec.
Slack Weight : 90
CE/RS signal series limit : 500
Dispose control chain take 64 msec.
Collect const net info take 36 msec.
Total nets for routing: 1830.
Total loads for routing: 8489.
Direct connect net size: 1065
Build all design net take 137 msec.
Processing design graph takes 0.77 sec.
Delay table total memory: 4.79386520 MB
Route graph total memory: 10.53248978 MB
Route design total memory: 3.36292648 MB
The remaining process takes 0.04 sec.
Stage: after context initialize | Performance: TNS = 0 ; WNS = 12884 ; THS = NA ; WHS = NA | Time (s): real = 0h:0m:5s ; cpu = 0h:0m:3s ; process = 0h:0m:5s | Memory (MB): curr = 326.656250 ; peak = 342.574219 | Checksum: 54F99A147AB85C67
Global routing takes 0.00 sec.
Pin Cost Increasing Speed 300
Unrouted clock nets at iteration 0 (0.006 sec): 0
Stage: after clock route | Performance: TNS = 0 ; WNS = 12884 ; THS = NA ; WHS = NA | Time (s): real = 0h:0m:6s ; cpu = 0h:0m:3s ; process = 0h:0m:5s | Memory (MB): curr = 327.464844 ; peak = 342.574219 | Checksum: AEA770B0B0C10D90
Total route nets size: 1825
I: Start printing congestion info.
I: Finish printing congestion info.
Pre route takes 0.584 sec
Stage: after pre route | Performance: TNS = 0 ; WNS = 12481 ; THS = 0 ; WHS = 260 | Time (s): real = 0h:0m:6s ; cpu = 0h:0m:4s ; process = 0h:0m:5s | Memory (MB): curr = 367.714844 ; peak = 371.730469 | Checksum: BA92F819AF9CE352
Unrouted general nets at iteration 2 (MT total route time: 0.345 sec): 1480(overused: 8908)
Unrouted general nets at iteration 3 (MT total route time: 0.402 sec): 1302(overused: 5725)
Unrouted general nets at iteration 4 (MT total route time: 0.258 sec): 1178(overused: 4525)
Unrouted general nets at iteration 5 (MT total route time: 0.192 sec): 1067(overused: 3686)
Unrouted general nets at iteration 6 (MT total route time: 0.151 sec): 1009(overused: 3248)
Unrouted general nets at iteration 7 (MT total route time: 0.125 sec): 670(overused: 2353)
Unrouted general nets at iteration 8 (MT total route time: 0.107 sec): 512(overused: 1531)
Unrouted general nets at iteration 9 (MT total route time: 0.092 sec): 421(overused: 1180)
Unrouted general nets at iteration 10 (MT total route time: 0.074 sec): 343(overused: 971)
Unrouted general nets at iteration 11 (MT total route time: 0.060 sec): 286(overused: 800)
Unrouted general nets at iteration 12 (MT total route time: 0.053 sec): 227(overused: 642)
Unrouted general nets at iteration 13 (MT total route time: 0.038 sec): 212(overused: 499)
Unrouted general nets at iteration 14 (MT total route time: 0.035 sec): 175(overused: 394)
Unrouted general nets at iteration 15 (MT total route time: 0.032 sec): 161(overused: 371)
Unrouted general nets at iteration 16 (MT total route time: 0.035 sec): 150(overused: 363)
Unrouted general nets at iteration 17 (MT total route time: 0.040 sec): 131(overused: 330)
Unrouted general nets at iteration 18 (MT total route time: 0.020 sec): 92(overused: 202)
Unrouted general nets at iteration 19 (MT total route time: 0.017 sec): 83(overused: 166)
Unrouted general nets at iteration 20 (MT total route time: 0.017 sec): 67(overused: 136)
Unrouted general nets at iteration 21 (MT total route time: 0.015 sec): 70(overused: 122)
Unrouted general nets at iteration 22 (MT total route time: 0.014 sec): 52(overused: 114)
Unrouted general nets at iteration 23 (MT total route time: 0.011 sec): 36(overused: 88)
Unrouted general nets at iteration 24 (MT total route time: 0.011 sec): 39(overused: 88)
Unrouted general nets at iteration 25 (MT total route time: 0.011 sec): 44(overused: 98)
Unrouted general nets at iteration 26 (MT total route time: 0.013 sec): 47(overused: 86)
Unrouted general nets at iteration 27 (MT total route time: 0.010 sec): 33(overused: 60)
Unrouted general nets at iteration 28 (MT total route time: 0.009 sec): 27(overused: 38)
Unrouted general nets at iteration 29 (MT total route time: 0.010 sec): 33(overused: 56)
Unrouted general nets at iteration 30 (MT total route time: 0.010 sec): 33(overused: 68)
Unrouted general nets at iteration 31 (MT total route time: 0.009 sec): 26(overused: 64)
Unrouted general nets at iteration 32 (MT total route time: 0.012 sec): 26(overused: 52)
Unrouted general nets at iteration 33 (MT total route time: 0.011 sec): 31(overused: 66)
Unrouted general nets at iteration 34 (MT total route time: 0.011 sec): 30(overused: 64)
Unrouted general nets at iteration 35 (MT total route time: 0.009 sec): 20(overused: 46)
Unrouted general nets at iteration 36 (MT total route time: 0.007 sec): 18(overused: 34)
Unrouted general nets at iteration 37 (MT total route time: 0.007 sec): 19(overused: 48)
Unrouted general nets at iteration 38 (MT total route time: 0.010 sec): 18(overused: 32)
Unrouted general nets at iteration 39 (MT total route time: 0.010 sec): 16(overused: 24)
Unrouted general nets at iteration 40 (MT total route time: 0.006 sec): 16(overused: 18)
Unrouted general nets at iteration 41 (MT total route time: 0.005 sec): 11(overused: 20)
Unrouted general nets at iteration 42 (MT total route time: 0.011 sec): 16(overused: 24)
Unrouted general nets at iteration 43 (MT total route time: 0.006 sec): 11(overused: 18)
Unrouted general nets at iteration 44 (MT total route time: 0.009 sec): 8(overused: 10)
Unrouted general nets at iteration 45 (MT total route time: 0.007 sec): 8(overused: 12)
Unrouted general nets at iteration 46 (MT total route time: 0.006 sec): 6(overused: 10)
Unrouted general nets at iteration 47 (MT total route time: 0.008 sec): 5(overused: 10)
Unrouted general nets at iteration 48 (MT total route time: 0.006 sec): 4(overused: 6)
Unrouted general nets at iteration 49 (MT total route time: 0.006 sec): 4(overused: 4)
Unrouted general nets at iteration 50 (MT total route time: 0.005 sec): 2(overused: 2)
Unrouted general nets at iteration 51 (MT total route time: 0.006 sec): 0(overused: 0)
----General net take 0.005 sec(route net take 0.000 sec, inc cost take 0.001 sec, iter times: 1)
----const net route take 0.005 sec
Unrouted nets at iteration 52 (0.011 sec): 0
Stage: after detail route | Performance: TNS = 0 ; WNS = 11712 ; THS = NA ; WHS = NA | Time (s): real = 0h:0m:9s ; cpu = 0h:0m:4s ; process = 0h:0m:8s | Memory (MB): curr = 374.691406 ; peak = 374.968750 | Checksum: 71EF3A9E7DD58713
Begin rip-up and reroute:
Rip-up and reroute takes 0.10 sec.
Stage: after ripup & reroute | Performance: TNS = 0 ; WNS = 11716 ; THS = NA ; WHS = NA | Time (s): real = 0h:0m:9s ; cpu = 0h:0m:4s ; process = 0h:0m:8s | Memory (MB): curr = 377.554688 ; peak = 378.625000 | Checksum: F9CD5554AD163225
Detailed routing takes 3.58 sec.
I: Design net nt_i_CLK_C42_IN_25M is routed by general path.
C: Route-2036: The clock path from i_CLK_C42_IN_25M_ibuf/opit_1:OUT to pll_inst/u_pll_e2/goppllinmuxd:CLK_IN[0] is routed by SRB.
Sort Original Nets take 0.002 sec
Check HPIO div result take 0.000 sec
Total net: 1830, route succeed net: 1830
Generate routing result take 0.004 sec
Handle PERMUX permutation take 0.085 sec
Handle const net take 0.006 sec
Handle route through take 0.029 sec
Used SRB routing arc is 15063.
Stage: after finish route | Performance: TNS = 0 ; WNS = 11716 ; THS = NA ; WHS = NA | Time (s): real = 0h:0m:9s ; cpu = 0h:0m:4s ; process = 0h:0m:9s | Memory (MB): curr = 362.480469 ; peak = 378.625000 | Checksum: B7B52AC568D3F57
Finish routing takes 0.18 sec.
Total routing takes 4.98 sec.


Device Utilization Summary :
+----------------------------------------------------------------------------+
| Device Type                      | Used     | Available     | Util(%)     
+----------------------------------------------------------------------------+
| CLMA                             | 247      | 592           | 42          
| + FF                             | 504      | 3552          | 15          
| + LUT                            | 597      | 2368          | 26          
|   + LUT as Logic                 | 485      |               |             
|   + LUT as Const                 | 102      |               |             
|   + LUT as Bypass                | 10       |               |             
| CLMS                             | 304      | 888           | 35          
| + FF                             | 749      | 5328          | 15          
| + LUT                            | 776      | 3552          | 22          
|   + LUT as Logic                 | 705      |               |             
|   + LUT as Memory                | 0        |               |             
|     + LUT as Distributed RAM     | 0        |               |             
|   + LUT as Const                 | 63       |               |             
|   + LUT as Bypass                | 8        |               |             
| IO                               | 287      | 336           | 86          
| + IOBD                           | 19       | 21            | 91          
| + IOBR                           | 37       | 42            | 89          
| + IOBS                           | 231      | 273           | 85          
| BKCL                             | 6        | 6             | 100         
| CCS                              | 1        | 1             | 100         
| CLKDIV                           | 0        | 4             | 0           
| CLKDLY                           | 0        | 8             | 0           
| DLL                              | 0        | 2             | 0           
| DRM                              | 0        | 26            | 0           
| HARD0N1                          | 47       | 936           | 6           
| IOCKBRG                          | 0        | 2             | 0           
| IOCKGATE                         | 0        | 4             | 0           
| + IOCKGATE as Bypass             | 0        |               |             
| IOLDLYS                          | 132      | 252           | 53          
| IOLDLY                           | 43       | 84            | 52          
| IOL                              | 287      | 336           | 86          
| ISERDES                          | 0        | 21            | 0           
| LDO                              | 0        | 2             | 0           
| OSC                              | 0        | 1             | 0           
| OSERDES                          | 0        | 21            | 0           
| PLLINMUXD                        | 1        | 2             | 50          
| + PLLINMUXD as Bypass            | 0        |               |             
| PLL                              | 1        | 2             | 50          
| USCMDC                           | 1        | 8             | 13          
| + USCMDC as Bypass               | 0        |               |             
| USCMD                            | 0        | 2             | 0           
| + USCMD as Bypass                | 0        |               |             
| USSMBUF                          | 0        | 8             | 0           
| + USSMBUF as Bypass              | 0        |               |             
+----------------------------------------------------------------------------+

Finished routing. (CPU time elapsed 0h:00m:07s)
Design 'Tieta_Feiteng_2001_top' has been routed successfully.
Saving design to DB.
Action route: Export DB successfully.
Action route: Real time elapsed is 0h:0m:10s
Action route: CPU time elapsed is 0h:0m:8s
Action route: Process CPU time elapsed is 0h:0m:9s
Action route: Peak memory pool usage is 378 MB

Current time: Tue Mar 10 16:34:22 2026
