#Build: Fabric Compiler 2024.2-SP1.2, Build 187561, May 22 18:16 2025
#Install: C:\studyware\pango\PDS_2024.2-SP1.2-ads\bin
#Application name: pds_shell.exe
#OS: Windows 10 10.0.18363
#Hostname: z02665mj
Generated by Fabric Compiler (version 2024.2-SP1.2 build 187561) at Sat Mar 14 14:07:39 2026
Parameters for debugging are loaded as follows:
Compiling verification operator library.
Compiling common defs.
Compiling prim grid devices.
Compiling place grid timing.
Compiling gate devices.
Compiling gate operators.
Building architecture model.
Loading device packaging model.
Building architecture floorplan logic view.
Elaborate the liberty model.
I: Multithreading enabled for Timing using a maximum of 4 processes.

Routing started.
Build routing arch for double attribute device.
Enter timing driven router mode.
I: Multithreading enabled for route using a maximum of 1 processes.
W: Route-4027: Cannot find permit_rougth_thru_units.json file in working directory.
Building routing graph takes 0.36 sec.
Enable Recovery Analysis in Routing
Init coarse delay table.
Read place coarse delay table takes 0.05 sec.
build place dedicate switch graph takes 0.16 sec
Setup STE netlist take 564 msec.
Slack Weight : 90
CE/RS signal series limit : 500
Dispose control chain take 86 msec.
Collect const net info take 25 msec.
Total nets for routing: 2935.
Total loads for routing: 13748.
Direct connect net size: 1233
Build all design net take 163 msec.
Processing design graph takes 0.84 sec.
Delay table total memory: 4.79386520 MB
Route graph total memory: 11.15932846 MB
Route design total memory: 4.19781876 MB
The remaining process takes 0.05 sec.
Stage: after context initialize | Performance: TNS = 0 ; WNS = 8636 ; THS = NA ; WHS = NA | Time (s): real = 0h:0m:5s ; cpu = 0h:0m:3s ; process = 0h:0m:4s | Memory (MB): curr = 354.570313 ; peak = 379.058594 | Checksum: 645350A18F337EFD
Global routing takes 0.00 sec.
Pin Cost Increasing Speed 300
Unrouted clock nets at iteration 0 (0.010 sec): 0
Stage: after clock route | Performance: TNS = 0 ; WNS = 8636 ; THS = NA ; WHS = NA | Time (s): real = 0h:0m:5s ; cpu = 0h:0m:3s ; process = 0h:0m:4s | Memory (MB): curr = 355.371094 ; peak = 379.058594 | Checksum: 4AEF727E301D41CC
Total route nets size: 2927
I: Start printing congestion info.
I: Finish printing congestion info.
Pre route takes 0.779 sec
Stage: after pre route | Performance: TNS = 0 ; WNS = 10341 ; THS = 0 ; WHS = 255 | Time (s): real = 0h:0m:6s ; cpu = 0h:0m:3s ; process = 0h:0m:6s | Memory (MB): curr = 417.328125 ; peak = 422.539063 | Checksum: 551D71F27C0C548B
Unrouted general nets at iteration 2 (MT total route time: 0.485 sec): 2490(overused: 13743)
Unrouted general nets at iteration 3 (MT total route time: 0.364 sec): 2104(overused: 8413)
Unrouted general nets at iteration 4 (MT total route time: 0.274 sec): 1831(overused: 6492)
Unrouted general nets at iteration 5 (MT total route time: 0.232 sec): 1625(overused: 5282)
Unrouted general nets at iteration 6 (MT total route time: 0.198 sec): 1471(overused: 4499)
Unrouted general nets at iteration 7 (MT total route time: 0.162 sec): 1097(overused: 3330)
Unrouted general nets at iteration 8 (MT total route time: 0.144 sec): 848(overused: 2294)
Unrouted general nets at iteration 9 (MT total route time: 0.102 sec): 659(overused: 1719)
Unrouted general nets at iteration 10 (MT total route time: 0.086 sec): 522(overused: 1356)
Unrouted general nets at iteration 11 (MT total route time: 0.076 sec): 438(overused: 1087)
Unrouted general nets at iteration 12 (MT total route time: 0.063 sec): 366(overused: 909)
Unrouted general nets at iteration 13 (MT total route time: 0.052 sec): 303(overused: 677)
Unrouted general nets at iteration 14 (MT total route time: 0.047 sec): 265(overused: 585)
Unrouted general nets at iteration 15 (MT total route time: 0.047 sec): 228(overused: 542)
Unrouted general nets at iteration 16 (MT total route time: 0.039 sec): 216(overused: 494)
Unrouted general nets at iteration 17 (MT total route time: 0.033 sec): 196(overused: 363)
Unrouted general nets at iteration 18 (MT total route time: 0.039 sec): 182(overused: 417)
Unrouted general nets at iteration 19 (MT total route time: 0.033 sec): 160(overused: 344)
Unrouted general nets at iteration 20 (MT total route time: 0.029 sec): 136(overused: 282)
Unrouted general nets at iteration 21 (MT total route time: 0.030 sec): 133(overused: 288)
Unrouted general nets at iteration 22 (MT total route time: 0.024 sec): 94(overused: 172)
Unrouted general nets at iteration 23 (MT total route time: 0.030 sec): 78(overused: 136)
Unrouted general nets at iteration 24 (MT total route time: 0.023 sec): 60(overused: 114)
Unrouted general nets at iteration 25 (MT total route time: 0.027 sec): 49(overused: 92)
Unrouted general nets at iteration 26 (MT total route time: 0.026 sec): 54(overused: 118)
Unrouted general nets at iteration 27 (MT total route time: 0.024 sec): 67(overused: 128)
Unrouted general nets at iteration 28 (MT total route time: 0.020 sec): 52(overused: 94)
Unrouted general nets at iteration 29 (MT total route time: 0.017 sec): 40(overused: 68)
Unrouted general nets at iteration 30 (MT total route time: 0.017 sec): 29(overused: 54)
Unrouted general nets at iteration 31 (MT total route time: 0.016 sec): 25(overused: 38)
Unrouted general nets at iteration 32 (MT total route time: 0.019 sec): 20(overused: 30)
Unrouted general nets at iteration 33 (MT total route time: 0.013 sec): 13(overused: 19)
Unrouted general nets at iteration 34 (MT total route time: 0.014 sec): 11(overused: 20)
Unrouted general nets at iteration 35 (MT total route time: 0.012 sec): 11(overused: 14)
Unrouted general nets at iteration 36 (MT total route time: 0.014 sec): 12(overused: 18)
Unrouted general nets at iteration 37 (MT total route time: 0.013 sec): 8(overused: 8)
Unrouted general nets at iteration 38 (MT total route time: 0.017 sec): 8(overused: 10)
Unrouted general nets at iteration 39 (MT total route time: 0.018 sec): 9(overused: 12)
Unrouted general nets at iteration 40 (MT total route time: 0.041 sec): 8(overused: 12)
Unrouted general nets at iteration 41 (MT total route time: 0.024 sec): 4(overused: 4)
Unrouted general nets at iteration 42 (MT total route time: 0.013 sec): 4(overused: 6)
Unrouted general nets at iteration 43 (MT total route time: 0.011 sec): 5(overused: 10)
Unrouted general nets at iteration 44 (MT total route time: 0.010 sec): 4(overused: 6)
Unrouted general nets at iteration 45 (MT total route time: 0.010 sec): 2(overused: 4)
Unrouted general nets at iteration 46 (MT total route time: 0.012 sec): 2(overused: 4)
Unrouted general nets at iteration 47 (MT total route time: 0.011 sec): 2(overused: 2)
Unrouted general nets at iteration 48 (MT total route time: 0.011 sec): 0(overused: 0)
----General net take 0.013 sec(route net take 0.000 sec, inc cost take 0.006 sec, iter times: 1)
----const net route take 0.012 sec
Unrouted nets at iteration 49 (0.026 sec): 0
Stage: after detail route | Performance: TNS = 0 ; WNS = 9541 ; THS = NA ; WHS = NA | Time (s): real = 0h:0m:9s ; cpu = 0h:0m:4s ; process = 0h:0m:9s | Memory (MB): curr = 425.414063 ; peak = 425.542969 | Checksum: FD415BC416F3AF92
Begin rip-up and reroute:
Rip-up and reroute takes 0.11 sec.
Stage: after ripup & reroute | Performance: TNS = 0 ; WNS = 9541 ; THS = NA ; WHS = NA | Time (s): real = 0h:0m:10s ; cpu = 0h:0m:4s ; process = 0h:0m:10s | Memory (MB): curr = 430.015625 ; peak = 430.058594 | Checksum: 4DB2DF1BD013AEB5
Detailed routing takes 4.64 sec.
I: Design net genblk1[0].fan_pwm_tach_m/w_clk_1s_pos is routed by general path.
C: Route-2036: The clock path from genblk1[0].fan_pwm_tach_m/Edge_Detect_u1/N0/gateop:Z to clkbufgs_6:CLKIN is routed by SRB.
I: Design net nt_i_CLK_PAL_IN_25M is routed by general path.
C: Route-2036: The clock path from i_CLK_PAL_IN_25M_ibuf/opit_1:OUT to pll_inst/u_pll_e2/goppllinmuxd:CLK_IN[0] is routed by SRB.
Sort Original Nets take 0.001 sec
Check HPIO div result take 0.000 sec
Total net: 2935, route succeed net: 2935
Generate routing result take 0.007 sec
Handle PERMUX permutation take 0.115 sec
Handle const net take 0.010 sec
Handle route through take 0.030 sec
Used SRB routing arc is 23125.
Stage: after finish route | Performance: TNS = 0 ; WNS = 9541 ; THS = NA ; WHS = NA | Time (s): real = 0h:0m:10s ; cpu = 0h:0m:4s ; process = 0h:0m:10s | Memory (MB): curr = 407.593750 ; peak = 430.058594 | Checksum: C19FE889E79E832B
Finish routing takes 0.23 sec.
Total routing takes 6.23 sec.


Device Utilization Summary :
+----------------------------------------------------------------------------+
| Device Type                      | Used     | Available     | Util(%)     
+----------------------------------------------------------------------------+
| CLMA                             | 365      | 592           | 62          
| + FF                             | 776      | 3552          | 22          
| + LUT                            | 1077     | 2368          | 46          
|   + LUT as Logic                 | 857      |               |             
|   + LUT as Const                 | 206      |               |             
|   + LUT as Bypass                | 14       |               |             
| CLMS                             | 503      | 888           | 57          
| + FF                             | 1126     | 5328          | 22          
| + LUT                            | 1462     | 3552          | 42          
|   + LUT as Logic                 | 1313     |               |             
|   + LUT as Memory                | 0        |               |             
|     + LUT as Distributed RAM     | 0        |               |             
|   + LUT as Const                 | 121      |               |             
|   + LUT as Bypass                | 28       |               |             
| IO                               | 310      | 336           | 93          
| + IOBD                           | 21       | 21            | 100         
| + IOBR                           | 40       | 42            | 96          
| + IOBS                           | 249      | 273           | 92          
| BKCL                             | 6        | 6             | 100         
| CCS                              | 1        | 1             | 100         
| CLKDIV                           | 0        | 4             | 0           
| CLKDLY                           | 0        | 8             | 0           
| DLL                              | 0        | 2             | 0           
| DRM                              | 0        | 26            | 0           
| HARD0N1                          | 175      | 936           | 19          
| IOCKBRG                          | 0        | 2             | 0           
| IOCKGATE                         | 0        | 4             | 0           
| + IOCKGATE as Bypass             | 0        |               |             
| IOLDLYS                          | 140      | 252           | 56          
| IOLDLY                           | 57       | 84            | 68          
| IOL                              | 310      | 336           | 93          
| ISERDES                          | 0        | 21            | 0           
| LDO                              | 0        | 2             | 0           
| OSC                              | 0        | 1             | 0           
| OSERDES                          | 0        | 21            | 0           
| PLLINMUXD                        | 1        | 2             | 50          
| + PLLINMUXD as Bypass            | 0        |               |             
| PLL                              | 1        | 2             | 50          
| USCMDC                           | 2        | 8             | 25          
| + USCMDC as Bypass               | 0        |               |             
| USCMD                            | 0        | 2             | 0           
| + USCMD as Bypass                | 0        |               |             
| USSMBUF                          | 1        | 8             | 13          
| + USSMBUF as Bypass              | 0        |               |             
+----------------------------------------------------------------------------+

Finished routing. (CPU time elapsed 0h:00m:08s)
Design 'Tieta_Feiteng_1001_top' has been routed successfully.
Saving design to DB.
Action route: Export DB successfully.
Action route: Real time elapsed is 0h:0m:11s
Action route: CPU time elapsed is 0h:0m:9s
Action route: Process CPU time elapsed is 0h:0m:11s
Action route: Peak memory pool usage is 430 MB

Current time: Sat Mar 14 14:07:48 2026
