#Build: Fabric Compiler 2024.2-SP1.2, Build 187561, May 22 18:16 2025
#Install: C:\studyware\pango\PDS_2024.2-SP1.2-ads\bin
#Application name: pds_shell.exe
#OS: Windows 10 10.0.18363
#Hostname: z02665mj
Generated by Fabric Compiler (version 2024.2-SP1.2 build 187561) at Sat Mar 14 13:59:11 2026
Parameters for debugging are loaded as follows:
Compiling verification operator library.
Compiling common defs.
Compiling prim grid devices.
Compiling place grid timing.
Compiling gate devices.
Compiling gate operators.
Building architecture model.
Loading device packaging model.
Building architecture floorplan logic view.
Elaborate the liberty model.
I: Multithreading enabled for Timing using a maximum of 4 processes.

Routing started.
Build routing arch for double attribute device.
Enter timing driven router mode.
I: Multithreading enabled for route using a maximum of 1 processes.
W: Route-4027: Cannot find permit_rougth_thru_units.json file in working directory.
Building routing graph takes 0.35 sec.
Enable Recovery Analysis in Routing
Init coarse delay table.
Read place coarse delay table takes 0.05 sec.
build place dedicate switch graph takes 0.16 sec
Setup STE netlist take 545 msec.
Slack Weight : 90
CE/RS signal series limit : 500
Dispose control chain take 82 msec.
Collect const net info take 26 msec.
Total nets for routing: 2946.
Total loads for routing: 13811.
Direct connect net size: 1254
Build all design net take 173 msec.
Processing design graph takes 0.83 sec.
Delay table total memory: 4.79386520 MB
Route graph total memory: 11.18719482 MB
Route design total memory: 4.20093918 MB
The remaining process takes 0.05 sec.
Stage: after context initialize | Performance: TNS = 0 ; WNS = 8947 ; THS = NA ; WHS = NA | Time (s): real = 0h:0m:5s ; cpu = 0h:0m:3s ; process = 0h:0m:4s | Memory (MB): curr = 355.179688 ; peak = 379.972656 | Checksum: B268E3A43285D2B
Global routing takes 0.00 sec.
Pin Cost Increasing Speed 300
Unrouted clock nets at iteration 0 (0.010 sec): 0
Stage: after clock route | Performance: TNS = 0 ; WNS = 8947 ; THS = NA ; WHS = NA | Time (s): real = 0h:0m:5s ; cpu = 0h:0m:3s ; process = 0h:0m:4s | Memory (MB): curr = 357.136719 ; peak = 379.972656 | Checksum: 424BE6D99F016016
Total route nets size: 2938
I: Start printing congestion info.
I: Finish printing congestion info.
Pre route takes 0.831 sec
Stage: after pre route | Performance: TNS = 0 ; WNS = 10428 ; THS = 0 ; WHS = 256 | Time (s): real = 0h:0m:6s ; cpu = 0h:0m:4s ; process = 0h:0m:6s | Memory (MB): curr = 417.609375 ; peak = 422.871094 | Checksum: D9A4E0D2A8A11B73
Unrouted general nets at iteration 2 (MT total route time: 0.476 sec): 2541(overused: 14209)
Unrouted general nets at iteration 3 (MT total route time: 0.386 sec): 2159(overused: 8906)
Unrouted general nets at iteration 4 (MT total route time: 0.310 sec): 1893(overused: 6993)
Unrouted general nets at iteration 5 (MT total route time: 0.254 sec): 1624(overused: 5434)
Unrouted general nets at iteration 6 (MT total route time: 0.193 sec): 1502(overused: 4592)
Unrouted general nets at iteration 7 (MT total route time: 0.168 sec): 1114(overused: 3415)
Unrouted general nets at iteration 8 (MT total route time: 0.136 sec): 845(overused: 2347)
Unrouted general nets at iteration 9 (MT total route time: 0.112 sec): 713(overused: 1889)
Unrouted general nets at iteration 10 (MT total route time: 0.094 sec): 564(overused: 1405)
Unrouted general nets at iteration 11 (MT total route time: 0.077 sec): 462(overused: 1118)
Unrouted general nets at iteration 12 (MT total route time: 0.073 sec): 388(overused: 967)
Unrouted general nets at iteration 13 (MT total route time: 0.064 sec): 345(overused: 845)
Unrouted general nets at iteration 14 (MT total route time: 0.053 sec): 308(overused: 690)
Unrouted general nets at iteration 15 (MT total route time: 0.042 sec): 254(overused: 515)
Unrouted general nets at iteration 16 (MT total route time: 0.040 sec): 208(overused: 433)
Unrouted general nets at iteration 17 (MT total route time: 0.035 sec): 173(overused: 360)
Unrouted general nets at iteration 18 (MT total route time: 0.027 sec): 143(overused: 278)
Unrouted general nets at iteration 19 (MT total route time: 0.025 sec): 146(overused: 268)
Unrouted general nets at iteration 20 (MT total route time: 0.031 sec): 132(overused: 281)
Unrouted general nets at iteration 21 (MT total route time: 0.025 sec): 119(overused: 245)
Unrouted general nets at iteration 22 (MT total route time: 0.030 sec): 121(overused: 233)
Unrouted general nets at iteration 23 (MT total route time: 0.028 sec): 94(overused: 156)
Unrouted general nets at iteration 24 (MT total route time: 0.025 sec): 83(overused: 144)
Unrouted general nets at iteration 25 (MT total route time: 0.021 sec): 73(overused: 120)
Unrouted general nets at iteration 26 (MT total route time: 0.019 sec): 68(overused: 116)
Unrouted general nets at iteration 27 (MT total route time: 0.022 sec): 70(overused: 138)
Unrouted general nets at iteration 28 (MT total route time: 0.023 sec): 75(overused: 128)
Unrouted general nets at iteration 29 (MT total route time: 0.019 sec): 38(overused: 64)
Unrouted general nets at iteration 30 (MT total route time: 0.017 sec): 32(overused: 48)
Unrouted general nets at iteration 31 (MT total route time: 0.016 sec): 28(overused: 44)
Unrouted general nets at iteration 32 (MT total route time: 0.013 sec): 22(overused: 32)
Unrouted general nets at iteration 33 (MT total route time: 0.014 sec): 22(overused: 38)
Unrouted general nets at iteration 34 (MT total route time: 0.013 sec): 24(overused: 40)
Unrouted general nets at iteration 35 (MT total route time: 0.014 sec): 18(overused: 28)
Unrouted general nets at iteration 36 (MT total route time: 0.012 sec): 10(overused: 14)
Unrouted general nets at iteration 37 (MT total route time: 0.012 sec): 8(overused: 12)
Unrouted general nets at iteration 38 (MT total route time: 0.011 sec): 10(overused: 14)
Unrouted general nets at iteration 39 (MT total route time: 0.011 sec): 10(overused: 20)
Unrouted general nets at iteration 40 (MT total route time: 0.013 sec): 12(overused: 18)
Unrouted general nets at iteration 41 (MT total route time: 0.012 sec): 7(overused: 12)
Unrouted general nets at iteration 42 (MT total route time: 0.012 sec): 9(overused: 16)
Unrouted general nets at iteration 43 (MT total route time: 0.012 sec): 8(overused: 14)
Unrouted general nets at iteration 44 (MT total route time: 0.011 sec): 10(overused: 14)
Unrouted general nets at iteration 45 (MT total route time: 0.008 sec): 6(overused: 6)
Unrouted general nets at iteration 46 (MT total route time: 0.007 sec): 4(overused: 6)
Unrouted general nets at iteration 47 (MT total route time: 0.008 sec): 2(overused: 4)
Unrouted general nets at iteration 48 (MT total route time: 0.007 sec): 2(overused: 2)
Unrouted general nets at iteration 49 (MT total route time: 0.006 sec): 0(overused: 0)
----General net take 0.006 sec(route net take 0.000 sec, inc cost take 0.002 sec, iter times: 1)
----const net route take 0.009 sec
Unrouted nets at iteration 50 (0.016 sec): 0
Stage: after detail route | Performance: TNS = 0 ; WNS = 8738 ; THS = NA ; WHS = NA | Time (s): real = 0h:0m:10s ; cpu = 0h:0m:4s ; process = 0h:0m:9s | Memory (MB): curr = 425.828125 ; peak = 425.832031 | Checksum: 87A3EE5BCED3705D
Begin rip-up and reroute:
Rip-up and reroute takes 0.11 sec.
Stage: after ripup & reroute | Performance: TNS = 0 ; WNS = 8739 ; THS = NA ; WHS = NA | Time (s): real = 0h:0m:10s ; cpu = 0h:0m:4s ; process = 0h:0m:10s | Memory (MB): curr = 429.148438 ; peak = 429.207031 | Checksum: 4A5EF55A810FA2BF
Detailed routing takes 4.76 sec.
I: Design net genblk1[0].fan_pwm_tach_m/w_clk_1s_pos is routed by general path.
C: Route-2036: The clock path from genblk1[0].fan_pwm_tach_m/Edge_Detect_u1/N0/gateop:Z to clkbufgs_6:CLKIN is routed by SRB.
I: Design net nt_i_CLK_PAL_IN_25M is routed by general path.
C: Route-2036: The clock path from i_CLK_PAL_IN_25M_ibuf/opit_1:OUT to pll_inst/u_pll_e2/goppllinmuxd:CLK_IN[0] is routed by SRB.
Sort Original Nets take 0.001 sec
Check HPIO div result take 0.000 sec
Total net: 2946, route succeed net: 2946
Generate routing result take 0.006 sec
Handle PERMUX permutation take 0.127 sec
Handle const net take 0.009 sec
Handle route through take 0.032 sec
Used SRB routing arc is 23383.
Stage: after finish route | Performance: TNS = 0 ; WNS = 8739 ; THS = NA ; WHS = NA | Time (s): real = 0h:0m:10s ; cpu = 0h:0m:4s ; process = 0h:0m:10s | Memory (MB): curr = 407.871094 ; peak = 429.207031 | Checksum: 3D56470D47F5ABB5
Finish routing takes 0.25 sec.
Total routing takes 6.33 sec.


Device Utilization Summary :
+----------------------------------------------------------------------------+
| Device Type                      | Used     | Available     | Util(%)     
+----------------------------------------------------------------------------+
| CLMA                             | 372      | 592           | 63          
| + FF                             | 775      | 3552          | 22          
| + LUT                            | 1061     | 2368          | 45          
|   + LUT as Logic                 | 877      |               |             
|   + LUT as Const                 | 176      |               |             
|   + LUT as Bypass                | 8        |               |             
| CLMS                             | 510      | 888           | 58          
| + FF                             | 1137     | 5328          | 22          
| + LUT                            | 1459     | 3552          | 42          
|   + LUT as Logic                 | 1302     |               |             
|   + LUT as Memory                | 0        |               |             
|     + LUT as Distributed RAM     | 0        |               |             
|   + LUT as Const                 | 147      |               |             
|   + LUT as Bypass                | 10       |               |             
| IO                               | 310      | 336           | 93          
| + IOBD                           | 21       | 21            | 100         
| + IOBR                           | 40       | 42            | 96          
| + IOBS                           | 249      | 273           | 92          
| BKCL                             | 6        | 6             | 100         
| CCS                              | 1        | 1             | 100         
| CLKDIV                           | 0        | 4             | 0           
| CLKDLY                           | 0        | 8             | 0           
| DLL                              | 0        | 2             | 0           
| DRM                              | 0        | 26            | 0           
| HARD0N1                          | 178      | 936           | 20          
| IOCKBRG                          | 0        | 2             | 0           
| IOCKGATE                         | 0        | 4             | 0           
| + IOCKGATE as Bypass             | 0        |               |             
| IOLDLYS                          | 140      | 252           | 56          
| IOLDLY                           | 57       | 84            | 68          
| IOL                              | 310      | 336           | 93          
| ISERDES                          | 0        | 21            | 0           
| LDO                              | 0        | 2             | 0           
| OSC                              | 0        | 1             | 0           
| OSERDES                          | 0        | 21            | 0           
| PLLINMUXD                        | 1        | 2             | 50          
| + PLLINMUXD as Bypass            | 0        |               |             
| PLL                              | 1        | 2             | 50          
| USCMDC                           | 2        | 8             | 25          
| + USCMDC as Bypass               | 0        |               |             
| USCMD                            | 0        | 2             | 0           
| + USCMD as Bypass                | 0        |               |             
| USSMBUF                          | 1        | 8             | 13          
| + USSMBUF as Bypass              | 0        |               |             
+----------------------------------------------------------------------------+

Finished routing. (CPU time elapsed 0h:00m:08s)
Design 'Tieta_Feiteng_1001_top' has been routed successfully.
Saving design to DB.
Action route: Export DB successfully.
Action route: Real time elapsed is 0h:0m:11s
Action route: CPU time elapsed is 0h:0m:9s
Action route: Process CPU time elapsed is 0h:0m:11s
Action route: Peak memory pool usage is 429 MB

Current time: Sat Mar 14 13:59:20 2026
