#Build: Fabric Compiler 2024.2-SP1.2, Build 187561, May 22 18:16 2025
#Install: C:\studyware\pango\PDS_2024.2-SP1.2-ads\bin
#Application name: pds_shell.exe
#OS: Windows 10 10.0.18363
#Hostname: z02665mj
Generated by Fabric Compiler (version 2024.2-SP1.2 build 187561) at Tue Mar 10 16:31:46 2026
Parameters for debugging are loaded as follows:
Compiling verification operator library.
Compiling common defs.
Compiling prim grid devices.
Compiling place grid timing.
Compiling gate devices.
Compiling gate operators.
Building architecture model.
Loading device packaging model.
Building architecture floorplan logic view.
Elaborate the liberty model.
I: Multithreading enabled for Timing using a maximum of 4 processes.

Routing started.
Build routing arch for double attribute device.
Enter timing driven router mode.
I: Multithreading enabled for route using a maximum of 1 processes.
W: Route-4027: Cannot find permit_rougth_thru_units.json file in working directory.
Building routing graph takes 0.30 sec.
Enable Recovery Analysis in Routing
Init coarse delay table.
Read place coarse delay table takes 0.06 sec.
build place dedicate switch graph takes 0.27 sec
Setup STE netlist take 734 msec.
Slack Weight : 90
CE/RS signal series limit : 500
Dispose control chain take 67 msec.
Collect const net info take 23 msec.
Total nets for routing: 1830.
Total loads for routing: 8547.
Direct connect net size: 1044
Build all design net take 147 msec.
Processing design graph takes 0.98 sec.
Delay table total memory: 4.79386520 MB
Route graph total memory: 10.53438187 MB
Route design total memory: 3.36425400 MB
The remaining process takes 0.06 sec.
Stage: after context initialize | Performance: TNS = 0 ; WNS = 12422 ; THS = NA ; WHS = NA | Time (s): real = 0h:0m:8s ; cpu = 0h:0m:4s ; process = 0h:0m:5s | Memory (MB): curr = 326.464844 ; peak = 344.007813 | Checksum: 83BCE6AFEA6341CB
Global routing takes 0.00 sec.
Pin Cost Increasing Speed 300
Unrouted clock nets at iteration 0 (0.014 sec): 0
Stage: after clock route | Performance: TNS = 0 ; WNS = 12422 ; THS = NA ; WHS = NA | Time (s): real = 0h:0m:8s ; cpu = 0h:0m:4s ; process = 0h:0m:5s | Memory (MB): curr = 327.613281 ; peak = 344.007813 | Checksum: D0BF997EA4994490
Total route nets size: 1825
I: Start printing congestion info.
I: Finish printing congestion info.
Pre route takes 1.017 sec
Stage: after pre route | Performance: TNS = 0 ; WNS = 12770 ; THS = 0 ; WHS = 260 | Time (s): real = 0h:0m:9s ; cpu = 0h:0m:4s ; process = 0h:0m:6s | Memory (MB): curr = 367.507813 ; peak = 372.546875 | Checksum: 4906C442A5A2111A
Unrouted general nets at iteration 2 (MT total route time: 0.611 sec): 1504(overused: 8888)
Unrouted general nets at iteration 3 (MT total route time: 0.399 sec): 1336(overused: 5626)
Unrouted general nets at iteration 4 (MT total route time: 0.247 sec): 1192(overused: 4460)
Unrouted general nets at iteration 5 (MT total route time: 0.230 sec): 1090(overused: 3699)
Unrouted general nets at iteration 6 (MT total route time: 0.157 sec): 1018(overused: 3176)
Unrouted general nets at iteration 7 (MT total route time: 0.132 sec): 647(overused: 2239)
Unrouted general nets at iteration 8 (MT total route time: 0.122 sec): 479(overused: 1510)
Unrouted general nets at iteration 9 (MT total route time: 0.092 sec): 390(overused: 1109)
Unrouted general nets at iteration 10 (MT total route time: 0.083 sec): 320(overused: 891)
Unrouted general nets at iteration 11 (MT total route time: 0.064 sec): 254(overused: 709)
Unrouted general nets at iteration 12 (MT total route time: 0.046 sec): 197(overused: 502)
Unrouted general nets at iteration 13 (MT total route time: 0.046 sec): 168(overused: 391)
Unrouted general nets at iteration 14 (MT total route time: 0.048 sec): 140(overused: 314)
Unrouted general nets at iteration 15 (MT total route time: 0.035 sec): 138(overused: 325)
Unrouted general nets at iteration 16 (MT total route time: 0.029 sec): 132(overused: 311)
Unrouted general nets at iteration 17 (MT total route time: 0.042 sec): 124(overused: 267)
Unrouted general nets at iteration 18 (MT total route time: 0.049 sec): 102(overused: 216)
Unrouted general nets at iteration 19 (MT total route time: 0.028 sec): 85(overused: 186)
Unrouted general nets at iteration 20 (MT total route time: 0.029 sec): 97(overused: 206)
Unrouted general nets at iteration 21 (MT total route time: 0.023 sec): 82(overused: 156)
Unrouted general nets at iteration 22 (MT total route time: 0.020 sec): 66(overused: 107)
Unrouted general nets at iteration 23 (MT total route time: 0.014 sec): 54(overused: 100)
Unrouted general nets at iteration 24 (MT total route time: 0.018 sec): 62(overused: 116)
Unrouted general nets at iteration 25 (MT total route time: 0.017 sec): 42(overused: 86)
Unrouted general nets at iteration 26 (MT total route time: 0.013 sec): 34(overused: 58)
Unrouted general nets at iteration 27 (MT total route time: 0.014 sec): 34(overused: 58)
Unrouted general nets at iteration 28 (MT total route time: 0.009 sec): 24(overused: 44)
Unrouted general nets at iteration 29 (MT total route time: 0.015 sec): 14(overused: 26)
Unrouted general nets at iteration 30 (MT total route time: 0.011 sec): 10(overused: 10)
Unrouted general nets at iteration 31 (MT total route time: 0.007 sec): 6(overused: 8)
Unrouted general nets at iteration 32 (MT total route time: 0.010 sec): 4(overused: 4)
Unrouted general nets at iteration 33 (MT total route time: 0.010 sec): 4(overused: 4)
Unrouted general nets at iteration 34 (MT total route time: 0.007 sec): 2(overused: 2)
Unrouted general nets at iteration 35 (MT total route time: 0.008 sec): 0(overused: 0)
----General net take 0.006 sec(route net take 0.000 sec, inc cost take 0.001 sec, iter times: 1)
----const net route take 0.006 sec
Unrouted nets at iteration 36 (0.013 sec): 0
Stage: after detail route | Performance: TNS = 0 ; WNS = 11878 ; THS = NA ; WHS = NA | Time (s): real = 0h:0m:12s ; cpu = 0h:0m:4s ; process = 0h:0m:9s | Memory (MB): curr = 375.070313 ; peak = 375.074219 | Checksum: 14D2984E73E15226
Begin rip-up and reroute:
Rip-up and reroute takes 0.10 sec.
Stage: after ripup & reroute | Performance: TNS = 0 ; WNS = 11881 ; THS = NA ; WHS = NA | Time (s): real = 0h:0m:12s ; cpu = 0h:0m:4s ; process = 0h:0m:9s | Memory (MB): curr = 377.269531 ; peak = 377.324219 | Checksum: 2039A92481F45CB9
Detailed routing takes 4.31 sec.
I: Design net nt_i_CLK_C42_IN_25M is routed by general path.
C: Route-2036: The clock path from i_CLK_C42_IN_25M_ibuf/opit_1:OUT to pll_inst/u_pll_e2/goppllinmuxd:CLK_IN[0] is routed by SRB.
Sort Original Nets take 0.000 sec
Check HPIO div result take 0.000 sec
Total net: 1830, route succeed net: 1830
Generate routing result take 0.006 sec
Handle PERMUX permutation take 0.085 sec
Handle const net take 0.005 sec
Handle route through take 0.029 sec
Used SRB routing arc is 15062.
Stage: after finish route | Performance: TNS = 0 ; WNS = 11881 ; THS = NA ; WHS = NA | Time (s): real = 0h:0m:12s ; cpu = 0h:0m:5s ; process = 0h:0m:9s | Memory (MB): curr = 360.957031 ; peak = 377.324219 | Checksum: 380537264680A8C9
Finish routing takes 0.20 sec.
Total routing takes 5.97 sec.


Device Utilization Summary :
+----------------------------------------------------------------------------+
| Device Type                      | Used     | Available     | Util(%)     
+----------------------------------------------------------------------------+
| CLMA                             | 236      | 592           | 40          
| + FF                             | 471      | 3552          | 14          
| + LUT                            | 563      | 2368          | 24          
|   + LUT as Logic                 | 450      |               |             
|   + LUT as Const                 | 101      |               |             
|   + LUT as Bypass                | 12       |               |             
| CLMS                             | 313      | 888           | 36          
| + FF                             | 782      | 5328          | 15          
| + LUT                            | 810      | 3552          | 23          
|   + LUT as Logic                 | 740      |               |             
|   + LUT as Memory                | 0        |               |             
|     + LUT as Distributed RAM     | 0        |               |             
|   + LUT as Const                 | 62       |               |             
|   + LUT as Bypass                | 8        |               |             
| IO                               | 287      | 336           | 86          
| + IOBD                           | 19       | 21            | 91          
| + IOBR                           | 37       | 42            | 89          
| + IOBS                           | 231      | 273           | 85          
| BKCL                             | 6        | 6             | 100         
| CCS                              | 1        | 1             | 100         
| CLKDIV                           | 0        | 4             | 0           
| CLKDLY                           | 0        | 8             | 0           
| DLL                              | 0        | 2             | 0           
| DRM                              | 0        | 26            | 0           
| HARD0N1                          | 56       | 936           | 6           
| IOCKBRG                          | 0        | 2             | 0           
| IOCKGATE                         | 0        | 4             | 0           
| + IOCKGATE as Bypass             | 0        |               |             
| IOLDLYS                          | 131      | 252           | 52          
| IOLDLY                           | 44       | 84            | 53          
| IOL                              | 287      | 336           | 86          
| ISERDES                          | 0        | 21            | 0           
| LDO                              | 0        | 2             | 0           
| OSC                              | 0        | 1             | 0           
| OSERDES                          | 0        | 21            | 0           
| PLLINMUXD                        | 1        | 2             | 50          
| + PLLINMUXD as Bypass            | 0        |               |             
| PLL                              | 1        | 2             | 50          
| USCMDC                           | 1        | 8             | 13          
| + USCMDC as Bypass               | 0        |               |             
| USCMD                            | 0        | 2             | 0           
| + USCMD as Bypass                | 0        |               |             
| USSMBUF                          | 0        | 8             | 0           
| + USSMBUF as Bypass              | 0        |               |             
+----------------------------------------------------------------------------+

Finished routing. (CPU time elapsed 0h:00m:08s)
Design 'Tieta_Feiteng_2001_top' has been routed successfully.
Saving design to DB.
Action route: Export DB successfully.
Action route: Real time elapsed is 0h:0m:14s
Action route: CPU time elapsed is 0h:0m:9s
Action route: Process CPU time elapsed is 0h:0m:10s
Action route: Peak memory pool usage is 377 MB

Current time: Tue Mar 10 16:31:56 2026
