#Build: Fabric Compiler 2024.2-SP1.2, Build 187561, May 22 18:16 2025
#Install: C:\studyware\pango\PDS_2024.2-SP1.2-ads\bin
#Application name: pds_shell.exe
#OS: Windows 10 10.0.18363
#Hostname: z02665mj
Generated by Fabric Compiler (version 2024.2-SP1.2 build 187561) at Sat Mar 14 14:37:33 2026
Parameters for debugging are loaded as follows:
Compiling verification operator library.
Compiling common defs.
Compiling prim grid devices.
Compiling place grid timing.
Compiling gate devices.
Compiling gate operators.
Building architecture model.
Loading device packaging model.
Building architecture floorplan logic view.
Elaborate the liberty model.
I: Multithreading enabled for Timing using a maximum of 4 processes.

Route Optimize started.
Build routing arch for double attribute device.
Enter timing driven router mode.
I: Multithreading enabled for route using a maximum of 1 processes.
I: Column Clock Check close.
W: Route-4027: Cannot find permit_rougth_thru_units.json file in working directory.
Building routing graph takes 0.35 sec.
Total nets for routing: 3396.
Total loads for routing: 13655.
Direct connect net size: 1241
Build all design net take 166 msec.
Processing design graph takes 0.17 sec.
Delay table total memory: 4.79386520 MB
Route graph total memory: 11.33583832 MB
Route design total memory: 4.13639450 MB
The remaining process takes 0.06 sec.
Stage: after context initialize in post route | Performance: TNS = NA ; WNS = NA ; THS = NA ; WHS = NA | Time (s): real = 0h:0m:4s ; cpu = 0h:0m:3s ; process = 0h:0m:4s | Memory (MB): curr = 303.152344 ; peak = 317.019531 | Checksum: 14C73B86E385015D
Load route result takes 0.03 sec
Fix Hold Violation Threshold For Clock Path Cross SRB(ps) : 200
Fix Hold Violation Threshold For Clock Path On Clock Tree(ps) : 100
Hold fix to no violation.
Hold fix to threshold
Stage: after hold fix | Performance: TNS = 0 ; WNS = 9422 ; THS = 0 ; WHS = 256 | Time (s): real = 0h:0m:5s ; cpu = 0h:0m:3s ; process = 0h:0m:5s | Memory (MB): curr = 386.218750 ; peak = 386.222656 | Checksum: FDC3288B1BC9FC50
Hold Violation Fix in router takes 0.43 sec.
Sort Original Nets take 0.001 sec
Total net: 3396, route succeed net: 3396
Generate routing result take 0.009 sec
Handle PERMUX permutation take 0.009 sec
Handle const net take 0.000 sec
Handle route through take 0.027 sec
Used SRB routing arc is 22927.
Stage: after finish post route | Performance: TNS = 0 ; WNS = 9422 ; THS = NA ; WHS = NA | Time (s): real = 0h:0m:5s ; cpu = 0h:0m:3s ; process = 0h:0m:5s | Memory (MB): curr = 366.367188 ; peak = 386.230469 | Checksum: 57A25B8DF775EC00
Finish post route takes 0.09 sec.
Total post route takes 1.14 sec.


Device Utilization Summary :
+----------------------------------------------------------------------------+
| Device Type                      | Used     | Available     | Util(%)     
+----------------------------------------------------------------------------+
| CLMA                             | 370      | 592           | 63          
| + FF                             | 786      | 3552          | 23          
| + LUT                            | 1049     | 2368          | 45          
|   + LUT as Logic                 | 853      |               |             
|   + LUT as Const                 | 178      |               |             
|   + LUT as Bypass                | 18       |               |             
| CLMS                             | 511      | 888           | 58          
| + FF                             | 1101     | 5328          | 21          
| + LUT                            | 1472     | 3552          | 42          
|   + LUT as Logic                 | 1301     |               |             
|   + LUT as Memory                | 0        |               |             
|     + LUT as Distributed RAM     | 0        |               |             
|   + LUT as Const                 | 143      |               |             
|   + LUT as Bypass                | 28       |               |             
| IO                               | 310      | 336           | 93          
| + IOBD                           | 21       | 21            | 100         
| + IOBR                           | 40       | 42            | 96          
| + IOBS                           | 249      | 273           | 92          
| BKCL                             | 6        | 6             | 100         
| CCS                              | 1        | 1             | 100         
| CLKDIV                           | 0        | 4             | 0           
| CLKDLY                           | 0        | 8             | 0           
| DLL                              | 0        | 2             | 0           
| DRM                              | 0        | 26            | 0           
| HARD0N1                          | 160      | 936           | 18          
| IOCKBRG                          | 0        | 2             | 0           
| IOCKGATE                         | 0        | 4             | 0           
| + IOCKGATE as Bypass             | 0        |               |             
| IOLDLYS                          | 140      | 252           | 56          
| IOLDLY                           | 57       | 84            | 68          
| IOL                              | 310      | 336           | 93          
| ISERDES                          | 0        | 21            | 0           
| LDO                              | 0        | 2             | 0           
| OSC                              | 0        | 1             | 0           
| OSERDES                          | 0        | 21            | 0           
| PLLINMUXD                        | 1        | 2             | 50          
| + PLLINMUXD as Bypass            | 0        |               |             
| PLL                              | 1        | 2             | 50          
| USCMDC                           | 2        | 8             | 25          
| + USCMDC as Bypass               | 0        |               |             
| USCMD                            | 0        | 2             | 0           
| + USCMD as Bypass                | 0        |               |             
| USSMBUF                          | 1        | 8             | 13          
| + USSMBUF as Bypass              | 0        |               |             
+----------------------------------------------------------------------------+

Finished route optimize. (CPU time elapsed 0h:00m:03s)
Design 'Tieta_Feiteng_1001_top' has been routed successfully.
Saving design to DB.
Action route_optimize: Export DB successfully.
Action route_optimize: Real time elapsed is 0h:0m:6s
Action route_optimize: CPU time elapsed is 0h:0m:4s
Action route_optimize: Process CPU time elapsed is 0h:0m:6s
Action route_optimize: Peak memory pool usage is 386 MB

Current time: Sat Mar 14 14:37:38 2026
