#Build: Fabric Compiler 2024.2-SP1.2, Build 187561, May 22 18:16 2025
#Install: C:\studyware\pango\PDS_2024.2-SP1.2-ads\bin
#Application name: pds_shell.exe
#OS: Windows 10 10.0.18363
#Hostname: z02665mj
Generated by Fabric Compiler (version 2024.2-SP1.2 build 187561) at Tue Apr  7 17:14:56 2026
Parameters for debugging are loaded as follows:
Compiling verification operator library.
Compiling common defs.
Compiling prim grid devices.
Compiling place grid timing.
Compiling gate devices.
Compiling gate operators.
Building architecture model.
Loading device packaging model.
Building architecture floorplan logic view.
Elaborate the liberty model.
I: Multithreading enabled for Timing using a maximum of 4 processes.

Routing started.
Build routing arch for double attribute device.
Enter timing driven router mode.
I: Multithreading enabled for route using a maximum of 1 processes.
W: Route-4027: Cannot find permit_rougth_thru_units.json file in working directory.
Building routing graph takes 0.33 sec.
Enable Recovery Analysis in Routing
Init coarse delay table.
Read place coarse delay table takes 0.03 sec.
build place dedicate switch graph takes 0.22 sec
Setup STE netlist take 756 msec.
Slack Weight : 90
CE/RS signal series limit : 500
Dispose control chain take 178 msec.
Collect const net info take 29 msec.
Total nets for routing: 3171.
Total loads for routing: 14929.
Direct connect net size: 1297
Build all design net take 204 msec.
Processing design graph takes 1.17 sec.
Delay table total memory: 4.79386520 MB
Route graph total memory: 11.34951401 MB
Route design total memory: 4.24651718 MB
The remaining process takes 0.06 sec.
Stage: after context initialize | Performance: TNS = 0 ; WNS = 9493 ; THS = NA ; WHS = NA | Time (s): real = 0h:0m:6s ; cpu = 0h:0m:4s ; process = 0h:0m:5s | Memory (MB): curr = 356.941406 ; peak = 383.410156 | Checksum: 851FAD9F96891448
Global routing takes 0.00 sec.
Pin Cost Increasing Speed 300
Unrouted clock nets at iteration 0 (0.012 sec): 0
Stage: after clock route | Performance: TNS = 0 ; WNS = 9493 ; THS = NA ; WHS = NA | Time (s): real = 0h:0m:6s ; cpu = 0h:0m:4s ; process = 0h:0m:5s | Memory (MB): curr = 358.230469 ; peak = 383.410156 | Checksum: CC55616FE97A1A54
Total route nets size: 3163
I: Start printing congestion info.
I: Finish printing congestion info.
Pre route takes 0.896 sec
Stage: after pre route | Performance: TNS = 0 ; WNS = 10476 ; THS = 0 ; WHS = 70 | Time (s): real = 0h:0m:7s ; cpu = 0h:0m:4s ; process = 0h:0m:6s | Memory (MB): curr = 422.679688 ; peak = 427.671875 | Checksum: B4F19BDC5A331FB8
Unrouted general nets at iteration 2 (MT total route time: 0.615 sec): 2777(overused: 15294)
Unrouted general nets at iteration 3 (MT total route time: 0.470 sec): 2362(overused: 9638)
Unrouted general nets at iteration 4 (MT total route time: 0.349 sec): 2053(overused: 7558)
Unrouted general nets at iteration 5 (MT total route time: 0.289 sec): 1844(overused: 6175)
Unrouted general nets at iteration 6 (MT total route time: 0.237 sec): 1639(overused: 5001)
Unrouted general nets at iteration 7 (MT total route time: 0.191 sec): 1203(overused: 3516)
Unrouted general nets at iteration 8 (MT total route time: 0.161 sec): 970(overused: 2519)
Unrouted general nets at iteration 9 (MT total route time: 0.128 sec): 769(overused: 1867)
Unrouted general nets at iteration 10 (MT total route time: 0.111 sec): 626(overused: 1441)
Unrouted general nets at iteration 11 (MT total route time: 0.089 sec): 522(overused: 1198)
Unrouted general nets at iteration 12 (MT total route time: 0.083 sec): 416(overused: 943)
Unrouted general nets at iteration 13 (MT total route time: 0.068 sec): 341(overused: 785)
Unrouted general nets at iteration 14 (MT total route time: 0.070 sec): 321(overused: 652)
Unrouted general nets at iteration 15 (MT total route time: 0.055 sec): 292(overused: 590)
Unrouted general nets at iteration 16 (MT total route time: 0.070 sec): 269(overused: 588)
Unrouted general nets at iteration 17 (MT total route time: 0.065 sec): 231(overused: 484)
Unrouted general nets at iteration 18 (MT total route time: 0.056 sec): 197(overused: 388)
Unrouted general nets at iteration 19 (MT total route time: 0.041 sec): 159(overused: 306)
Unrouted general nets at iteration 20 (MT total route time: 0.035 sec): 150(overused: 281)
Unrouted general nets at iteration 21 (MT total route time: 0.031 sec): 127(overused: 248)
Unrouted general nets at iteration 22 (MT total route time: 0.031 sec): 111(overused: 202)
Unrouted general nets at iteration 23 (MT total route time: 0.026 sec): 85(overused: 168)
Unrouted general nets at iteration 24 (MT total route time: 0.031 sec): 89(overused: 170)
Unrouted general nets at iteration 25 (MT total route time: 0.036 sec): 89(overused: 172)
Unrouted general nets at iteration 26 (MT total route time: 0.025 sec): 88(overused: 154)
Unrouted general nets at iteration 27 (MT total route time: 0.031 sec): 86(overused: 162)
Unrouted general nets at iteration 28 (MT total route time: 0.032 sec): 94(overused: 198)
Unrouted general nets at iteration 29 (MT total route time: 0.032 sec): 95(overused: 164)
Unrouted general nets at iteration 30 (MT total route time: 0.024 sec): 96(overused: 170)
Unrouted general nets at iteration 31 (MT total route time: 0.025 sec): 77(overused: 134)
Unrouted general nets at iteration 32 (MT total route time: 0.027 sec): 66(overused: 128)
Unrouted general nets at iteration 33 (MT total route time: 0.018 sec): 64(overused: 106)
Unrouted general nets at iteration 34 (MT total route time: 0.015 sec): 59(overused: 94)
Unrouted general nets at iteration 35 (MT total route time: 0.016 sec): 53(overused: 82)
Unrouted general nets at iteration 36 (MT total route time: 0.015 sec): 48(overused: 86)
Unrouted general nets at iteration 37 (MT total route time: 0.013 sec): 39(overused: 66)
Unrouted general nets at iteration 38 (MT total route time: 0.011 sec): 31(overused: 51)
Unrouted general nets at iteration 39 (MT total route time: 0.011 sec): 25(overused: 36)
Unrouted general nets at iteration 40 (MT total route time: 0.015 sec): 14(overused: 20)
Unrouted general nets at iteration 41 (MT total route time: 0.014 sec): 19(overused: 30)
Unrouted general nets at iteration 42 (MT total route time: 0.017 sec): 23(overused: 32)
Unrouted general nets at iteration 43 (MT total route time: 0.011 sec): 20(overused: 30)
Unrouted general nets at iteration 44 (MT total route time: 0.010 sec): 18(overused: 22)
Unrouted general nets at iteration 45 (MT total route time: 0.009 sec): 15(overused: 22)
Unrouted general nets at iteration 46 (MT total route time: 0.023 sec): 53(overused: 122)
Unrouted general nets at iteration 47 (MT total route time: 0.021 sec): 53(overused: 96)
Unrouted general nets at iteration 48 (MT total route time: 0.026 sec): 50(overused: 96)
Unrouted general nets at iteration 49 (MT total route time: 0.017 sec): 42(overused: 78)
Unrouted general nets at iteration 50 (MT total route time: 0.016 sec): 37(overused: 72)
Unrouted general nets at iteration 51 (MT total route time: 0.013 sec): 27(overused: 44)
Unrouted general nets at iteration 52 (MT total route time: 0.012 sec): 24(overused: 38)
Unrouted general nets at iteration 53 (MT total route time: 0.011 sec): 19(overused: 24)
Unrouted general nets at iteration 54 (MT total route time: 0.010 sec): 13(overused: 18)
Unrouted general nets at iteration 55 (MT total route time: 0.010 sec): 14(overused: 18)
Unrouted general nets at iteration 56 (MT total route time: 0.009 sec): 9(overused: 14)
Unrouted general nets at iteration 57 (MT total route time: 0.010 sec): 8(overused: 10)
Unrouted general nets at iteration 58 (MT total route time: 0.009 sec): 10(overused: 16)
Unrouted general nets at iteration 59 (MT total route time: 0.008 sec): 8(overused: 14)
Unrouted general nets at iteration 60 (MT total route time: 0.009 sec): 6(overused: 8)
Unrouted general nets at iteration 61 (MT total route time: 0.015 sec): 2(overused: 2)
Unrouted general nets at iteration 62 (MT total route time: 0.017 sec): 0(overused: 0)
----General net take 0.008 sec(route net take 0.000 sec, inc cost take 0.003 sec, iter times: 1)
----const net route take 0.010 sec
Unrouted nets at iteration 63 (0.019 sec): 0
Stage: after detail route | Performance: TNS = 0 ; WNS = 9310 ; THS = NA ; WHS = NA | Time (s): real = 0h:0m:12s ; cpu = 0h:0m:5s ; process = 0h:0m:11s | Memory (MB): curr = 430.996094 ; peak = 431.691406 | Checksum: 92878EEC7C8CCDCF
Begin rip-up and reroute:
Rip-up and reroute takes 0.12 sec.
Stage: after ripup & reroute | Performance: TNS = 0 ; WNS = 9317 ; THS = NA ; WHS = NA | Time (s): real = 0h:0m:12s ; cpu = 0h:0m:5s ; process = 0h:0m:11s | Memory (MB): curr = 436.511719 ; peak = 436.554688 | Checksum: 2F231E8CCEFAFD4A
Detailed routing takes 5.93 sec.
I: Design net genblk1[0].fan_pwm_tach_m/w_clk_1s_pos is routed by general path.
C: Route-2036: The clock path from genblk1[0].fan_pwm_tach_m/Edge_Detect_u1/N0/gateop:Z to clkbufgs_6:CLKIN is routed by SRB.
I: Design net nt_i_CLK_PAL_IN_25M is routed by general path.
C: Route-2036: The clock path from i_CLK_PAL_IN_25M_ibuf/opit_1:OUT to pll_inst/u_pll_e2/goppllinmuxd:CLK_IN[0] is routed by SRB.
Sort Original Nets take 0.002 sec
Check HPIO div result take 0.000 sec
Total net: 3171, route succeed net: 3171
Generate routing result take 0.007 sec
Handle PERMUX permutation take 0.115 sec
Handle const net take 0.012 sec
Handle route through take 0.063 sec
Used SRB routing arc is 25608.
Stage: after finish route | Performance: TNS = 0 ; WNS = 9317 ; THS = NA ; WHS = NA | Time (s): real = 0h:0m:12s ; cpu = 0h:0m:5s ; process = 0h:0m:11s | Memory (MB): curr = 411.867188 ; peak = 436.554688 | Checksum: 156AD14F4B6D03BB
Finish routing takes 0.30 sec.
Total routing takes 7.90 sec.


Device Utilization Summary :
+----------------------------------------------------------------------------+
| Device Type                      | Used     | Available     | Util(%)     
+----------------------------------------------------------------------------+
| CLMA                             | 394      | 592           | 67          
| + FF                             | 856      | 3552          | 25          
| + LUT                            | 1167     | 2368          | 50          
|   + LUT as Logic                 | 960      |               |             
|   + LUT as Const                 | 183      |               |             
|   + LUT as Bypass                | 24       |               |             
| CLMS                             | 555      | 888           | 63          
| + FF                             | 1238     | 5328          | 24          
| + LUT                            | 1581     | 3552          | 45          
|   + LUT as Logic                 | 1395     |               |             
|   + LUT as Memory                | 0        |               |             
|     + LUT as Distributed RAM     | 0        |               |             
|   + LUT as Const                 | 154      |               |             
|   + LUT as Bypass                | 32       |               |             
| IO                               | 308      | 336           | 92          
| + IOBD                           | 21       | 21            | 100         
| + IOBR                           | 40       | 42            | 96          
| + IOBS                           | 247      | 273           | 91          
| BKCL                             | 6        | 6             | 100         
| CCS                              | 1        | 1             | 100         
| CLKDIV                           | 0        | 4             | 0           
| CLKDLY                           | 0        | 8             | 0           
| DLL                              | 0        | 2             | 0           
| DRM                              | 0        | 26            | 0           
| HARD0N1                          | 190      | 936           | 21          
| IOCKBRG                          | 0        | 2             | 0           
| IOCKGATE                         | 0        | 4             | 0           
| + IOCKGATE as Bypass             | 0        |               |             
| IOLDLYS                          | 138      | 252           | 55          
| IOLDLY                           | 57       | 84            | 68          
| IOL                              | 308      | 336           | 92          
| ISERDES                          | 0        | 21            | 0           
| LDO                              | 0        | 2             | 0           
| OSC                              | 0        | 1             | 0           
| OSERDES                          | 0        | 21            | 0           
| PLLINMUXD                        | 1        | 2             | 50          
| + PLLINMUXD as Bypass            | 0        |               |             
| PLL                              | 1        | 2             | 50          
| USCMDC                           | 2        | 8             | 25          
| + USCMDC as Bypass               | 0        |               |             
| USCMD                            | 0        | 2             | 0           
| + USCMD as Bypass                | 0        |               |             
| USSMBUF                          | 1        | 8             | 13          
| + USSMBUF as Bypass              | 0        |               |             
+----------------------------------------------------------------------------+

Finished routing. (CPU time elapsed 0h:00m:10s)
Design 'Tieta_Feiteng_1001_top' has been routed successfully.
Saving design to DB.
Action route: Export DB successfully.
Action route: Real time elapsed is 0h:0m:14s
Action route: CPU time elapsed is 0h:0m:11s
Action route: Process CPU time elapsed is 0h:0m:12s
Action route: Peak memory pool usage is 436 MB

Current time: Tue Apr  7 17:15:08 2026
