#Build: Fabric Compiler 2024.2-SP1.2, Build 187561, May 22 18:16 2025
#Install: C:\studyware\pango\PDS_2024.2-SP1.2-ads\bin
#Application name: pds_shell.exe
#OS: Windows 10 10.0.18363
#Hostname: z02665mj
Generated by Fabric Compiler (version 2024.2-SP1.2 build 187561) at Thu Mar  5 20:22:02 2026
Parameters for debugging are loaded as follows:
Compiling verification operator library.
Compiling common defs.
Compiling prim grid devices.
Compiling place grid timing.
Compiling gate devices.
Compiling gate operators.
Building architecture model.
Loading device packaging model.
Building architecture floorplan logic view.
Elaborate the liberty model.
I: Multithreading enabled for Timing using a maximum of 4 processes.

Routing started.
Build routing arch for double attribute device.
Enter timing driven router mode.
I: Multithreading enabled for route using a maximum of 1 processes.
W: Route-4027: Cannot find permit_rougth_thru_units.json file in working directory.
Building routing graph takes 0.31 sec.
Enable Recovery Analysis in Routing
Init coarse delay table.
Read place coarse delay table takes 0.00 sec.
build place dedicate switch graph takes 0.17 sec
Setup STE netlist take 506 msec.
Slack Weight : 90
CE/RS signal series limit : 500
Dispose control chain take 70 msec.
Collect const net info take 23 msec.
Total nets for routing: 2586.
Total loads for routing: 12201.
Direct connect net size: 1181
Build all design net take 158 msec.
Processing design graph takes 0.76 sec.
Delay table total memory: 4.79386520 MB
Route graph total memory: 10.91004562 MB
Route design total memory: 3.95641708 MB
The remaining process takes 0.05 sec.
Stage: after context initialize | Performance: TNS = 0 ; WNS = 9244 ; THS = NA ; WHS = NA | Time (s): real = 0h:0m:6s ; cpu = 0h:0m:3s ; process = 0h:0m:4s | Memory (MB): curr = 346.832031 ; peak = 369.785156 | Checksum: A60E5840A2DD528
Global routing takes 0.00 sec.
Pin Cost Increasing Speed 300
Unrouted clock nets at iteration 0 (0.009 sec): 0
Stage: after clock route | Performance: TNS = 0 ; WNS = 9244 ; THS = NA ; WHS = NA | Time (s): real = 0h:0m:6s ; cpu = 0h:0m:3s ; process = 0h:0m:4s | Memory (MB): curr = 348.449219 ; peak = 369.785156 | Checksum: 6F2D028EB39A924F
Total route nets size: 2578
I: Start printing congestion info.
I: Finish printing congestion info.
Pre route takes 0.704 sec
Stage: after pre route | Performance: TNS = 0 ; WNS = 10934 ; THS = 0 ; WHS = 276 | Time (s): real = 0h:0m:6s ; cpu = 0h:0m:3s ; process = 0h:0m:5s | Memory (MB): curr = 404.023438 ; peak = 408.648438 | Checksum: 66324DA94B8271B6
Unrouted general nets at iteration 2 (MT total route time: 0.419 sec): 2199(overused: 12024)
Unrouted general nets at iteration 3 (MT total route time: 0.336 sec): 1853(overused: 7424)
Unrouted general nets at iteration 4 (MT total route time: 0.261 sec): 1631(overused: 5979)
Unrouted general nets at iteration 5 (MT total route time: 0.224 sec): 1445(overused: 4651)
Unrouted general nets at iteration 6 (MT total route time: 0.177 sec): 1311(overused: 4069)
Unrouted general nets at iteration 7 (MT total route time: 0.161 sec): 999(overused: 3072)
Unrouted general nets at iteration 8 (MT total route time: 0.146 sec): 781(overused: 2182)
Unrouted general nets at iteration 9 (MT total route time: 0.126 sec): 603(overused: 1575)
Unrouted general nets at iteration 10 (MT total route time: 0.092 sec): 529(overused: 1299)
Unrouted general nets at iteration 11 (MT total route time: 0.095 sec): 427(overused: 1113)
Unrouted general nets at iteration 12 (MT total route time: 0.077 sec): 367(overused: 897)
Unrouted general nets at iteration 13 (MT total route time: 0.073 sec): 295(overused: 723)
Unrouted general nets at iteration 14 (MT total route time: 0.050 sec): 262(overused: 590)
Unrouted general nets at iteration 15 (MT total route time: 0.054 sec): 232(overused: 543)
Unrouted general nets at iteration 16 (MT total route time: 0.040 sec): 189(overused: 391)
Unrouted general nets at iteration 17 (MT total route time: 0.030 sec): 163(overused: 330)
Unrouted general nets at iteration 18 (MT total route time: 0.031 sec): 132(overused: 242)
Unrouted general nets at iteration 19 (MT total route time: 0.035 sec): 120(overused: 248)
Unrouted general nets at iteration 20 (MT total route time: 0.023 sec): 98(overused: 198)
Unrouted general nets at iteration 21 (MT total route time: 0.018 sec): 86(overused: 176)
Unrouted general nets at iteration 22 (MT total route time: 0.025 sec): 80(overused: 166)
Unrouted general nets at iteration 23 (MT total route time: 0.024 sec): 90(overused: 198)
Unrouted general nets at iteration 24 (MT total route time: 0.028 sec): 92(overused: 197)
Unrouted general nets at iteration 25 (MT total route time: 0.029 sec): 94(overused: 167)
Unrouted general nets at iteration 26 (MT total route time: 0.021 sec): 79(overused: 144)
Unrouted general nets at iteration 27 (MT total route time: 0.023 sec): 74(overused: 158)
Unrouted general nets at iteration 28 (MT total route time: 0.025 sec): 72(overused: 121)
Unrouted general nets at iteration 29 (MT total route time: 0.016 sec): 44(overused: 66)
Unrouted general nets at iteration 30 (MT total route time: 0.017 sec): 41(overused: 76)
Unrouted general nets at iteration 31 (MT total route time: 0.016 sec): 28(overused: 42)
Unrouted general nets at iteration 32 (MT total route time: 0.016 sec): 17(overused: 22)
Unrouted general nets at iteration 33 (MT total route time: 0.012 sec): 16(overused: 24)
Unrouted general nets at iteration 34 (MT total route time: 0.014 sec): 26(overused: 40)
Unrouted general nets at iteration 35 (MT total route time: 0.016 sec): 14(overused: 22)
Unrouted general nets at iteration 36 (MT total route time: 0.010 sec): 14(overused: 18)
Unrouted general nets at iteration 37 (MT total route time: 0.009 sec): 14(overused: 22)
Unrouted general nets at iteration 38 (MT total route time: 0.009 sec): 13(overused: 26)
Unrouted general nets at iteration 39 (MT total route time: 0.010 sec): 12(overused: 18)
Unrouted general nets at iteration 40 (MT total route time: 0.008 sec): 6(overused: 8)
Unrouted general nets at iteration 41 (MT total route time: 0.009 sec): 4(overused: 4)
Unrouted general nets at iteration 42 (MT total route time: 0.008 sec): 10(overused: 14)
Unrouted general nets at iteration 43 (MT total route time: 0.012 sec): 9(overused: 10)
Unrouted general nets at iteration 44 (MT total route time: 0.008 sec): 9(overused: 12)
Unrouted general nets at iteration 45 (MT total route time: 0.009 sec): 11(overused: 14)
Unrouted general nets at iteration 46 (MT total route time: 0.009 sec): 8(overused: 8)
Unrouted general nets at iteration 47 (MT total route time: 0.015 sec): 7(overused: 12)
Unrouted general nets at iteration 48 (MT total route time: 0.010 sec): 5(overused: 6)
Unrouted general nets at iteration 49 (MT total route time: 0.008 sec): 6(overused: 8)
Unrouted general nets at iteration 50 (MT total route time: 0.008 sec): 8(overused: 10)
Unrouted general nets at iteration 51 (MT total route time: 0.008 sec): 8(overused: 14)
Unrouted general nets at iteration 52 (MT total route time: 0.009 sec): 2(overused: 4)
Unrouted general nets at iteration 53 (MT total route time: 0.008 sec): 2(overused: 4)
Unrouted general nets at iteration 54 (MT total route time: 0.006 sec): 0(overused: 0)
----General net take 0.011 sec(route net take 0.000 sec, inc cost take 0.006 sec, iter times: 1)
----const net route take 0.009 sec
Unrouted nets at iteration 55 (0.022 sec): 0
Stage: after detail route | Performance: TNS = 0 ; WNS = 10027 ; THS = NA ; WHS = NA | Time (s): real = 0h:0m:10s ; cpu = 0h:0m:4s ; process = 0h:0m:9s | Memory (MB): curr = 412.117188 ; peak = 412.121094 | Checksum: 2204148C75605647
Begin rip-up and reroute:
Rip-up and reroute takes 0.12 sec.
Stage: after ripup & reroute | Performance: TNS = 0 ; WNS = 10027 ; THS = NA ; WHS = NA | Time (s): real = 0h:0m:10s ; cpu = 0h:0m:4s ; process = 0h:0m:9s | Memory (MB): curr = 416.000000 ; peak = 416.746094 | Checksum: 8EADD03701E00386
Detailed routing takes 4.47 sec.
I: Design net genblk1[0].fan_pwm_tach_m/w_clk_1s_pos is routed by general path.
C: Route-2036: The clock path from genblk1[0].fan_pwm_tach_m/Edge_Detect_u1/N0/gateop:Z to clkbufgs_6:CLKIN is routed by SRB.
I: Design net nt_i_CLK_PAL_IN_25M is routed by general path.
C: Route-2036: The clock path from i_CLK_PAL_IN_25M_ibuf/opit_1:OUT to pll_inst/u_pll_e2/goppllinmuxd:CLK_IN[0] is routed by SRB.
Sort Original Nets take 0.001 sec
Check HPIO div result take 0.000 sec
Total net: 2586, route succeed net: 2586
Generate routing result take 0.006 sec
Handle PERMUX permutation take 0.100 sec
Handle const net take 0.011 sec
Handle route through take 0.028 sec
Used SRB routing arc is 20550.
Stage: after finish route | Performance: TNS = 0 ; WNS = 10027 ; THS = NA ; WHS = NA | Time (s): real = 0h:0m:10s ; cpu = 0h:0m:4s ; process = 0h:0m:9s | Memory (MB): curr = 396.843750 ; peak = 416.746094 | Checksum: 9A1329E52BB72774
Finish routing takes 0.21 sec.
Total routing takes 5.89 sec.


Device Utilization Summary :
+----------------------------------------------------------------------------+
| Device Type                      | Used     | Available     | Util(%)     
+----------------------------------------------------------------------------+
| CLMA                             | 329      | 592           | 56          
| + FF                             | 626      | 3552          | 18          
| + LUT                            | 944      | 2368          | 40          
|   + LUT as Logic                 | 760      |               |             
|   + LUT as Const                 | 164      |               |             
|   + LUT as Bypass                | 20       |               |             
| CLMS                             | 464      | 888           | 53          
| + FF                             | 1046     | 5328          | 20          
| + LUT                            | 1301     | 3552          | 37          
|   + LUT as Logic                 | 1155     |               |             
|   + LUT as Memory                | 0        |               |             
|     + LUT as Distributed RAM     | 0        |               |             
|   + LUT as Const                 | 126      |               |             
|   + LUT as Bypass                | 20       |               |             
| IO                               | 308      | 336           | 92          
| + IOBD                           | 21       | 21            | 100         
| + IOBR                           | 40       | 42            | 96          
| + IOBS                           | 247      | 273           | 91          
| BKCL                             | 6        | 6             | 100         
| CCS                              | 1        | 1             | 100         
| CLKDIV                           | 0        | 4             | 0           
| CLKDLY                           | 0        | 8             | 0           
| DLL                              | 0        | 2             | 0           
| DRM                              | 0        | 26            | 0           
| HARD0N1                          | 152      | 936           | 17          
| IOCKBRG                          | 0        | 2             | 0           
| IOCKGATE                         | 0        | 4             | 0           
| + IOCKGATE as Bypass             | 0        |               |             
| IOLDLYS                          | 138      | 252           | 55          
| IOLDLY                           | 57       | 84            | 68          
| IOL                              | 308      | 336           | 92          
| ISERDES                          | 0        | 21            | 0           
| LDO                              | 0        | 2             | 0           
| OSC                              | 0        | 1             | 0           
| OSERDES                          | 0        | 21            | 0           
| PLLINMUXD                        | 1        | 2             | 50          
| + PLLINMUXD as Bypass            | 0        |               |             
| PLL                              | 1        | 2             | 50          
| USCMDC                           | 2        | 8             | 25          
| + USCMDC as Bypass               | 0        |               |             
| USCMD                            | 0        | 2             | 0           
| + USCMD as Bypass                | 0        |               |             
| USSMBUF                          | 1        | 8             | 13          
| + USSMBUF as Bypass              | 0        |               |             
+----------------------------------------------------------------------------+

Finished routing. (CPU time elapsed 0h:00m:08s)
Design 'Tieta_Feiteng_1001_top' has been routed successfully.
Saving design to DB.
Action route: Export DB successfully.
Action route: Real time elapsed is 0h:0m:11s
Action route: CPU time elapsed is 0h:0m:9s
Action route: Process CPU time elapsed is 0h:0m:10s
Action route: Peak memory pool usage is 416 MB

Current time: Thu Mar  5 20:22:11 2026
