#Build: Fabric Compiler 2024.2-SP1.2, Build 187561, May 22 18:16 2025
#Install: C:\studyware\pango\PDS_2024.2-SP1.2-ads\bin
#Application name: pds_shell.exe
#OS: Windows 10 10.0.18363
#Hostname: z02665mj
Generated by Fabric Compiler (version 2024.2-SP1.2 build 187561) at Wed Apr  8 20:13:14 2026
Parameters for debugging are loaded as follows:
Compiling verification operator library.
Compiling common defs.
Compiling prim grid devices.
Compiling place grid timing.
Compiling gate devices.
Compiling gate operators.
Building architecture model.
Loading device packaging model.
Building architecture floorplan logic view.
Elaborate the liberty model.
I: Multithreading enabled for Timing using a maximum of 4 processes.

Routing started.
Build routing arch for double attribute device.
Enter timing driven router mode.
I: Multithreading enabled for route using a maximum of 1 processes.
W: Route-4027: Cannot find permit_rougth_thru_units.json file in working directory.
Building routing graph takes 0.37 sec.
Enable Recovery Analysis in Routing
Init coarse delay table.
Read place coarse delay table takes 0.05 sec.
build place dedicate switch graph takes 0.17 sec
Setup STE netlist take 500 msec.
Slack Weight : 90
CE/RS signal series limit : 500
Dispose control chain take 68 msec.
Collect const net info take 21 msec.
Total nets for routing: 2247.
Total loads for routing: 10449.
Direct connect net size: 1104
Build all design net take 153 msec.
Processing design graph takes 0.75 sec.
Delay table total memory: 4.79386520 MB
Route graph total memory: 10.70476151 MB
Route design total memory: 3.60935593 MB
The remaining process takes 0.04 sec.
Stage: after context initialize | Performance: TNS = 0 ; WNS = 11084 ; THS = NA ; WHS = NA | Time (s): real = 0h:0m:6s ; cpu = 0h:0m:3s ; process = 0h:0m:4s | Memory (MB): curr = 330.042969 ; peak = 350.898438 | Checksum: 27BF851ADE2EC225
Global routing takes 0.00 sec.
Pin Cost Increasing Speed 300
Unrouted clock nets at iteration 0 (0.011 sec): 0
Stage: after clock route | Performance: TNS = 0 ; WNS = 11084 ; THS = NA ; WHS = NA | Time (s): real = 0h:0m:6s ; cpu = 0h:0m:3s ; process = 0h:0m:4s | Memory (MB): curr = 331.527344 ; peak = 350.898438 | Checksum: 2552351AAE7AE002
Total route nets size: 2242
I: Start printing congestion info.
I: Finish printing congestion info.
Pre route takes 0.651 sec
Stage: after pre route | Performance: TNS = 0 ; WNS = 11189 ; THS = 0 ; WHS = 269 | Time (s): real = 0h:0m:6s ; cpu = 0h:0m:3s ; process = 0h:0m:5s | Memory (MB): curr = 379.597656 ; peak = 384.238281 | Checksum: F410A52EE93D6884
Unrouted general nets at iteration 2 (MT total route time: 0.349 sec): 1801(overused: 10207)
Unrouted general nets at iteration 3 (MT total route time: 0.276 sec): 1553(overused: 6374)
Unrouted general nets at iteration 4 (MT total route time: 0.213 sec): 1378(overused: 5122)
Unrouted general nets at iteration 5 (MT total route time: 0.175 sec): 1273(overused: 4230)
Unrouted general nets at iteration 6 (MT total route time: 0.154 sec): 1184(overused: 3529)
Unrouted general nets at iteration 7 (MT total route time: 0.115 sec): 767(overused: 2556)
Unrouted general nets at iteration 8 (MT total route time: 0.093 sec): 592(overused: 1550)
Unrouted general nets at iteration 9 (MT total route time: 0.075 sec): 450(overused: 1170)
Unrouted general nets at iteration 10 (MT total route time: 0.067 sec): 376(overused: 972)
Unrouted general nets at iteration 11 (MT total route time: 0.048 sec): 317(overused: 780)
Unrouted general nets at iteration 12 (MT total route time: 0.046 sec): 252(overused: 576)
Unrouted general nets at iteration 13 (MT total route time: 0.035 sec): 211(overused: 463)
Unrouted general nets at iteration 14 (MT total route time: 0.028 sec): 190(overused: 380)
Unrouted general nets at iteration 15 (MT total route time: 0.024 sec): 149(overused: 301)
Unrouted general nets at iteration 16 (MT total route time: 0.022 sec): 148(overused: 280)
Unrouted general nets at iteration 17 (MT total route time: 0.020 sec): 115(overused: 238)
Unrouted general nets at iteration 18 (MT total route time: 0.020 sec): 110(overused: 224)
Unrouted general nets at iteration 19 (MT total route time: 0.018 sec): 104(overused: 192)
Unrouted general nets at iteration 20 (MT total route time: 0.016 sec): 96(overused: 172)
Unrouted general nets at iteration 21 (MT total route time: 0.015 sec): 92(overused: 164)
Unrouted general nets at iteration 22 (MT total route time: 0.015 sec): 81(overused: 130)
Unrouted general nets at iteration 23 (MT total route time: 0.013 sec): 57(overused: 90)
Unrouted general nets at iteration 24 (MT total route time: 0.009 sec): 42(overused: 76)
Unrouted general nets at iteration 25 (MT total route time: 0.010 sec): 32(overused: 58)
Unrouted general nets at iteration 26 (MT total route time: 0.008 sec): 25(overused: 44)
Unrouted general nets at iteration 27 (MT total route time: 0.007 sec): 13(overused: 28)
Unrouted general nets at iteration 28 (MT total route time: 0.006 sec): 17(overused: 30)
Unrouted general nets at iteration 29 (MT total route time: 0.008 sec): 15(overused: 30)
Unrouted general nets at iteration 30 (MT total route time: 0.005 sec): 13(overused: 22)
Unrouted general nets at iteration 31 (MT total route time: 0.006 sec): 6(overused: 8)
Unrouted general nets at iteration 32 (MT total route time: 0.006 sec): 13(overused: 16)
Unrouted general nets at iteration 33 (MT total route time: 0.007 sec): 8(overused: 10)
Unrouted general nets at iteration 34 (MT total route time: 0.005 sec): 9(overused: 10)
Unrouted general nets at iteration 35 (MT total route time: 0.010 sec): 16(overused: 28)
Unrouted general nets at iteration 36 (MT total route time: 0.006 sec): 15(overused: 24)
Unrouted general nets at iteration 37 (MT total route time: 0.006 sec): 8(overused: 18)
Unrouted general nets at iteration 38 (MT total route time: 0.006 sec): 9(overused: 14)
Unrouted general nets at iteration 39 (MT total route time: 0.006 sec): 8(overused: 14)
Unrouted general nets at iteration 40 (MT total route time: 0.005 sec): 6(overused: 8)
Unrouted general nets at iteration 41 (MT total route time: 0.005 sec): 4(overused: 6)
Unrouted general nets at iteration 42 (MT total route time: 0.006 sec): 2(overused: 2)
Unrouted general nets at iteration 43 (MT total route time: 0.007 sec): 2(overused: 4)
Unrouted general nets at iteration 44 (MT total route time: 0.005 sec): 3(overused: 6)
Unrouted general nets at iteration 45 (MT total route time: 0.004 sec): 2(overused: 2)
Unrouted general nets at iteration 46 (MT total route time: 0.005 sec): 0(overused: 0)
----General net take 0.005 sec(route net take 0.000 sec, inc cost take 0.002 sec, iter times: 1)
----const net route take 0.006 sec
Unrouted nets at iteration 47 (0.012 sec): 0
Stage: after detail route | Performance: TNS = 0 ; WNS = 10339 ; THS = NA ; WHS = NA | Time (s): real = 0h:0m:9s ; cpu = 0h:0m:4s ; process = 0h:0m:8s | Memory (MB): curr = 387.406250 ; peak = 387.410156 | Checksum: 2F97BCFC68280BC8
Begin rip-up and reroute:
Rip-up and reroute takes 0.09 sec.
Stage: after ripup & reroute | Performance: TNS = 0 ; WNS = 10339 ; THS = NA ; WHS = NA | Time (s): real = 0h:0m:9s ; cpu = 0h:0m:4s ; process = 0h:0m:8s | Memory (MB): curr = 390.792969 ; peak = 390.847656 | Checksum: A866E16F95C40878
Detailed routing takes 3.24 sec.
I: Design net nt_i_CLK_C42_IN_25M is routed by general path.
C: Route-2036: The clock path from i_CLK_C42_IN_25M_ibuf/opit_1:OUT to pll_inst/u_pll_e2/goppllinmuxd:CLK_IN[0] is routed by SRB.
Sort Original Nets take 0.001 sec
Check HPIO div result take 0.000 sec
Total net: 2247, route succeed net: 2247
Generate routing result take 0.007 sec
Handle PERMUX permutation take 0.082 sec
Handle const net take 0.005 sec
Handle route through take 0.025 sec
Used SRB routing arc is 18109.
Stage: after finish route | Performance: TNS = 0 ; WNS = 10339 ; THS = NA ; WHS = NA | Time (s): real = 0h:0m:9s ; cpu = 0h:0m:4s ; process = 0h:0m:8s | Memory (MB): curr = 372.675781 ; peak = 390.847656 | Checksum: F92B682C546544C4
Finish routing takes 0.18 sec.
Total routing takes 4.66 sec.


Device Utilization Summary :
+----------------------------------------------------------------------------+
| Device Type                      | Used     | Available     | Util(%)     
+----------------------------------------------------------------------------+
| CLMA                             | 280      | 592           | 48          
| + FF                             | 658      | 3552          | 19          
| + LUT                            | 712      | 2368          | 31          
|   + LUT as Logic                 | 600      |               |             
|   + LUT as Const                 | 104      |               |             
|   + LUT as Bypass                | 8        |               |             
| CLMS                             | 392      | 888           | 45          
| + FF                             | 865      | 5328          | 17          
| + LUT                            | 1031     | 3552          | 30          
|   + LUT as Logic                 | 911      |               |             
|   + LUT as Memory                | 0        |               |             
|     + LUT as Distributed RAM     | 0        |               |             
|   + LUT as Const                 | 98       |               |             
|   + LUT as Bypass                | 22       |               |             
| IO                               | 287      | 336           | 86          
| + IOBD                           | 19       | 21            | 91          
| + IOBR                           | 37       | 42            | 89          
| + IOBS                           | 231      | 273           | 85          
| BKCL                             | 6        | 6             | 100         
| CCS                              | 1        | 1             | 100         
| CLKDIV                           | 0        | 4             | 0           
| CLKDLY                           | 0        | 8             | 0           
| DLL                              | 0        | 2             | 0           
| DRM                              | 0        | 26            | 0           
| HARD0N1                          | 82       | 936           | 9           
| IOCKBRG                          | 0        | 2             | 0           
| IOCKGATE                         | 0        | 4             | 0           
| + IOCKGATE as Bypass             | 0        |               |             
| IOLDLYS                          | 131      | 252           | 52          
| IOLDLY                           | 44       | 84            | 53          
| IOL                              | 287      | 336           | 86          
| ISERDES                          | 0        | 21            | 0           
| LDO                              | 0        | 2             | 0           
| OSC                              | 0        | 1             | 0           
| OSERDES                          | 0        | 21            | 0           
| PLLINMUXD                        | 1        | 2             | 50          
| + PLLINMUXD as Bypass            | 0        |               |             
| PLL                              | 1        | 2             | 50          
| USCMDC                           | 1        | 8             | 13          
| + USCMDC as Bypass               | 0        |               |             
| USCMD                            | 0        | 2             | 0           
| + USCMD as Bypass                | 0        |               |             
| USSMBUF                          | 0        | 8             | 0           
| + USSMBUF as Bypass              | 0        |               |             
+----------------------------------------------------------------------------+

Finished routing. (CPU time elapsed 0h:00m:07s)
Design 'Tieta_Feiteng_2001_top' has been routed successfully.
Saving design to DB.
Action route: Export DB successfully.
Action route: Real time elapsed is 0h:0m:10s
Action route: CPU time elapsed is 0h:0m:7s
Action route: Process CPU time elapsed is 0h:0m:9s
Action route: Peak memory pool usage is 390 MB

Current time: Wed Apr  8 20:13:22 2026
