#Build: Fabric Compiler 2024.2-SP1.2, Build 187561, May 22 18:16 2025
#Install: C:\studyware\pango\PDS_2024.2-SP1.2-ads\bin
#Application name: pds_shell.exe
#OS: Windows 10 10.0.18363
#Hostname: z02665mj
Generated by Fabric Compiler (version 2024.2-SP1.2 build 187561) at Mon Mar  9 15:43:50 2026
Parameters for debugging are loaded as follows:
Compiling verification operator library.
Compiling common defs.
Compiling prim grid devices.
Compiling place grid timing.
Compiling gate devices.
Compiling gate operators.
Building architecture model.
Loading device packaging model.
Building architecture floorplan logic view.
Elaborate the liberty model.
I: Multithreading enabled for Timing using a maximum of 4 processes.

Routing started.
Build routing arch for double attribute device.
Enter timing driven router mode.
I: Multithreading enabled for route using a maximum of 1 processes.
W: Route-4027: Cannot find permit_rougth_thru_units.json file in working directory.
Building routing graph takes 0.29 sec.
Enable Recovery Analysis in Routing
Init coarse delay table.
Read place coarse delay table takes 0.08 sec.
build place dedicate switch graph takes 0.20 sec
Setup STE netlist take 599 msec.
Slack Weight : 90
CE/RS signal series limit : 500
Dispose control chain take 49 msec.
Collect const net info take 18 msec.
Total nets for routing: 1828.
Total loads for routing: 8613.
Direct connect net size: 1038
Build all design net take 120 msec.
Processing design graph takes 0.79 sec.
Delay table total memory: 4.79386520 MB
Route graph total memory: 10.53705978 MB
Route design total memory: 3.36545944 MB
The remaining process takes 0.03 sec.
Stage: after context initialize | Performance: TNS = 0 ; WNS = 12795 ; THS = NA ; WHS = NA | Time (s): real = 0h:0m:5s ; cpu = 0h:0m:3s ; process = 0h:0m:4s | Memory (MB): curr = 326.597656 ; peak = 342.613281 | Checksum: A7E8D4577859CBF1
Global routing takes 0.00 sec.
Pin Cost Increasing Speed 300
Unrouted clock nets at iteration 0 (0.005 sec): 0
Stage: after clock route | Performance: TNS = 0 ; WNS = 12795 ; THS = NA ; WHS = NA | Time (s): real = 0h:0m:5s ; cpu = 0h:0m:3s ; process = 0h:0m:4s | Memory (MB): curr = 327.257813 ; peak = 342.613281 | Checksum: 589F866F7D230977
Total route nets size: 1823
I: Start printing congestion info.
I: Finish printing congestion info.
Pre route takes 0.515 sec
Stage: after pre route | Performance: TNS = 0 ; WNS = 12759 ; THS = 0 ; WHS = 258 | Time (s): real = 0h:0m:5s ; cpu = 0h:0m:3s ; process = 0h:0m:5s | Memory (MB): curr = 364.320313 ; peak = 369.539063 | Checksum: 19A156E49F4658B8
Unrouted general nets at iteration 2 (MT total route time: 0.313 sec): 1489(overused: 8718)
Unrouted general nets at iteration 3 (MT total route time: 0.235 sec): 1314(overused: 5480)
Unrouted general nets at iteration 4 (MT total route time: 0.185 sec): 1178(overused: 4472)
Unrouted general nets at iteration 5 (MT total route time: 0.156 sec): 1049(overused: 3613)
Unrouted general nets at iteration 6 (MT total route time: 0.134 sec): 939(overused: 2990)
Unrouted general nets at iteration 7 (MT total route time: 0.099 sec): 605(overused: 2150)
Unrouted general nets at iteration 8 (MT total route time: 0.087 sec): 465(overused: 1427)
Unrouted general nets at iteration 9 (MT total route time: 0.065 sec): 370(overused: 1054)
Unrouted general nets at iteration 10 (MT total route time: 0.067 sec): 296(overused: 881)
Unrouted general nets at iteration 11 (MT total route time: 0.048 sec): 259(overused: 733)
Unrouted general nets at iteration 12 (MT total route time: 0.039 sec): 206(overused: 544)
Unrouted general nets at iteration 13 (MT total route time: 0.036 sec): 182(overused: 491)
Unrouted general nets at iteration 14 (MT total route time: 0.029 sec): 172(overused: 404)
Unrouted general nets at iteration 15 (MT total route time: 0.026 sec): 149(overused: 363)
Unrouted general nets at iteration 16 (MT total route time: 0.027 sec): 134(overused: 330)
Unrouted general nets at iteration 17 (MT total route time: 0.023 sec): 114(overused: 264)
Unrouted general nets at iteration 18 (MT total route time: 0.020 sec): 100(overused: 204)
Unrouted general nets at iteration 19 (MT total route time: 0.016 sec): 75(overused: 154)
Unrouted general nets at iteration 20 (MT total route time: 0.014 sec): 67(overused: 138)
Unrouted general nets at iteration 21 (MT total route time: 0.013 sec): 66(overused: 128)
Unrouted general nets at iteration 22 (MT total route time: 0.012 sec): 47(overused: 78)
Unrouted general nets at iteration 23 (MT total route time: 0.011 sec): 42(overused: 70)
Unrouted general nets at iteration 24 (MT total route time: 0.008 sec): 37(overused: 76)
Unrouted general nets at iteration 25 (MT total route time: 0.008 sec): 33(overused: 66)
Unrouted general nets at iteration 26 (MT total route time: 0.011 sec): 35(overused: 64)
Unrouted general nets at iteration 27 (MT total route time: 0.010 sec): 23(overused: 40)
Unrouted general nets at iteration 28 (MT total route time: 0.007 sec): 19(overused: 28)
Unrouted general nets at iteration 29 (MT total route time: 0.008 sec): 26(overused: 40)
Unrouted general nets at iteration 30 (MT total route time: 0.006 sec): 23(overused: 38)
Unrouted general nets at iteration 31 (MT total route time: 0.010 sec): 17(overused: 32)
Unrouted general nets at iteration 32 (MT total route time: 0.011 sec): 24(overused: 40)
Unrouted general nets at iteration 33 (MT total route time: 0.010 sec): 22(overused: 34)
Unrouted general nets at iteration 34 (MT total route time: 0.006 sec): 16(overused: 26)
Unrouted general nets at iteration 35 (MT total route time: 0.005 sec): 10(overused: 10)
Unrouted general nets at iteration 36 (MT total route time: 0.003 sec): 13(overused: 22)
Unrouted general nets at iteration 37 (MT total route time: 0.005 sec): 16(overused: 30)
Unrouted general nets at iteration 38 (MT total route time: 0.005 sec): 11(overused: 22)
Unrouted general nets at iteration 39 (MT total route time: 0.004 sec): 6(overused: 6)
Unrouted general nets at iteration 40 (MT total route time: 0.003 sec): 4(overused: 8)
Unrouted general nets at iteration 41 (MT total route time: 0.006 sec): 0(overused: 0)
----General net take 0.003 sec(route net take 0.000 sec, inc cost take 0.001 sec, iter times: 1)
----const net route take 0.005 sec
Unrouted nets at iteration 42 (0.009 sec): 0
Stage: after detail route | Performance: TNS = 0 ; WNS = 12150 ; THS = NA ; WHS = NA | Time (s): real = 0h:0m:7s ; cpu = 0h:0m:3s ; process = 0h:0m:7s | Memory (MB): curr = 371.515625 ; peak = 372.257813 | Checksum: 8B7FBEF9E707DB0A
Begin rip-up and reroute:
Rip-up and reroute takes 0.07 sec.
Stage: after ripup & reroute | Performance: TNS = 0 ; WNS = 12151 ; THS = NA ; WHS = NA | Time (s): real = 0h:0m:7s ; cpu = 0h:0m:4s ; process = 0h:0m:7s | Memory (MB): curr = 375.113281 ; peak = 375.164063 | Checksum: 46D966FB691E82C4
Detailed routing takes 2.72 sec.
I: Design net nt_i_CLK_C42_IN_25M is routed by general path.
C: Route-2036: The clock path from i_CLK_C42_IN_25M_ibuf/opit_1:OUT to pll_inst/u_pll_e2/goppllinmuxd:CLK_IN[0] is routed by SRB.
Sort Original Nets take 0.000 sec
Check HPIO div result take 0.000 sec
Total net: 1828, route succeed net: 1828
Generate routing result take 0.006 sec
Handle PERMUX permutation take 0.065 sec
Handle const net take 0.005 sec
Handle route through take 0.027 sec
Used SRB routing arc is 15027.
Stage: after finish route | Performance: TNS = 0 ; WNS = 12151 ; THS = NA ; WHS = NA | Time (s): real = 0h:0m:8s ; cpu = 0h:0m:4s ; process = 0h:0m:7s | Memory (MB): curr = 358.566406 ; peak = 375.164063 | Checksum: 1DA480BE38DBA933
Finish routing takes 0.15 sec.
Total routing takes 4.07 sec.


Device Utilization Summary :
+----------------------------------------------------------------------------+
| Device Type                      | Used     | Available     | Util(%)     
+----------------------------------------------------------------------------+
| CLMA                             | 250      | 592           | 43          
| + FF                             | 514      | 3552          | 15          
| + LUT                            | 605      | 2368          | 26          
|   + LUT as Logic                 | 491      |               |             
|   + LUT as Const                 | 100      |               |             
|   + LUT as Bypass                | 14       |               |             
| CLMS                             | 316      | 888           | 36          
| + FF                             | 742      | 5328          | 14          
| + LUT                            | 796      | 3552          | 23          
|   + LUT as Logic                 | 701      |               |             
|   + LUT as Memory                | 0        |               |             
|     + LUT as Distributed RAM     | 0        |               |             
|   + LUT as Const                 | 85       |               |             
|   + LUT as Bypass                | 10       |               |             
| IO                               | 287      | 336           | 86          
| + IOBD                           | 19       | 21            | 91          
| + IOBR                           | 37       | 42            | 89          
| + IOBS                           | 231      | 273           | 85          
| BKCL                             | 6        | 6             | 100         
| CCS                              | 1        | 1             | 100         
| CLKDIV                           | 0        | 4             | 0           
| CLKDLY                           | 0        | 8             | 0           
| DLL                              | 0        | 2             | 0           
| DRM                              | 0        | 26            | 0           
| HARD0N1                          | 50       | 936           | 6           
| IOCKBRG                          | 0        | 2             | 0           
| IOCKGATE                         | 0        | 4             | 0           
| + IOCKGATE as Bypass             | 0        |               |             
| IOLDLYS                          | 131      | 252           | 52          
| IOLDLY                           | 38       | 84            | 46          
| IOL                              | 287      | 336           | 86          
| ISERDES                          | 0        | 21            | 0           
| LDO                              | 0        | 2             | 0           
| OSC                              | 0        | 1             | 0           
| OSERDES                          | 0        | 21            | 0           
| PLLINMUXD                        | 1        | 2             | 50          
| + PLLINMUXD as Bypass            | 0        |               |             
| PLL                              | 1        | 2             | 50          
| USCMDC                           | 1        | 8             | 13          
| + USCMDC as Bypass               | 0        |               |             
| USCMD                            | 0        | 2             | 0           
| + USCMD as Bypass                | 0        |               |             
| USSMBUF                          | 0        | 8             | 0           
| + USSMBUF as Bypass              | 0        |               |             
+----------------------------------------------------------------------------+

Finished routing. (CPU time elapsed 0h:00m:06s)
Design 'Tieta_Feiteng_2001_top' has been routed successfully.
Saving design to DB.
Action route: Export DB successfully.
Action route: Real time elapsed is 0h:0m:8s
Action route: CPU time elapsed is 0h:0m:7s
Action route: Process CPU time elapsed is 0h:0m:8s
Action route: Peak memory pool usage is 375 MB

Current time: Mon Mar  9 15:43:57 2026
