#Build: Fabric Compiler 2024.2-SP1.2, Build 187561, May 22 18:16 2025
#Install: C:\studyware\pango\PDS_2024.2-SP1.2-ads\bin
#Application name: pds_shell.exe
#OS: Windows 10 10.0.18363
#Hostname: z02665mj
Generated by Fabric Compiler (version 2024.2-SP1.2 build 187561) at Tue Apr 21 11:43:58 2026
Parameters for debugging are loaded as follows:
Compiling verification operator library.
Compiling common defs.
Compiling prim grid devices.
Compiling place grid timing.
Compiling gate devices.
Compiling gate operators.
Building architecture model.
Loading device packaging model.
Building architecture floorplan logic view.
Elaborate the liberty model.
I: Multithreading enabled for Timing using a maximum of 4 processes.

Routing started.
Build routing arch for double attribute device.
Enter timing driven router mode.
I: Multithreading enabled for route using a maximum of 1 processes.
W: Route-4027: Cannot find permit_rougth_thru_units.json file in working directory.
Building routing graph takes 0.35 sec.
Enable Recovery Analysis in Routing
Init coarse delay table.
Read place coarse delay table takes 0.05 sec.
build place dedicate switch graph takes 0.19 sec
Setup STE netlist take 520 msec.
Slack Weight : 90
CE/RS signal series limit : 500
Dispose control chain take 72 msec.
Collect const net info take 22 msec.
Total nets for routing: 2253.
Total loads for routing: 10440.
Direct connect net size: 1098
Build all design net take 163 msec.
Processing design graph takes 0.78 sec.
Delay table total memory: 4.79386520 MB
Route graph total memory: 10.70507050 MB
Route design total memory: 3.60998917 MB
The remaining process takes 0.05 sec.
Stage: after context initialize | Performance: TNS = 0 ; WNS = 11258 ; THS = NA ; WHS = NA | Time (s): real = 0h:0m:6s ; cpu = 0h:0m:3s ; process = 0h:0m:5s | Memory (MB): curr = 332.382813 ; peak = 351.957031 | Checksum: C3105ADF93E0C990
Global routing takes 0.00 sec.
Pin Cost Increasing Speed 300
Unrouted clock nets at iteration 0 (0.008 sec): 0
Stage: after clock route | Performance: TNS = 0 ; WNS = 11258 ; THS = NA ; WHS = NA | Time (s): real = 0h:0m:6s ; cpu = 0h:0m:3s ; process = 0h:0m:5s | Memory (MB): curr = 333.476563 ; peak = 351.957031 | Checksum: 2C9673EAF49F4C22
Total route nets size: 2248
I: Start printing congestion info.
I: Finish printing congestion info.
Pre route takes 0.678 sec
Stage: after pre route | Performance: TNS = 0 ; WNS = 11430 ; THS = 0 ; WHS = 258 | Time (s): real = 0h:0m:6s ; cpu = 0h:0m:4s ; process = 0h:0m:6s | Memory (MB): curr = 381.824219 ; peak = 386.140625 | Checksum: 92A5B0DF4B57B045
Unrouted general nets at iteration 2 (MT total route time: 0.381 sec): 1856(overused: 10517)
Unrouted general nets at iteration 3 (MT total route time: 0.319 sec): 1607(overused: 6409)
Unrouted general nets at iteration 4 (MT total route time: 0.233 sec): 1420(overused: 5365)
Unrouted general nets at iteration 5 (MT total route time: 0.197 sec): 1307(overused: 4301)
Unrouted general nets at iteration 6 (MT total route time: 0.170 sec): 1187(overused: 3638)
Unrouted general nets at iteration 7 (MT total route time: 0.127 sec): 774(overused: 2613)
Unrouted general nets at iteration 8 (MT total route time: 0.107 sec): 625(overused: 1708)
Unrouted general nets at iteration 9 (MT total route time: 0.088 sec): 495(overused: 1329)
Unrouted general nets at iteration 10 (MT total route time: 0.079 sec): 368(overused: 991)
Unrouted general nets at iteration 11 (MT total route time: 0.059 sec): 322(overused: 772)
Unrouted general nets at iteration 12 (MT total route time: 0.051 sec): 263(overused: 595)
Unrouted general nets at iteration 13 (MT total route time: 0.038 sec): 218(overused: 421)
Unrouted general nets at iteration 14 (MT total route time: 0.033 sec): 188(overused: 366)
Unrouted general nets at iteration 15 (MT total route time: 0.030 sec): 192(overused: 395)
Unrouted general nets at iteration 16 (MT total route time: 0.035 sec): 162(overused: 346)
Unrouted general nets at iteration 17 (MT total route time: 0.031 sec): 125(overused: 264)
Unrouted general nets at iteration 18 (MT total route time: 0.026 sec): 98(overused: 206)
Unrouted general nets at iteration 19 (MT total route time: 0.024 sec): 87(overused: 182)
Unrouted general nets at iteration 20 (MT total route time: 0.020 sec): 69(overused: 126)
Unrouted general nets at iteration 21 (MT total route time: 0.015 sec): 50(overused: 96)
Unrouted general nets at iteration 22 (MT total route time: 0.011 sec): 37(overused: 66)
Unrouted general nets at iteration 23 (MT total route time: 0.011 sec): 29(overused: 48)
Unrouted general nets at iteration 24 (MT total route time: 0.009 sec): 20(overused: 28)
Unrouted general nets at iteration 25 (MT total route time: 0.007 sec): 10(overused: 16)
Unrouted general nets at iteration 26 (MT total route time: 0.006 sec): 10(overused: 14)
Unrouted general nets at iteration 27 (MT total route time: 0.010 sec): 3(overused: 6)
Unrouted general nets at iteration 28 (MT total route time: 0.007 sec): 0(overused: 0)
----General net take 0.006 sec(route net take 0.000 sec, inc cost take 0.002 sec, iter times: 1)
----const net route take 0.006 sec
Unrouted nets at iteration 29 (0.014 sec): 0
Stage: after detail route | Performance: TNS = 0 ; WNS = 10081 ; THS = NA ; WHS = NA | Time (s): real = 0h:0m:9s ; cpu = 0h:0m:4s ; process = 0h:0m:8s | Memory (MB): curr = 388.839844 ; peak = 389.042969 | Checksum: F67A52EAA99427A2
Begin rip-up and reroute:
Rip-up and reroute takes 0.09 sec.
Stage: after ripup & reroute | Performance: TNS = 0 ; WNS = 10082 ; THS = NA ; WHS = NA | Time (s): real = 0h:0m:9s ; cpu = 0h:0m:4s ; process = 0h:0m:8s | Memory (MB): curr = 392.609375 ; peak = 392.664063 | Checksum: E1E95F94DD1BAC99
Detailed routing takes 3.29 sec.
I: Design net nt_i_CLK_C42_IN_25M is routed by general path.
C: Route-2036: The clock path from i_CLK_C42_IN_25M_ibuf/opit_1:OUT to pll_inst/u_pll_e2/goppllinmuxd:CLK_IN[0] is routed by SRB.
Sort Original Nets take 0.001 sec
Check HPIO div result take 0.000 sec
Total net: 2253, route succeed net: 2253
Generate routing result take 0.005 sec
Handle PERMUX permutation take 0.097 sec
Handle const net take 0.016 sec
Handle route through take 0.040 sec
Used SRB routing arc is 18120.
Stage: after finish route | Performance: TNS = 0 ; WNS = 10082 ; THS = NA ; WHS = NA | Time (s): real = 0h:0m:9s ; cpu = 0h:0m:4s ; process = 0h:0m:9s | Memory (MB): curr = 374.437500 ; peak = 392.664063 | Checksum: A4A35E42CE2AAC4E
Finish routing takes 0.23 sec.
Total routing takes 4.79 sec.


Device Utilization Summary :
+----------------------------------------------------------------------------+
| Device Type                      | Used     | Available     | Util(%)     
+----------------------------------------------------------------------------+
| CLMA                             | 284      | 592           | 48          
| + FF                             | 582      | 3552          | 17          
| + LUT                            | 715      | 2368          | 31          
|   + LUT as Logic                 | 591      |               |             
|   + LUT as Const                 | 112      |               |             
|   + LUT as Bypass                | 12       |               |             
| CLMS                             | 382      | 888           | 44          
| + FF                             | 943      | 5328          | 18          
| + LUT                            | 1019     | 3552          | 29          
|   + LUT as Logic                 | 921      |               |             
|   + LUT as Memory                | 0        |               |             
|     + LUT as Distributed RAM     | 0        |               |             
|   + LUT as Const                 | 84       |               |             
|   + LUT as Bypass                | 14       |               |             
| IO                               | 285      | 336           | 85          
| + IOBD                           | 19       | 21            | 91          
| + IOBR                           | 37       | 42            | 89          
| + IOBS                           | 229      | 273           | 84          
| BKCL                             | 6        | 6             | 100         
| CCS                              | 1        | 1             | 100         
| CLKDIV                           | 0        | 4             | 0           
| CLKDLY                           | 0        | 8             | 0           
| DLL                              | 0        | 2             | 0           
| DRM                              | 0        | 26            | 0           
| HARD0N1                          | 81       | 936           | 9           
| IOCKBRG                          | 0        | 2             | 0           
| IOCKGATE                         | 0        | 4             | 0           
| + IOCKGATE as Bypass             | 0        |               |             
| IOLDLYS                          | 131      | 252           | 52          
| IOLDLY                           | 43       | 84            | 52          
| IOL                              | 285      | 336           | 85          
| ISERDES                          | 0        | 21            | 0           
| LDO                              | 0        | 2             | 0           
| OSC                              | 0        | 1             | 0           
| OSERDES                          | 0        | 21            | 0           
| PLLINMUXD                        | 1        | 2             | 50          
| + PLLINMUXD as Bypass            | 0        |               |             
| PLL                              | 1        | 2             | 50          
| USCMDC                           | 1        | 8             | 13          
| + USCMDC as Bypass               | 0        |               |             
| USCMD                            | 0        | 2             | 0           
| + USCMD as Bypass                | 0        |               |             
| USSMBUF                          | 0        | 8             | 0           
| + USSMBUF as Bypass              | 0        |               |             
+----------------------------------------------------------------------------+

Finished routing. (CPU time elapsed 0h:00m:07s)
Design 'Tieta_Feiteng_2001_top' has been routed successfully.
Saving design to DB.
Action route: Export DB successfully.
Action route: Real time elapsed is 0h:0m:10s
Action route: CPU time elapsed is 0h:0m:8s
Action route: Process CPU time elapsed is 0h:0m:9s
Action route: Peak memory pool usage is 392 MB

Current time: Tue Apr 21 11:44:06 2026
