#Build: Fabric Compiler 2024.2-SP1.2, Build 187561, May 22 18:16 2025
#Install: C:\studyware\pango\PDS_2024.2-SP1.2-ads\bin
#Application name: pds_shell.exe
#OS: Windows 10 10.0.18363
#Hostname: z02665mj
Generated by Fabric Compiler (version 2024.2-SP1.2 build 187561) at Tue Apr 21 11:44:08 2026
Parameters for debugging are loaded as follows:
Compiling verification operator library.
Compiling common defs.
Compiling prim grid devices.
Compiling place grid timing.
Compiling gate devices.
Compiling gate operators.
Building architecture model.
Loading device packaging model.
Building architecture floorplan logic view.
Elaborate the liberty model.
I: Multithreading enabled for Timing using a maximum of 4 processes.

Route Optimize started.
Build routing arch for double attribute device.
Enter timing driven router mode.
I: Multithreading enabled for route using a maximum of 1 processes.
I: Column Clock Check close.
W: Route-4027: Cannot find permit_rougth_thru_units.json file in working directory.
Building routing graph takes 0.38 sec.
Total nets for routing: 2530.
Total loads for routing: 10440.
Direct connect net size: 1098
Build all design net take 141 msec.
Processing design graph takes 0.14 sec.
Delay table total memory: 4.79386520 MB
Route graph total memory: 10.73860168 MB
Route design total memory: 3.62549210 MB
The remaining process takes 0.05 sec.
Stage: after context initialize in post route | Performance: TNS = NA ; WNS = NA ; THS = NA ; WHS = NA | Time (s): real = 0h:0m:5s ; cpu = 0h:0m:3s ; process = 0h:0m:4s | Memory (MB): curr = 288.777344 ; peak = 306.261719 | Checksum: 9231BE5740CE75E1
Load route result takes 0.03 sec
Fix Hold Violation Threshold For Clock Path Cross SRB(ps) : 200
Fix Hold Violation Threshold For Clock Path On Clock Tree(ps) : 100
Hold fix to no violation.
Hold fix to threshold
Stage: after hold fix | Performance: TNS = 0 ; WNS = 10081 ; THS = 0 ; WHS = 259 | Time (s): real = 0h:0m:5s ; cpu = 0h:0m:3s ; process = 0h:0m:5s | Memory (MB): curr = 355.156250 ; peak = 355.160156 | Checksum: 63F7B1607DE2B8BB
Hold Violation Fix in router takes 0.39 sec.
Sort Original Nets take 0.001 sec
Total net: 2530, route succeed net: 2530
Generate routing result take 0.006 sec
Handle PERMUX permutation take 0.008 sec
Handle const net take 0.000 sec
Handle route through take 0.025 sec
Used SRB routing arc is 18120.
Stage: after finish post route | Performance: TNS = 0 ; WNS = 10081 ; THS = NA ; WHS = NA | Time (s): real = 0h:0m:5s ; cpu = 0h:0m:3s ; process = 0h:0m:5s | Memory (MB): curr = 341.617188 ; peak = 355.167969 | Checksum: 4D0DDEA1A2EB2B8D
Finish post route takes 0.09 sec.
Total post route takes 1.10 sec.


Device Utilization Summary :
+----------------------------------------------------------------------------+
| Device Type                      | Used     | Available     | Util(%)     
+----------------------------------------------------------------------------+
| CLMA                             | 284      | 592           | 48          
| + FF                             | 582      | 3552          | 17          
| + LUT                            | 715      | 2368          | 31          
|   + LUT as Logic                 | 591      |               |             
|   + LUT as Const                 | 112      |               |             
|   + LUT as Bypass                | 12       |               |             
| CLMS                             | 382      | 888           | 44          
| + FF                             | 943      | 5328          | 18          
| + LUT                            | 1019     | 3552          | 29          
|   + LUT as Logic                 | 921      |               |             
|   + LUT as Memory                | 0        |               |             
|     + LUT as Distributed RAM     | 0        |               |             
|   + LUT as Const                 | 84       |               |             
|   + LUT as Bypass                | 14       |               |             
| IO                               | 285      | 336           | 85          
| + IOBD                           | 19       | 21            | 91          
| + IOBR                           | 37       | 42            | 89          
| + IOBS                           | 229      | 273           | 84          
| BKCL                             | 6        | 6             | 100         
| CCS                              | 1        | 1             | 100         
| CLKDIV                           | 0        | 4             | 0           
| CLKDLY                           | 0        | 8             | 0           
| DLL                              | 0        | 2             | 0           
| DRM                              | 0        | 26            | 0           
| HARD0N1                          | 81       | 936           | 9           
| IOCKBRG                          | 0        | 2             | 0           
| IOCKGATE                         | 0        | 4             | 0           
| + IOCKGATE as Bypass             | 0        |               |             
| IOLDLYS                          | 131      | 252           | 52          
| IOLDLY                           | 43       | 84            | 52          
| IOL                              | 285      | 336           | 85          
| ISERDES                          | 0        | 21            | 0           
| LDO                              | 0        | 2             | 0           
| OSC                              | 0        | 1             | 0           
| OSERDES                          | 0        | 21            | 0           
| PLLINMUXD                        | 1        | 2             | 50          
| + PLLINMUXD as Bypass            | 0        |               |             
| PLL                              | 1        | 2             | 50          
| USCMDC                           | 1        | 8             | 13          
| + USCMDC as Bypass               | 0        |               |             
| USCMD                            | 0        | 2             | 0           
| + USCMD as Bypass                | 0        |               |             
| USSMBUF                          | 0        | 8             | 0           
| + USSMBUF as Bypass              | 0        |               |             
+----------------------------------------------------------------------------+

Finished route optimize. (CPU time elapsed 0h:00m:04s)
Design 'Tieta_Feiteng_2001_top' has been routed successfully.
Saving design to DB.
Action route_optimize: Export DB successfully.
Action route_optimize: Real time elapsed is 0h:0m:6s
Action route_optimize: CPU time elapsed is 0h:0m:4s
Action route_optimize: Process CPU time elapsed is 0h:0m:5s
Action route_optimize: Peak memory pool usage is 355 MB

Current time: Tue Apr 21 11:44:12 2026
