#Build: Fabric Compiler 2024.2-SP1.2, Build 187561, May 22 18:16 2025
#Install: C:\studyware\pango\PDS_2024.2-SP1.2-ads\bin
#Application name: pds_shell.exe
#OS: Windows 10 10.0.18363
#Hostname: z02665mj
Generated by Fabric Compiler (version 2024.2-SP1.2 build 187561) at Mon Mar  2 22:29:36 2026
Parameters for debugging are loaded as follows:
Compiling verification operator library.
Compiling common defs.
Compiling prim grid devices.
Compiling place grid timing.
Compiling gate devices.
Compiling gate operators.
Building architecture model.
Loading device packaging model.
Building architecture floorplan logic view.
Elaborate the liberty model.
I: Multithreading enabled for Timing using a maximum of 4 processes.

Routing started.
Build routing arch for double attribute device.
Enter timing driven router mode.
I: Multithreading enabled for route using a maximum of 1 processes.
W: Route-4027: Cannot find permit_rougth_thru_units.json file in working directory.
Building routing graph takes 0.32 sec.
Enable Recovery Analysis in Routing
Init coarse delay table.
Read place coarse delay table takes 0.02 sec.
build place dedicate switch graph takes 0.16 sec
Setup STE netlist take 491 msec.
Slack Weight : 90
CE/RS signal series limit : 500
Dispose control chain take 61 msec.
Collect const net info take 22 msec.
Total nets for routing: 2422.
Total loads for routing: 11375.
Direct connect net size: 1153
Build all design net take 146 msec.
Processing design graph takes 0.72 sec.
Delay table total memory: 4.79386520 MB
Route graph total memory: 10.81913757 MB
Route design total memory: 3.90928268 MB
The remaining process takes 0.04 sec.
Stage: after context initialize | Performance: TNS = 0 ; WNS = 10192 ; THS = NA ; WHS = NA | Time (s): real = 0h:0m:6s ; cpu = 0h:0m:3s ; process = 0h:0m:4s | Memory (MB): curr = 343.851563 ; peak = 364.917969 | Checksum: 5E7F12A9F31D887E
Global routing takes 0.00 sec.
Pin Cost Increasing Speed 300
Unrouted clock nets at iteration 0 (0.008 sec): 0
Stage: after clock route | Performance: TNS = 0 ; WNS = 10192 ; THS = NA ; WHS = NA | Time (s): real = 0h:0m:6s ; cpu = 0h:0m:3s ; process = 0h:0m:4s | Memory (MB): curr = 344.746094 ; peak = 364.917969 | Checksum: 68E629A7D7FB8748
Total route nets size: 2414
I: Start printing congestion info.
I: Finish printing congestion info.
Pre route takes 0.639 sec
Stage: after pre route | Performance: TNS = 0 ; WNS = 10982 ; THS = 0 ; WHS = 266 | Time (s): real = 0h:0m:6s ; cpu = 0h:0m:3s ; process = 0h:0m:5s | Memory (MB): curr = 393.535156 ; peak = 398.257813 | Checksum: 7114175EDEBE5A2E
Unrouted general nets at iteration 2 (MT total route time: 0.397 sec): 2096(overused: 11459)
Unrouted general nets at iteration 3 (MT total route time: 0.308 sec): 1836(overused: 7071)
Unrouted general nets at iteration 4 (MT total route time: 0.230 sec): 1603(overused: 5579)
Unrouted general nets at iteration 5 (MT total route time: 0.191 sec): 1454(overused: 4525)
Unrouted general nets at iteration 6 (MT total route time: 0.170 sec): 1309(overused: 3790)
Unrouted general nets at iteration 7 (MT total route time: 0.126 sec): 898(overused: 2743)
Unrouted general nets at iteration 8 (MT total route time: 0.109 sec): 661(overused: 1839)
Unrouted general nets at iteration 9 (MT total route time: 0.091 sec): 565(overused: 1492)
Unrouted general nets at iteration 10 (MT total route time: 0.084 sec): 460(overused: 1236)
Unrouted general nets at iteration 11 (MT total route time: 0.064 sec): 369(overused: 967)
Unrouted general nets at iteration 12 (MT total route time: 0.052 sec): 310(overused: 716)
Unrouted general nets at iteration 13 (MT total route time: 0.040 sec): 251(overused: 566)
Unrouted general nets at iteration 14 (MT total route time: 0.034 sec): 220(overused: 502)
Unrouted general nets at iteration 15 (MT total route time: 0.038 sec): 185(overused: 442)
Unrouted general nets at iteration 16 (MT total route time: 0.032 sec): 175(overused: 408)
Unrouted general nets at iteration 17 (MT total route time: 0.027 sec): 151(overused: 294)
Unrouted general nets at iteration 18 (MT total route time: 0.023 sec): 130(overused: 268)
Unrouted general nets at iteration 19 (MT total route time: 0.021 sec): 103(overused: 237)
Unrouted general nets at iteration 20 (MT total route time: 0.019 sec): 91(overused: 206)
Unrouted general nets at iteration 21 (MT total route time: 0.018 sec): 87(overused: 178)
Unrouted general nets at iteration 22 (MT total route time: 0.027 sec): 77(overused: 160)
Unrouted general nets at iteration 23 (MT total route time: 0.019 sec): 72(overused: 132)
Unrouted general nets at iteration 24 (MT total route time: 0.016 sec): 64(overused: 120)
Unrouted general nets at iteration 25 (MT total route time: 0.014 sec): 50(overused: 106)
Unrouted general nets at iteration 26 (MT total route time: 0.010 sec): 44(overused: 88)
Unrouted general nets at iteration 27 (MT total route time: 0.010 sec): 40(overused: 76)
Unrouted general nets at iteration 28 (MT total route time: 0.010 sec): 41(overused: 76)
Unrouted general nets at iteration 29 (MT total route time: 0.011 sec): 36(overused: 80)
Unrouted general nets at iteration 30 (MT total route time: 0.010 sec): 34(overused: 72)
Unrouted general nets at iteration 31 (MT total route time: 0.011 sec): 26(overused: 46)
Unrouted general nets at iteration 32 (MT total route time: 0.010 sec): 19(overused: 28)
Unrouted general nets at iteration 33 (MT total route time: 0.007 sec): 16(overused: 30)
Unrouted general nets at iteration 34 (MT total route time: 0.006 sec): 16(overused: 30)
Unrouted general nets at iteration 35 (MT total route time: 0.007 sec): 8(overused: 10)
Unrouted general nets at iteration 36 (MT total route time: 0.005 sec): 8(overused: 12)
Unrouted general nets at iteration 37 (MT total route time: 0.005 sec): 6(overused: 6)
Unrouted general nets at iteration 38 (MT total route time: 0.006 sec): 8(overused: 10)
Unrouted general nets at iteration 39 (MT total route time: 0.006 sec): 9(overused: 12)
Unrouted general nets at iteration 40 (MT total route time: 0.017 sec): 36(overused: 94)
Unrouted general nets at iteration 41 (MT total route time: 0.013 sec): 41(overused: 100)
Unrouted general nets at iteration 42 (MT total route time: 0.011 sec): 32(overused: 66)
Unrouted general nets at iteration 43 (MT total route time: 0.011 sec): 31(overused: 60)
Unrouted general nets at iteration 44 (MT total route time: 0.017 sec): 28(overused: 44)
Unrouted general nets at iteration 45 (MT total route time: 0.011 sec): 18(overused: 30)
Unrouted general nets at iteration 46 (MT total route time: 0.008 sec): 17(overused: 24)
Unrouted general nets at iteration 47 (MT total route time: 0.005 sec): 10(overused: 18)
Unrouted general nets at iteration 48 (MT total route time: 0.008 sec): 7(overused: 14)
Unrouted general nets at iteration 49 (MT total route time: 0.006 sec): 10(overused: 16)
Unrouted general nets at iteration 50 (MT total route time: 0.007 sec): 4(overused: 10)
Unrouted general nets at iteration 51 (MT total route time: 0.005 sec): 4(overused: 8)
Unrouted general nets at iteration 52 (MT total route time: 0.005 sec): 4(overused: 6)
Unrouted general nets at iteration 53 (MT total route time: 0.015 sec): 2(overused: 4)
Unrouted general nets at iteration 54 (MT total route time: 0.021 sec): 2(overused: 2)
Unrouted general nets at iteration 55 (MT total route time: 0.014 sec): 2(overused: 4)
Unrouted general nets at iteration 56 (MT total route time: 0.006 sec): 2(overused: 2)
Unrouted general nets at iteration 57 (MT total route time: 0.005 sec): 2(overused: 4)
Unrouted general nets at iteration 58 (MT total route time: 0.007 sec): 4(overused: 10)
Unrouted general nets at iteration 59 (MT total route time: 0.006 sec): 2(overused: 2)
Unrouted general nets at iteration 60 (MT total route time: 0.007 sec): 2(overused: 2)
Unrouted general nets at iteration 61 (MT total route time: 0.006 sec): 0(overused: 0)
----General net take 0.007 sec(route net take 0.000 sec, inc cost take 0.003 sec, iter times: 1)
----const net route take 0.007 sec
Unrouted nets at iteration 62 (0.015 sec): 0
Stage: after detail route | Performance: TNS = 0 ; WNS = 10161 ; THS = NA ; WHS = NA | Time (s): real = 0h:0m:9s ; cpu = 0h:0m:4s ; process = 0h:0m:8s | Memory (MB): curr = 403.089844 ; peak = 403.093750 | Checksum: ED8C82BA8089F041
Begin rip-up and reroute:
Rip-up and reroute takes 0.11 sec.
Stage: after ripup & reroute | Performance: TNS = 0 ; WNS = 10156 ; THS = NA ; WHS = NA | Time (s): real = 0h:0m:9s ; cpu = 0h:0m:4s ; process = 0h:0m:8s | Memory (MB): curr = 405.316406 ; peak = 406.464844 | Checksum: 90285FAB46D13400
Detailed routing takes 3.85 sec.
I: Design net genblk1[0].fan_pwm_tach_m/w_clk_1s_pos is routed by general path.
C: Route-2036: The clock path from genblk1[0].fan_pwm_tach_m/Edge_Detect_u1/N0/gateop:Z to clkbufgs_6:CLKIN is routed by SRB.
I: Design net nt_i_CLK_PAL_IN_25M is routed by general path.
C: Route-2036: The clock path from i_CLK_PAL_IN_25M_ibuf/opit_1:OUT to pll_inst/u_pll_e2/goppllinmuxd:CLK_IN[0] is routed by SRB.
Sort Original Nets take 0.001 sec
Check HPIO div result take 0.000 sec
Total net: 2422, route succeed net: 2422
Generate routing result take 0.006 sec
Handle PERMUX permutation take 0.120 sec
Handle const net take 0.009 sec
Handle route through take 0.030 sec
Used SRB routing arc is 19322.
Stage: after finish route | Performance: TNS = 0 ; WNS = 10156 ; THS = NA ; WHS = NA | Time (s): real = 0h:0m:10s ; cpu = 0h:0m:4s ; process = 0h:0m:9s | Memory (MB): curr = 386.839844 ; peak = 406.464844 | Checksum: 811F17BCFD13242E
Finish routing takes 0.23 sec.
Total routing takes 5.28 sec.


Device Utilization Summary :
+----------------------------------------------------------------------------+
| Device Type                      | Used     | Available     | Util(%)     
+----------------------------------------------------------------------------+
| CLMA                             | 306      | 592           | 52          
| + FF                             | 622      | 3552          | 18          
| + LUT                            | 906      | 2368          | 39          
|   + LUT as Logic                 | 730      |               |             
|   + LUT as Const                 | 162      |               |             
|   + LUT as Bypass                | 14       |               |             
| CLMS                             | 418      | 888           | 48          
| + FF                             | 943      | 5328          | 18          
| + LUT                            | 1175     | 3552          | 34          
|   + LUT as Logic                 | 1039     |               |             
|   + LUT as Memory                | 0        |               |             
|     + LUT as Distributed RAM     | 0        |               |             
|   + LUT as Const                 | 114      |               |             
|   + LUT as Bypass                | 22       |               |             
| IO                               | 308      | 336           | 92          
| + IOBD                           | 21       | 21            | 100         
| + IOBR                           | 40       | 42            | 96          
| + IOBS                           | 247      | 273           | 91          
| BKCL                             | 6        | 6             | 100         
| CCS                              | 1        | 1             | 100         
| CLKDIV                           | 0        | 4             | 0           
| CLKDLY                           | 0        | 8             | 0           
| DLL                              | 0        | 2             | 0           
| DRM                              | 0        | 26            | 0           
| HARD0N1                          | 134      | 936           | 15          
| IOCKBRG                          | 0        | 2             | 0           
| IOCKGATE                         | 0        | 4             | 0           
| + IOCKGATE as Bypass             | 0        |               |             
| IOLDLYS                          | 138      | 252           | 55          
| IOLDLY                           | 41       | 84            | 49          
| IOL                              | 308      | 336           | 92          
| ISERDES                          | 0        | 21            | 0           
| LDO                              | 0        | 2             | 0           
| OSC                              | 0        | 1             | 0           
| OSERDES                          | 0        | 21            | 0           
| PLLINMUXD                        | 1        | 2             | 50          
| + PLLINMUXD as Bypass            | 0        |               |             
| PLL                              | 1        | 2             | 50          
| USCMDC                           | 2        | 8             | 25          
| + USCMDC as Bypass               | 0        |               |             
| USCMD                            | 0        | 2             | 0           
| + USCMD as Bypass                | 0        |               |             
| USSMBUF                          | 1        | 8             | 13          
| + USSMBUF as Bypass              | 0        |               |             
+----------------------------------------------------------------------------+

Finished routing. (CPU time elapsed 0h:00m:07s)
Design 'Tieta_Feiteng_1001_top' has been routed successfully.
Saving design to DB.
Action route: Export DB successfully.
Action route: Real time elapsed is 0h:0m:11s
Action route: CPU time elapsed is 0h:0m:8s
Action route: Process CPU time elapsed is 0h:0m:9s
Action route: Peak memory pool usage is 406 MB

Current time: Mon Mar  2 22:29:45 2026
