#Build: Fabric Compiler 2024.2-SP1.2, Build 187561, May 22 18:16 2025
#Install: C:\studyware\pango\PDS_2024.2-SP1.2-ads\bin
#Application name: pds_shell.exe
#OS: Windows 10 10.0.18363
#Hostname: z02665mj
Generated by Fabric Compiler (version 2024.2-SP1.2 build 187561) at Tue Mar 24 17:20:32 2026
Parameters for debugging are loaded as follows:
Compiling verification operator library.
Compiling common defs.
Compiling prim grid devices.
Compiling place grid timing.
Compiling gate devices.
Compiling gate operators.
Building architecture model.
Loading device packaging model.
Building architecture floorplan logic view.
Elaborate the liberty model.
I: Multithreading enabled for Timing using a maximum of 4 processes.

Routing started.
Build routing arch for double attribute device.
Enter timing driven router mode.
I: Multithreading enabled for route using a maximum of 1 processes.
W: Route-4027: Cannot find permit_rougth_thru_units.json file in working directory.
Building routing graph takes 0.35 sec.
Enable Recovery Analysis in Routing
Init coarse delay table.
Read place coarse delay table takes 0.02 sec.
build place dedicate switch graph takes 0.17 sec
Setup STE netlist take 521 msec.
Slack Weight : 90
CE/RS signal series limit : 500
Dispose control chain take 63 msec.
Collect const net info take 26 msec.
Total nets for routing: 2264.
Total loads for routing: 10499.
Direct connect net size: 1096
Build all design net take 153 msec.
Processing design graph takes 0.77 sec.
Delay table total memory: 4.79386520 MB
Route graph total memory: 10.71193695 MB
Route design total memory: 3.61317062 MB
The remaining process takes 0.04 sec.
Stage: after context initialize | Performance: TNS = 0 ; WNS = 10687 ; THS = NA ; WHS = NA | Time (s): real = 0h:0m:5s ; cpu = 0h:0m:3s ; process = 0h:0m:4s | Memory (MB): curr = 332.648438 ; peak = 352.769531 | Checksum: C2D51DBB40C6D9
Global routing takes 0.00 sec.
Pin Cost Increasing Speed 300
Unrouted clock nets at iteration 0 (0.006 sec): 0
Stage: after clock route | Performance: TNS = 0 ; WNS = 10687 ; THS = NA ; WHS = NA | Time (s): real = 0h:0m:5s ; cpu = 0h:0m:3s ; process = 0h:0m:4s | Memory (MB): curr = 333.812500 ; peak = 352.769531 | Checksum: BF541D0C580B7345
Total route nets size: 2259
I: Start printing congestion info.
I: Finish printing congestion info.
Pre route takes 0.644 sec
Stage: after pre route | Performance: TNS = 0 ; WNS = 10895 ; THS = 0 ; WHS = 256 | Time (s): real = 0h:0m:5s ; cpu = 0h:0m:3s ; process = 0h:0m:5s | Memory (MB): curr = 383.128906 ; peak = 388.035156 | Checksum: 50DDB85DAC2E90ED
Unrouted general nets at iteration 2 (MT total route time: 0.373 sec): 1848(overused: 10459)
Unrouted general nets at iteration 3 (MT total route time: 0.294 sec): 1613(overused: 6677)
Unrouted general nets at iteration 4 (MT total route time: 0.230 sec): 1440(overused: 5223)
Unrouted general nets at iteration 5 (MT total route time: 0.189 sec): 1313(overused: 4348)
Unrouted general nets at iteration 6 (MT total route time: 0.170 sec): 1222(overused: 3812)
Unrouted general nets at iteration 7 (MT total route time: 0.130 sec): 811(overused: 2895)
Unrouted general nets at iteration 8 (MT total route time: 0.114 sec): 635(overused: 1896)
Unrouted general nets at iteration 9 (MT total route time: 0.093 sec): 506(overused: 1414)
Unrouted general nets at iteration 10 (MT total route time: 0.073 sec): 394(overused: 1042)
Unrouted general nets at iteration 11 (MT total route time: 0.060 sec): 333(overused: 853)
Unrouted general nets at iteration 12 (MT total route time: 0.053 sec): 280(overused: 706)
Unrouted general nets at iteration 13 (MT total route time: 0.048 sec): 247(overused: 601)
Unrouted general nets at iteration 14 (MT total route time: 0.042 sec): 221(overused: 490)
Unrouted general nets at iteration 15 (MT total route time: 0.032 sec): 179(overused: 428)
Unrouted general nets at iteration 16 (MT total route time: 0.027 sec): 140(overused: 317)
Unrouted general nets at iteration 17 (MT total route time: 0.026 sec): 123(overused: 252)
Unrouted general nets at iteration 18 (MT total route time: 0.026 sec): 106(overused: 230)
Unrouted general nets at iteration 19 (MT total route time: 0.016 sec): 95(overused: 182)
Unrouted general nets at iteration 20 (MT total route time: 0.017 sec): 82(overused: 162)
Unrouted general nets at iteration 21 (MT total route time: 0.023 sec): 71(overused: 148)
Unrouted general nets at iteration 22 (MT total route time: 0.015 sec): 66(overused: 138)
Unrouted general nets at iteration 23 (MT total route time: 0.012 sec): 43(overused: 74)
Unrouted general nets at iteration 24 (MT total route time: 0.008 sec): 26(overused: 46)
Unrouted general nets at iteration 25 (MT total route time: 0.007 sec): 23(overused: 46)
Unrouted general nets at iteration 26 (MT total route time: 0.006 sec): 12(overused: 16)
Unrouted general nets at iteration 27 (MT total route time: 0.005 sec): 10(overused: 16)
Unrouted general nets at iteration 28 (MT total route time: 0.007 sec): 10(overused: 16)
Unrouted general nets at iteration 29 (MT total route time: 0.006 sec): 6(overused: 6)
Unrouted general nets at iteration 30 (MT total route time: 0.005 sec): 4(overused: 10)
Unrouted general nets at iteration 31 (MT total route time: 0.005 sec): 2(overused: 2)
Unrouted general nets at iteration 32 (MT total route time: 0.005 sec): 0(overused: 0)
----General net take 0.005 sec(route net take 0.000 sec, inc cost take 0.002 sec, iter times: 1)
----const net route take 0.005 sec
Unrouted nets at iteration 33 (0.011 sec): 0
Stage: after detail route | Performance: TNS = 0 ; WNS = 9784 ; THS = NA ; WHS = NA | Time (s): real = 0h:0m:8s ; cpu = 0h:0m:3s ; process = 0h:0m:8s | Memory (MB): curr = 390.101563 ; peak = 390.105469 | Checksum: C04CC54617A84A32
Begin rip-up and reroute:
Rip-up and reroute takes 0.09 sec.
Stage: after ripup & reroute | Performance: TNS = 0 ; WNS = 9783 ; THS = NA ; WHS = NA | Time (s): real = 0h:0m:8s ; cpu = 0h:0m:3s ; process = 0h:0m:8s | Memory (MB): curr = 393.140625 ; peak = 393.175781 | Checksum: 2F51507CC4D7CFF0
Detailed routing takes 3.26 sec.
I: Design net nt_i_CLK_C42_IN_25M is routed by general path.
C: Route-2036: The clock path from i_CLK_C42_IN_25M_ibuf/opit_1:OUT to pll_inst/u_pll_e2/goppllinmuxd:CLK_IN[0] is routed by SRB.
Sort Original Nets take 0.002 sec
Check HPIO div result take 0.000 sec
Total net: 2264, route succeed net: 2264
Generate routing result take 0.007 sec
Handle PERMUX permutation take 0.093 sec
Handle const net take 0.006 sec
Handle route through take 0.032 sec
Used SRB routing arc is 18055.
Stage: after finish route | Performance: TNS = 0 ; WNS = 9783 ; THS = NA ; WHS = NA | Time (s): real = 0h:0m:8s ; cpu = 0h:0m:4s ; process = 0h:0m:8s | Memory (MB): curr = 373.656250 ; peak = 393.175781 | Checksum: 49F4906E8FEF8E4B
Finish routing takes 0.20 sec.
Total routing takes 4.72 sec.


Device Utilization Summary :
+----------------------------------------------------------------------------+
| Device Type                      | Used     | Available     | Util(%)     
+----------------------------------------------------------------------------+
| CLMA                             | 285      | 592           | 49          
| + FF                             | 544      | 3552          | 16          
| + LUT                            | 722      | 2368          | 31          
|   + LUT as Logic                 | 564      |               |             
|   + LUT as Const                 | 144      |               |             
|   + LUT as Bypass                | 14       |               |             
| CLMS                             | 382      | 888           | 44          
| + FF                             | 976      | 5328          | 19          
| + LUT                            | 1056     | 3552          | 30          
|   + LUT as Logic                 | 958      |               |             
|   + LUT as Memory                | 0        |               |             
|     + LUT as Distributed RAM     | 0        |               |             
|   + LUT as Const                 | 76       |               |             
|   + LUT as Bypass                | 22       |               |             
| IO                               | 287      | 336           | 86          
| + IOBD                           | 19       | 21            | 91          
| + IOBR                           | 37       | 42            | 89          
| + IOBS                           | 231      | 273           | 85          
| BKCL                             | 6        | 6             | 100         
| CCS                              | 1        | 1             | 100         
| CLKDIV                           | 0        | 4             | 0           
| CLKDLY                           | 0        | 8             | 0           
| DLL                              | 0        | 2             | 0           
| DRM                              | 0        | 26            | 0           
| HARD0N1                          | 72       | 936           | 8           
| IOCKBRG                          | 0        | 2             | 0           
| IOCKGATE                         | 0        | 4             | 0           
| + IOCKGATE as Bypass             | 0        |               |             
| IOLDLYS                          | 132      | 252           | 53          
| IOLDLY                           | 43       | 84            | 52          
| IOL                              | 287      | 336           | 86          
| ISERDES                          | 0        | 21            | 0           
| LDO                              | 0        | 2             | 0           
| OSC                              | 0        | 1             | 0           
| OSERDES                          | 0        | 21            | 0           
| PLLINMUXD                        | 1        | 2             | 50          
| + PLLINMUXD as Bypass            | 0        |               |             
| PLL                              | 1        | 2             | 50          
| USCMDC                           | 1        | 8             | 13          
| + USCMDC as Bypass               | 0        |               |             
| USCMD                            | 0        | 2             | 0           
| + USCMD as Bypass                | 0        |               |             
| USSMBUF                          | 0        | 8             | 0           
| + USSMBUF as Bypass              | 0        |               |             
+----------------------------------------------------------------------------+

Finished routing. (CPU time elapsed 0h:00m:07s)
Design 'Tieta_Feiteng_2001_top' has been routed successfully.
Saving design to DB.
Action route: Export DB successfully.
Action route: Real time elapsed is 0h:0m:9s
Action route: CPU time elapsed is 0h:0m:7s
Action route: Process CPU time elapsed is 0h:0m:9s
Action route: Peak memory pool usage is 393 MB

Current time: Tue Mar 24 17:20:40 2026
