#Build: Fabric Compiler 2024.2-SP1.2, Build 187561, May 22 18:16 2025
#Install: C:\studyware\pango\PDS_2024.2-SP1.2-ads\bin
#Application name: pds_shell.exe
#OS: Windows 10 10.0.18363
#Hostname: z02665mj
Generated by Fabric Compiler (version 2024.2-SP1.2 build 187561) at Wed Mar 18 21:11:44 2026
Parameters for debugging are loaded as follows:
Compiling verification operator library.
Compiling common defs.
Compiling prim grid devices.
Compiling place grid timing.
Compiling gate devices.
Compiling gate operators.
Building architecture model.
Loading device packaging model.
Building architecture floorplan logic view.
Elaborate the liberty model.
I: Multithreading enabled for Timing using a maximum of 4 processes.

Routing started.
Build routing arch for double attribute device.
Enter timing driven router mode.
I: Multithreading enabled for route using a maximum of 1 processes.
W: Route-4027: Cannot find permit_rougth_thru_units.json file in working directory.
Building routing graph takes 0.33 sec.
Enable Recovery Analysis in Routing
Init coarse delay table.
Read place coarse delay table takes 0.03 sec.
build place dedicate switch graph takes 0.16 sec
Setup STE netlist take 492 msec.
Slack Weight : 90
CE/RS signal series limit : 500
Dispose control chain take 58 msec.
Collect const net info take 19 msec.
Total nets for routing: 1994.
Total loads for routing: 9301.
Direct connect net size: 1067
Build all design net take 128 msec.
Processing design graph takes 0.70 sec.
Delay table total memory: 4.79386520 MB
Route graph total memory: 10.61807632 MB
Route design total memory: 3.40668869 MB
The remaining process takes 0.04 sec.
Stage: after context initialize | Performance: TNS = 0 ; WNS = 11481 ; THS = NA ; WHS = NA | Time (s): real = 0h:0m:6s ; cpu = 0h:0m:3s ; process = 0h:0m:4s | Memory (MB): curr = 327.792969 ; peak = 346.582031 | Checksum: 7E61435CA4781268
Global routing takes 0.00 sec.
Pin Cost Increasing Speed 300
Unrouted clock nets at iteration 0 (0.006 sec): 0
Stage: after clock route | Performance: TNS = 0 ; WNS = 11481 ; THS = NA ; WHS = NA | Time (s): real = 0h:0m:6s ; cpu = 0h:0m:3s ; process = 0h:0m:4s | Memory (MB): curr = 328.707031 ; peak = 346.582031 | Checksum: 43DA869242C2F5E2
Total route nets size: 1989
I: Start printing congestion info.
I: Finish printing congestion info.
Pre route takes 0.550 sec
Stage: after pre route | Performance: TNS = 0 ; WNS = 11974 ; THS = 0 ; WHS = 276 | Time (s): real = 0h:0m:6s ; cpu = 0h:0m:3s ; process = 0h:0m:5s | Memory (MB): curr = 370.730469 ; peak = 375.269531 | Checksum: A749001C63FA9AD9
Unrouted general nets at iteration 2 (MT total route time: 0.326 sec): 1643(overused: 9524)
Unrouted general nets at iteration 3 (MT total route time: 0.252 sec): 1459(overused: 6035)
Unrouted general nets at iteration 4 (MT total route time: 0.333 sec): 1296(overused: 4840)
Unrouted general nets at iteration 5 (MT total route time: 0.167 sec): 1158(overused: 3865)
Unrouted general nets at iteration 6 (MT total route time: 0.146 sec): 1079(overused: 3315)
Unrouted general nets at iteration 7 (MT total route time: 0.114 sec): 673(overused: 2251)
Unrouted general nets at iteration 8 (MT total route time: 0.090 sec): 539(overused: 1535)
Unrouted general nets at iteration 9 (MT total route time: 0.075 sec): 431(overused: 1187)
Unrouted general nets at iteration 10 (MT total route time: 0.059 sec): 347(overused: 857)
Unrouted general nets at iteration 11 (MT total route time: 0.051 sec): 280(overused: 684)
Unrouted general nets at iteration 12 (MT total route time: 0.047 sec): 245(overused: 654)
Unrouted general nets at iteration 13 (MT total route time: 0.043 sec): 209(overused: 536)
Unrouted general nets at iteration 14 (MT total route time: 0.034 sec): 167(overused: 433)
Unrouted general nets at iteration 15 (MT total route time: 0.030 sec): 152(overused: 390)
Unrouted general nets at iteration 16 (MT total route time: 0.031 sec): 136(overused: 308)
Unrouted general nets at iteration 17 (MT total route time: 0.026 sec): 111(overused: 230)
Unrouted general nets at iteration 18 (MT total route time: 0.023 sec): 85(overused: 186)
Unrouted general nets at iteration 19 (MT total route time: 0.019 sec): 69(overused: 169)
Unrouted general nets at iteration 20 (MT total route time: 0.016 sec): 59(overused: 118)
Unrouted general nets at iteration 21 (MT total route time: 0.011 sec): 44(overused: 90)
Unrouted general nets at iteration 22 (MT total route time: 0.013 sec): 35(overused: 60)
Unrouted general nets at iteration 23 (MT total route time: 0.012 sec): 37(overused: 72)
Unrouted general nets at iteration 24 (MT total route time: 0.014 sec): 26(overused: 48)
Unrouted general nets at iteration 25 (MT total route time: 0.011 sec): 25(overused: 44)
Unrouted general nets at iteration 26 (MT total route time: 0.010 sec): 28(overused: 46)
Unrouted general nets at iteration 27 (MT total route time: 0.013 sec): 21(overused: 32)
Unrouted general nets at iteration 28 (MT total route time: 0.010 sec): 16(overused: 24)
Unrouted general nets at iteration 29 (MT total route time: 0.007 sec): 14(overused: 20)
Unrouted general nets at iteration 30 (MT total route time: 0.008 sec): 17(overused: 28)
Unrouted general nets at iteration 31 (MT total route time: 0.008 sec): 8(overused: 8)
Unrouted general nets at iteration 32 (MT total route time: 0.005 sec): 4(overused: 4)
Unrouted general nets at iteration 33 (MT total route time: 0.005 sec): 4(overused: 10)
Unrouted general nets at iteration 34 (MT total route time: 0.005 sec): 2(overused: 4)
Unrouted general nets at iteration 35 (MT total route time: 0.004 sec): 0(overused: 0)
----General net take 0.004 sec(route net take 0.000 sec, inc cost take 0.001 sec, iter times: 1)
----const net route take 0.004 sec
Unrouted nets at iteration 36 (0.009 sec): 0
Stage: after detail route | Performance: TNS = 0 ; WNS = 10523 ; THS = NA ; WHS = NA | Time (s): real = 0h:0m:9s ; cpu = 0h:0m:3s ; process = 0h:0m:7s | Memory (MB): curr = 378.808594 ; peak = 378.812500 | Checksum: BF31C7DC6B7AD473
Begin rip-up and reroute:
Rip-up and reroute takes 0.08 sec.
Stage: after ripup & reroute | Performance: TNS = 0 ; WNS = 10522 ; THS = NA ; WHS = NA | Time (s): real = 0h:0m:9s ; cpu = 0h:0m:4s ; process = 0h:0m:7s | Memory (MB): curr = 381.355469 ; peak = 382.703125 | Checksum: E2FDBE7588FC9C78
Detailed routing takes 3.02 sec.
I: Design net nt_i_CLK_C42_IN_25M is routed by general path.
C: Route-2036: The clock path from i_CLK_C42_IN_25M_ibuf/opit_1:OUT to pll_inst/u_pll_e2/goppllinmuxd:CLK_IN[0] is routed by SRB.
Sort Original Nets take 0.001 sec
Check HPIO div result take 0.000 sec
Total net: 1994, route succeed net: 1994
Generate routing result take 0.005 sec
Handle PERMUX permutation take 0.122 sec
Handle const net take 0.026 sec
Handle route through take 0.026 sec
Used SRB routing arc is 16239.
Stage: after finish route | Performance: TNS = 0 ; WNS = 10522 ; THS = NA ; WHS = NA | Time (s): real = 0h:0m:9s ; cpu = 0h:0m:4s ; process = 0h:0m:7s | Memory (MB): curr = 367.140625 ; peak = 382.703125 | Checksum: D053878E97CCCFA4
Finish routing takes 0.24 sec.
Total routing takes 4.40 sec.


Device Utilization Summary :
+----------------------------------------------------------------------------+
| Device Type                      | Used     | Available     | Util(%)     
+----------------------------------------------------------------------------+
| CLMA                             | 270      | 592           | 46          
| + FF                             | 544      | 3552          | 16          
| + LUT                            | 635      | 2368          | 27          
|   + LUT as Logic                 | 531      |               |             
|   + LUT as Const                 | 90       |               |             
|   + LUT as Bypass                | 14       |               |             
| CLMS                             | 341      | 888           | 39          
| + FF                             | 817      | 5328          | 16          
| + LUT                            | 867      | 3552          | 25          
|   + LUT as Logic                 | 768      |               |             
|   + LUT as Memory                | 0        |               |             
|     + LUT as Distributed RAM     | 0        |               |             
|   + LUT as Const                 | 81       |               |             
|   + LUT as Bypass                | 18       |               |             
| IO                               | 287      | 336           | 86          
| + IOBD                           | 19       | 21            | 91          
| + IOBR                           | 37       | 42            | 89          
| + IOBS                           | 231      | 273           | 85          
| BKCL                             | 6        | 6             | 100         
| CCS                              | 1        | 1             | 100         
| CLKDIV                           | 0        | 4             | 0           
| CLKDLY                           | 0        | 8             | 0           
| DLL                              | 0        | 2             | 0           
| DRM                              | 0        | 26            | 0           
| HARD0N1                          | 61       | 936           | 7           
| IOCKBRG                          | 0        | 2             | 0           
| IOCKGATE                         | 0        | 4             | 0           
| + IOCKGATE as Bypass             | 0        |               |             
| IOLDLYS                          | 132      | 252           | 53          
| IOLDLY                           | 43       | 84            | 52          
| IOL                              | 287      | 336           | 86          
| ISERDES                          | 0        | 21            | 0           
| LDO                              | 0        | 2             | 0           
| OSC                              | 0        | 1             | 0           
| OSERDES                          | 0        | 21            | 0           
| PLLINMUXD                        | 1        | 2             | 50          
| + PLLINMUXD as Bypass            | 0        |               |             
| PLL                              | 1        | 2             | 50          
| USCMDC                           | 1        | 8             | 13          
| + USCMDC as Bypass               | 0        |               |             
| USCMD                            | 0        | 2             | 0           
| + USCMD as Bypass                | 0        |               |             
| USSMBUF                          | 0        | 8             | 0           
| + USSMBUF as Bypass              | 0        |               |             
+----------------------------------------------------------------------------+

Finished routing. (CPU time elapsed 0h:00m:06s)
Design 'Tieta_Feiteng_2001_top' has been routed successfully.
Saving design to DB.
Action route: Export DB successfully.
Action route: Real time elapsed is 0h:0m:10s
Action route: CPU time elapsed is 0h:0m:7s
Action route: Process CPU time elapsed is 0h:0m:8s
Action route: Peak memory pool usage is 382 MB

Current time: Wed Mar 18 21:11:52 2026
