#Build: Fabric Compiler 2024.2-SP1.2, Build 187561, May 22 18:16 2025
#Install: C:\studyware\pango\PDS_2024.2-SP1.2-ads\bin
#Application name: pds_shell.exe
#OS: Windows 10 10.0.18363
#Hostname: z02665mj
Generated by Fabric Compiler (version 2024.2-SP1.2 build 187561) at Thu Mar  5 11:15:53 2026
Parameters for debugging are loaded as follows:
Compiling verification operator library.
Compiling common defs.
Compiling prim grid devices.
Compiling place grid timing.
Compiling gate devices.
Compiling gate operators.
Building architecture model.
Loading device packaging model.
Building architecture floorplan logic view.
Elaborate the liberty model.
I: Multithreading enabled for Timing using a maximum of 4 processes.

Routing started.
Build routing arch for double attribute device.
Enter timing driven router mode.
I: Multithreading enabled for route using a maximum of 1 processes.
W: Route-4027: Cannot find permit_rougth_thru_units.json file in working directory.
Building routing graph takes 0.31 sec.
Enable Recovery Analysis in Routing
Init coarse delay table.
Read place coarse delay table takes 0.03 sec.
build place dedicate switch graph takes 0.16 sec
Setup STE netlist take 474 msec.
Slack Weight : 90
CE/RS signal series limit : 500
Dispose control chain take 70 msec.
Collect const net info take 23 msec.
Total nets for routing: 2592.
Total loads for routing: 12173.
Direct connect net size: 1189
Build all design net take 145 msec.
Processing design graph takes 0.72 sec.
Delay table total memory: 4.79386520 MB
Route graph total memory: 10.91104126 MB
Route design total memory: 3.95669174 MB
The remaining process takes 0.05 sec.
Stage: after context initialize | Performance: TNS = 0 ; WNS = 9442 ; THS = NA ; WHS = NA | Time (s): real = 0h:0m:5s ; cpu = 0h:0m:3s ; process = 0h:0m:4s | Memory (MB): curr = 347.511719 ; peak = 370.371094 | Checksum: 7CB9A3A2EF1B5C8C
Global routing takes 0.00 sec.
Pin Cost Increasing Speed 300
Unrouted clock nets at iteration 0 (0.009 sec): 0
Stage: after clock route | Performance: TNS = 0 ; WNS = 9442 ; THS = NA ; WHS = NA | Time (s): real = 0h:0m:5s ; cpu = 0h:0m:3s ; process = 0h:0m:4s | Memory (MB): curr = 348.691406 ; peak = 370.371094 | Checksum: 1AA6547905FA8BA3
Total route nets size: 2584
I: Start printing congestion info.
I: Finish printing congestion info.
Pre route takes 0.716 sec
Stage: after pre route | Performance: TNS = 0 ; WNS = 10219 ; THS = 0 ; WHS = 258 | Time (s): real = 0h:0m:6s ; cpu = 0h:0m:3s ; process = 0h:0m:5s | Memory (MB): curr = 404.035156 ; peak = 408.765625 | Checksum: 9115EC41755AFD74
Unrouted general nets at iteration 2 (MT total route time: 0.522 sec): 2234(overused: 12350)
Unrouted general nets at iteration 3 (MT total route time: 0.471 sec): 1852(overused: 7423)
Unrouted general nets at iteration 4 (MT total route time: 0.274 sec): 1584(overused: 5664)
Unrouted general nets at iteration 5 (MT total route time: 0.240 sec): 1395(overused: 4413)
Unrouted general nets at iteration 6 (MT total route time: 0.200 sec): 1252(overused: 3766)
Unrouted general nets at iteration 7 (MT total route time: 0.152 sec): 936(overused: 2752)
Unrouted general nets at iteration 8 (MT total route time: 0.114 sec): 702(overused: 1891)
Unrouted general nets at iteration 9 (MT total route time: 0.097 sec): 532(overused: 1385)
Unrouted general nets at iteration 10 (MT total route time: 0.071 sec): 451(overused: 1134)
Unrouted general nets at iteration 11 (MT total route time: 0.091 sec): 377(overused: 943)
Unrouted general nets at iteration 12 (MT total route time: 0.058 sec): 308(overused: 706)
Unrouted general nets at iteration 13 (MT total route time: 0.068 sec): 238(overused: 554)
Unrouted general nets at iteration 14 (MT total route time: 0.041 sec): 209(overused: 481)
Unrouted general nets at iteration 15 (MT total route time: 0.063 sec): 173(overused: 386)
Unrouted general nets at iteration 16 (MT total route time: 0.037 sec): 148(overused: 324)
Unrouted general nets at iteration 17 (MT total route time: 0.034 sec): 139(overused: 304)
Unrouted general nets at iteration 18 (MT total route time: 0.106 sec): 125(overused: 250)
Unrouted general nets at iteration 19 (MT total route time: 0.073 sec): 105(overused: 202)
Unrouted general nets at iteration 20 (MT total route time: 0.032 sec): 75(overused: 174)
Unrouted general nets at iteration 21 (MT total route time: 0.026 sec): 59(overused: 122)
Unrouted general nets at iteration 22 (MT total route time: 0.029 sec): 76(overused: 155)
Unrouted general nets at iteration 23 (MT total route time: 0.032 sec): 65(overused: 164)
Unrouted general nets at iteration 24 (MT total route time: 0.044 sec): 56(overused: 145)
Unrouted general nets at iteration 25 (MT total route time: 0.056 sec): 42(overused: 106)
Unrouted general nets at iteration 26 (MT total route time: 0.052 sec): 47(overused: 86)
Unrouted general nets at iteration 27 (MT total route time: 0.022 sec): 49(overused: 80)
Unrouted general nets at iteration 28 (MT total route time: 0.020 sec): 44(overused: 80)
Unrouted general nets at iteration 29 (MT total route time: 0.013 sec): 27(overused: 44)
Unrouted general nets at iteration 30 (MT total route time: 0.014 sec): 29(overused: 50)
Unrouted general nets at iteration 31 (MT total route time: 0.013 sec): 15(overused: 30)
Unrouted general nets at iteration 32 (MT total route time: 0.009 sec): 14(overused: 32)
Unrouted general nets at iteration 33 (MT total route time: 0.011 sec): 12(overused: 22)
Unrouted general nets at iteration 34 (MT total route time: 0.010 sec): 13(overused: 26)
Unrouted general nets at iteration 35 (MT total route time: 0.009 sec): 9(overused: 14)
Unrouted general nets at iteration 36 (MT total route time: 0.008 sec): 7(overused: 12)
Unrouted general nets at iteration 37 (MT total route time: 0.007 sec): 7(overused: 12)
Unrouted general nets at iteration 38 (MT total route time: 0.010 sec): 6(overused: 12)
Unrouted general nets at iteration 39 (MT total route time: 0.011 sec): 6(overused: 10)
Unrouted general nets at iteration 40 (MT total route time: 0.010 sec): 4(overused: 6)
Unrouted general nets at iteration 41 (MT total route time: 0.012 sec): 4(overused: 8)
Unrouted general nets at iteration 42 (MT total route time: 0.013 sec): 2(overused: 2)
Unrouted general nets at iteration 43 (MT total route time: 0.011 sec): 2(overused: 2)
Unrouted general nets at iteration 44 (MT total route time: 0.009 sec): 2(overused: 2)
Unrouted general nets at iteration 45 (MT total route time: 0.009 sec): 2(overused: 4)
Unrouted general nets at iteration 46 (MT total route time: 0.011 sec): 2(overused: 2)
Unrouted general nets at iteration 47 (MT total route time: 0.013 sec): 2(overused: 2)
Unrouted general nets at iteration 48 (MT total route time: 0.028 sec): 2(overused: 4)
Unrouted general nets at iteration 49 (MT total route time: 0.013 sec): 2(overused: 2)
Unrouted general nets at iteration 50 (MT total route time: 0.007 sec): 0(overused: 0)
----General net take 0.006 sec(route net take 0.000 sec, inc cost take 0.002 sec, iter times: 1)
----const net route take 0.007 sec
Unrouted nets at iteration 51 (0.014 sec): 0
Stage: after detail route | Performance: TNS = 0 ; WNS = 8836 ; THS = NA ; WHS = NA | Time (s): real = 0h:0m:10s ; cpu = 0h:0m:4s ; process = 0h:0m:9s | Memory (MB): curr = 411.796875 ; peak = 411.800781 | Checksum: 5BB308B68431E2DE
Begin rip-up and reroute:
Rip-up and reroute takes 0.10 sec.
Stage: after ripup & reroute | Performance: TNS = 0 ; WNS = 8845 ; THS = NA ; WHS = NA | Time (s): real = 0h:0m:10s ; cpu = 0h:0m:4s ; process = 0h:0m:9s | Memory (MB): curr = 415.453125 ; peak = 415.511719 | Checksum: CF5E81BD52987EC4
Detailed routing takes 4.75 sec.
I: Design net genblk1[0].fan_pwm_tach_m/w_clk_1s_pos is routed by general path.
C: Route-2036: The clock path from genblk1[0].fan_pwm_tach_m/Edge_Detect_u1/N0/gateop:Z to clkbufgs_6:CLKIN is routed by SRB.
I: Design net nt_i_CLK_PAL_IN_25M is routed by general path.
C: Route-2036: The clock path from i_CLK_PAL_IN_25M_ibuf/opit_1:OUT to pll_inst/u_pll_e2/goppllinmuxd:CLK_IN[0] is routed by SRB.
Sort Original Nets take 0.003 sec
Check HPIO div result take 0.000 sec
Total net: 2592, route succeed net: 2592
Generate routing result take 0.011 sec
Handle PERMUX permutation take 0.099 sec
Handle const net take 0.008 sec
Handle route through take 0.029 sec
Used SRB routing arc is 20392.
Stage: after finish route | Performance: TNS = 0 ; WNS = 8845 ; THS = NA ; WHS = NA | Time (s): real = 0h:0m:10s ; cpu = 0h:0m:4s ; process = 0h:0m:10s | Memory (MB): curr = 394.839844 ; peak = 415.511719 | Checksum: 459BADB9F2529B5B
Finish routing takes 0.22 sec.
Total routing takes 6.14 sec.


Device Utilization Summary :
+----------------------------------------------------------------------------+
| Device Type                      | Used     | Available     | Util(%)     
+----------------------------------------------------------------------------+
| CLMA                             | 340      | 592           | 58          
| + FF                             | 642      | 3552          | 19          
| + LUT                            | 949      | 2368          | 41          
|   + LUT as Logic                 | 765      |               |             
|   + LUT as Const                 | 174      |               |             
|   + LUT as Bypass                | 10       |               |             
| CLMS                             | 459      | 888           | 52          
| + FF                             | 1034     | 5328          | 20          
| + LUT                            | 1304     | 3552          | 37          
|   + LUT as Logic                 | 1155     |               |             
|   + LUT as Memory                | 0        |               |             
|     + LUT as Distributed RAM     | 0        |               |             
|   + LUT as Const                 | 137      |               |             
|   + LUT as Bypass                | 12       |               |             
| IO                               | 308      | 336           | 92          
| + IOBD                           | 21       | 21            | 100         
| + IOBR                           | 40       | 42            | 96          
| + IOBS                           | 247      | 273           | 91          
| BKCL                             | 6        | 6             | 100         
| CCS                              | 1        | 1             | 100         
| CLKDIV                           | 0        | 4             | 0           
| CLKDLY                           | 0        | 8             | 0           
| DLL                              | 0        | 2             | 0           
| DRM                              | 0        | 26            | 0           
| HARD0N1                          | 146      | 936           | 16          
| IOCKBRG                          | 0        | 2             | 0           
| IOCKGATE                         | 0        | 4             | 0           
| + IOCKGATE as Bypass             | 0        |               |             
| IOLDLYS                          | 138      | 252           | 55          
| IOLDLY                           | 57       | 84            | 68          
| IOL                              | 308      | 336           | 92          
| ISERDES                          | 0        | 21            | 0           
| LDO                              | 0        | 2             | 0           
| OSC                              | 0        | 1             | 0           
| OSERDES                          | 0        | 21            | 0           
| PLLINMUXD                        | 1        | 2             | 50          
| + PLLINMUXD as Bypass            | 0        |               |             
| PLL                              | 1        | 2             | 50          
| USCMDC                           | 2        | 8             | 25          
| + USCMDC as Bypass               | 0        |               |             
| USCMD                            | 0        | 2             | 0           
| + USCMD as Bypass                | 0        |               |             
| USSMBUF                          | 1        | 8             | 13          
| + USSMBUF as Bypass              | 0        |               |             
+----------------------------------------------------------------------------+

Finished routing. (CPU time elapsed 0h:00m:08s)
Design 'Tieta_Feiteng_1001_top' has been routed successfully.
Saving design to DB.
Action route: Export DB successfully.
Action route: Real time elapsed is 0h:0m:11s
Action route: CPU time elapsed is 0h:0m:9s
Action route: Process CPU time elapsed is 0h:0m:11s
Action route: Peak memory pool usage is 415 MB

Current time: Thu Mar  5 11:16:02 2026
