#Build: Fabric Compiler 2024.2-SP1.2, Build 187561, May 22 18:16 2025
#Install: C:\studyware\pango\PDS_2024.2-SP1.2-ads\bin
#Application name: pds_shell.exe
#OS: Windows 10 10.0.18363
#Hostname: z02665mj
Generated by Fabric Compiler (version 2024.2-SP1.2 build 187561) at Sat Mar 14 14:34:28 2026
Parameters for debugging are loaded as follows:
Compiling verification operator library.
Compiling common defs.
Compiling prim grid devices.
Compiling place grid timing.
Compiling gate devices.
Compiling gate operators.
Building architecture model.
Loading device packaging model.
Building architecture floorplan logic view.
Elaborate the liberty model.
I: Multithreading enabled for Timing using a maximum of 4 processes.

Routing started.
Build routing arch for double attribute device.
Enter timing driven router mode.
I: Multithreading enabled for route using a maximum of 1 processes.
W: Route-4027: Cannot find permit_rougth_thru_units.json file in working directory.
Building routing graph takes 0.36 sec.
Enable Recovery Analysis in Routing
Init coarse delay table.
Read place coarse delay table takes 0.03 sec.
build place dedicate switch graph takes 0.17 sec
Setup STE netlist take 551 msec.
Slack Weight : 90
CE/RS signal series limit : 500
Dispose control chain take 80 msec.
Collect const net info take 28 msec.
Total nets for routing: 2913.
Total loads for routing: 13655.
Direct connect net size: 1241
Build all design net take 174 msec.
Processing design graph takes 0.84 sec.
Delay table total memory: 4.79386520 MB
Route graph total memory: 11.15149689 MB
Route design total memory: 4.19233322 MB
The remaining process takes 0.05 sec.
Stage: after context initialize | Performance: TNS = 0 ; WNS = 8810 ; THS = NA ; WHS = NA | Time (s): real = 0h:0m:5s ; cpu = 0h:0m:3s ; process = 0h:0m:4s | Memory (MB): curr = 353.875000 ; peak = 377.281250 | Checksum: ED14C9158E00986
Global routing takes 0.00 sec.
Pin Cost Increasing Speed 300
Unrouted clock nets at iteration 0 (0.009 sec): 0
Stage: after clock route | Performance: TNS = 0 ; WNS = 8810 ; THS = NA ; WHS = NA | Time (s): real = 0h:0m:5s ; cpu = 0h:0m:3s ; process = 0h:0m:4s | Memory (MB): curr = 355.031250 ; peak = 377.281250 | Checksum: 700DDA6CF29198BF
Total route nets size: 2905
I: Start printing congestion info.
I: Finish printing congestion info.
Pre route takes 0.783 sec
Stage: after pre route | Performance: TNS = 0 ; WNS = 10733 ; THS = 0 ; WHS = 256 | Time (s): real = 0h:0m:6s ; cpu = 0h:0m:3s ; process = 0h:0m:6s | Memory (MB): curr = 415.335938 ; peak = 420.304688 | Checksum: A30ADFD281E926D8
Unrouted general nets at iteration 2 (MT total route time: 0.480 sec): 2520(overused: 13922)
Unrouted general nets at iteration 3 (MT total route time: 0.380 sec): 2141(overused: 8577)
Unrouted general nets at iteration 4 (MT total route time: 0.296 sec): 1862(overused: 6771)
Unrouted general nets at iteration 5 (MT total route time: 0.245 sec): 1681(overused: 5468)
Unrouted general nets at iteration 6 (MT total route time: 0.219 sec): 1551(overused: 4878)
Unrouted general nets at iteration 7 (MT total route time: 0.181 sec): 1097(overused: 3436)
Unrouted general nets at iteration 8 (MT total route time: 0.137 sec): 825(overused: 2335)
Unrouted general nets at iteration 9 (MT total route time: 0.102 sec): 624(overused: 1565)
Unrouted general nets at iteration 10 (MT total route time: 0.089 sec): 515(overused: 1360)
Unrouted general nets at iteration 11 (MT total route time: 0.078 sec): 421(overused: 1162)
Unrouted general nets at iteration 12 (MT total route time: 0.072 sec): 345(overused: 873)
Unrouted general nets at iteration 13 (MT total route time: 0.056 sec): 299(overused: 714)
Unrouted general nets at iteration 14 (MT total route time: 0.054 sec): 298(overused: 684)
Unrouted general nets at iteration 15 (MT total route time: 0.046 sec): 254(overused: 604)
Unrouted general nets at iteration 16 (MT total route time: 0.043 sec): 208(overused: 487)
Unrouted general nets at iteration 17 (MT total route time: 0.038 sec): 196(overused: 430)
Unrouted general nets at iteration 18 (MT total route time: 0.036 sec): 152(overused: 349)
Unrouted general nets at iteration 19 (MT total route time: 0.034 sec): 132(overused: 296)
Unrouted general nets at iteration 20 (MT total route time: 0.031 sec): 117(overused: 255)
Unrouted general nets at iteration 21 (MT total route time: 0.036 sec): 121(overused: 258)
Unrouted general nets at iteration 22 (MT total route time: 0.041 sec): 120(overused: 218)
Unrouted general nets at iteration 23 (MT total route time: 0.032 sec): 99(overused: 194)
Unrouted general nets at iteration 24 (MT total route time: 0.034 sec): 94(overused: 218)
Unrouted general nets at iteration 25 (MT total route time: 0.028 sec): 80(overused: 166)
Unrouted general nets at iteration 26 (MT total route time: 0.032 sec): 69(overused: 124)
Unrouted general nets at iteration 27 (MT total route time: 0.021 sec): 55(overused: 98)
Unrouted general nets at iteration 28 (MT total route time: 0.020 sec): 38(overused: 78)
Unrouted general nets at iteration 29 (MT total route time: 0.018 sec): 30(overused: 46)
Unrouted general nets at iteration 30 (MT total route time: 0.017 sec): 29(overused: 44)
Unrouted general nets at iteration 31 (MT total route time: 0.018 sec): 26(overused: 40)
Unrouted general nets at iteration 32 (MT total route time: 0.020 sec): 32(overused: 52)
Unrouted general nets at iteration 33 (MT total route time: 0.018 sec): 20(overused: 38)
Unrouted general nets at iteration 34 (MT total route time: 0.017 sec): 22(overused: 36)
Unrouted general nets at iteration 35 (MT total route time: 0.014 sec): 20(overused: 26)
Unrouted general nets at iteration 36 (MT total route time: 0.014 sec): 20(overused: 34)
Unrouted general nets at iteration 37 (MT total route time: 0.015 sec): 18(overused: 28)
Unrouted general nets at iteration 38 (MT total route time: 0.015 sec): 12(overused: 22)
Unrouted general nets at iteration 39 (MT total route time: 0.012 sec): 13(overused: 28)
Unrouted general nets at iteration 40 (MT total route time: 0.017 sec): 14(overused: 24)
Unrouted general nets at iteration 41 (MT total route time: 0.014 sec): 12(overused: 18)
Unrouted general nets at iteration 42 (MT total route time: 0.013 sec): 11(overused: 16)
Unrouted general nets at iteration 43 (MT total route time: 0.010 sec): 4(overused: 4)
Unrouted general nets at iteration 44 (MT total route time: 0.007 sec): 4(overused: 4)
Unrouted general nets at iteration 45 (MT total route time: 0.006 sec): 2(overused: 2)
Unrouted general nets at iteration 46 (MT total route time: 0.006 sec): 2(overused: 2)
Unrouted general nets at iteration 47 (MT total route time: 0.006 sec): 3(overused: 4)
Unrouted general nets at iteration 48 (MT total route time: 0.009 sec): 4(overused: 8)
Unrouted general nets at iteration 49 (MT total route time: 0.010 sec): 0(overused: 0)
----General net take 0.013 sec(route net take 0.000 sec, inc cost take 0.004 sec, iter times: 1)
----const net route take 0.010 sec
Unrouted nets at iteration 50 (0.023 sec): 0
Stage: after detail route | Performance: TNS = 0 ; WNS = 9428 ; THS = NA ; WHS = NA | Time (s): real = 0h:0m:10s ; cpu = 0h:0m:4s ; process = 0h:0m:10s | Memory (MB): curr = 422.710938 ; peak = 423.054688 | Checksum: 16F6FAA350E182FB
Begin rip-up and reroute:
Rip-up and reroute takes 0.11 sec.
Stage: after ripup & reroute | Performance: TNS = 0 ; WNS = 9427 ; THS = NA ; WHS = NA | Time (s): real = 0h:0m:10s ; cpu = 0h:0m:4s ; process = 0h:0m:10s | Memory (MB): curr = 426.320313 ; peak = 427.980469 | Checksum: 4EA7FA7B7EDA0C82
Detailed routing takes 4.78 sec.
I: Design net genblk1[0].fan_pwm_tach_m/w_clk_1s_pos is routed by general path.
C: Route-2036: The clock path from genblk1[0].fan_pwm_tach_m/Edge_Detect_u1/N0/gateop:Z to clkbufgs_6:CLKIN is routed by SRB.
I: Design net nt_i_CLK_PAL_IN_25M is routed by general path.
C: Route-2036: The clock path from i_CLK_PAL_IN_25M_ibuf/opit_1:OUT to pll_inst/u_pll_e2/goppllinmuxd:CLK_IN[0] is routed by SRB.
Sort Original Nets take 0.001 sec
Check HPIO div result take 0.000 sec
Total net: 2913, route succeed net: 2913
Generate routing result take 0.006 sec
Handle PERMUX permutation take 0.104 sec
Handle const net take 0.012 sec
Handle route through take 0.031 sec
Used SRB routing arc is 22927.
Stage: after finish route | Performance: TNS = 0 ; WNS = 9427 ; THS = NA ; WHS = NA | Time (s): real = 0h:0m:10s ; cpu = 0h:0m:4s ; process = 0h:0m:10s | Memory (MB): curr = 404.570313 ; peak = 427.980469 | Checksum: DD42FE228369B82F
Finish routing takes 0.23 sec.
Total routing takes 6.35 sec.


Device Utilization Summary :
+----------------------------------------------------------------------------+
| Device Type                      | Used     | Available     | Util(%)     
+----------------------------------------------------------------------------+
| CLMA                             | 370      | 592           | 63          
| + FF                             | 786      | 3552          | 23          
| + LUT                            | 1049     | 2368          | 45          
|   + LUT as Logic                 | 853      |               |             
|   + LUT as Const                 | 178      |               |             
|   + LUT as Bypass                | 18       |               |             
| CLMS                             | 511      | 888           | 58          
| + FF                             | 1101     | 5328          | 21          
| + LUT                            | 1472     | 3552          | 42          
|   + LUT as Logic                 | 1301     |               |             
|   + LUT as Memory                | 0        |               |             
|     + LUT as Distributed RAM     | 0        |               |             
|   + LUT as Const                 | 143      |               |             
|   + LUT as Bypass                | 28       |               |             
| IO                               | 310      | 336           | 93          
| + IOBD                           | 21       | 21            | 100         
| + IOBR                           | 40       | 42            | 96          
| + IOBS                           | 249      | 273           | 92          
| BKCL                             | 6        | 6             | 100         
| CCS                              | 1        | 1             | 100         
| CLKDIV                           | 0        | 4             | 0           
| CLKDLY                           | 0        | 8             | 0           
| DLL                              | 0        | 2             | 0           
| DRM                              | 0        | 26            | 0           
| HARD0N1                          | 160      | 936           | 18          
| IOCKBRG                          | 0        | 2             | 0           
| IOCKGATE                         | 0        | 4             | 0           
| + IOCKGATE as Bypass             | 0        |               |             
| IOLDLYS                          | 140      | 252           | 56          
| IOLDLY                           | 57       | 84            | 68          
| IOL                              | 310      | 336           | 93          
| ISERDES                          | 0        | 21            | 0           
| LDO                              | 0        | 2             | 0           
| OSC                              | 0        | 1             | 0           
| OSERDES                          | 0        | 21            | 0           
| PLLINMUXD                        | 1        | 2             | 50          
| + PLLINMUXD as Bypass            | 0        |               |             
| PLL                              | 1        | 2             | 50          
| USCMDC                           | 2        | 8             | 25          
| + USCMDC as Bypass               | 0        |               |             
| USCMD                            | 0        | 2             | 0           
| + USCMD as Bypass                | 0        |               |             
| USSMBUF                          | 1        | 8             | 13          
| + USSMBUF as Bypass              | 0        |               |             
+----------------------------------------------------------------------------+

Finished routing. (CPU time elapsed 0h:00m:09s)
Design 'Tieta_Feiteng_1001_top' has been routed successfully.
Saving design to DB.
Action route: Export DB successfully.
Action route: Real time elapsed is 0h:0m:11s
Action route: CPU time elapsed is 0h:0m:9s
Action route: Process CPU time elapsed is 0h:0m:11s
Action route: Peak memory pool usage is 427 MB

Current time: Sat Mar 14 14:34:37 2026
