#Build: Fabric Compiler 2024.2-SP1.2, Build 187561, May 22 18:16 2025
#Install: C:\studyware\pango\PDS_2024.2-SP1.2-ads\bin
#Application name: pds_shell.exe
#OS: Windows 10 10.0.18363
#Hostname: z02665mj
Generated by Fabric Compiler (version 2024.2-SP1.2 build 187561) at Thu Mar 26 16:28:41 2026
Parameters for debugging are loaded as follows:
Compiling verification operator library.
Compiling common defs.
Compiling prim grid devices.
Compiling place grid timing.
Compiling gate devices.
Compiling gate operators.
Building architecture model.
Loading device packaging model.
Building architecture floorplan logic view.
Elaborate the liberty model.
I: Multithreading enabled for Timing using a maximum of 4 processes.

Routing started.
Build routing arch for double attribute device.
Enter timing driven router mode.
I: Multithreading enabled for route using a maximum of 1 processes.
W: Route-4027: Cannot find permit_rougth_thru_units.json file in working directory.
Building routing graph takes 0.37 sec.
Enable Recovery Analysis in Routing
Init coarse delay table.
Read place coarse delay table takes 0.05 sec.
build place dedicate switch graph takes 0.19 sec
Setup STE netlist take 562 msec.
Slack Weight : 90
CE/RS signal series limit : 500
Dispose control chain take 83 msec.
Collect const net info take 26 msec.
Total nets for routing: 3104.
Total loads for routing: 14633.
Direct connect net size: 1302
Build all design net take 178 msec.
Processing design graph takes 0.85 sec.
Delay table total memory: 4.79386520 MB
Route graph total memory: 11.32247162 MB
Route design total memory: 4.24477768 MB
The remaining process takes 0.05 sec.
Stage: after context initialize | Performance: TNS = 0 ; WNS = 9169 ; THS = NA ; WHS = NA | Time (s): real = 0h:0m:5s ; cpu = 0h:0m:3s ; process = 0h:0m:5s | Memory (MB): curr = 356.152344 ; peak = 382.750000 | Checksum: 9647D0D625ABF318
Global routing takes 0.00 sec.
Pin Cost Increasing Speed 300
Unrouted clock nets at iteration 0 (0.010 sec): 0
Stage: after clock route | Performance: TNS = 0 ; WNS = 9169 ; THS = NA ; WHS = NA | Time (s): real = 0h:0m:5s ; cpu = 0h:0m:3s ; process = 0h:0m:5s | Memory (MB): curr = 357.515625 ; peak = 382.750000 | Checksum: 4220137546827D9C
Total route nets size: 3096
I: Start printing congestion info.
I: Finish printing congestion info.
Pre route takes 0.842 sec
Stage: after pre route | Performance: TNS = 0 ; WNS = 10472 ; THS = -9 ; WHS = -9 | Time (s): real = 0h:0m:6s ; cpu = 0h:0m:3s ; process = 0h:0m:6s | Memory (MB): curr = 419.589844 ; peak = 424.453125 | Checksum: FC0B82C632A84A3
Unrouted general nets at iteration 2 (MT total route time: 0.517 sec): 2724(overused: 14768)
Unrouted general nets at iteration 3 (MT total route time: 0.421 sec): 2341(overused: 9233)
Unrouted general nets at iteration 4 (MT total route time: 0.324 sec): 2058(overused: 7357)
Unrouted general nets at iteration 5 (MT total route time: 0.269 sec): 1807(overused: 5873)
Unrouted general nets at iteration 6 (MT total route time: 0.225 sec): 1660(overused: 4803)
Unrouted general nets at iteration 7 (MT total route time: 0.163 sec): 1193(overused: 3352)
Unrouted general nets at iteration 8 (MT total route time: 0.146 sec): 916(overused: 2492)
Unrouted general nets at iteration 9 (MT total route time: 0.122 sec): 737(overused: 1925)
Unrouted general nets at iteration 10 (MT total route time: 0.112 sec): 592(overused: 1416)
Unrouted general nets at iteration 11 (MT total route time: 0.083 sec): 492(overused: 1188)
Unrouted general nets at iteration 12 (MT total route time: 0.077 sec): 427(overused: 1024)
Unrouted general nets at iteration 13 (MT total route time: 0.229 sec): 341(overused: 812)
Unrouted general nets at iteration 14 (MT total route time: 0.121 sec): 280(overused: 614)
Unrouted general nets at iteration 15 (MT total route time: 0.096 sec): 238(overused: 504)
Unrouted general nets at iteration 16 (MT total route time: 0.070 sec): 224(overused: 484)
Unrouted general nets at iteration 17 (MT total route time: 0.085 sec): 163(overused: 358)
Unrouted general nets at iteration 18 (MT total route time: 0.059 sec): 138(overused: 288)
Unrouted general nets at iteration 19 (MT total route time: 0.055 sec): 137(overused: 266)
Unrouted general nets at iteration 20 (MT total route time: 0.047 sec): 132(overused: 254)
Unrouted general nets at iteration 21 (MT total route time: 0.051 sec): 132(overused: 242)
Unrouted general nets at iteration 22 (MT total route time: 0.045 sec): 117(overused: 246)
Unrouted general nets at iteration 23 (MT total route time: 0.211 sec): 137(overused: 232)
Unrouted general nets at iteration 24 (MT total route time: 0.093 sec): 132(overused: 234)
Unrouted general nets at iteration 25 (MT total route time: 0.069 sec): 127(overused: 226)
Unrouted general nets at iteration 26 (MT total route time: 0.048 sec): 102(overused: 174)
Unrouted general nets at iteration 27 (MT total route time: 0.024 sec): 87(overused: 126)
Unrouted general nets at iteration 28 (MT total route time: 0.021 sec): 78(overused: 132)
Unrouted general nets at iteration 29 (MT total route time: 0.019 sec): 60(overused: 108)
Unrouted general nets at iteration 30 (MT total route time: 0.023 sec): 54(overused: 100)
Unrouted general nets at iteration 31 (MT total route time: 0.025 sec): 47(overused: 92)
Unrouted general nets at iteration 32 (MT total route time: 0.051 sec): 52(overused: 86)
Unrouted general nets at iteration 33 (MT total route time: 0.023 sec): 53(overused: 94)
Unrouted general nets at iteration 34 (MT total route time: 0.014 sec): 46(overused: 74)
Unrouted general nets at iteration 35 (MT total route time: 0.012 sec): 23(overused: 36)
Unrouted general nets at iteration 36 (MT total route time: 0.011 sec): 27(overused: 42)
Unrouted general nets at iteration 37 (MT total route time: 0.012 sec): 21(overused: 38)
Unrouted general nets at iteration 38 (MT total route time: 0.012 sec): 19(overused: 28)
Unrouted general nets at iteration 39 (MT total route time: 0.012 sec): 15(overused: 22)
Unrouted general nets at iteration 40 (MT total route time: 0.010 sec): 10(overused: 14)
Unrouted general nets at iteration 41 (MT total route time: 0.010 sec): 6(overused: 6)
Unrouted general nets at iteration 42 (MT total route time: 0.008 sec): 8(overused: 14)
Unrouted general nets at iteration 43 (MT total route time: 0.010 sec): 7(overused: 10)
Unrouted general nets at iteration 44 (MT total route time: 0.009 sec): 2(overused: 2)
Unrouted general nets at iteration 45 (MT total route time: 0.010 sec): 2(overused: 2)
Unrouted general nets at iteration 46 (MT total route time: 0.013 sec): 3(overused: 4)
Unrouted general nets at iteration 47 (MT total route time: 0.011 sec): 3(overused: 4)
Unrouted general nets at iteration 48 (MT total route time: 0.011 sec): 3(overused: 4)
Unrouted general nets at iteration 49 (MT total route time: 0.011 sec): 2(overused: 2)
Unrouted general nets at iteration 50 (MT total route time: 0.008 sec): 0(overused: 0)
----General net take 0.007 sec(route net take 0.000 sec, inc cost take 0.003 sec, iter times: 1)
----const net route take 0.010 sec
Unrouted nets at iteration 51 (0.018 sec): 0
Stage: after detail route | Performance: TNS = 0 ; WNS = 9838 ; THS = NA ; WHS = NA | Time (s): real = 0h:0m:11s ; cpu = 0h:0m:4s ; process = 0h:0m:11s | Memory (MB): curr = 428.035156 ; peak = 428.039063 | Checksum: 48A33AAAE2F46662
Begin rip-up and reroute:
Rip-up and reroute takes 0.12 sec.
Stage: after ripup & reroute | Performance: TNS = 0 ; WNS = 9837 ; THS = NA ; WHS = NA | Time (s): real = 0h:0m:11s ; cpu = 0h:0m:4s ; process = 0h:0m:11s | Memory (MB): curr = 432.222656 ; peak = 432.257813 | Checksum: FDA8BB56EB9862FE
Detailed routing takes 6.31 sec.
I: Design net genblk1[0].fan_pwm_tach_m/w_clk_1s_pos is routed by general path.
C: Route-2036: The clock path from genblk1[0].fan_pwm_tach_m/Edge_Detect_u1/N0/gateop:Z to clkbufgs_6:CLKIN is routed by SRB.
I: Design net nt_i_CLK_PAL_IN_25M is routed by general path.
C: Route-2036: The clock path from i_CLK_PAL_IN_25M_ibuf/opit_1:OUT to pll_inst/u_pll_e2/goppllinmuxd:CLK_IN[0] is routed by SRB.
Sort Original Nets take 0.002 sec
Check HPIO div result take 0.000 sec
Total net: 3104, route succeed net: 3104
Generate routing result take 0.008 sec
Handle PERMUX permutation take 0.114 sec
Handle const net take 0.010 sec
Handle route through take 0.035 sec
Used SRB routing arc is 25018.
Stage: after finish route | Performance: TNS = 0 ; WNS = 9837 ; THS = NA ; WHS = NA | Time (s): real = 0h:0m:12s ; cpu = 0h:0m:5s ; process = 0h:0m:11s | Memory (MB): curr = 407.699219 ; peak = 432.257813 | Checksum: 4B97420ECFA46715
Finish routing takes 0.32 sec.
Total routing takes 8.02 sec.


Device Utilization Summary :
+----------------------------------------------------------------------------+
| Device Type                      | Used     | Available     | Util(%)     
+----------------------------------------------------------------------------+
| CLMA                             | 391      | 592           | 67          
| + FF                             | 801      | 3552          | 23          
| + LUT                            | 1119     | 2368          | 48          
|   + LUT as Logic                 | 924      |               |             
|   + LUT as Const                 | 181      |               |             
|   + LUT as Bypass                | 14       |               |             
| CLMS                             | 548      | 888           | 62          
| + FF                             | 1261     | 5328          | 24          
| + LUT                            | 1575     | 3552          | 45          
|   + LUT as Logic                 | 1379     |               |             
|   + LUT as Memory                | 0        |               |             
|     + LUT as Distributed RAM     | 0        |               |             
|   + LUT as Const                 | 168      |               |             
|   + LUT as Bypass                | 28       |               |             
| IO                               | 308      | 336           | 92          
| + IOBD                           | 21       | 21            | 100         
| + IOBR                           | 40       | 42            | 96          
| + IOBS                           | 247      | 273           | 91          
| BKCL                             | 6        | 6             | 100         
| CCS                              | 1        | 1             | 100         
| CLKDIV                           | 0        | 4             | 0           
| CLKDLY                           | 0        | 8             | 0           
| DLL                              | 0        | 2             | 0           
| DRM                              | 0        | 26            | 0           
| HARD0N1                          | 185      | 936           | 20          
| IOCKBRG                          | 0        | 2             | 0           
| IOCKGATE                         | 0        | 4             | 0           
| + IOCKGATE as Bypass             | 0        |               |             
| IOLDLYS                          | 138      | 252           | 55          
| IOLDLY                           | 57       | 84            | 68          
| IOL                              | 308      | 336           | 92          
| ISERDES                          | 0        | 21            | 0           
| LDO                              | 0        | 2             | 0           
| OSC                              | 0        | 1             | 0           
| OSERDES                          | 0        | 21            | 0           
| PLLINMUXD                        | 1        | 2             | 50          
| + PLLINMUXD as Bypass            | 0        |               |             
| PLL                              | 1        | 2             | 50          
| USCMDC                           | 2        | 8             | 25          
| + USCMDC as Bypass               | 0        |               |             
| USCMD                            | 0        | 2             | 0           
| + USCMD as Bypass                | 0        |               |             
| USSMBUF                          | 1        | 8             | 13          
| + USSMBUF as Bypass              | 0        |               |             
+----------------------------------------------------------------------------+

Finished routing. (CPU time elapsed 0h:00m:10s)
Design 'Tieta_Feiteng_1001_top' has been routed successfully.
Saving design to DB.
Action route: Export DB successfully.
Action route: Real time elapsed is 0h:0m:13s
Action route: CPU time elapsed is 0h:0m:11s
Action route: Process CPU time elapsed is 0h:0m:12s
Action route: Peak memory pool usage is 432 MB

Current time: Thu Mar 26 16:28:52 2026
