#Build: Fabric Compiler 2024.2-SP1.2, Build 187561, May 22 18:16 2025
#Install: C:\studyware\pango\PDS_2024.2-SP1.2-ads\bin
#Application name: pds_shell.exe
#OS: Windows 10 10.0.18363
#Hostname: z02665mj
Generated by Fabric Compiler (version 2024.2-SP1.2 build 187561) at Thu Mar 26 16:28:53 2026
Parameters for debugging are loaded as follows:
Compiling verification operator library.
Compiling common defs.
Compiling prim grid devices.
Compiling place grid timing.
Compiling gate devices.
Compiling gate operators.
Building architecture model.
Loading device packaging model.
Building architecture floorplan logic view.
Elaborate the liberty model.
I: Multithreading enabled for Timing using a maximum of 4 processes.

Route Optimize started.
Build routing arch for double attribute device.
Enter timing driven router mode.
I: Multithreading enabled for route using a maximum of 1 processes.
I: Column Clock Check close.
W: Route-4027: Cannot find permit_rougth_thru_units.json file in working directory.
Building routing graph takes 0.27 sec.
Total nets for routing: 3640.
Total loads for routing: 14633.
Direct connect net size: 1302
Build all design net take 170 msec.
Processing design graph takes 0.17 sec.
Delay table total memory: 4.79386520 MB
Route graph total memory: 11.41717529 MB
Route design total memory: 4.34859848 MB
The remaining process takes 0.06 sec.
Stage: after context initialize in post route | Performance: TNS = NA ; WNS = NA ; THS = NA ; WHS = NA | Time (s): real = 0h:0m:6s ; cpu = 0h:0m:3s ; process = 0h:0m:4s | Memory (MB): curr = 305.363281 ; peak = 318.718750 | Checksum: 63FDBD8322D4D8E8
Load route result takes 0.03 sec
Fix Hold Violation Threshold For Clock Path Cross SRB(ps) : 200
Fix Hold Violation Threshold For Clock Path On Clock Tree(ps) : 100
Hold fix to no violation.
    Fix hold iteration 0 takes 0.02 sec
    Step 1.1 finish
Hold fix to threshold
    Fix hold iteration 0 takes 0.02 sec
    Fix hold iteration 1 takes 0.02 sec
    Fix hold iteration 2 takes 0.02 sec
    Fix hold iteration 3 takes 0.02 sec
    Fix hold iteration 4 takes 0.02 sec
    Fix hold iteration 5 takes 0.02 sec
    Fix hold iteration 6 takes 0.03 sec
    Step 2.1 finish
    Fix hold iteration 0 takes 0.02 sec
    Fix hold iteration 1 takes 0.02 sec
    Fix hold iteration 2 takes 0.02 sec
    Fix hold iteration 3 takes 0.02 sec
    Fix hold iteration 4 takes 0.02 sec
    Fix hold iteration 5 takes 0.02 sec
    Fix hold iteration 6 takes 0.02 sec
    Step 2.2 finish
Stage: after hold fix | Performance: TNS = 0 ; WNS = 9832 ; THS = 0 ; WHS = 163 | Time (s): real = 0h:0m:6s ; cpu = 0h:0m:4s ; process = 0h:0m:5s | Memory (MB): curr = 394.367188 ; peak = 394.371094 | Checksum: 84B55C17DA97A522
Hold Violation Fix in router takes 0.72 sec.
Sort Original Nets take 0.001 sec
Total net: 3640, route succeed net: 3640
Generate routing result take 0.008 sec
Handle PERMUX permutation take 0.011 sec
Handle const net take 0.000 sec
Handle route through take 0.030 sec
Used SRB routing arc is 25049.
Stage: after finish post route | Performance: TNS = 0 ; WNS = 9832 ; THS = NA ; WHS = NA | Time (s): real = 0h:0m:7s ; cpu = 0h:0m:4s ; process = 0h:0m:5s | Memory (MB): curr = 371.664063 ; peak = 394.375000 | Checksum: D18E8654D40EA26E
Finish post route takes 0.09 sec.
Total post route takes 1.37 sec.


Device Utilization Summary :
+----------------------------------------------------------------------------+
| Device Type                      | Used     | Available     | Util(%)     
+----------------------------------------------------------------------------+
| CLMA                             | 391      | 592           | 67          
| + FF                             | 801      | 3552          | 23          
| + LUT                            | 1119     | 2368          | 48          
|   + LUT as Logic                 | 924      |               |             
|   + LUT as Const                 | 181      |               |             
|   + LUT as Bypass                | 14       |               |             
| CLMS                             | 548      | 888           | 62          
| + FF                             | 1261     | 5328          | 24          
| + LUT                            | 1575     | 3552          | 45          
|   + LUT as Logic                 | 1379     |               |             
|   + LUT as Memory                | 0        |               |             
|     + LUT as Distributed RAM     | 0        |               |             
|   + LUT as Const                 | 168      |               |             
|   + LUT as Bypass                | 28       |               |             
| IO                               | 308      | 336           | 92          
| + IOBD                           | 21       | 21            | 100         
| + IOBR                           | 40       | 42            | 96          
| + IOBS                           | 247      | 273           | 91          
| BKCL                             | 6        | 6             | 100         
| CCS                              | 1        | 1             | 100         
| CLKDIV                           | 0        | 4             | 0           
| CLKDLY                           | 0        | 8             | 0           
| DLL                              | 0        | 2             | 0           
| DRM                              | 0        | 26            | 0           
| HARD0N1                          | 185      | 936           | 20          
| IOCKBRG                          | 0        | 2             | 0           
| IOCKGATE                         | 0        | 4             | 0           
| + IOCKGATE as Bypass             | 0        |               |             
| IOLDLYS                          | 138      | 252           | 55          
| IOLDLY                           | 57       | 84            | 68          
| IOL                              | 308      | 336           | 92          
| ISERDES                          | 0        | 21            | 0           
| LDO                              | 0        | 2             | 0           
| OSC                              | 0        | 1             | 0           
| OSERDES                          | 0        | 21            | 0           
| PLLINMUXD                        | 1        | 2             | 50          
| + PLLINMUXD as Bypass            | 0        |               |             
| PLL                              | 1        | 2             | 50          
| USCMDC                           | 2        | 8             | 25          
| + USCMDC as Bypass               | 0        |               |             
| USCMD                            | 0        | 2             | 0           
| + USCMD as Bypass                | 0        |               |             
| USSMBUF                          | 1        | 8             | 13          
| + USSMBUF as Bypass              | 0        |               |             
+----------------------------------------------------------------------------+

Finished route optimize. (CPU time elapsed 0h:00m:04s)
Design 'Tieta_Feiteng_1001_top' has been routed successfully.
Saving design to DB.
Action route_optimize: Export DB successfully.
Action route_optimize: Real time elapsed is 0h:0m:8s
Action route_optimize: CPU time elapsed is 0h:0m:5s
Action route_optimize: Process CPU time elapsed is 0h:0m:6s
Action route_optimize: Peak memory pool usage is 394 MB

Current time: Thu Mar 26 16:28:59 2026
