#Build: Fabric Compiler 2024.2-SP1.2, Build 187561, May 22 18:16 2025
#Install: C:\studyware\pango\PDS_2024.2-SP1.2-ads\bin
#Application name: pds_shell.exe
#OS: Windows 10 10.0.18363
#Hostname: z02665mj
Generated by Fabric Compiler (version 2024.2-SP1.2 build 187561) at Mon Mar  2 19:00:54 2026
Parameters for debugging are loaded as follows:
Compiling verification operator library.
Compiling common defs.
Compiling prim grid devices.
Compiling place grid timing.
Compiling gate devices.
Compiling gate operators.
Building architecture model.
Loading device packaging model.
Building architecture floorplan logic view.
Elaborate the liberty model.
I: Multithreading enabled for Timing using a maximum of 4 processes.

Routing started.
Build routing arch for double attribute device.
Enter timing driven router mode.
I: Multithreading enabled for route using a maximum of 1 processes.
W: Route-4027: Cannot find permit_rougth_thru_units.json file in working directory.
Building routing graph takes 0.41 sec.
Enable Recovery Analysis in Routing
Init coarse delay table.
Read place coarse delay table takes 0.03 sec.
build place dedicate switch graph takes 0.17 sec
Setup STE netlist take 520 msec.
Slack Weight : 90
CE/RS signal series limit : 500
Dispose control chain take 75 msec.
Collect const net info take 24 msec.
Total nets for routing: 2595.
Total loads for routing: 12228.
Direct connect net size: 1181
Build all design net take 180 msec.
Processing design graph takes 0.80 sec.
Delay table total memory: 4.79386520 MB
Route graph total memory: 10.91590881 MB
Route design total memory: 3.95840836 MB
The remaining process takes 0.05 sec.
Stage: after context initialize | Performance: TNS = 0 ; WNS = 8625 ; THS = NA ; WHS = NA | Time (s): real = 0h:0m:5s ; cpu = 0h:0m:3s ; process = 0h:0m:4s | Memory (MB): curr = 347.960938 ; peak = 370.398438 | Checksum: C19502380527A1AE
Global routing takes 0.00 sec.
Pin Cost Increasing Speed 300
Unrouted clock nets at iteration 0 (0.008 sec): 0
Stage: after clock route | Performance: TNS = 0 ; WNS = 8625 ; THS = NA ; WHS = NA | Time (s): real = 0h:0m:6s ; cpu = 0h:0m:3s ; process = 0h:0m:4s | Memory (MB): curr = 349.167969 ; peak = 370.398438 | Checksum: F1ADB1BE2F47E890
Total route nets size: 2587
I: Start printing congestion info.
I: Finish printing congestion info.
Pre route takes 0.774 sec
Stage: after pre route | Performance: TNS = 0 ; WNS = 10010 ; THS = 0 ; WHS = 268 | Time (s): real = 0h:0m:6s ; cpu = 0h:0m:3s ; process = 0h:0m:5s | Memory (MB): curr = 402.968750 ; peak = 407.617188 | Checksum: D06EB76F6893808F
Unrouted general nets at iteration 2 (MT total route time: 0.459 sec): 2246(overused: 12450)
Unrouted general nets at iteration 3 (MT total route time: 0.370 sec): 1899(overused: 7783)
Unrouted general nets at iteration 4 (MT total route time: 0.297 sec): 1675(overused: 6178)
Unrouted general nets at iteration 5 (MT total route time: 0.246 sec): 1470(overused: 5005)
Unrouted general nets at iteration 6 (MT total route time: 0.194 sec): 1327(overused: 4235)
Unrouted general nets at iteration 7 (MT total route time: 0.168 sec): 1033(overused: 3130)
Unrouted general nets at iteration 8 (MT total route time: 0.139 sec): 798(overused: 2200)
Unrouted general nets at iteration 9 (MT total route time: 0.109 sec): 664(overused: 1735)
Unrouted general nets at iteration 10 (MT total route time: 0.092 sec): 562(overused: 1411)
Unrouted general nets at iteration 11 (MT total route time: 0.082 sec): 475(overused: 1188)
Unrouted general nets at iteration 12 (MT total route time: 0.092 sec): 427(overused: 1039)
Unrouted general nets at iteration 13 (MT total route time: 0.069 sec): 376(overused: 930)
Unrouted general nets at iteration 14 (MT total route time: 0.054 sec): 297(overused: 641)
Unrouted general nets at iteration 15 (MT total route time: 0.056 sec): 261(overused: 572)
Unrouted general nets at iteration 16 (MT total route time: 0.041 sec): 203(overused: 406)
Unrouted general nets at iteration 17 (MT total route time: 0.038 sec): 181(overused: 404)
Unrouted general nets at iteration 18 (MT total route time: 0.032 sec): 149(overused: 290)
Unrouted general nets at iteration 19 (MT total route time: 0.033 sec): 142(overused: 260)
Unrouted general nets at iteration 20 (MT total route time: 0.026 sec): 132(overused: 246)
Unrouted general nets at iteration 21 (MT total route time: 0.023 sec): 108(overused: 218)
Unrouted general nets at iteration 22 (MT total route time: 0.023 sec): 86(overused: 172)
Unrouted general nets at iteration 23 (MT total route time: 0.023 sec): 68(overused: 140)
Unrouted general nets at iteration 24 (MT total route time: 0.025 sec): 70(overused: 152)
Unrouted general nets at iteration 25 (MT total route time: 0.024 sec): 58(overused: 100)
Unrouted general nets at iteration 26 (MT total route time: 0.021 sec): 56(overused: 108)
Unrouted general nets at iteration 27 (MT total route time: 0.019 sec): 61(overused: 120)
Unrouted general nets at iteration 28 (MT total route time: 0.018 sec): 53(overused: 94)
Unrouted general nets at iteration 29 (MT total route time: 0.018 sec): 37(overused: 70)
Unrouted general nets at iteration 30 (MT total route time: 0.012 sec): 25(overused: 34)
Unrouted general nets at iteration 31 (MT total route time: 0.011 sec): 26(overused: 44)
Unrouted general nets at iteration 32 (MT total route time: 0.016 sec): 33(overused: 42)
Unrouted general nets at iteration 33 (MT total route time: 0.013 sec): 17(overused: 22)
Unrouted general nets at iteration 34 (MT total route time: 0.015 sec): 14(overused: 18)
Unrouted general nets at iteration 35 (MT total route time: 0.010 sec): 13(overused: 20)
Unrouted general nets at iteration 36 (MT total route time: 0.010 sec): 16(overused: 26)
Unrouted general nets at iteration 37 (MT total route time: 0.011 sec): 12(overused: 14)
Unrouted general nets at iteration 38 (MT total route time: 0.009 sec): 9(overused: 16)
Unrouted general nets at iteration 39 (MT total route time: 0.010 sec): 9(overused: 12)
Unrouted general nets at iteration 40 (MT total route time: 0.016 sec): 6(overused: 8)
Unrouted general nets at iteration 41 (MT total route time: 0.013 sec): 2(overused: 2)
Unrouted general nets at iteration 42 (MT total route time: 0.009 sec): 0(overused: 0)
----General net take 0.007 sec(route net take 0.000 sec, inc cost take 0.002 sec, iter times: 1)
----const net route take 0.009 sec
Unrouted nets at iteration 43 (0.017 sec): 0
Stage: after detail route | Performance: TNS = 0 ; WNS = 8105 ; THS = NA ; WHS = NA | Time (s): real = 0h:0m:10s ; cpu = 0h:0m:4s ; process = 0h:0m:9s | Memory (MB): curr = 410.386719 ; peak = 410.964844 | Checksum: 3489A84FF225E026
Begin rip-up and reroute:
Rip-up and reroute takes 0.13 sec.
Stage: after ripup & reroute | Performance: TNS = 0 ; WNS = 8105 ; THS = NA ; WHS = NA | Time (s): real = 0h:0m:10s ; cpu = 0h:0m:4s ; process = 0h:0m:9s | Memory (MB): curr = 415.667969 ; peak = 415.687500 | Checksum: 4AA6BD0A76B52C14
Detailed routing takes 4.56 sec.
I: Design net genblk1[0].fan_pwm_tach_m/w_clk_1s_pos is routed by general path.
C: Route-2036: The clock path from genblk1[0].fan_pwm_tach_m/Edge_Detect_u1/N0/gateop:Z to clkbufgs_6:CLKIN is routed by SRB.
I: Design net nt_i_CLK_PAL_IN_25M is routed by general path.
C: Route-2036: The clock path from i_CLK_PAL_IN_25M_ibuf/opit_1:OUT to pll_inst/u_pll_e2/goppllinmuxd:CLK_IN[0] is routed by SRB.
Sort Original Nets take 0.001 sec
Check HPIO div result take 0.000 sec
Total net: 2595, route succeed net: 2595
Generate routing result take 0.007 sec
Handle PERMUX permutation take 0.110 sec
Handle const net take 0.008 sec
Handle route through take 0.031 sec
Used SRB routing arc is 20765.
Stage: after finish route | Performance: TNS = 0 ; WNS = 8105 ; THS = NA ; WHS = NA | Time (s): real = 0h:0m:10s ; cpu = 0h:0m:4s ; process = 0h:0m:10s | Memory (MB): curr = 393.886719 ; peak = 415.687500 | Checksum: 87F6C956B3D07115
Finish routing takes 0.23 sec.
Total routing takes 6.15 sec.


Device Utilization Summary :
+----------------------------------------------------------------------------+
| Device Type                      | Used     | Available     | Util(%)     
+----------------------------------------------------------------------------+
| CLMA                             | 324      | 592           | 55          
| + FF                             | 656      | 3552          | 19          
| + LUT                            | 937      | 2368          | 40          
|   + LUT as Logic                 | 755      |               |             
|   + LUT as Const                 | 174      |               |             
|   + LUT as Bypass                | 8        |               |             
| CLMS                             | 451      | 888           | 51          
| + FF                             | 1010     | 5328          | 19          
| + LUT                            | 1323     | 3552          | 38          
|   + LUT as Logic                 | 1183     |               |             
|   + LUT as Memory                | 0        |               |             
|     + LUT as Distributed RAM     | 0        |               |             
|   + LUT as Const                 | 124      |               |             
|   + LUT as Bypass                | 16       |               |             
| IO                               | 308      | 336           | 92          
| + IOBD                           | 21       | 21            | 100         
| + IOBR                           | 40       | 42            | 96          
| + IOBS                           | 247      | 273           | 91          
| BKCL                             | 6        | 6             | 100         
| CCS                              | 1        | 1             | 100         
| CLKDIV                           | 0        | 4             | 0           
| CLKDLY                           | 0        | 8             | 0           
| DLL                              | 0        | 2             | 0           
| DRM                              | 0        | 26            | 0           
| HARD0N1                          | 144      | 936           | 16          
| IOCKBRG                          | 0        | 2             | 0           
| IOCKGATE                         | 0        | 4             | 0           
| + IOCKGATE as Bypass             | 0        |               |             
| IOLDLYS                          | 138      | 252           | 55          
| IOLDLY                           | 41       | 84            | 49          
| IOL                              | 308      | 336           | 92          
| ISERDES                          | 0        | 21            | 0           
| LDO                              | 0        | 2             | 0           
| OSC                              | 0        | 1             | 0           
| OSERDES                          | 0        | 21            | 0           
| PLLINMUXD                        | 1        | 2             | 50          
| + PLLINMUXD as Bypass            | 0        |               |             
| PLL                              | 1        | 2             | 50          
| USCMDC                           | 2        | 8             | 25          
| + USCMDC as Bypass               | 0        |               |             
| USCMD                            | 0        | 2             | 0           
| + USCMD as Bypass                | 0        |               |             
| USSMBUF                          | 1        | 8             | 13          
| + USSMBUF as Bypass              | 0        |               |             
+----------------------------------------------------------------------------+

Finished routing. (CPU time elapsed 0h:00m:08s)
Design 'Tieta_Feiteng_1001_top' has been routed successfully.
Saving design to DB.
Action route: Export DB successfully.
Action route: Real time elapsed is 0h:0m:11s
Action route: CPU time elapsed is 0h:0m:9s
Action route: Process CPU time elapsed is 0h:0m:11s
Action route: Peak memory pool usage is 415 MB

Current time: Mon Mar  2 19:01:03 2026
