#Build: Fabric Compiler 2024.2-SP1.2, Build 187561, May 22 18:16 2025
#Install: C:\studyware\pango\PDS_2024.2-SP1.2-ads\bin
#Application name: pds_shell.exe
#OS: Windows 10 10.0.18363
#Hostname: z02665mj
Generated by Fabric Compiler (version 2024.2-SP1.2 build 187561) at Mon Mar  2 22:44:33 2026
Parameters for debugging are loaded as follows:
Compiling verification operator library.
Compiling common defs.
Compiling prim grid devices.
Compiling place grid timing.
Compiling gate devices.
Compiling gate operators.
Building architecture model.
Loading device packaging model.
Building architecture floorplan logic view.
Elaborate the liberty model.
I: Multithreading enabled for Timing using a maximum of 4 processes.

Routing started.
Build routing arch for double attribute device.
Enter timing driven router mode.
I: Multithreading enabled for route using a maximum of 1 processes.
W: Route-4027: Cannot find permit_rougth_thru_units.json file in working directory.
Building routing graph takes 0.42 sec.
Enable Recovery Analysis in Routing
Init coarse delay table.
Read place coarse delay table takes 0.05 sec.
build place dedicate switch graph takes 0.13 sec
Setup STE netlist take 470 msec.
Slack Weight : 90
CE/RS signal series limit : 500
Dispose control chain take 84 msec.
Collect const net info take 33 msec.
Total nets for routing: 2469.
Total loads for routing: 11513.
Direct connect net size: 1184
Build all design net take 153 msec.
Processing design graph takes 0.74 sec.
Delay table total memory: 4.79386520 MB
Route graph total memory: 10.83315277 MB
Route design total memory: 3.92281723 MB
The remaining process takes 0.05 sec.
Stage: after context initialize | Performance: TNS = 0 ; WNS = 9010 ; THS = NA ; WHS = NA | Time (s): real = 0h:0m:5s ; cpu = 0h:0m:3s ; process = 0h:0m:4s | Memory (MB): curr = 343.835938 ; peak = 365.144531 | Checksum: 4F338E0251A971F9
Global routing takes 0.00 sec.
Pin Cost Increasing Speed 300
Unrouted clock nets at iteration 0 (0.007 sec): 0
Stage: after clock route | Performance: TNS = 0 ; WNS = 9010 ; THS = NA ; WHS = NA | Time (s): real = 0h:0m:5s ; cpu = 0h:0m:3s ; process = 0h:0m:4s | Memory (MB): curr = 345.257813 ; peak = 365.144531 | Checksum: 3A5ABC5AAF2C4F60
Total route nets size: 2461
I: Start printing congestion info.
I: Finish printing congestion info.
Pre route takes 0.678 sec
Stage: after pre route | Performance: TNS = 0 ; WNS = 10526 ; THS = 0 ; WHS = 258 | Time (s): real = 0h:0m:6s ; cpu = 0h:0m:4s ; process = 0h:0m:5s | Memory (MB): curr = 398.320313 ; peak = 403.707031 | Checksum: 8078913F2D885527
Unrouted general nets at iteration 2 (MT total route time: 0.424 sec): 2136(overused: 11711)
Unrouted general nets at iteration 3 (MT total route time: 0.320 sec): 1819(overused: 7337)
Unrouted general nets at iteration 4 (MT total route time: 0.280 sec): 1605(overused: 5782)
Unrouted general nets at iteration 5 (MT total route time: 0.318 sec): 1443(overused: 4680)
Unrouted general nets at iteration 6 (MT total route time: 0.208 sec): 1278(overused: 3829)
Unrouted general nets at iteration 7 (MT total route time: 0.164 sec): 981(overused: 2910)
Unrouted general nets at iteration 8 (MT total route time: 0.123 sec): 719(overused: 1971)
Unrouted general nets at iteration 9 (MT total route time: 0.112 sec): 564(overused: 1568)
Unrouted general nets at iteration 10 (MT total route time: 0.110 sec): 473(overused: 1214)
Unrouted general nets at iteration 11 (MT total route time: 0.098 sec): 419(overused: 1023)
Unrouted general nets at iteration 12 (MT total route time: 0.077 sec): 357(overused: 850)
Unrouted general nets at iteration 13 (MT total route time: 0.062 sec): 319(overused: 697)
Unrouted general nets at iteration 14 (MT total route time: 0.060 sec): 265(overused: 666)
Unrouted general nets at iteration 15 (MT total route time: 0.051 sec): 253(overused: 550)
Unrouted general nets at iteration 16 (MT total route time: 0.044 sec): 225(overused: 444)
Unrouted general nets at iteration 17 (MT total route time: 0.035 sec): 161(overused: 344)
Unrouted general nets at iteration 18 (MT total route time: 0.086 sec): 144(overused: 317)
Unrouted general nets at iteration 19 (MT total route time: 0.075 sec): 143(overused: 336)
Unrouted general nets at iteration 20 (MT total route time: 0.044 sec): 130(overused: 254)
Unrouted general nets at iteration 21 (MT total route time: 0.043 sec): 118(overused: 232)
Unrouted general nets at iteration 22 (MT total route time: 0.029 sec): 88(overused: 189)
Unrouted general nets at iteration 23 (MT total route time: 0.028 sec): 86(overused: 157)
Unrouted general nets at iteration 24 (MT total route time: 0.021 sec): 75(overused: 143)
Unrouted general nets at iteration 25 (MT total route time: 0.020 sec): 62(overused: 114)
Unrouted general nets at iteration 26 (MT total route time: 0.016 sec): 47(overused: 84)
Unrouted general nets at iteration 27 (MT total route time: 0.019 sec): 40(overused: 71)
Unrouted general nets at iteration 28 (MT total route time: 0.018 sec): 37(overused: 68)
Unrouted general nets at iteration 29 (MT total route time: 0.026 sec): 34(overused: 58)
Unrouted general nets at iteration 30 (MT total route time: 0.015 sec): 22(overused: 34)
Unrouted general nets at iteration 31 (MT total route time: 0.008 sec): 16(overused: 24)
Unrouted general nets at iteration 32 (MT total route time: 0.009 sec): 15(overused: 22)
Unrouted general nets at iteration 33 (MT total route time: 0.009 sec): 14(overused: 18)
Unrouted general nets at iteration 34 (MT total route time: 0.009 sec): 16(overused: 20)
Unrouted general nets at iteration 35 (MT total route time: 0.010 sec): 14(overused: 18)
Unrouted general nets at iteration 36 (MT total route time: 0.012 sec): 11(overused: 20)
Unrouted general nets at iteration 37 (MT total route time: 0.011 sec): 15(overused: 24)
Unrouted general nets at iteration 38 (MT total route time: 0.012 sec): 13(overused: 28)
Unrouted general nets at iteration 39 (MT total route time: 0.009 sec): 16(overused: 30)
Unrouted general nets at iteration 40 (MT total route time: 0.011 sec): 16(overused: 26)
Unrouted general nets at iteration 41 (MT total route time: 0.008 sec): 12(overused: 22)
Unrouted general nets at iteration 42 (MT total route time: 0.010 sec): 6(overused: 8)
Unrouted general nets at iteration 43 (MT total route time: 0.007 sec): 6(overused: 10)
Unrouted general nets at iteration 44 (MT total route time: 0.008 sec): 4(overused: 8)
Unrouted general nets at iteration 45 (MT total route time: 0.006 sec): 4(overused: 8)
Unrouted general nets at iteration 46 (MT total route time: 0.006 sec): 5(overused: 8)
Unrouted general nets at iteration 47 (MT total route time: 0.007 sec): 6(overused: 6)
Unrouted general nets at iteration 48 (MT total route time: 0.009 sec): 4(overused: 8)
Unrouted general nets at iteration 49 (MT total route time: 0.007 sec): 4(overused: 6)
Unrouted general nets at iteration 50 (MT total route time: 0.009 sec): 5(overused: 12)
Unrouted general nets at iteration 51 (MT total route time: 0.008 sec): 4(overused: 8)
Unrouted general nets at iteration 52 (MT total route time: 0.008 sec): 4(overused: 6)
Unrouted general nets at iteration 53 (MT total route time: 0.007 sec): 4(overused: 6)
Unrouted general nets at iteration 54 (MT total route time: 0.006 sec): 4(overused: 6)
Unrouted general nets at iteration 55 (MT total route time: 0.007 sec): 2(overused: 4)
Unrouted general nets at iteration 56 (MT total route time: 0.005 sec): 0(overused: 0)
----General net take 0.009 sec(route net take 0.000 sec, inc cost take 0.006 sec, iter times: 1)
----const net route take 0.008 sec
Unrouted nets at iteration 57 (0.018 sec): 0
Stage: after detail route | Performance: TNS = 0 ; WNS = 9850 ; THS = NA ; WHS = NA | Time (s): real = 0h:0m:10s ; cpu = 0h:0m:4s ; process = 0h:0m:9s | Memory (MB): curr = 404.718750 ; peak = 405.156250 | Checksum: 6A955B5F81AACF94
Begin rip-up and reroute:
Rip-up and reroute takes 0.09 sec.
Stage: after ripup & reroute | Performance: TNS = 0 ; WNS = 9854 ; THS = NA ; WHS = NA | Time (s): real = 0h:0m:10s ; cpu = 0h:0m:4s ; process = 0h:0m:9s | Memory (MB): curr = 409.367188 ; peak = 409.421875 | Checksum: BA07C27C59E5A2D5
Detailed routing takes 4.60 sec.
I: Design net genblk1[0].fan_pwm_tach_m/w_clk_1s_pos is routed by general path.
C: Route-2036: The clock path from genblk1[0].fan_pwm_tach_m/Edge_Detect_u1/N0/gateop:Z to clkbufgs_6:CLKIN is routed by SRB.
I: Design net nt_i_CLK_PAL_IN_25M is routed by general path.
C: Route-2036: The clock path from i_CLK_PAL_IN_25M_ibuf/opit_1:OUT to pll_inst/u_pll_e2/goppllinmuxd:CLK_IN[0] is routed by SRB.
Sort Original Nets take 0.001 sec
Check HPIO div result take 0.000 sec
Total net: 2469, route succeed net: 2469
Generate routing result take 0.005 sec
Handle PERMUX permutation take 0.088 sec
Handle const net take 0.007 sec
Handle route through take 0.058 sec
Used SRB routing arc is 19760.
Stage: after finish route | Performance: TNS = 0 ; WNS = 9854 ; THS = NA ; WHS = NA | Time (s): real = 0h:0m:10s ; cpu = 0h:0m:4s ; process = 0h:0m:10s | Memory (MB): curr = 389.648438 ; peak = 409.421875 | Checksum: B40CC3D3E46C8587
Finish routing takes 0.22 sec.
Total routing takes 6.15 sec.


Device Utilization Summary :
+----------------------------------------------------------------------------+
| Device Type                      | Used     | Available     | Util(%)     
+----------------------------------------------------------------------------+
| CLMA                             | 320      | 592           | 55          
| + FF                             | 646      | 3552          | 19          
| + LUT                            | 907      | 2368          | 39          
|   + LUT as Logic                 | 718      |               |             
|   + LUT as Const                 | 175      |               |             
|   + LUT as Bypass                | 14       |               |             
| CLMS                             | 426      | 888           | 48          
| + FF                             | 946      | 5328          | 18          
| + LUT                            | 1226     | 3552          | 35          
|   + LUT as Logic                 | 1100     |               |             
|   + LUT as Memory                | 0        |               |             
|     + LUT as Distributed RAM     | 0        |               |             
|   + LUT as Const                 | 108      |               |             
|   + LUT as Bypass                | 18       |               |             
| IO                               | 308      | 336           | 92          
| + IOBD                           | 21       | 21            | 100         
| + IOBR                           | 40       | 42            | 96          
| + IOBS                           | 247      | 273           | 91          
| BKCL                             | 6        | 6             | 100         
| CCS                              | 1        | 1             | 100         
| CLKDIV                           | 0        | 4             | 0           
| CLKDLY                           | 0        | 8             | 0           
| DLL                              | 0        | 2             | 0           
| DRM                              | 0        | 26            | 0           
| HARD0N1                          | 135      | 936           | 15          
| IOCKBRG                          | 0        | 2             | 0           
| IOCKGATE                         | 0        | 4             | 0           
| + IOCKGATE as Bypass             | 0        |               |             
| IOLDLYS                          | 138      | 252           | 55          
| IOLDLY                           | 41       | 84            | 49          
| IOL                              | 308      | 336           | 92          
| ISERDES                          | 0        | 21            | 0           
| LDO                              | 0        | 2             | 0           
| OSC                              | 0        | 1             | 0           
| OSERDES                          | 0        | 21            | 0           
| PLLINMUXD                        | 1        | 2             | 50          
| + PLLINMUXD as Bypass            | 0        |               |             
| PLL                              | 1        | 2             | 50          
| USCMDC                           | 2        | 8             | 25          
| + USCMDC as Bypass               | 0        |               |             
| USCMD                            | 0        | 2             | 0           
| + USCMD as Bypass                | 0        |               |             
| USSMBUF                          | 1        | 8             | 13          
| + USSMBUF as Bypass              | 0        |               |             
+----------------------------------------------------------------------------+

Finished routing. (CPU time elapsed 0h:00m:08s)
Design 'Tieta_Feiteng_1001_top' has been routed successfully.
Saving design to DB.
Action route: Export DB successfully.
Action route: Real time elapsed is 0h:0m:11s
Action route: CPU time elapsed is 0h:0m:9s
Action route: Process CPU time elapsed is 0h:0m:10s
Action route: Peak memory pool usage is 409 MB

Current time: Mon Mar  2 22:44:42 2026
