#Build: Fabric Compiler 2024.2-SP1.2, Build 187561, May 22 18:16 2025
#Install: C:\studyware\pango\PDS_2024.2-SP1.2-ads\bin
#Application name: pds_shell.exe
#OS: Windows 10 10.0.18363
#Hostname: z02665mj
Generated by Fabric Compiler (version 2024.2-SP1.2 build 187561) at Tue Mar 17 14:28:39 2026
Parameters for debugging are loaded as follows:
Compiling verification operator library.
Compiling common defs.
Compiling prim grid devices.
Compiling place grid timing.
Compiling gate devices.
Compiling gate operators.
Building architecture model.
Loading device packaging model.
Building architecture floorplan logic view.
Elaborate the liberty model.
I: Multithreading enabled for Timing using a maximum of 4 processes.

Routing started.
Build routing arch for double attribute device.
Enter timing driven router mode.
I: Multithreading enabled for route using a maximum of 1 processes.
W: Route-4027: Cannot find permit_rougth_thru_units.json file in working directory.
Building routing graph takes 0.37 sec.
Enable Recovery Analysis in Routing
Init coarse delay table.
Read place coarse delay table takes 0.02 sec.
build place dedicate switch graph takes 0.19 sec
Setup STE netlist take 462 msec.
Slack Weight : 90
CE/RS signal series limit : 500
Dispose control chain take 65 msec.
Collect const net info take 21 msec.
Total nets for routing: 2173.
Total loads for routing: 10103.
Direct connect net size: 1090
Build all design net take 140 msec.
Processing design graph takes 0.69 sec.
Delay table total memory: 4.79386520 MB
Route graph total memory: 10.68425751 MB
Route design total memory: 3.51354599 MB
The remaining process takes 0.04 sec.
Stage: after context initialize | Performance: TNS = 0 ; WNS = 12127 ; THS = NA ; WHS = NA | Time (s): real = 0h:0m:6s ; cpu = 0h:0m:3s ; process = 0h:0m:4s | Memory (MB): curr = 329.964844 ; peak = 349.925781 | Checksum: 9F3A6674C2545CEC
Global routing takes 0.00 sec.
Pin Cost Increasing Speed 300
Unrouted clock nets at iteration 0 (0.006 sec): 0
Stage: after clock route | Performance: TNS = 0 ; WNS = 12127 ; THS = NA ; WHS = NA | Time (s): real = 0h:0m:6s ; cpu = 0h:0m:3s ; process = 0h:0m:4s | Memory (MB): curr = 331.199219 ; peak = 349.925781 | Checksum: 75A61CA9B5712356
Total route nets size: 2168
I: Start printing congestion info.
I: Finish printing congestion info.
Pre route takes 0.672 sec
Stage: after pre route | Performance: TNS = 0 ; WNS = 12205 ; THS = 0 ; WHS = 255 | Time (s): real = 0h:0m:6s ; cpu = 0h:0m:3s ; process = 0h:0m:5s | Memory (MB): curr = 377.781250 ; peak = 382.625000 | Checksum: BCF9E9D17433182A
Unrouted general nets at iteration 2 (MT total route time: 0.605 sec): 1753(overused: 10225)
Unrouted general nets at iteration 3 (MT total route time: 0.319 sec): 1555(overused: 6456)
Unrouted general nets at iteration 4 (MT total route time: 0.283 sec): 1384(overused: 5206)
Unrouted general nets at iteration 5 (MT total route time: 0.407 sec): 1246(overused: 4332)
Unrouted general nets at iteration 6 (MT total route time: 0.170 sec): 1186(overused: 3666)
Unrouted general nets at iteration 7 (MT total route time: 0.177 sec): 756(overused: 2672)
Unrouted general nets at iteration 8 (MT total route time: 0.151 sec): 575(overused: 1813)
Unrouted general nets at iteration 9 (MT total route time: 0.102 sec): 446(overused: 1309)
Unrouted general nets at iteration 10 (MT total route time: 0.102 sec): 388(overused: 1032)
Unrouted general nets at iteration 11 (MT total route time: 0.065 sec): 330(overused: 876)
Unrouted general nets at iteration 12 (MT total route time: 0.100 sec): 307(overused: 760)
Unrouted general nets at iteration 13 (MT total route time: 0.046 sec): 238(overused: 594)
Unrouted general nets at iteration 14 (MT total route time: 0.061 sec): 193(overused: 473)
Unrouted general nets at iteration 15 (MT total route time: 0.054 sec): 149(overused: 348)
Unrouted general nets at iteration 16 (MT total route time: 0.050 sec): 131(overused: 324)
Unrouted general nets at iteration 17 (MT total route time: 0.049 sec): 126(overused: 304)
Unrouted general nets at iteration 18 (MT total route time: 0.028 sec): 93(overused: 224)
Unrouted general nets at iteration 19 (MT total route time: 0.025 sec): 77(overused: 178)
Unrouted general nets at iteration 20 (MT total route time: 0.028 sec): 68(overused: 156)
Unrouted general nets at iteration 21 (MT total route time: 0.026 sec): 56(overused: 120)
Unrouted general nets at iteration 22 (MT total route time: 0.034 sec): 54(overused: 126)
Unrouted general nets at iteration 23 (MT total route time: 0.027 sec): 49(overused: 94)
Unrouted general nets at iteration 24 (MT total route time: 0.016 sec): 38(overused: 66)
Unrouted general nets at iteration 25 (MT total route time: 0.012 sec): 28(overused: 68)
Unrouted general nets at iteration 26 (MT total route time: 0.018 sec): 18(overused: 40)
Unrouted general nets at iteration 27 (MT total route time: 0.011 sec): 20(overused: 40)
Unrouted general nets at iteration 28 (MT total route time: 0.009 sec): 11(overused: 26)
Unrouted general nets at iteration 29 (MT total route time: 0.009 sec): 6(overused: 10)
Unrouted general nets at iteration 30 (MT total route time: 0.009 sec): 4(overused: 10)
Unrouted general nets at iteration 31 (MT total route time: 0.012 sec): 2(overused: 4)
Unrouted general nets at iteration 32 (MT total route time: 0.012 sec): 2(overused: 4)
Unrouted general nets at iteration 33 (MT total route time: 0.006 sec): 3(overused: 6)
Unrouted general nets at iteration 34 (MT total route time: 0.009 sec): 2(overused: 2)
Unrouted general nets at iteration 35 (MT total route time: 0.016 sec): 3(overused: 4)
Unrouted general nets at iteration 36 (MT total route time: 0.007 sec): 3(overused: 6)
Unrouted general nets at iteration 37 (MT total route time: 0.006 sec): 0(overused: 0)
----General net take 0.010 sec(route net take 0.000 sec, inc cost take 0.005 sec, iter times: 1)
----const net route take 0.007 sec
Unrouted nets at iteration 38 (0.017 sec): 0
Stage: after detail route | Performance: TNS = 0 ; WNS = 11111 ; THS = NA ; WHS = NA | Time (s): real = 0h:0m:10s ; cpu = 0h:0m:4s ; process = 0h:0m:9s | Memory (MB): curr = 385.871094 ; peak = 385.875000 | Checksum: E79C8A4E79A1C5EB
Begin rip-up and reroute:
Rip-up and reroute takes 0.10 sec.
Stage: after ripup & reroute | Performance: TNS = 0 ; WNS = 11114 ; THS = NA ; WHS = NA | Time (s): real = 0h:0m:10s ; cpu = 0h:0m:4s ; process = 0h:0m:9s | Memory (MB): curr = 388.949219 ; peak = 389.007813 | Checksum: 705554549A616141
Detailed routing takes 4.41 sec.
I: Design net nt_i_CLK_C42_IN_25M is routed by general path.
C: Route-2036: The clock path from i_CLK_C42_IN_25M_ibuf/opit_1:OUT to pll_inst/u_pll_e2/goppllinmuxd:CLK_IN[0] is routed by SRB.
Sort Original Nets take 0.000 sec
Check HPIO div result take 0.000 sec
Total net: 2173, route succeed net: 2173
Generate routing result take 0.005 sec
Handle PERMUX permutation take 0.085 sec
Handle const net take 0.006 sec
Handle route through take 0.028 sec
Used SRB routing arc is 17291.
Stage: after finish route | Performance: TNS = 0 ; WNS = 11114 ; THS = NA ; WHS = NA | Time (s): real = 0h:0m:10s ; cpu = 0h:0m:4s ; process = 0h:0m:9s | Memory (MB): curr = 372.320313 ; peak = 389.007813 | Checksum: 6602F7095EB271A4
Finish routing takes 0.19 sec.
Total routing takes 5.79 sec.


Device Utilization Summary :
+----------------------------------------------------------------------------+
| Device Type                      | Used     | Available     | Util(%)     
+----------------------------------------------------------------------------+
| CLMA                             | 291      | 592           | 50          
| + FF                             | 591      | 3552          | 17          
| + LUT                            | 734      | 2368          | 31          
|   + LUT as Logic                 | 583      |               |             
|   + LUT as Const                 | 135      |               |             
|   + LUT as Bypass                | 16       |               |             
| CLMS                             | 367      | 888           | 42          
| + FF                             | 888      | 5328          | 17          
| + LUT                            | 906      | 3552          | 26          
|   + LUT as Logic                 | 831      |               |             
|   + LUT as Memory                | 0        |               |             
|     + LUT as Distributed RAM     | 0        |               |             
|   + LUT as Const                 | 65       |               |             
|   + LUT as Bypass                | 10       |               |             
| IO                               | 289      | 336           | 87          
| + IOBD                           | 19       | 21            | 91          
| + IOBR                           | 37       | 42            | 89          
| + IOBS                           | 233      | 273           | 86          
| BKCL                             | 6        | 6             | 100         
| CCS                              | 1        | 1             | 100         
| CLKDIV                           | 0        | 4             | 0           
| CLKDLY                           | 0        | 8             | 0           
| DLL                              | 0        | 2             | 0           
| DRM                              | 0        | 26            | 0           
| HARD0N1                          | 64       | 936           | 7           
| IOCKBRG                          | 0        | 2             | 0           
| IOCKGATE                         | 0        | 4             | 0           
| + IOCKGATE as Bypass             | 0        |               |             
| IOLDLYS                          | 134      | 252           | 54          
| IOLDLY                           | 43       | 84            | 52          
| IOL                              | 289      | 336           | 87          
| ISERDES                          | 0        | 21            | 0           
| LDO                              | 0        | 2             | 0           
| OSC                              | 0        | 1             | 0           
| OSERDES                          | 0        | 21            | 0           
| PLLINMUXD                        | 1        | 2             | 50          
| + PLLINMUXD as Bypass            | 0        |               |             
| PLL                              | 1        | 2             | 50          
| USCMDC                           | 1        | 8             | 13          
| + USCMDC as Bypass               | 0        |               |             
| USCMD                            | 0        | 2             | 0           
| + USCMD as Bypass                | 0        |               |             
| USSMBUF                          | 0        | 8             | 0           
| + USSMBUF as Bypass              | 0        |               |             
+----------------------------------------------------------------------------+

Finished routing. (CPU time elapsed 0h:00m:08s)
Design 'Tieta_Feiteng_2001_top' has been routed successfully.
Saving design to DB.
Action route: Export DB successfully.
Action route: Real time elapsed is 0h:0m:11s
Action route: CPU time elapsed is 0h:0m:9s
Action route: Process CPU time elapsed is 0h:0m:10s
Action route: Peak memory pool usage is 389 MB

Current time: Tue Mar 17 14:28:48 2026
