#Build: Fabric Compiler 2024.2-SP1.2, Build 187561, May 22 18:16 2025
#Install: C:\studyware\pango\PDS_2024.2-SP1.2-ads\bin
#Application name: pds_shell.exe
#OS: Windows 10 10.0.18363
#Hostname: z02665mj
Generated by Fabric Compiler (version 2024.2-SP1.2 build 187561) at Sat Mar 14 15:56:44 2026
Parameters for debugging are loaded as follows:
Compiling verification operator library.
Compiling common defs.
Compiling prim grid devices.
Compiling place grid timing.
Compiling gate devices.
Compiling gate operators.
Building architecture model.
Loading device packaging model.
Building architecture floorplan logic view.
Elaborate the liberty model.
I: Multithreading enabled for Timing using a maximum of 4 processes.

Routing started.
Build routing arch for double attribute device.
Enter timing driven router mode.
I: Multithreading enabled for route using a maximum of 1 processes.
W: Route-4027: Cannot find permit_rougth_thru_units.json file in working directory.
Building routing graph takes 0.36 sec.
Enable Recovery Analysis in Routing
Init coarse delay table.
Read place coarse delay table takes 0.03 sec.
build place dedicate switch graph takes 0.17 sec
Setup STE netlist take 525 msec.
Slack Weight : 90
CE/RS signal series limit : 500
Dispose control chain take 60 msec.
Collect const net info take 19 msec.
Total nets for routing: 2163.
Total loads for routing: 9992.
Direct connect net size: 1115
Build all design net take 142 msec.
Processing design graph takes 0.75 sec.
Delay table total memory: 4.79386520 MB
Route graph total memory: 10.67568970 MB
Route design total memory: 3.50955582 MB
The remaining process takes 0.04 sec.
Stage: after context initialize | Performance: TNS = 0 ; WNS = 12293 ; THS = NA ; WHS = NA | Time (s): real = 0h:0m:5s ; cpu = 0h:0m:3s ; process = 0h:0m:4s | Memory (MB): curr = 328.632813 ; peak = 347.675781 | Checksum: A5F2FD221104BE91
Global routing takes 0.00 sec.
Pin Cost Increasing Speed 300
Unrouted clock nets at iteration 0 (0.006 sec): 0
Stage: after clock route | Performance: TNS = 0 ; WNS = 12293 ; THS = NA ; WHS = NA | Time (s): real = 0h:0m:5s ; cpu = 0h:0m:3s ; process = 0h:0m:4s | Memory (MB): curr = 329.867188 ; peak = 347.675781 | Checksum: FDFFC4A09D01A189
Total route nets size: 2158
I: Start printing congestion info.
I: Finish printing congestion info.
Pre route takes 0.575 sec
Stage: after pre route | Performance: TNS = 0 ; WNS = 12355 ; THS = 0 ; WHS = 257 | Time (s): real = 0h:0m:5s ; cpu = 0h:0m:3s ; process = 0h:0m:5s | Memory (MB): curr = 377.000000 ; peak = 381.531250 | Checksum: F689C192EE711983
Unrouted general nets at iteration 2 (MT total route time: 0.334 sec): 1761(overused: 10208)
Unrouted general nets at iteration 3 (MT total route time: 0.259 sec): 1558(overused: 6459)
Unrouted general nets at iteration 4 (MT total route time: 0.213 sec): 1396(overused: 5292)
Unrouted general nets at iteration 5 (MT total route time: 0.175 sec): 1240(overused: 4236)
Unrouted general nets at iteration 6 (MT total route time: 0.142 sec): 1140(overused: 3623)
Unrouted general nets at iteration 7 (MT total route time: 0.106 sec): 725(overused: 2492)
Unrouted general nets at iteration 8 (MT total route time: 0.095 sec): 566(overused: 1678)
Unrouted general nets at iteration 9 (MT total route time: 0.069 sec): 460(overused: 1259)
Unrouted general nets at iteration 10 (MT total route time: 0.065 sec): 353(overused: 944)
Unrouted general nets at iteration 11 (MT total route time: 0.049 sec): 293(overused: 747)
Unrouted general nets at iteration 12 (MT total route time: 0.041 sec): 268(overused: 596)
Unrouted general nets at iteration 13 (MT total route time: 0.042 sec): 233(overused: 556)
Unrouted general nets at iteration 14 (MT total route time: 0.032 sec): 203(overused: 465)
Unrouted general nets at iteration 15 (MT total route time: 0.031 sec): 173(overused: 401)
Unrouted general nets at iteration 16 (MT total route time: 0.032 sec): 146(overused: 332)
Unrouted general nets at iteration 17 (MT total route time: 0.024 sec): 122(overused: 255)
Unrouted general nets at iteration 18 (MT total route time: 0.022 sec): 103(overused: 198)
Unrouted general nets at iteration 19 (MT total route time: 0.021 sec): 82(overused: 160)
Unrouted general nets at iteration 20 (MT total route time: 0.014 sec): 72(overused: 152)
Unrouted general nets at iteration 21 (MT total route time: 0.014 sec): 66(overused: 140)
Unrouted general nets at iteration 22 (MT total route time: 0.016 sec): 56(overused: 110)
Unrouted general nets at iteration 23 (MT total route time: 0.011 sec): 50(overused: 76)
Unrouted general nets at iteration 24 (MT total route time: 0.009 sec): 45(overused: 70)
Unrouted general nets at iteration 25 (MT total route time: 0.009 sec): 37(overused: 66)
Unrouted general nets at iteration 26 (MT total route time: 0.008 sec): 34(overused: 56)
Unrouted general nets at iteration 27 (MT total route time: 0.007 sec): 24(overused: 34)
Unrouted general nets at iteration 28 (MT total route time: 0.008 sec): 27(overused: 38)
Unrouted general nets at iteration 29 (MT total route time: 0.008 sec): 23(overused: 36)
Unrouted general nets at iteration 30 (MT total route time: 0.008 sec): 25(overused: 46)
Unrouted general nets at iteration 31 (MT total route time: 0.008 sec): 24(overused: 40)
Unrouted general nets at iteration 32 (MT total route time: 0.006 sec): 17(overused: 32)
Unrouted general nets at iteration 33 (MT total route time: 0.006 sec): 11(overused: 14)
Unrouted general nets at iteration 34 (MT total route time: 0.005 sec): 12(overused: 16)
Unrouted general nets at iteration 35 (MT total route time: 0.005 sec): 11(overused: 24)
Unrouted general nets at iteration 36 (MT total route time: 0.005 sec): 10(overused: 16)
Unrouted general nets at iteration 37 (MT total route time: 0.005 sec): 11(overused: 22)
Unrouted general nets at iteration 38 (MT total route time: 0.006 sec): 14(overused: 22)
Unrouted general nets at iteration 39 (MT total route time: 0.005 sec): 12(overused: 24)
Unrouted general nets at iteration 40 (MT total route time: 0.005 sec): 14(overused: 24)
Unrouted general nets at iteration 41 (MT total route time: 0.006 sec): 24(overused: 50)
Unrouted general nets at iteration 42 (MT total route time: 0.008 sec): 25(overused: 54)
Unrouted general nets at iteration 43 (MT total route time: 0.007 sec): 21(overused: 36)
Unrouted general nets at iteration 44 (MT total route time: 0.006 sec): 11(overused: 22)
Unrouted general nets at iteration 45 (MT total route time: 0.005 sec): 9(overused: 18)
Unrouted general nets at iteration 46 (MT total route time: 0.006 sec): 4(overused: 12)
Unrouted general nets at iteration 47 (MT total route time: 0.004 sec): 4(overused: 8)
Unrouted general nets at iteration 48 (MT total route time: 0.004 sec): 2(overused: 4)
Unrouted general nets at iteration 49 (MT total route time: 0.004 sec): 2(overused: 4)
Unrouted general nets at iteration 50 (MT total route time: 0.004 sec): 2(overused: 2)
Unrouted general nets at iteration 51 (MT total route time: 0.004 sec): 4(overused: 6)
Unrouted general nets at iteration 52 (MT total route time: 0.004 sec): 2(overused: 4)
Unrouted general nets at iteration 53 (MT total route time: 0.004 sec): 0(overused: 0)
----General net take 0.004 sec(route net take 0.000 sec, inc cost take 0.002 sec, iter times: 1)
----const net route take 0.004 sec
Unrouted nets at iteration 54 (0.009 sec): 0
Stage: after detail route | Performance: TNS = 0 ; WNS = 11737 ; THS = NA ; WHS = NA | Time (s): real = 0h:0m:8s ; cpu = 0h:0m:4s ; process = 0h:0m:7s | Memory (MB): curr = 381.953125 ; peak = 384.253906 | Checksum: 52F98E020DD64C40
Begin rip-up and reroute:
Rip-up and reroute takes 0.08 sec.
Stage: after ripup & reroute | Performance: TNS = 0 ; WNS = 11739 ; THS = NA ; WHS = NA | Time (s): real = 0h:0m:8s ; cpu = 0h:0m:4s ; process = 0h:0m:7s | Memory (MB): curr = 386.578125 ; peak = 386.929688 | Checksum: 4E8C5054518EEDA5
Detailed routing takes 3.15 sec.
I: Design net nt_i_CLK_C42_IN_25M is routed by general path.
C: Route-2036: The clock path from i_CLK_C42_IN_25M_ibuf/opit_1:OUT to pll_inst/u_pll_e2/goppllinmuxd:CLK_IN[0] is routed by SRB.
Sort Original Nets take 0.001 sec
Check HPIO div result take 0.000 sec
Total net: 2163, route succeed net: 2163
Generate routing result take 0.006 sec
Handle PERMUX permutation take 0.077 sec
Handle const net take 0.006 sec
Handle route through take 0.027 sec
Used SRB routing arc is 17209.
Stage: after finish route | Performance: TNS = 0 ; WNS = 11739 ; THS = NA ; WHS = NA | Time (s): real = 0h:0m:8s ; cpu = 0h:0m:4s ; process = 0h:0m:8s | Memory (MB): curr = 370.503906 ; peak = 386.929688 | Checksum: E82DE2153F31904
Finish routing takes 0.17 sec.
Total routing takes 4.55 sec.


Device Utilization Summary :
+----------------------------------------------------------------------------+
| Device Type                      | Used     | Available     | Util(%)     
+----------------------------------------------------------------------------+
| CLMA                             | 284      | 592           | 48          
| + FF                             | 596      | 3552          | 17          
| + LUT                            | 713      | 2368          | 31          
|   + LUT as Logic                 | 582      |               |             
|   + LUT as Const                 | 115      |               |             
|   + LUT as Bypass                | 16       |               |             
| CLMS                             | 361      | 888           | 41          
| + FF                             | 877      | 5328          | 17          
| + LUT                            | 927      | 3552          | 27          
|   + LUT as Logic                 | 827      |               |             
|   + LUT as Memory                | 0        |               |             
|     + LUT as Distributed RAM     | 0        |               |             
|   + LUT as Const                 | 84       |               |             
|   + LUT as Bypass                | 16       |               |             
| IO                               | 289      | 336           | 87          
| + IOBD                           | 19       | 21            | 91          
| + IOBR                           | 37       | 42            | 89          
| + IOBS                           | 233      | 273           | 86          
| BKCL                             | 6        | 6             | 100         
| CCS                              | 1        | 1             | 100         
| CLKDIV                           | 0        | 4             | 0           
| CLKDLY                           | 0        | 8             | 0           
| DLL                              | 0        | 2             | 0           
| DRM                              | 0        | 26            | 0           
| HARD0N1                          | 63       | 936           | 7           
| IOCKBRG                          | 0        | 2             | 0           
| IOCKGATE                         | 0        | 4             | 0           
| + IOCKGATE as Bypass             | 0        |               |             
| IOLDLYS                          | 134      | 252           | 54          
| IOLDLY                           | 43       | 84            | 52          
| IOL                              | 289      | 336           | 87          
| ISERDES                          | 0        | 21            | 0           
| LDO                              | 0        | 2             | 0           
| OSC                              | 0        | 1             | 0           
| OSERDES                          | 0        | 21            | 0           
| PLLINMUXD                        | 1        | 2             | 50          
| + PLLINMUXD as Bypass            | 0        |               |             
| PLL                              | 1        | 2             | 50          
| USCMDC                           | 1        | 8             | 13          
| + USCMDC as Bypass               | 0        |               |             
| USCMD                            | 0        | 2             | 0           
| + USCMD as Bypass                | 0        |               |             
| USSMBUF                          | 0        | 8             | 0           
| + USSMBUF as Bypass              | 0        |               |             
+----------------------------------------------------------------------------+

Finished routing. (CPU time elapsed 0h:00m:06s)
Design 'Tieta_Feiteng_2001_top' has been routed successfully.
Saving design to DB.
Action route: Export DB successfully.
Action route: Real time elapsed is 0h:0m:9s
Action route: CPU time elapsed is 0h:0m:7s
Action route: Process CPU time elapsed is 0h:0m:9s
Action route: Peak memory pool usage is 386 MB

Current time: Sat Mar 14 15:56:52 2026
