#Build: Fabric Compiler 2024.2-SP1.2, Build 187561, May 22 18:16 2025
#Install: C:\studyware\pango\PDS_2024.2-SP1.2-ads\bin
#Application name: pds_shell.exe
#OS: Windows 10 10.0.18363
#Hostname: z02665mj
Generated by Fabric Compiler (version 2024.2-SP1.2 build 187561) at Sat Mar 14 16:08:03 2026
Parameters for debugging are loaded as follows:
Compiling verification operator library.
Compiling common defs.
Compiling prim grid devices.
Compiling place grid timing.
Compiling gate devices.
Compiling gate operators.
Building architecture model.
Loading device packaging model.
Reading design from DB.
Elaborate the liberty model.
I: Multithreading enabled for Timing using a maximum of 4 processes.
C: ConstraintEditor-2008: It is not valid to assign port 'io_BMC_I2C9_PAL_M_SDA_R' to package pin 'D11' due to the conflict between the state of 'D11' and the configuration mode.
C: ConstraintEditor-2008: It is not valid to assign port 'i_BMC_I2C9_PAL_M_SCL_R' to package pin 'C11' due to the conflict between the state of 'C11' and the configuration mode.
Start Generating Programming File...
Reading design from DB takes 0.562500 sec.
Generating architecture configuration.
The bitstream file is "C:/CPLD/pango/2_Tieta_Feiteng/Tieta_Feiteng_1001_PGC7KD69MBG400/prj/Tieta_M/generate_bitstream/Tieta_Feiteng_1001_top.sbit"
Generate programming file takes 4.156250 sec.
Generating Programming File done.
Action gen_bit_stream: Real time elapsed is 0h:0m:7s
Action gen_bit_stream: CPU time elapsed is 0h:0m:6s
Action gen_bit_stream: Process CPU time elapsed is 0h:0m:6s
Action gen_bit_stream: Peak memory pool usage is 424 MB

Current time: Sat Mar 14 16:08:09 2026
