#Build: Fabric Compiler 2024.2-SP1.2, Build 187561, May 22 18:16 2025
#Install: C:\studyware\pango\PDS_2024.2-SP1.2-ads\bin
#Application name: pds_shell.exe
#OS: Windows 10 10.0.18363
#Hostname: z02665mj
Generated by Fabric Compiler (version 2024.2-SP1.2 build 187561) at Mon Mar  2 21:14:45 2026
Parameters for debugging are loaded as follows:
Compiling verification operator library.
Compiling common defs.
Compiling prim grid devices.
Compiling place grid timing.
Compiling gate devices.
Compiling gate operators.
Building architecture model.
Loading device packaging model.
Building architecture floorplan logic view.
Elaborate the liberty model.
I: Multithreading enabled for Timing using a maximum of 4 processes.

Routing started.
Build routing arch for double attribute device.
Enter timing driven router mode.
I: Multithreading enabled for route using a maximum of 1 processes.
W: Route-4027: Cannot find permit_rougth_thru_units.json file in working directory.
Building routing graph takes 0.28 sec.
Enable Recovery Analysis in Routing
Init coarse delay table.
Read place coarse delay table takes 0.05 sec.
build place dedicate switch graph takes 0.17 sec
Setup STE netlist take 497 msec.
Slack Weight : 90
CE/RS signal series limit : 500
Dispose control chain take 80 msec.
Collect const net info take 22 msec.
Total nets for routing: 2429.
Total loads for routing: 11394.
Direct connect net size: 1154
Build all design net take 166 msec.
Processing design graph takes 0.77 sec.
Delay table total memory: 4.79386520 MB
Route graph total memory: 10.82476044 MB
Route design total memory: 3.91078568 MB
The remaining process takes 0.05 sec.
Stage: after context initialize | Performance: TNS = 0 ; WNS = 11670 ; THS = NA ; WHS = NA | Time (s): real = 0h:0m:5s ; cpu = 0h:0m:3s ; process = 0h:0m:4s | Memory (MB): curr = 344.140625 ; peak = 366.867188 | Checksum: 309F042C05D6A81B
Global routing takes 0.00 sec.
Pin Cost Increasing Speed 300
Unrouted clock nets at iteration 0 (0.008 sec): 0
Stage: after clock route | Performance: TNS = 0 ; WNS = 11670 ; THS = NA ; WHS = NA | Time (s): real = 0h:0m:5s ; cpu = 0h:0m:3s ; process = 0h:0m:4s | Memory (MB): curr = 345.027344 ; peak = 366.867188 | Checksum: 19DAB3AA7921EEDE
Total route nets size: 2421
I: Start printing congestion info.
I: Finish printing congestion info.
Pre route takes 0.740 sec
Stage: after pre route | Performance: TNS = 0 ; WNS = 11747 ; THS = 0 ; WHS = 256 | Time (s): real = 0h:0m:6s ; cpu = 0h:0m:3s ; process = 0h:0m:5s | Memory (MB): curr = 395.203125 ; peak = 399.941406 | Checksum: 7FD589621C3F714
Unrouted general nets at iteration 2 (MT total route time: 0.453 sec): 2077(overused: 11523)
Unrouted general nets at iteration 3 (MT total route time: 0.332 sec): 1823(overused: 7151)
Unrouted general nets at iteration 4 (MT total route time: 0.256 sec): 1596(overused: 5551)
Unrouted general nets at iteration 5 (MT total route time: 0.216 sec): 1449(overused: 4496)
Unrouted general nets at iteration 6 (MT total route time: 0.212 sec): 1325(overused: 3807)
Unrouted general nets at iteration 7 (MT total route time: 0.204 sec): 960(overused: 2785)
Unrouted general nets at iteration 8 (MT total route time: 0.140 sec): 689(overused: 1885)
Unrouted general nets at iteration 9 (MT total route time: 0.099 sec): 564(overused: 1503)
Unrouted general nets at iteration 10 (MT total route time: 0.087 sec): 484(overused: 1306)
Unrouted general nets at iteration 11 (MT total route time: 0.080 sec): 411(overused: 1077)
Unrouted general nets at iteration 12 (MT total route time: 0.063 sec): 330(overused: 839)
Unrouted general nets at iteration 13 (MT total route time: 0.062 sec): 302(overused: 721)
Unrouted general nets at iteration 14 (MT total route time: 0.049 sec): 247(overused: 549)
Unrouted general nets at iteration 15 (MT total route time: 0.044 sec): 217(overused: 501)
Unrouted general nets at iteration 16 (MT total route time: 0.040 sec): 195(overused: 450)
Unrouted general nets at iteration 17 (MT total route time: 0.035 sec): 167(overused: 376)
Unrouted general nets at iteration 18 (MT total route time: 0.027 sec): 131(overused: 260)
Unrouted general nets at iteration 19 (MT total route time: 0.023 sec): 113(overused: 216)
Unrouted general nets at iteration 20 (MT total route time: 0.028 sec): 79(overused: 130)
Unrouted general nets at iteration 21 (MT total route time: 0.023 sec): 68(overused: 142)
Unrouted general nets at iteration 22 (MT total route time: 0.020 sec): 59(overused: 116)
Unrouted general nets at iteration 23 (MT total route time: 0.015 sec): 56(overused: 118)
Unrouted general nets at iteration 24 (MT total route time: 0.014 sec): 46(overused: 82)
Unrouted general nets at iteration 25 (MT total route time: 0.013 sec): 49(overused: 92)
Unrouted general nets at iteration 26 (MT total route time: 0.012 sec): 46(overused: 78)
Unrouted general nets at iteration 27 (MT total route time: 0.012 sec): 47(overused: 72)
Unrouted general nets at iteration 28 (MT total route time: 0.009 sec): 32(overused: 49)
Unrouted general nets at iteration 29 (MT total route time: 0.009 sec): 26(overused: 38)
Unrouted general nets at iteration 30 (MT total route time: 0.011 sec): 20(overused: 40)
Unrouted general nets at iteration 31 (MT total route time: 0.012 sec): 26(overused: 52)
Unrouted general nets at iteration 32 (MT total route time: 0.013 sec): 26(overused: 54)
Unrouted general nets at iteration 33 (MT total route time: 0.010 sec): 23(overused: 46)
Unrouted general nets at iteration 34 (MT total route time: 0.011 sec): 20(overused: 44)
Unrouted general nets at iteration 35 (MT total route time: 0.008 sec): 23(overused: 48)
Unrouted general nets at iteration 36 (MT total route time: 0.007 sec): 11(overused: 18)
Unrouted general nets at iteration 37 (MT total route time: 0.006 sec): 13(overused: 22)
Unrouted general nets at iteration 38 (MT total route time: 0.008 sec): 9(overused: 18)
Unrouted general nets at iteration 39 (MT total route time: 0.005 sec): 6(overused: 6)
Unrouted general nets at iteration 40 (MT total route time: 0.006 sec): 6(overused: 8)
Unrouted general nets at iteration 41 (MT total route time: 0.006 sec): 7(overused: 10)
Unrouted general nets at iteration 42 (MT total route time: 0.006 sec): 6(overused: 8)
Unrouted general nets at iteration 43 (MT total route time: 0.009 sec): 5(overused: 12)
Unrouted general nets at iteration 44 (MT total route time: 0.005 sec): 4(overused: 6)
Unrouted general nets at iteration 45 (MT total route time: 0.005 sec): 4(overused: 6)
Unrouted general nets at iteration 46 (MT total route time: 0.005 sec): 4(overused: 6)
Unrouted general nets at iteration 47 (MT total route time: 0.005 sec): 4(overused: 8)
Unrouted general nets at iteration 48 (MT total route time: 0.006 sec): 5(overused: 8)
Unrouted general nets at iteration 49 (MT total route time: 0.007 sec): 0(overused: 0)
----General net take 0.009 sec(route net take 0.000 sec, inc cost take 0.002 sec, iter times: 1)
----const net route take 0.007 sec
Unrouted nets at iteration 50 (0.017 sec): 0
Stage: after detail route | Performance: TNS = 0 ; WNS = 10151 ; THS = NA ; WHS = NA | Time (s): real = 0h:0m:9s ; cpu = 0h:0m:4s ; process = 0h:0m:9s | Memory (MB): curr = 403.148438 ; peak = 403.152344 | Checksum: 1AC6A6BC56A9A597
Begin rip-up and reroute:
Rip-up and reroute takes 0.10 sec.
Stage: after ripup & reroute | Performance: TNS = 0 ; WNS = 10146 ; THS = NA ; WHS = NA | Time (s): real = 0h:0m:9s ; cpu = 0h:0m:4s ; process = 0h:0m:9s | Memory (MB): curr = 406.132813 ; peak = 406.191406 | Checksum: 1F96F1BBFAA858CC
Detailed routing takes 4.13 sec.
I: Design net genblk1[0].fan_pwm_tach_m/w_clk_1s_pos is routed by general path.
C: Route-2036: The clock path from genblk1[0].fan_pwm_tach_m/Edge_Detect_u1/N0/gateop:Z to clkbufgs_6:CLKIN is routed by SRB.
I: Design net nt_i_CLK_PAL_IN_25M is routed by general path.
C: Route-2036: The clock path from i_CLK_PAL_IN_25M_ibuf/opit_1:OUT to pll_inst/u_pll_e2/goppllinmuxd:CLK_IN[0] is routed by SRB.
Sort Original Nets take 0.001 sec
Check HPIO div result take 0.000 sec
Total net: 2429, route succeed net: 2429
Generate routing result take 0.006 sec
Handle PERMUX permutation take 0.104 sec
Handle const net take 0.009 sec
Handle route through take 0.030 sec
Used SRB routing arc is 19388.
Stage: after finish route | Performance: TNS = 0 ; WNS = 10146 ; THS = NA ; WHS = NA | Time (s): real = 0h:0m:10s ; cpu = 0h:0m:4s ; process = 0h:0m:9s | Memory (MB): curr = 387.847656 ; peak = 406.191406 | Checksum: E47B26CCA5C25081
Finish routing takes 0.21 sec.
Total routing takes 5.54 sec.


Device Utilization Summary :
+----------------------------------------------------------------------------+
| Device Type                      | Used     | Available     | Util(%)     
+----------------------------------------------------------------------------+
| CLMA                             | 308      | 592           | 53          
| + FF                             | 619      | 3552          | 18          
| + LUT                            | 889      | 2368          | 38          
|   + LUT as Logic                 | 704      |               |             
|   + LUT as Const                 | 175      |               |             
|   + LUT as Bypass                | 10       |               |             
| CLMS                             | 418      | 888           | 48          
| + FF                             | 949      | 5328          | 18          
| + LUT                            | 1195     | 3552          | 34          
|   + LUT as Logic                 | 1072     |               |             
|   + LUT as Memory                | 0        |               |             
|     + LUT as Distributed RAM     | 0        |               |             
|   + LUT as Const                 | 101      |               |             
|   + LUT as Bypass                | 22       |               |             
| IO                               | 308      | 336           | 92          
| + IOBD                           | 21       | 21            | 100         
| + IOBR                           | 40       | 42            | 96          
| + IOBS                           | 247      | 273           | 91          
| BKCL                             | 6        | 6             | 100         
| CCS                              | 1        | 1             | 100         
| CLKDIV                           | 0        | 4             | 0           
| CLKDLY                           | 0        | 8             | 0           
| DLL                              | 0        | 2             | 0           
| DRM                              | 0        | 26            | 0           
| HARD0N1                          | 128      | 936           | 14          
| IOCKBRG                          | 0        | 2             | 0           
| IOCKGATE                         | 0        | 4             | 0           
| + IOCKGATE as Bypass             | 0        |               |             
| IOLDLYS                          | 138      | 252           | 55          
| IOLDLY                           | 41       | 84            | 49          
| IOL                              | 308      | 336           | 92          
| ISERDES                          | 0        | 21            | 0           
| LDO                              | 0        | 2             | 0           
| OSC                              | 0        | 1             | 0           
| OSERDES                          | 0        | 21            | 0           
| PLLINMUXD                        | 1        | 2             | 50          
| + PLLINMUXD as Bypass            | 0        |               |             
| PLL                              | 1        | 2             | 50          
| USCMDC                           | 2        | 8             | 25          
| + USCMDC as Bypass               | 0        |               |             
| USCMD                            | 0        | 2             | 0           
| + USCMD as Bypass                | 0        |               |             
| USSMBUF                          | 1        | 8             | 13          
| + USSMBUF as Bypass              | 0        |               |             
+----------------------------------------------------------------------------+

Finished routing. (CPU time elapsed 0h:00m:08s)
Design 'Tieta_Feiteng_1001_top' has been routed successfully.
Saving design to DB.
Action route: Export DB successfully.
Action route: Real time elapsed is 0h:0m:11s
Action route: CPU time elapsed is 0h:0m:9s
Action route: Process CPU time elapsed is 0h:0m:10s
Action route: Peak memory pool usage is 406 MB

Current time: Mon Mar  2 21:14:54 2026
