[Info] [2026-3-11 13:35:39] /***************************Start Configuration***************************/
[Info] [2026-3-11 13:35:39] Path: C:/studyware/pango/PDS_2024.2-SP1.2-ads/bin
[Info] [2026-3-11 13:35:39] Version: 187561
[Info] [2026-3-11 13:35:40] Current Path: C:/CPLD/pango/2_Tieta_Feiteng/Tieta_Feiteng_1001_PGC7KD69MBG400/prj/Tieta_M
[Info] [2026-3-11 13:35:40] PDS Dir Path: C:/CPLD/pango/2_Tieta_Feiteng/Tieta_Feiteng_1001_PGC7KD69MBG400/prj/Tieta_M
[Info] [2026-3-11 13:35:45] Configuration is not connect with server. connect first then scan chain.
[Debug] [2026-3-11 13:35:45] Client Local host name:z02665mj
[Debug] [2026-3-11 13:35:45] Client Local Address:10.213.107.142
[Debug] [2026-3-11 13:35:45] Server Address:127.0.0.1, Port:65420
[Debug] [2026-3-11 13:35:45] Log::Print : Connecting to server[127.0.0.1 : 65420].
[Info] [2026-3-11 13:35:45] Connect OK, Server: 127.0.0.1  Port: 65420
[Debug] [2026-3-11 13:35:45] Finish.
[Info] [2026-3-11 13:35:45] Connect server succeeded
[Debug] [2026-3-11 13:35:45] Send RPC:1
[Debug] [2026-3-11 13:35:45] Send cmd [check version information:40004] OK
[Debug] [2026-3-11 13:35:45] Log::Print : Connect to server[127.0.0.1 : 65420] successfully.
[Debug] [2026-3-11 13:35:46] Send RPC:2
[Debug] [2026-3-11 13:35:46] Send cmd [get_cable_paras:40010] OK
[Debug] [2026-3-11 13:35:46] Begin to send initialize chain cmd...
[Debug] [2026-3-11 13:35:46] Send RPC:3
[Debug] [2026-3-11 13:35:46] Send cmd [Open config cable:20001] OK
[Debug] [2026-3-11 13:35:46] End to send initialize chain cmd.
[Debug] [2026-3-11 13:35:46] COMMAND[check version information] execute successfully, takes 0.6 secs.
[Debug] [2026-3-11 13:35:46] Log::Print : COMMAND[check version information] execute successfully, takes 0.6 secs.
[Debug] [2026-3-11 13:35:47] Before cable list reserve:1
[Debug] [2026-3-11 13:35:47] After cable list reserve
[Debug] [2026-3-11 13:35:47] COMMAND[get_cable_paras] execute successfully, takes 1.1 secs.
[Debug] [2026-3-11 13:35:47] Log::Print : The cable List : 
Cable index 0:USB Cable II/fffffffffffffffe 

[Debug] [2026-3-11 13:35:47] Log::Print : COMMAND[get_cable_paras] execute successfully, takes 1.1 secs.
[Debug] [2026-3-11 13:35:48] begin the exec of open cable cmd...
[Debug] [2026-3-11 13:35:48] Begin to deal with chain from server...
[Debug] [2026-3-11 13:35:48] Begin to set user chain...
[Debug] [2026-3-11 13:35:48] End to set user chain.
[Debug] [2026-3-11 13:35:48] Begin to update graphic item and tree item ...
[Debug] [2026-3-11 13:35:48] End to update graphic item and tree item ...
[Debug] [2026-3-11 13:35:48] Begin to update graphic item and tree item ...
[Debug] [2026-3-11 13:35:48] End to update graphic item and tree item ...
[Debug] [2026-3-11 13:35:48] End to deal wiht chain from server.
[Debug] [2026-3-11 13:35:48] end the exec of open cable cmd.
[Debug] [2026-3-11 13:35:48] COMMAND[Open config cable] execute successfully, takes 1.5 secs.
[Debug] [2026-3-11 13:35:48] Log::Print : PANGO USB CABLE II cable driver: D2XX DLL
[Debug] [2026-3-11 13:35:48] Log::Print : PGC7KD
[Debug] [2026-3-11 13:35:48] Log::Print : This device configure situation (done bit): 1
[Debug] [2026-3-11 13:35:48] Log::Print : PGC7KD
[Debug] [2026-3-11 13:35:48] Log::Print : This device configure situation (done bit): 1
[Debug] [2026-3-11 13:35:48] Log::Print : COMMAND[Open config cable] execute successfully, takes 1.5 secs.
[Debug] [2026-3-11 13:35:51] Begin to assign configuration file...
[Info] [2026-3-11 13:35:58] set OpenLastPath: C:/CPLD/pango/2_Tieta_Feiteng/Tieta_Feiteng_1001_PGC7KD69MBG400/prj/Tieta_M/generate_bitstream/Tieta_Feiteng_1001_top.sbit
[Debug] [2026-3-11 13:35:58] begin to get device info from CFG file...
[Debug] [2026-3-11 13:35:58] end to get device info from CFG file...
[Debug] [2026-3-11 13:35:58] Begin to update graphic item and tree item ...
[Debug] [2026-3-11 13:35:58] End to update graphic item and tree item ...
[Debug] [2026-3-11 13:35:58] End to assign configuration file...
[Debug] [2026-3-11 13:36:00] Begin to assign configuration file...
[Info] [2026-3-11 13:36:09] set OpenLastPath: C:/CPLD/pango/2_Tieta_Feiteng/Tieta_Feiteng_2001_PGC7KD69MBG400/prj/Tieta_S/generate_bitstream/Tieta_Feiteng_2001_top.sbit
[Debug] [2026-3-11 13:36:09] begin to get device info from CFG file...
[Debug] [2026-3-11 13:36:09] end to get device info from CFG file...
[Debug] [2026-3-11 13:36:09] Begin to update graphic item and tree item ...
[Debug] [2026-3-11 13:36:09] End to update graphic item and tree item ...
[Debug] [2026-3-11 13:36:09] End to assign configuration file...
[Debug] [2026-3-11 13:36:12] Begin to assign configuration file...
[Info] [2026-3-11 13:36:21] set OpenLastPath: C:/CPLD/pango/2_Tieta_Feiteng/Tieta_Feiteng_1001_PGC7KD69MBG400/prj/Tieta_M/generate_bitstream/Tieta_Feiteng_1001_top.sbit
[Debug] [2026-3-11 13:36:21] begin to get device info from CFG file...
[Debug] [2026-3-11 13:36:21] end to get device info from CFG file...
[Debug] [2026-3-11 13:36:21] Begin to update graphic item and tree item ...
[Debug] [2026-3-11 13:36:21] End to update graphic item and tree item ...
[Debug] [2026-3-11 13:36:21] End to assign configuration file...
[Debug] [2026-3-11 13:36:27] Send RPC:4
[Debug] [2026-3-11 13:36:27] Begin to send operate embedded FPGA flash data.
[Debug] [2026-3-11 13:36:27] End to send operate embedded FPGA flash data.
[Debug] [2026-3-11 13:36:27] Send cmd [Program EFlash:20021] OK
[Debug] [2026-3-11 13:36:29] The value of Progress is 6
[Debug] [2026-3-11 13:36:29] The value of Progress is 10
[Debug] [2026-3-11 13:36:30] The value of Progress is 15
[Debug] [2026-3-11 13:36:32] The value of Progress is 20
[Debug] [2026-3-11 13:36:33] The value of Progress is 25
[Debug] [2026-3-11 13:36:34] The value of Progress is 30
[Debug] [2026-3-11 13:36:35] The value of Progress is 35
[Debug] [2026-3-11 13:36:36] The value of Progress is 40
[Debug] [2026-3-11 13:36:37] The value of Progress is 45
[Debug] [2026-3-11 13:36:38] The value of Progress is 50
[Debug] [2026-3-11 13:36:39] The value of Progress is 55
[Debug] [2026-3-11 13:36:40] The value of Progress is 60
[Debug] [2026-3-11 13:36:41] The value of Progress is 65
[Debug] [2026-3-11 13:36:42] The value of Progress is 70
[Debug] [2026-3-11 13:36:43] The value of Progress is 75
[Debug] [2026-3-11 13:36:44] The value of Progress is 80
[Debug] [2026-3-11 13:36:45] The value of Progress is 85
[Debug] [2026-3-11 13:36:46] The value of Progress is 90
[Debug] [2026-3-11 13:36:47] The value of Progress is 95
[Debug] [2026-3-11 13:36:48] COMMAND[Program EFlash] execute finish, takes 20.4 secs.
[Debug] [2026-3-11 13:36:48] Send RPC:5
[Debug] [2026-3-11 13:36:48] Begin to send operate embedded FPGA flash data.
[Debug] [2026-3-11 13:36:48] End to send operate embedded FPGA flash data.
[Debug] [2026-3-11 13:36:48] Send cmd [Verify EFlash:20024] OK
[Debug] [2026-3-11 13:36:48] Log::Print : COMMAND[Program EFlash] execute finish, takes 20.4 secs.
[Debug] [2026-3-11 13:36:48] The value of Progress is 6
[Debug] [2026-3-11 13:36:48] The value of Progress is 10
[Debug] [2026-3-11 13:36:48] The value of Progress is 15
[Debug] [2026-3-11 13:36:48] The value of Progress is 20
[Debug] [2026-3-11 13:36:48] The value of Progress is 25
[Debug] [2026-3-11 13:36:48] The value of Progress is 30
[Debug] [2026-3-11 13:36:49] The value of Progress is 35
[Debug] [2026-3-11 13:36:49] The value of Progress is 40
[Debug] [2026-3-11 13:36:49] The value of Progress is 45
[Debug] [2026-3-11 13:36:49] The value of Progress is 50
[Debug] [2026-3-11 13:36:49] The value of Progress is 55
[Debug] [2026-3-11 13:36:49] The value of Progress is 60
[Debug] [2026-3-11 13:36:49] The value of Progress is 65
[Debug] [2026-3-11 13:36:49] The value of Progress is 70
[Debug] [2026-3-11 13:36:49] The value of Progress is 75
[Debug] [2026-3-11 13:36:50] The value of Progress is 80
[Debug] [2026-3-11 13:36:50] The value of Progress is 85
[Debug] [2026-3-11 13:36:50] The value of Progress is 90
[Debug] [2026-3-11 13:36:50] The value of Progress is 95
[Debug] [2026-3-11 13:36:50] COMMAND[Verify EFlash] execute successfully, takes 2.2 secs.
[Debug] [2026-3-11 13:36:50] Send RPC:6
[Debug] [2026-3-11 13:36:50] Send cmd [Program CTL:20015] OK
[Debug] [2026-3-11 13:36:50] Log::Print : COMMAND[Verify EFlash] execute successfully, takes 2.2 secs.
[Debug] [2026-3-11 13:36:50] Show Info: Feature Control value is : 0x00028943
[Debug] [2026-3-11 13:36:50] Log::Print : Feature Control value is : 0x00028943
[Debug] [2026-3-11 13:36:50] COMMAND[Program CTL] execute successfully, takes 0.3 secs.
[Debug] [2026-3-11 13:36:50] Log::Print : COMMAND[Program CTL] execute successfully, takes 0.3 secs.
[Debug] [2026-3-11 13:36:53] Send RPC:7
[Debug] [2026-3-11 13:36:53] Begin to send operate embedded FPGA flash data.
[Debug] [2026-3-11 13:36:53] End to send operate embedded FPGA flash data.
[Debug] [2026-3-11 13:36:53] Send cmd [Program EFlash:20021] OK
[Debug] [2026-3-11 13:36:55] The value of Progress is 6
[Debug] [2026-3-11 13:36:56] The value of Progress is 10
[Debug] [2026-3-11 13:36:57] The value of Progress is 15
[Debug] [2026-3-11 13:36:58] The value of Progress is 20
[Debug] [2026-3-11 13:36:59] The value of Progress is 25
[Debug] [2026-3-11 13:37:01] The value of Progress is 30
[Debug] [2026-3-11 13:37:02] The value of Progress is 35
[Debug] [2026-3-11 13:37:03] The value of Progress is 40
[Debug] [2026-3-11 13:37:04] The value of Progress is 45
[Debug] [2026-3-11 13:37:05] The value of Progress is 50
[Debug] [2026-3-11 13:37:06] The value of Progress is 55
[Debug] [2026-3-11 13:37:08] The value of Progress is 60
[Debug] [2026-3-11 13:37:09] The value of Progress is 65
[Debug] [2026-3-11 13:37:10] The value of Progress is 70
[Debug] [2026-3-11 13:37:11] The value of Progress is 75
[Debug] [2026-3-11 13:37:12] The value of Progress is 80
[Debug] [2026-3-11 13:37:13] The value of Progress is 85
[Debug] [2026-3-11 13:37:15] The value of Progress is 90
[Debug] [2026-3-11 13:37:16] The value of Progress is 95
[Debug] [2026-3-11 13:37:17] COMMAND[Program EFlash] execute finish, takes 23.5 secs.
[Debug] [2026-3-11 13:37:17] Send RPC:8
[Debug] [2026-3-11 13:37:17] Begin to send operate embedded FPGA flash data.
[Debug] [2026-3-11 13:37:17] End to send operate embedded FPGA flash data.
[Debug] [2026-3-11 13:37:17] Send cmd [Verify EFlash:20024] OK
[Debug] [2026-3-11 13:37:17] Log::Print : COMMAND[Program EFlash] execute finish, takes 23.5 secs.
[Debug] [2026-3-11 13:37:17] The value of Progress is 6
[Debug] [2026-3-11 13:37:17] The value of Progress is 10
[Debug] [2026-3-11 13:37:17] The value of Progress is 15
[Debug] [2026-3-11 13:37:17] The value of Progress is 20
[Debug] [2026-3-11 13:37:17] The value of Progress is 25
[Debug] [2026-3-11 13:37:17] The value of Progress is 30
[Debug] [2026-3-11 13:37:18] The value of Progress is 35
[Debug] [2026-3-11 13:37:18] The value of Progress is 40
[Debug] [2026-3-11 13:37:18] The value of Progress is 45
[Debug] [2026-3-11 13:37:18] The value of Progress is 50
[Debug] [2026-3-11 13:37:18] The value of Progress is 55
[Debug] [2026-3-11 13:37:18] The value of Progress is 60
[Debug] [2026-3-11 13:37:18] The value of Progress is 65
[Debug] [2026-3-11 13:37:18] The value of Progress is 70
[Debug] [2026-3-11 13:37:18] The value of Progress is 75
[Debug] [2026-3-11 13:37:18] The value of Progress is 80
[Debug] [2026-3-11 13:37:19] The value of Progress is 85
[Debug] [2026-3-11 13:37:19] The value of Progress is 90
[Debug] [2026-3-11 13:37:19] The value of Progress is 95
[Debug] [2026-3-11 13:37:19] COMMAND[Verify EFlash] execute successfully, takes 2.0 secs.
[Debug] [2026-3-11 13:37:19] Send RPC:9
[Debug] [2026-3-11 13:37:19] Send cmd [Program CTL:20015] OK
[Debug] [2026-3-11 13:37:19] Log::Print : COMMAND[Verify EFlash] execute successfully, takes 2.0 secs.
[Debug] [2026-3-11 13:37:19] Show Info: Feature Control value is : 0x00028943
[Debug] [2026-3-11 13:37:19] Log::Print : Feature Control value is : 0x00028943
[Debug] [2026-3-11 13:37:19] COMMAND[Program CTL] execute successfully, takes 0.2 secs.
[Debug] [2026-3-11 13:37:19] Log::Print : COMMAND[Program CTL] execute successfully, takes 0.2 secs.
[Debug] [2026-3-11 14:47:34] Begin to send initialize chain cmd...
[Debug] [2026-3-11 14:47:34] Send RPC:10
[Debug] [2026-3-11 14:47:34] Send cmd [Open config cable:20001] OK
[Debug] [2026-3-11 14:47:34] End to send initialize chain cmd.
[Error] [2026-3-11 14:47:35] fail to exec Open config cable cmd...
[Error] [2026-3-11 14:47:35] MsgOut: JtagServer-0001: No PANGO USB CABLE II cable was found in system.
[Error] [2026-3-11 14:47:35] MsgOut: JtagServer-0306: No devices detected while scanning the JTAG chain, failed detecting JTAG device chain.
[Warn] [2026-3-11 14:47:35] MsgOut: Please check the device power, cable connection situation and whether put the chip in the right way or not.
   If these do not work, try to restart the software.
[Error] [2026-3-11 14:47:35] MsgOut: Configuration-0008: The command 'Open config cable' execute fail.
[Debug] [2026-3-11 14:47:59] Begin to send initialize chain cmd...
[Debug] [2026-3-11 14:47:59] Send RPC:11
[Debug] [2026-3-11 14:47:59] Send cmd [Open config cable:20001] OK
[Debug] [2026-3-11 14:47:59] End to send initialize chain cmd.
[Debug] [2026-3-11 14:47:59] begin the exec of open cable cmd...
[Debug] [2026-3-11 14:47:59] Begin to deal with chain from server...
[Debug] [2026-3-11 14:47:59] Begin to set user chain...
[Debug] [2026-3-11 14:47:59] End to set user chain.
[Debug] [2026-3-11 14:47:59] Begin to update graphic item and tree item ...
[Debug] [2026-3-11 14:47:59] End to update graphic item and tree item ...
[Debug] [2026-3-11 14:47:59] Begin to update graphic item and tree item ...
[Debug] [2026-3-11 14:47:59] End to update graphic item and tree item ...
[Debug] [2026-3-11 14:47:59] End to deal wiht chain from server.
[Debug] [2026-3-11 14:47:59] end the exec of open cable cmd.
[Debug] [2026-3-11 14:47:59] COMMAND[Open config cable] execute successfully, takes 0.2 secs.
[Debug] [2026-3-11 14:47:59] Log::Print : PGC7KD
[Debug] [2026-3-11 14:47:59] Log::Print : This device configure situation (done bit): 1
[Debug] [2026-3-11 14:47:59] Log::Print : PGC7KD
[Debug] [2026-3-11 14:47:59] Log::Print : This device configure situation (done bit): 1
[Debug] [2026-3-11 14:47:59] Log::Print : COMMAND[Open config cable] execute successfully, takes 0.2 secs.
[Debug] [2026-3-11 14:48:03] Begin to assign configuration file...
[Info] [2026-3-11 14:48:05] set OpenLastPath: C:/CPLD/pango/2_Tieta_Feiteng/Tieta_Feiteng_1001_PGC7KD69MBG400/prj/Tieta_M/generate_bitstream/Tieta_Feiteng_1001_top.sbit
[Debug] [2026-3-11 14:48:05] begin to get device info from CFG file...
[Debug] [2026-3-11 14:48:05] end to get device info from CFG file...
[Debug] [2026-3-11 14:48:05] Begin to update graphic item and tree item ...
[Debug] [2026-3-11 14:48:05] End to update graphic item and tree item ...
[Debug] [2026-3-11 14:48:05] End to assign configuration file...
[Debug] [2026-3-11 14:48:10] Send RPC:12
[Debug] [2026-3-11 14:48:10] Begin to send operate embedded FPGA flash data.
[Debug] [2026-3-11 14:48:10] End to send operate embedded FPGA flash data.
[Debug] [2026-3-11 14:48:10] Send cmd [Program EFlash:20021] OK
[Debug] [2026-3-11 14:48:11] The value of Progress is 6
[Debug] [2026-3-11 14:48:12] The value of Progress is 10
[Debug] [2026-3-11 14:48:13] The value of Progress is 15
[Debug] [2026-3-11 14:48:14] The value of Progress is 20
[Debug] [2026-3-11 14:48:15] The value of Progress is 25
[Debug] [2026-3-11 14:48:16] The value of Progress is 30
[Debug] [2026-3-11 14:48:17] The value of Progress is 35
[Debug] [2026-3-11 14:48:18] The value of Progress is 40
[Debug] [2026-3-11 14:48:19] The value of Progress is 45
[Debug] [2026-3-11 14:48:20] The value of Progress is 50
[Debug] [2026-3-11 14:48:21] The value of Progress is 55
[Debug] [2026-3-11 14:48:22] The value of Progress is 60
[Debug] [2026-3-11 14:48:23] The value of Progress is 65
[Debug] [2026-3-11 14:48:24] The value of Progress is 70
[Debug] [2026-3-11 14:48:25] The value of Progress is 75
[Debug] [2026-3-11 14:48:26] The value of Progress is 80
[Debug] [2026-3-11 14:48:28] The value of Progress is 85
[Debug] [2026-3-11 14:48:29] The value of Progress is 90
[Debug] [2026-3-11 14:48:30] The value of Progress is 95
[Debug] [2026-3-11 14:48:31] COMMAND[Program EFlash] execute finish, takes 21.2 secs.
[Debug] [2026-3-11 14:48:31] Send RPC:13
[Debug] [2026-3-11 14:48:31] Begin to send operate embedded FPGA flash data.
[Debug] [2026-3-11 14:48:31] End to send operate embedded FPGA flash data.
[Debug] [2026-3-11 14:48:31] Send cmd [Verify EFlash:20024] OK
[Debug] [2026-3-11 14:48:31] Log::Print : COMMAND[Program EFlash] execute finish, takes 21.2 secs.
[Debug] [2026-3-11 14:48:31] The value of Progress is 6
[Debug] [2026-3-11 14:48:31] The value of Progress is 10
[Debug] [2026-3-11 14:48:31] The value of Progress is 15
[Debug] [2026-3-11 14:48:31] The value of Progress is 20
[Debug] [2026-3-11 14:48:31] The value of Progress is 25
[Debug] [2026-3-11 14:48:31] The value of Progress is 30
[Debug] [2026-3-11 14:48:31] The value of Progress is 35
[Debug] [2026-3-11 14:48:31] The value of Progress is 40
[Debug] [2026-3-11 14:48:32] The value of Progress is 45
[Debug] [2026-3-11 14:48:32] The value of Progress is 50
[Debug] [2026-3-11 14:48:32] The value of Progress is 55
[Debug] [2026-3-11 14:48:32] The value of Progress is 60
[Debug] [2026-3-11 14:48:32] The value of Progress is 65
[Debug] [2026-3-11 14:48:32] The value of Progress is 70
[Debug] [2026-3-11 14:48:32] The value of Progress is 75
[Debug] [2026-3-11 14:48:32] The value of Progress is 80
[Debug] [2026-3-11 14:48:32] The value of Progress is 85
[Debug] [2026-3-11 14:48:32] The value of Progress is 90
[Debug] [2026-3-11 14:48:33] The value of Progress is 95
[Debug] [2026-3-11 14:48:33] COMMAND[Verify EFlash] execute successfully, takes 2.0 secs.
[Debug] [2026-3-11 14:48:33] Send RPC:14
[Debug] [2026-3-11 14:48:33] Send cmd [Program CTL:20015] OK
[Debug] [2026-3-11 14:48:33] Log::Print : COMMAND[Verify EFlash] execute successfully, takes 2.0 secs.
[Debug] [2026-3-11 14:48:33] Show Info: Feature Control value is : 0x00028943
[Debug] [2026-3-11 14:48:33] Log::Print : Feature Control value is : 0x00028943
[Debug] [2026-3-11 14:48:33] COMMAND[Program CTL] execute successfully, takes 0.3 secs.
[Debug] [2026-3-11 14:48:33] Log::Print : COMMAND[Program CTL] execute successfully, takes 0.3 secs.
[Debug] [2026-3-11 14:48:35] Begin to assign configuration file...
[Info] [2026-3-11 14:48:42] set OpenLastPath: C:/CPLD/pango/2_Tieta_Feiteng/Tieta_Feiteng_2001_PGC7KD69MBG400/prj/Tieta_S/generate_bitstream/Tieta_Feiteng_2001_top.sbit
[Debug] [2026-3-11 14:48:42] begin to get device info from CFG file...
[Debug] [2026-3-11 14:48:42] end to get device info from CFG file...
[Debug] [2026-3-11 14:48:42] Begin to update graphic item and tree item ...
[Debug] [2026-3-11 14:48:42] End to update graphic item and tree item ...
[Debug] [2026-3-11 14:48:42] End to assign configuration file...
[Debug] [2026-3-11 14:48:44] Send RPC:15
[Debug] [2026-3-11 14:48:44] Begin to send operate embedded FPGA flash data.
[Debug] [2026-3-11 14:48:44] End to send operate embedded FPGA flash data.
[Debug] [2026-3-11 14:48:44] Send cmd [Program EFlash:20021] OK
[Debug] [2026-3-11 14:48:45] The value of Progress is 6
[Debug] [2026-3-11 14:48:47] The value of Progress is 10
[Debug] [2026-3-11 14:48:48] The value of Progress is 15
[Debug] [2026-3-11 14:48:50] The value of Progress is 20
[Debug] [2026-3-11 14:48:52] The value of Progress is 25
[Debug] [2026-3-11 14:48:54] The value of Progress is 30
[Debug] [2026-3-11 14:48:55] The value of Progress is 35
[Debug] [2026-3-11 14:48:57] The value of Progress is 40
[Debug] [2026-3-11 14:48:59] The value of Progress is 45
[Debug] [2026-3-11 14:49:00] The value of Progress is 50
[Debug] [2026-3-11 14:49:01] The value of Progress is 55
[Debug] [2026-3-11 14:49:03] The value of Progress is 60
[Debug] [2026-3-11 14:49:05] The value of Progress is 65
[Debug] [2026-3-11 14:49:06] The value of Progress is 70
[Debug] [2026-3-11 14:49:07] The value of Progress is 75
[Debug] [2026-3-11 14:49:09] The value of Progress is 80
[Debug] [2026-3-11 14:49:10] The value of Progress is 85
[Debug] [2026-3-11 14:49:11] The value of Progress is 90
[Debug] [2026-3-11 14:49:13] The value of Progress is 95
[Debug] [2026-3-11 14:49:15] COMMAND[Program EFlash] execute finish, takes 30.8 secs.
[Debug] [2026-3-11 14:49:15] Send RPC:16
[Debug] [2026-3-11 14:49:15] Begin to send operate embedded FPGA flash data.
[Debug] [2026-3-11 14:49:15] End to send operate embedded FPGA flash data.
[Debug] [2026-3-11 14:49:15] Send cmd [Verify EFlash:20024] OK
[Debug] [2026-3-11 14:49:15] Log::Print : COMMAND[Program EFlash] execute finish, takes 30.8 secs.
[Debug] [2026-3-11 14:49:15] The value of Progress is 6
[Debug] [2026-3-11 14:49:15] The value of Progress is 10
[Debug] [2026-3-11 14:49:15] The value of Progress is 15
[Debug] [2026-3-11 14:49:15] The value of Progress is 20
[Debug] [2026-3-11 14:49:15] The value of Progress is 25
[Debug] [2026-3-11 14:49:15] The value of Progress is 30
[Debug] [2026-3-11 14:49:15] The value of Progress is 35
[Debug] [2026-3-11 14:49:15] The value of Progress is 40
[Debug] [2026-3-11 14:49:16] The value of Progress is 45
[Debug] [2026-3-11 14:49:16] The value of Progress is 50
[Debug] [2026-3-11 14:49:16] The value of Progress is 55
[Debug] [2026-3-11 14:49:16] The value of Progress is 60
[Debug] [2026-3-11 14:49:16] The value of Progress is 65
[Debug] [2026-3-11 14:49:16] The value of Progress is 70
[Debug] [2026-3-11 14:49:16] The value of Progress is 75
[Debug] [2026-3-11 14:49:16] The value of Progress is 80
[Debug] [2026-3-11 14:49:16] The value of Progress is 85
[Debug] [2026-3-11 14:49:16] The value of Progress is 90
[Debug] [2026-3-11 14:49:16] The value of Progress is 95
[Debug] [2026-3-11 14:49:17] COMMAND[Verify EFlash] execute successfully, takes 2.1 secs.
[Debug] [2026-3-11 14:49:17] Send RPC:17
[Debug] [2026-3-11 14:49:17] Send cmd [Program CTL:20015] OK
[Debug] [2026-3-11 14:49:17] Log::Print : COMMAND[Verify EFlash] execute successfully, takes 2.1 secs.
[Debug] [2026-3-11 14:49:17] Show Info: Feature Control value is : 0x00028943
[Debug] [2026-3-11 14:49:17] Log::Print : Feature Control value is : 0x00028943
[Debug] [2026-3-11 14:49:17] COMMAND[Program CTL] execute successfully, takes 0.2 secs.
[Debug] [2026-3-11 14:49:17] Log::Print : COMMAND[Program CTL] execute successfully, takes 0.2 secs.
[Info] [2026-3-11 18:51:58] /***************************End Configration***************************/
[Info] [2026-3-11 20:28:35] /***************************Start Configuration***************************/
[Info] [2026-3-11 20:28:35] Path: C:/studyware/pango/PDS_2024.2-SP1.2-ads/bin
[Info] [2026-3-11 20:28:35] Version: 187561
[Info] [2026-3-11 20:28:36] Current Path: C:/CPLD/pango/2_Tieta_Feiteng/Tieta_Feiteng_1001_PGC7KD69MBG400/prj/Tieta_M
[Info] [2026-3-11 20:28:36] PDS Dir Path: C:/CPLD/pango/2_Tieta_Feiteng/Tieta_Feiteng_1001_PGC7KD69MBG400/prj/Tieta_M
[Info] [2026-3-11 20:28:39] Configuration is not connect with server. connect first then scan chain.
[Debug] [2026-3-11 20:28:39] Client Local host name:z02665mj
[Debug] [2026-3-11 20:28:39] Client Local Address:10.213.107.142
[Debug] [2026-3-11 20:28:39] Server Address:127.0.0.1, Port:65420
[Debug] [2026-3-11 20:28:39] Log::Print : Connecting to server[127.0.0.1 : 65420].
[Info] [2026-3-11 20:28:39] Connect OK, Server: 127.0.0.1  Port: 65420
[Debug] [2026-3-11 20:28:39] Finish.
[Info] [2026-3-11 20:28:39] Connect server succeeded
[Debug] [2026-3-11 20:28:39] Send RPC:1
[Debug] [2026-3-11 20:28:39] Send cmd [check version information:40004] OK
[Debug] [2026-3-11 20:28:39] Log::Print : Connect to server[127.0.0.1 : 65420] successfully.
[Debug] [2026-3-11 20:28:41] Send RPC:2
[Debug] [2026-3-11 20:28:41] Send cmd [get_cable_paras:40010] OK
[Debug] [2026-3-11 20:28:41] Begin to send initialize chain cmd...
[Debug] [2026-3-11 20:28:41] Send RPC:3
[Debug] [2026-3-11 20:28:41] Send cmd [Open config cable:20001] OK
[Debug] [2026-3-11 20:28:41] End to send initialize chain cmd.
[Debug] [2026-3-11 20:28:41] COMMAND[check version information] execute successfully, takes 1.1 secs.
[Debug] [2026-3-11 20:28:41] Log::Print : COMMAND[check version information] execute successfully, takes 1.1 secs.
[Debug] [2026-3-11 20:28:42] Before cable list reserve:1
[Debug] [2026-3-11 20:28:42] After cable list reserve
[Debug] [2026-3-11 20:28:42] COMMAND[get_cable_paras] execute successfully, takes 1.4 secs.
[Debug] [2026-3-11 20:28:42] Log::Print : The cable List : 
Cable index 0:USB Cable II/fffffffffffffffe 

[Debug] [2026-3-11 20:28:42] Log::Print : COMMAND[get_cable_paras] execute successfully, takes 1.4 secs.
[Debug] [2026-3-11 20:28:43] begin the exec of open cable cmd...
[Debug] [2026-3-11 20:28:43] Begin to deal with chain from server...
[Debug] [2026-3-11 20:28:43] Begin to set user chain...
[Debug] [2026-3-11 20:28:43] End to set user chain.
[Debug] [2026-3-11 20:28:43] Begin to update graphic item and tree item ...
[Debug] [2026-3-11 20:28:43] End to update graphic item and tree item ...
[Debug] [2026-3-11 20:28:43] Begin to update graphic item and tree item ...
[Debug] [2026-3-11 20:28:43] End to update graphic item and tree item ...
[Debug] [2026-3-11 20:28:43] End to deal wiht chain from server.
[Debug] [2026-3-11 20:28:43] end the exec of open cable cmd.
[Debug] [2026-3-11 20:28:43] COMMAND[Open config cable] execute successfully, takes 2.6 secs.
[Debug] [2026-3-11 20:28:43] Log::Print : PANGO USB CABLE II cable driver: D2XX DLL
[Debug] [2026-3-11 20:28:43] Log::Print : PGC7KD
[Debug] [2026-3-11 20:28:43] Log::Print : This device configure situation (done bit): 1
[Debug] [2026-3-11 20:28:43] Log::Print : PGC7KD
[Debug] [2026-3-11 20:28:43] Log::Print : This device configure situation (done bit): 1
[Debug] [2026-3-11 20:28:43] Log::Print : COMMAND[Open config cable] execute successfully, takes 2.6 secs.
[Debug] [2026-3-11 20:28:47] Begin to assign configuration file...
[Info] [2026-3-11 20:28:54] set OpenLastPath: C:/CPLD/pango/2_Tieta_Feiteng/Tieta_Feiteng_2001_PGC7KD69MBG400/prj/Tieta_S/generate_bitstream/Tieta_Feiteng_2001_top.sbit
[Debug] [2026-3-11 20:28:54] begin to get device info from CFG file...
[Debug] [2026-3-11 20:28:54] end to get device info from CFG file...
[Debug] [2026-3-11 20:28:54] Begin to update graphic item and tree item ...
[Debug] [2026-3-11 20:28:54] End to update graphic item and tree item ...
[Debug] [2026-3-11 20:28:54] End to assign configuration file...
[Debug] [2026-3-11 20:28:56] Begin to assign configuration file...
[Info] [2026-3-11 20:29:11] set OpenLastPath: C:/CPLD/pango/2_Tieta_Feiteng/Tieta_Feiteng_1001_PGC7KD69MBG400/prj/Tieta_M/generate_bitstream/Tieta_Feiteng_1001_top.sbit
[Debug] [2026-3-11 20:29:11] begin to get device info from CFG file...
[Debug] [2026-3-11 20:29:11] end to get device info from CFG file...
[Debug] [2026-3-11 20:29:11] Begin to update graphic item and tree item ...
[Debug] [2026-3-11 20:29:11] End to update graphic item and tree item ...
[Debug] [2026-3-11 20:29:11] End to assign configuration file...
[Debug] [2026-3-11 20:29:14] Send RPC:4
[Debug] [2026-3-11 20:29:14] Begin to send operate embedded FPGA flash data.
[Debug] [2026-3-11 20:29:14] End to send operate embedded FPGA flash data.
[Debug] [2026-3-11 20:29:14] Send cmd [Program EFlash:20021] OK
[Debug] [2026-3-11 20:29:15] The value of Progress is 6
[Debug] [2026-3-11 20:29:16] The value of Progress is 10
[Debug] [2026-3-11 20:29:17] The value of Progress is 15
[Debug] [2026-3-11 20:29:18] The value of Progress is 20
[Debug] [2026-3-11 20:29:19] The value of Progress is 25
[Debug] [2026-3-11 20:29:20] The value of Progress is 30
[Debug] [2026-3-11 20:29:21] The value of Progress is 35
[Debug] [2026-3-11 20:29:22] The value of Progress is 40
[Debug] [2026-3-11 20:29:23] The value of Progress is 45
[Debug] [2026-3-11 20:29:24] The value of Progress is 50
[Debug] [2026-3-11 20:29:25] The value of Progress is 55
[Debug] [2026-3-11 20:29:26] The value of Progress is 60
[Debug] [2026-3-11 20:29:27] The value of Progress is 65
[Debug] [2026-3-11 20:29:28] The value of Progress is 70
[Debug] [2026-3-11 20:29:29] The value of Progress is 75
[Debug] [2026-3-11 20:29:30] The value of Progress is 80
[Debug] [2026-3-11 20:29:31] The value of Progress is 85
[Debug] [2026-3-11 20:29:32] The value of Progress is 90
[Debug] [2026-3-11 20:29:34] The value of Progress is 95
[Debug] [2026-3-11 20:29:35] COMMAND[Program EFlash] execute finish, takes 20.5 secs.
[Debug] [2026-3-11 20:29:35] Send RPC:5
[Debug] [2026-3-11 20:29:35] Begin to send operate embedded FPGA flash data.
[Debug] [2026-3-11 20:29:35] End to send operate embedded FPGA flash data.
[Debug] [2026-3-11 20:29:35] Send cmd [Verify EFlash:20024] OK
[Debug] [2026-3-11 20:29:35] Log::Print : COMMAND[Program EFlash] execute finish, takes 20.5 secs.
[Debug] [2026-3-11 20:29:35] The value of Progress is 6
[Debug] [2026-3-11 20:29:35] The value of Progress is 10
[Debug] [2026-3-11 20:29:35] The value of Progress is 15
[Debug] [2026-3-11 20:29:35] The value of Progress is 20
[Debug] [2026-3-11 20:29:35] The value of Progress is 25
[Debug] [2026-3-11 20:29:35] The value of Progress is 30
[Debug] [2026-3-11 20:29:35] The value of Progress is 35
[Debug] [2026-3-11 20:29:35] The value of Progress is 40
[Debug] [2026-3-11 20:29:35] The value of Progress is 45
[Debug] [2026-3-11 20:29:36] The value of Progress is 50
[Debug] [2026-3-11 20:29:36] The value of Progress is 55
[Debug] [2026-3-11 20:29:36] The value of Progress is 60
[Debug] [2026-3-11 20:29:36] The value of Progress is 65
[Debug] [2026-3-11 20:29:36] The value of Progress is 70
[Debug] [2026-3-11 20:29:36] The value of Progress is 75
[Debug] [2026-3-11 20:29:36] The value of Progress is 80
[Debug] [2026-3-11 20:29:36] The value of Progress is 85
[Debug] [2026-3-11 20:29:36] The value of Progress is 90
[Debug] [2026-3-11 20:29:36] The value of Progress is 95
[Debug] [2026-3-11 20:29:37] COMMAND[Verify EFlash] execute successfully, takes 2.0 secs.
[Debug] [2026-3-11 20:29:37] Send RPC:6
[Debug] [2026-3-11 20:29:37] Send cmd [Program CTL:20015] OK
[Debug] [2026-3-11 20:29:37] Log::Print : COMMAND[Verify EFlash] execute successfully, takes 2.0 secs.
[Debug] [2026-3-11 20:29:37] Show Info: Feature Control value is : 0x00028943
[Debug] [2026-3-11 20:29:37] Log::Print : Feature Control value is : 0x00028943
[Debug] [2026-3-11 20:29:37] COMMAND[Program CTL] execute successfully, takes 0.3 secs.
[Debug] [2026-3-11 20:29:37] Log::Print : COMMAND[Program CTL] execute successfully, takes 0.3 secs.
[Debug] [2026-3-11 20:29:39] Send RPC:7
[Debug] [2026-3-11 20:29:39] Begin to send operate embedded FPGA flash data.
[Debug] [2026-3-11 20:29:39] End to send operate embedded FPGA flash data.
[Debug] [2026-3-11 20:29:39] Send cmd [Program EFlash:20021] OK
[Debug] [2026-3-11 20:29:41] The value of Progress is 6
[Debug] [2026-3-11 20:29:42] The value of Progress is 10
[Debug] [2026-3-11 20:29:43] The value of Progress is 15
[Debug] [2026-3-11 20:29:44] The value of Progress is 20
[Debug] [2026-3-11 20:29:45] The value of Progress is 25
[Debug] [2026-3-11 20:29:46] The value of Progress is 30
[Debug] [2026-3-11 20:29:48] The value of Progress is 35
[Debug] [2026-3-11 20:29:49] The value of Progress is 40
[Debug] [2026-3-11 20:29:50] The value of Progress is 45
[Debug] [2026-3-11 20:29:51] The value of Progress is 50
[Debug] [2026-3-11 20:29:52] The value of Progress is 55
[Debug] [2026-3-11 20:29:53] The value of Progress is 60
[Debug] [2026-3-11 20:29:55] The value of Progress is 65
[Debug] [2026-3-11 20:29:56] The value of Progress is 70
[Debug] [2026-3-11 20:29:57] The value of Progress is 75
[Debug] [2026-3-11 20:29:58] The value of Progress is 80
[Debug] [2026-3-11 20:29:59] The value of Progress is 85
[Debug] [2026-3-11 20:30:00] The value of Progress is 90
[Debug] [2026-3-11 20:30:02] The value of Progress is 95
[Debug] [2026-3-11 20:30:03] COMMAND[Program EFlash] execute finish, takes 23.1 secs.
[Debug] [2026-3-11 20:30:03] Send RPC:8
[Debug] [2026-3-11 20:30:03] Begin to send operate embedded FPGA flash data.
[Debug] [2026-3-11 20:30:03] End to send operate embedded FPGA flash data.
[Debug] [2026-3-11 20:30:03] Send cmd [Verify EFlash:20024] OK
[Debug] [2026-3-11 20:30:03] Log::Print : COMMAND[Program EFlash] execute finish, takes 23.1 secs.
[Debug] [2026-3-11 20:30:03] The value of Progress is 6
[Debug] [2026-3-11 20:30:03] The value of Progress is 10
[Debug] [2026-3-11 20:30:03] The value of Progress is 15
[Debug] [2026-3-11 20:30:03] The value of Progress is 20
[Debug] [2026-3-11 20:30:03] The value of Progress is 25
[Debug] [2026-3-11 20:30:03] The value of Progress is 30
[Debug] [2026-3-11 20:30:03] The value of Progress is 35
[Debug] [2026-3-11 20:30:03] The value of Progress is 40
[Debug] [2026-3-11 20:30:04] The value of Progress is 45
[Debug] [2026-3-11 20:30:04] The value of Progress is 50
[Debug] [2026-3-11 20:30:04] The value of Progress is 55
[Debug] [2026-3-11 20:30:04] The value of Progress is 60
[Debug] [2026-3-11 20:30:04] The value of Progress is 65
[Debug] [2026-3-11 20:30:04] The value of Progress is 70
[Debug] [2026-3-11 20:30:04] The value of Progress is 75
[Debug] [2026-3-11 20:30:04] The value of Progress is 80
[Debug] [2026-3-11 20:30:04] The value of Progress is 85
[Debug] [2026-3-11 20:30:04] The value of Progress is 90
[Debug] [2026-3-11 20:30:04] The value of Progress is 95
[Debug] [2026-3-11 20:30:05] COMMAND[Verify EFlash] execute successfully, takes 2.0 secs.
[Debug] [2026-3-11 20:30:05] Send RPC:9
[Debug] [2026-3-11 20:30:05] Send cmd [Program CTL:20015] OK
[Debug] [2026-3-11 20:30:05] Log::Print : COMMAND[Verify EFlash] execute successfully, takes 2.0 secs.
[Debug] [2026-3-11 20:30:05] Show Info: Feature Control value is : 0x00028943
[Debug] [2026-3-11 20:30:05] Log::Print : Feature Control value is : 0x00028943
[Debug] [2026-3-11 20:30:05] COMMAND[Program CTL] execute successfully, takes 0.2 secs.
[Debug] [2026-3-11 20:30:05] Log::Print : COMMAND[Program CTL] execute successfully, takes 0.2 secs.
[Info] [2026-3-11 20:45:01] /***************************End Configration***************************/
