#Build: Fabric Compiler 2024.2-SP1.2, Build 187561, May 22 18:16 2025
#Install: C:\studyware\pango\PDS_2024.2-SP1.2-ads\bin
#Application name: pds_shell.exe
#OS: Windows 10 10.0.18363
#Hostname: z02665mj
Generated by Fabric Compiler (version 2024.2-SP1.2 build 187561) at Thu Mar 26 17:34:21 2026
Parameters for debugging are loaded as follows:
Compiling verification operator library.
Compiling common defs.
Compiling prim grid devices.
Compiling place grid timing.
Compiling gate devices.
Compiling gate operators.
Building architecture model.
Loading device packaging model.
Building architecture floorplan logic view.
Elaborate the liberty model.
I: Multithreading enabled for Timing using a maximum of 4 processes.

Routing started.
Build routing arch for double attribute device.
Enter timing driven router mode.
I: Multithreading enabled for route using a maximum of 1 processes.
W: Route-4027: Cannot find permit_rougth_thru_units.json file in working directory.
Building routing graph takes 0.39 sec.
Enable Recovery Analysis in Routing
Init coarse delay table.
Read place coarse delay table takes 0.02 sec.
build place dedicate switch graph takes 0.19 sec
Setup STE netlist take 539 msec.
Slack Weight : 90
CE/RS signal series limit : 500
Dispose control chain take 63 msec.
Collect const net info take 21 msec.
Total nets for routing: 2241.
Total loads for routing: 10443.
Direct connect net size: 1095
Build all design net take 134 msec.
Processing design graph takes 0.76 sec.
Delay table total memory: 4.79386520 MB
Route graph total memory: 10.70288086 MB
Route design total memory: 3.53200912 MB
The remaining process takes 0.04 sec.
Stage: after context initialize | Performance: TNS = 0 ; WNS = 11765 ; THS = NA ; WHS = NA | Time (s): real = 0h:0m:6s ; cpu = 0h:0m:3s ; process = 0h:0m:4s | Memory (MB): curr = 331.433594 ; peak = 350.515625 | Checksum: 103BCBED567D0DA6
Global routing takes 0.00 sec.
Pin Cost Increasing Speed 300
Unrouted clock nets at iteration 0 (0.006 sec): 0
Stage: after clock route | Performance: TNS = 0 ; WNS = 11765 ; THS = NA ; WHS = NA | Time (s): real = 0h:0m:6s ; cpu = 0h:0m:3s ; process = 0h:0m:4s | Memory (MB): curr = 332.652344 ; peak = 350.515625 | Checksum: 7F19B9F9774624AB
Total route nets size: 2236
I: Start printing congestion info.
I: Finish printing congestion info.
Pre route takes 0.613 sec
Stage: after pre route | Performance: TNS = 0 ; WNS = 12047 ; THS = 0 ; WHS = 257 | Time (s): real = 0h:0m:6s ; cpu = 0h:0m:3s ; process = 0h:0m:5s | Memory (MB): curr = 380.488281 ; peak = 385.218750 | Checksum: 4E176F4FCEC982B5
Unrouted general nets at iteration 2 (MT total route time: 0.355 sec): 1826(overused: 10102)
Unrouted general nets at iteration 3 (MT total route time: 0.292 sec): 1587(overused: 6411)
Unrouted general nets at iteration 4 (MT total route time: 0.229 sec): 1391(overused: 4990)
Unrouted general nets at iteration 5 (MT total route time: 0.176 sec): 1280(overused: 4132)
Unrouted general nets at iteration 6 (MT total route time: 0.156 sec): 1175(overused: 3553)
Unrouted general nets at iteration 7 (MT total route time: 0.124 sec): 753(overused: 2558)
Unrouted general nets at iteration 8 (MT total route time: 0.105 sec): 589(overused: 1656)
Unrouted general nets at iteration 9 (MT total route time: 0.086 sec): 453(overused: 1226)
Unrouted general nets at iteration 10 (MT total route time: 0.071 sec): 384(overused: 965)
Unrouted general nets at iteration 11 (MT total route time: 0.055 sec): 322(overused: 751)
Unrouted general nets at iteration 12 (MT total route time: 0.044 sec): 253(overused: 593)
Unrouted general nets at iteration 13 (MT total route time: 0.039 sec): 210(overused: 483)
Unrouted general nets at iteration 14 (MT total route time: 0.034 sec): 171(overused: 358)
Unrouted general nets at iteration 15 (MT total route time: 0.031 sec): 160(overused: 320)
Unrouted general nets at iteration 16 (MT total route time: 0.023 sec): 128(overused: 232)
Unrouted general nets at iteration 17 (MT total route time: 0.022 sec): 122(overused: 325)
Unrouted general nets at iteration 18 (MT total route time: 0.027 sec): 125(overused: 304)
Unrouted general nets at iteration 19 (MT total route time: 0.026 sec): 104(overused: 220)
Unrouted general nets at iteration 20 (MT total route time: 0.017 sec): 79(overused: 168)
Unrouted general nets at iteration 21 (MT total route time: 0.017 sec): 64(overused: 122)
Unrouted general nets at iteration 22 (MT total route time: 0.017 sec): 50(overused: 100)
Unrouted general nets at iteration 23 (MT total route time: 0.018 sec): 40(overused: 62)
Unrouted general nets at iteration 24 (MT total route time: 0.009 sec): 42(overused: 68)
Unrouted general nets at iteration 25 (MT total route time: 0.010 sec): 47(overused: 72)
Unrouted general nets at iteration 26 (MT total route time: 0.013 sec): 43(overused: 66)
Unrouted general nets at iteration 27 (MT total route time: 0.012 sec): 41(overused: 74)
Unrouted general nets at iteration 28 (MT total route time: 0.011 sec): 38(overused: 64)
Unrouted general nets at iteration 29 (MT total route time: 0.013 sec): 29(overused: 42)
Unrouted general nets at iteration 30 (MT total route time: 0.010 sec): 19(overused: 26)
Unrouted general nets at iteration 31 (MT total route time: 0.006 sec): 13(overused: 18)
Unrouted general nets at iteration 32 (MT total route time: 0.007 sec): 10(overused: 10)
Unrouted general nets at iteration 33 (MT total route time: 0.005 sec): 8(overused: 8)
Unrouted general nets at iteration 34 (MT total route time: 0.005 sec): 8(overused: 10)
Unrouted general nets at iteration 35 (MT total route time: 0.006 sec): 9(overused: 12)
Unrouted general nets at iteration 36 (MT total route time: 0.006 sec): 6(overused: 14)
Unrouted general nets at iteration 37 (MT total route time: 0.005 sec): 6(overused: 16)
Unrouted general nets at iteration 38 (MT total route time: 0.006 sec): 2(overused: 4)
Unrouted general nets at iteration 39 (MT total route time: 0.005 sec): 2(overused: 4)
Unrouted general nets at iteration 40 (MT total route time: 0.005 sec): 2(overused: 4)
Unrouted general nets at iteration 41 (MT total route time: 0.006 sec): 2(overused: 4)
Unrouted general nets at iteration 42 (MT total route time: 0.006 sec): 0(overused: 0)
----General net take 0.004 sec(route net take 0.000 sec, inc cost take 0.001 sec, iter times: 1)
----const net route take 0.007 sec
Unrouted nets at iteration 43 (0.012 sec): 0
Stage: after detail route | Performance: TNS = 0 ; WNS = 10869 ; THS = NA ; WHS = NA | Time (s): real = 0h:0m:9s ; cpu = 0h:0m:4s ; process = 0h:0m:8s | Memory (MB): curr = 389.089844 ; peak = 389.093750 | Checksum: D983C9F878756476
Begin rip-up and reroute:
Rip-up and reroute takes 0.10 sec.
Stage: after ripup & reroute | Performance: TNS = 0 ; WNS = 10865 ; THS = NA ; WHS = NA | Time (s): real = 0h:0m:9s ; cpu = 0h:0m:4s ; process = 0h:0m:8s | Memory (MB): curr = 392.464844 ; peak = 392.519531 | Checksum: 9E4E52F1586F44C7
Detailed routing takes 3.42 sec.
I: Design net nt_i_CLK_C42_IN_25M is routed by general path.
C: Route-2036: The clock path from i_CLK_C42_IN_25M_ibuf/opit_1:OUT to pll_inst/u_pll_e2/goppllinmuxd:CLK_IN[0] is routed by SRB.
Sort Original Nets take 0.001 sec
Check HPIO div result take 0.000 sec
Total net: 2241, route succeed net: 2241
Generate routing result take 0.008 sec
Handle PERMUX permutation take 0.143 sec
Handle const net take 0.010 sec
Handle route through take 0.045 sec
Used SRB routing arc is 17937.
Stage: after finish route | Performance: TNS = 0 ; WNS = 10865 ; THS = NA ; WHS = NA | Time (s): real = 0h:0m:9s ; cpu = 0h:0m:4s ; process = 0h:0m:8s | Memory (MB): curr = 374.488281 ; peak = 392.519531 | Checksum: DFD9F42546F4B4D
Finish routing takes 0.34 sec.
Total routing takes 5.30 sec.


Device Utilization Summary :
+----------------------------------------------------------------------------+
| Device Type                      | Used     | Available     | Util(%)     
+----------------------------------------------------------------------------+
| CLMA                             | 292      | 592           | 50          
| + FF                             | 591      | 3552          | 17          
| + LUT                            | 749      | 2368          | 32          
|   + LUT as Logic                 | 602      |               |             
|   + LUT as Const                 | 139      |               |             
|   + LUT as Bypass                | 8        |               |             
| CLMS                             | 372      | 888           | 42          
| + FF                             | 928      | 5328          | 18          
| + LUT                            | 987      | 3552          | 28          
|   + LUT as Logic                 | 906      |               |             
|   + LUT as Memory                | 0        |               |             
|     + LUT as Distributed RAM     | 0        |               |             
|   + LUT as Const                 | 71       |               |             
|   + LUT as Bypass                | 10       |               |             
| IO                               | 287      | 336           | 86          
| + IOBD                           | 19       | 21            | 91          
| + IOBR                           | 37       | 42            | 89          
| + IOBS                           | 231      | 273           | 85          
| BKCL                             | 6        | 6             | 100         
| CCS                              | 1        | 1             | 100         
| CLKDIV                           | 0        | 4             | 0           
| CLKDLY                           | 0        | 8             | 0           
| DLL                              | 0        | 2             | 0           
| DRM                              | 0        | 26            | 0           
| HARD0N1                          | 75       | 936           | 9           
| IOCKBRG                          | 0        | 2             | 0           
| IOCKGATE                         | 0        | 4             | 0           
| + IOCKGATE as Bypass             | 0        |               |             
| IOLDLYS                          | 132      | 252           | 53          
| IOLDLY                           | 43       | 84            | 52          
| IOL                              | 287      | 336           | 86          
| ISERDES                          | 0        | 21            | 0           
| LDO                              | 0        | 2             | 0           
| OSC                              | 0        | 1             | 0           
| OSERDES                          | 0        | 21            | 0           
| PLLINMUXD                        | 1        | 2             | 50          
| + PLLINMUXD as Bypass            | 0        |               |             
| PLL                              | 1        | 2             | 50          
| USCMDC                           | 1        | 8             | 13          
| + USCMDC as Bypass               | 0        |               |             
| USCMD                            | 0        | 2             | 0           
| + USCMD as Bypass                | 0        |               |             
| USSMBUF                          | 0        | 8             | 0           
| + USSMBUF as Bypass              | 0        |               |             
+----------------------------------------------------------------------------+

Finished routing. (CPU time elapsed 0h:00m:07s)
Design 'Tieta_Feiteng_2001_top' has been routed successfully.
Saving design to DB.
Action route: Export DB successfully.
Action route: Real time elapsed is 0h:0m:11s
Action route: CPU time elapsed is 0h:0m:8s
Action route: Process CPU time elapsed is 0h:0m:10s
Action route: Peak memory pool usage is 392 MB

Current time: Thu Mar 26 17:34:30 2026
