#Build: Fabric Compiler 2024.2-SP1.2, Build 187561, May 22 18:16 2025
#Install: C:\studyware\pango\PDS_2024.2-SP1.2-ads\bin
#Application name: pds_shell.exe
#OS: Windows 10 10.0.18363
#Hostname: z02665mj
Generated by Fabric Compiler (version 2024.2-SP1.2 build 187561) at Mon Mar  2 22:26:03 2026
Parameters for debugging are loaded as follows:
Compiling verification operator library.
Compiling common defs.
Compiling prim grid devices.
Compiling place grid timing.
Compiling gate devices.
Compiling gate operators.
Building architecture model.
Loading device packaging model.
Building architecture floorplan logic view.
Elaborate the liberty model.
I: Multithreading enabled for Timing using a maximum of 4 processes.

Routing started.
Build routing arch for double attribute device.
Enter timing driven router mode.
I: Multithreading enabled for route using a maximum of 1 processes.
W: Route-4027: Cannot find permit_rougth_thru_units.json file in working directory.
Building routing graph takes 0.30 sec.
Enable Recovery Analysis in Routing
Init coarse delay table.
Read place coarse delay table takes 0.03 sec.
build place dedicate switch graph takes 0.11 sec
Setup STE netlist take 477 msec.
Slack Weight : 90
CE/RS signal series limit : 500
Dispose control chain take 65 msec.
Collect const net info take 22 msec.
Total nets for routing: 2480.
Total loads for routing: 11633.
Direct connect net size: 1167
Build all design net take 146 msec.
Processing design graph takes 0.71 sec.
Delay table total memory: 4.79386520 MB
Route graph total memory: 10.84065247 MB
Route design total memory: 3.92647934 MB
The remaining process takes 0.04 sec.
Stage: after context initialize | Performance: TNS = 0 ; WNS = 9424 ; THS = NA ; WHS = NA | Time (s): real = 0h:0m:5s ; cpu = 0h:0m:3s ; process = 0h:0m:4s | Memory (MB): curr = 345.941406 ; peak = 366.222656 | Checksum: AAF30D1E55F8A6BB
Global routing takes 0.00 sec.
Pin Cost Increasing Speed 300
Unrouted clock nets at iteration 0 (0.007 sec): 0
Stage: after clock route | Performance: TNS = 0 ; WNS = 9424 ; THS = NA ; WHS = NA | Time (s): real = 0h:0m:5s ; cpu = 0h:0m:3s ; process = 0h:0m:4s | Memory (MB): curr = 347.222656 ; peak = 366.222656 | Checksum: 5854B25123CEAA92
Total route nets size: 2472
I: Start printing congestion info.
I: Finish printing congestion info.
Pre route takes 0.693 sec
Stage: after pre route | Performance: TNS = 0 ; WNS = 9817 ; THS = 0 ; WHS = 256 | Time (s): real = 0h:0m:6s ; cpu = 0h:0m:3s ; process = 0h:0m:5s | Memory (MB): curr = 400.359375 ; peak = 404.695313 | Checksum: 6594553495A0680B
Unrouted general nets at iteration 2 (MT total route time: 0.410 sec): 2095(overused: 11636)
Unrouted general nets at iteration 3 (MT total route time: 0.326 sec): 1794(overused: 7317)
Unrouted general nets at iteration 4 (MT total route time: 0.290 sec): 1579(overused: 5753)
Unrouted general nets at iteration 5 (MT total route time: 0.205 sec): 1396(overused: 4562)
Unrouted general nets at iteration 6 (MT total route time: 0.173 sec): 1257(overused: 3896)
Unrouted general nets at iteration 7 (MT total route time: 0.132 sec): 962(overused: 2887)
Unrouted general nets at iteration 8 (MT total route time: 0.159 sec): 739(overused: 2002)
Unrouted general nets at iteration 9 (MT total route time: 0.092 sec): 575(overused: 1554)
Unrouted general nets at iteration 10 (MT total route time: 0.093 sec): 487(overused: 1238)
Unrouted general nets at iteration 11 (MT total route time: 0.076 sec): 381(overused: 974)
Unrouted general nets at iteration 12 (MT total route time: 0.073 sec): 350(overused: 870)
Unrouted general nets at iteration 13 (MT total route time: 0.067 sec): 311(overused: 767)
Unrouted general nets at iteration 14 (MT total route time: 0.053 sec): 270(overused: 628)
Unrouted general nets at iteration 15 (MT total route time: 0.051 sec): 238(overused: 650)
Unrouted general nets at iteration 16 (MT total route time: 0.042 sec): 237(overused: 602)
Unrouted general nets at iteration 17 (MT total route time: 0.048 sec): 201(overused: 513)
Unrouted general nets at iteration 18 (MT total route time: 0.037 sec): 165(overused: 366)
Unrouted general nets at iteration 19 (MT total route time: 0.030 sec): 144(overused: 321)
Unrouted general nets at iteration 20 (MT total route time: 0.029 sec): 124(overused: 266)
Unrouted general nets at iteration 21 (MT total route time: 0.024 sec): 108(overused: 208)
Unrouted general nets at iteration 22 (MT total route time: 0.020 sec): 86(overused: 164)
Unrouted general nets at iteration 23 (MT total route time: 0.017 sec): 79(overused: 150)
Unrouted general nets at iteration 24 (MT total route time: 0.015 sec): 70(overused: 144)
Unrouted general nets at iteration 25 (MT total route time: 0.019 sec): 81(overused: 158)
Unrouted general nets at iteration 26 (MT total route time: 0.018 sec): 73(overused: 136)
Unrouted general nets at iteration 27 (MT total route time: 0.029 sec): 93(overused: 200)
Unrouted general nets at iteration 28 (MT total route time: 0.016 sec): 54(overused: 115)
Unrouted general nets at iteration 29 (MT total route time: 0.011 sec): 47(overused: 80)
Unrouted general nets at iteration 30 (MT total route time: 0.022 sec): 52(overused: 96)
Unrouted general nets at iteration 31 (MT total route time: 0.015 sec): 38(overused: 64)
Unrouted general nets at iteration 32 (MT total route time: 0.013 sec): 31(overused: 50)
Unrouted general nets at iteration 33 (MT total route time: 0.015 sec): 25(overused: 53)
Unrouted general nets at iteration 34 (MT total route time: 0.013 sec): 33(overused: 60)
Unrouted general nets at iteration 35 (MT total route time: 0.009 sec): 23(overused: 40)
Unrouted general nets at iteration 36 (MT total route time: 0.010 sec): 20(overused: 32)
Unrouted general nets at iteration 37 (MT total route time: 0.010 sec): 17(overused: 26)
Unrouted general nets at iteration 38 (MT total route time: 0.010 sec): 17(overused: 28)
Unrouted general nets at iteration 39 (MT total route time: 0.008 sec): 16(overused: 26)
Unrouted general nets at iteration 40 (MT total route time: 0.007 sec): 13(overused: 24)
Unrouted general nets at iteration 41 (MT total route time: 0.009 sec): 6(overused: 8)
Unrouted general nets at iteration 42 (MT total route time: 0.007 sec): 2(overused: 2)
Unrouted general nets at iteration 43 (MT total route time: 0.006 sec): 0(overused: 0)
----General net take 0.007 sec(route net take 0.000 sec, inc cost take 0.003 sec, iter times: 1)
----const net route take 0.009 sec
Unrouted nets at iteration 44 (0.017 sec): 0
Stage: after detail route | Performance: TNS = 0 ; WNS = 8631 ; THS = NA ; WHS = NA | Time (s): real = 0h:0m:9s ; cpu = 0h:0m:4s ; process = 0h:0m:8s | Memory (MB): curr = 408.675781 ; peak = 408.679688 | Checksum: C9BBF3F499BA40BF
Begin rip-up and reroute:
Rip-up and reroute takes 0.10 sec.
Stage: after ripup & reroute | Performance: TNS = 0 ; WNS = 8631 ; THS = NA ; WHS = NA | Time (s): real = 0h:0m:9s ; cpu = 0h:0m:4s ; process = 0h:0m:9s | Memory (MB): curr = 412.652344 ; peak = 412.707031 | Checksum: EF85EDD83294CADF
Detailed routing takes 4.09 sec.
I: Design net genblk1[0].fan_pwm_tach_m/w_clk_1s_pos is routed by general path.
C: Route-2036: The clock path from genblk1[0].fan_pwm_tach_m/Edge_Detect_u1/N0/gateop:Z to clkbufgs_6:CLKIN is routed by SRB.
I: Design net nt_i_CLK_PAL_IN_25M is routed by general path.
C: Route-2036: The clock path from i_CLK_PAL_IN_25M_ibuf/opit_1:OUT to pll_inst/u_pll_e2/goppllinmuxd:CLK_IN[0] is routed by SRB.
Sort Original Nets take 0.002 sec
Check HPIO div result take 0.000 sec
Total net: 2480, route succeed net: 2480
Generate routing result take 0.006 sec
Handle PERMUX permutation take 0.112 sec
Handle const net take 0.012 sec
Handle route through take 0.033 sec
Used SRB routing arc is 19821.
Stage: after finish route | Performance: TNS = 0 ; WNS = 8631 ; THS = NA ; WHS = NA | Time (s): real = 0h:0m:9s ; cpu = 0h:0m:4s ; process = 0h:0m:9s | Memory (MB): curr = 395.542969 ; peak = 412.707031 | Checksum: CFBB9AA493BB5C1A
Finish routing takes 0.23 sec.
Total routing takes 5.46 sec.


Device Utilization Summary :
+----------------------------------------------------------------------------+
| Device Type                      | Used     | Available     | Util(%)     
+----------------------------------------------------------------------------+
| CLMA                             | 318      | 592           | 54          
| + FF                             | 616      | 3552          | 18          
| + LUT                            | 934      | 2368          | 40          
|   + LUT as Logic                 | 752      |               |             
|   + LUT as Const                 | 170      |               |             
|   + LUT as Bypass                | 12       |               |             
| CLMS                             | 436      | 888           | 50          
| + FF                             | 985      | 5328          | 19          
| + LUT                            | 1213     | 3552          | 35          
|   + LUT as Logic                 | 1076     |               |             
|   + LUT as Memory                | 0        |               |             
|     + LUT as Distributed RAM     | 0        |               |             
|   + LUT as Const                 | 113      |               |             
|   + LUT as Bypass                | 24       |               |             
| IO                               | 308      | 336           | 92          
| + IOBD                           | 21       | 21            | 100         
| + IOBR                           | 40       | 42            | 96          
| + IOBS                           | 247      | 273           | 91          
| BKCL                             | 6        | 6             | 100         
| CCS                              | 1        | 1             | 100         
| CLKDIV                           | 0        | 4             | 0           
| CLKDLY                           | 0        | 8             | 0           
| DLL                              | 0        | 2             | 0           
| DRM                              | 0        | 26            | 0           
| HARD0N1                          | 135      | 936           | 15          
| IOCKBRG                          | 0        | 2             | 0           
| IOCKGATE                         | 0        | 4             | 0           
| + IOCKGATE as Bypass             | 0        |               |             
| IOLDLYS                          | 138      | 252           | 55          
| IOLDLY                           | 41       | 84            | 49          
| IOL                              | 308      | 336           | 92          
| ISERDES                          | 0        | 21            | 0           
| LDO                              | 0        | 2             | 0           
| OSC                              | 0        | 1             | 0           
| OSERDES                          | 0        | 21            | 0           
| PLLINMUXD                        | 1        | 2             | 50          
| + PLLINMUXD as Bypass            | 0        |               |             
| PLL                              | 1        | 2             | 50          
| USCMDC                           | 2        | 8             | 25          
| + USCMDC as Bypass               | 0        |               |             
| USCMD                            | 0        | 2             | 0           
| + USCMD as Bypass                | 0        |               |             
| USSMBUF                          | 1        | 8             | 13          
| + USSMBUF as Bypass              | 0        |               |             
+----------------------------------------------------------------------------+

Finished routing. (CPU time elapsed 0h:00m:08s)
Design 'Tieta_Feiteng_1001_top' has been routed successfully.
Saving design to DB.
Action route: Export DB successfully.
Action route: Real time elapsed is 0h:0m:10s
Action route: CPU time elapsed is 0h:0m:8s
Action route: Process CPU time elapsed is 0h:0m:10s
Action route: Peak memory pool usage is 412 MB

Current time: Mon Mar  2 22:26:11 2026
