#Build: Fabric Compiler 2024.2-SP1.2, Build 187561, May 22 18:16 2025
#Install: C:\studyware\pango\PDS_2024.2-SP1.2-ads\bin
#Application name: pds_shell.exe
#OS: Windows 10 10.0.18363
#Hostname: z02665mj
Generated by Fabric Compiler (version 2024.2-SP1.2 build 187561) at Sat Mar  7 10:20:26 2026
Parameters for debugging are loaded as follows:
Compiling verification operator library.
Compiling common defs.
Compiling prim grid devices.
Compiling place grid timing.
Compiling gate devices.
Compiling gate operators.
Building architecture model.
Loading device packaging model.
Building architecture floorplan logic view.
Elaborate the liberty model.
I: Multithreading enabled for Timing using a maximum of 4 processes.

Routing started.
Build routing arch for double attribute device.
Enter timing driven router mode.
I: Multithreading enabled for route using a maximum of 1 processes.
W: Route-4027: Cannot find permit_rougth_thru_units.json file in working directory.
Building routing graph takes 0.33 sec.
Enable Recovery Analysis in Routing
Init coarse delay table.
Read place coarse delay table takes 0.06 sec.
build place dedicate switch graph takes 0.23 sec
Setup STE netlist take 623 msec.
Slack Weight : 90
CE/RS signal series limit : 500
Dispose control chain take 91 msec.
Collect const net info take 31 msec.
Total nets for routing: 2586.
Total loads for routing: 12197.
Direct connect net size: 1172
Build all design net take 202 msec.
Processing design graph takes 0.95 sec.
Delay table total memory: 4.79386520 MB
Route graph total memory: 10.91046143 MB
Route design total memory: 3.95632553 MB
The remaining process takes 0.08 sec.
Stage: after context initialize | Performance: TNS = 0 ; WNS = 8570 ; THS = NA ; WHS = NA | Time (s): real = 0h:0m:6s ; cpu = 0h:0m:4s ; process = 0h:0m:5s | Memory (MB): curr = 345.859375 ; peak = 369.308594 | Checksum: CB59D66E6658A975
Global routing takes 0.00 sec.
Pin Cost Increasing Speed 300
Unrouted clock nets at iteration 0 (0.010 sec): 0
Stage: after clock route | Performance: TNS = 0 ; WNS = 8570 ; THS = NA ; WHS = NA | Time (s): real = 0h:0m:6s ; cpu = 0h:0m:4s ; process = 0h:0m:5s | Memory (MB): curr = 346.843750 ; peak = 369.308594 | Checksum: A6994AA215C7B296
Total route nets size: 2578
I: Start printing congestion info.
I: Finish printing congestion info.
Pre route takes 1.017 sec
Stage: after pre route | Performance: TNS = 0 ; WNS = 10286 ; THS = 0 ; WHS = 258 | Time (s): real = 0h:0m:7s ; cpu = 0h:0m:4s ; process = 0h:0m:6s | Memory (MB): curr = 402.171875 ; peak = 407.089844 | Checksum: 97459C41E4D3F7BA
Unrouted general nets at iteration 2 (MT total route time: 0.607 sec): 2221(overused: 12314)
Unrouted general nets at iteration 3 (MT total route time: 0.404 sec): 1870(overused: 7705)
Unrouted general nets at iteration 4 (MT total route time: 0.383 sec): 1644(overused: 5947)
Unrouted general nets at iteration 5 (MT total route time: 0.373 sec): 1411(overused: 4628)
Unrouted general nets at iteration 6 (MT total route time: 0.376 sec): 1241(overused: 3771)
Unrouted general nets at iteration 7 (MT total route time: 0.182 sec): 928(overused: 2812)
Unrouted general nets at iteration 8 (MT total route time: 0.157 sec): 690(overused: 1894)
Unrouted general nets at iteration 9 (MT total route time: 0.119 sec): 556(overused: 1520)
Unrouted general nets at iteration 10 (MT total route time: 0.125 sec): 486(overused: 1304)
Unrouted general nets at iteration 11 (MT total route time: 0.103 sec): 409(overused: 983)
Unrouted general nets at iteration 12 (MT total route time: 0.081 sec): 331(overused: 773)
Unrouted general nets at iteration 13 (MT total route time: 0.087 sec): 296(overused: 661)
Unrouted general nets at iteration 14 (MT total route time: 0.072 sec): 226(overused: 568)
Unrouted general nets at iteration 15 (MT total route time: 0.052 sec): 226(overused: 446)
Unrouted general nets at iteration 16 (MT total route time: 0.052 sec): 172(overused: 366)
Unrouted general nets at iteration 17 (MT total route time: 0.037 sec): 144(overused: 260)
Unrouted general nets at iteration 18 (MT total route time: 0.026 sec): 122(overused: 239)
Unrouted general nets at iteration 19 (MT total route time: 0.028 sec): 95(overused: 202)
Unrouted general nets at iteration 20 (MT total route time: 0.034 sec): 88(overused: 221)
Unrouted general nets at iteration 21 (MT total route time: 0.032 sec): 70(overused: 144)
Unrouted general nets at iteration 22 (MT total route time: 0.035 sec): 72(overused: 158)
Unrouted general nets at iteration 23 (MT total route time: 0.022 sec): 54(overused: 120)
Unrouted general nets at iteration 24 (MT total route time: 0.021 sec): 45(overused: 98)
Unrouted general nets at iteration 25 (MT total route time: 0.018 sec): 44(overused: 90)
Unrouted general nets at iteration 26 (MT total route time: 0.018 sec): 33(overused: 56)
Unrouted general nets at iteration 27 (MT total route time: 0.015 sec): 24(overused: 38)
Unrouted general nets at iteration 28 (MT total route time: 0.034 sec): 24(overused: 48)
Unrouted general nets at iteration 29 (MT total route time: 0.017 sec): 25(overused: 46)
Unrouted general nets at iteration 30 (MT total route time: 0.029 sec): 25(overused: 40)
Unrouted general nets at iteration 31 (MT total route time: 0.013 sec): 19(overused: 30)
Unrouted general nets at iteration 32 (MT total route time: 0.013 sec): 14(overused: 24)
Unrouted general nets at iteration 33 (MT total route time: 0.011 sec): 9(overused: 14)
Unrouted general nets at iteration 34 (MT total route time: 0.012 sec): 8(overused: 12)
Unrouted general nets at iteration 35 (MT total route time: 0.014 sec): 6(overused: 10)
Unrouted general nets at iteration 36 (MT total route time: 0.010 sec): 6(overused: 12)
Unrouted general nets at iteration 37 (MT total route time: 0.023 sec): 4(overused: 6)
Unrouted general nets at iteration 38 (MT total route time: 0.013 sec): 5(overused: 8)
Unrouted general nets at iteration 39 (MT total route time: 0.012 sec): 4(overused: 4)
Unrouted general nets at iteration 40 (MT total route time: 0.018 sec): 2(overused: 2)
Unrouted general nets at iteration 41 (MT total route time: 0.016 sec): 4(overused: 6)
Unrouted general nets at iteration 42 (MT total route time: 0.012 sec): 5(overused: 10)
Unrouted general nets at iteration 43 (MT total route time: 0.010 sec): 5(overused: 12)
Unrouted general nets at iteration 44 (MT total route time: 0.010 sec): 2(overused: 4)
Unrouted general nets at iteration 45 (MT total route time: 0.011 sec): 2(overused: 2)
Unrouted general nets at iteration 46 (MT total route time: 0.008 sec): 2(overused: 4)
Unrouted general nets at iteration 47 (MT total route time: 0.010 sec): 3(overused: 4)
Unrouted general nets at iteration 48 (MT total route time: 0.010 sec): 4(overused: 6)
Unrouted general nets at iteration 49 (MT total route time: 0.008 sec): 2(overused: 4)
Unrouted general nets at iteration 50 (MT total route time: 0.010 sec): 0(overused: 0)
----General net take 0.009 sec(route net take 0.000 sec, inc cost take 0.004 sec, iter times: 1)
----const net route take 0.009 sec
Unrouted nets at iteration 51 (0.020 sec): 0
Stage: after detail route | Performance: TNS = 0 ; WNS = 8893 ; THS = NA ; WHS = NA | Time (s): real = 0h:0m:12s ; cpu = 0h:0m:4s ; process = 0h:0m:10s | Memory (MB): curr = 409.531250 ; peak = 409.703125 | Checksum: C8218A404FD73068
Begin rip-up and reroute:
Rip-up and reroute takes 0.14 sec.
Stage: after ripup & reroute | Performance: TNS = 0 ; WNS = 8894 ; THS = NA ; WHS = NA | Time (s): real = 0h:0m:12s ; cpu = 0h:0m:5s ; process = 0h:0m:10s | Memory (MB): curr = 414.832031 ; peak = 414.890625 | Checksum: CF1AAFC64871B368
Detailed routing takes 5.68 sec.
I: Design net genblk1[0].fan_pwm_tach_m/w_clk_1s_pos is routed by general path.
C: Route-2036: The clock path from genblk1[0].fan_pwm_tach_m/Edge_Detect_u1/N0/gateop:Z to clkbufgs_6:CLKIN is routed by SRB.
I: Design net nt_i_CLK_PAL_IN_25M is routed by general path.
C: Route-2036: The clock path from i_CLK_PAL_IN_25M_ibuf/opit_1:OUT to pll_inst/u_pll_e2/goppllinmuxd:CLK_IN[0] is routed by SRB.
Sort Original Nets take 0.003 sec
Check HPIO div result take 0.000 sec
Total net: 2586, route succeed net: 2586
Generate routing result take 0.015 sec
Handle PERMUX permutation take 0.161 sec
Handle const net take 0.011 sec
Handle route through take 0.037 sec
Used SRB routing arc is 20637.
Stage: after finish route | Performance: TNS = 0 ; WNS = 8894 ; THS = NA ; WHS = NA | Time (s): real = 0h:0m:12s ; cpu = 0h:0m:5s ; process = 0h:0m:11s | Memory (MB): curr = 392.675781 ; peak = 414.890625 | Checksum: 157A127769193B59
Finish routing takes 0.31 sec.
Total routing takes 7.48 sec.


Device Utilization Summary :
+----------------------------------------------------------------------------+
| Device Type                      | Used     | Available     | Util(%)     
+----------------------------------------------------------------------------+
| CLMA                             | 339      | 592           | 58          
| + FF                             | 691      | 3552          | 20          
| + LUT                            | 944      | 2368          | 40          
|   + LUT as Logic                 | 765      |               |             
|   + LUT as Const                 | 167      |               |             
|   + LUT as Bypass                | 12       |               |             
| CLMS                             | 465      | 888           | 53          
| + FF                             | 983      | 5328          | 19          
| + LUT                            | 1311     | 3552          | 37          
|   + LUT as Logic                 | 1152     |               |             
|   + LUT as Memory                | 0        |               |             
|     + LUT as Distributed RAM     | 0        |               |             
|   + LUT as Const                 | 133      |               |             
|   + LUT as Bypass                | 26       |               |             
| IO                               | 308      | 336           | 92          
| + IOBD                           | 21       | 21            | 100         
| + IOBR                           | 40       | 42            | 96          
| + IOBS                           | 247      | 273           | 91          
| BKCL                             | 6        | 6             | 100         
| CCS                              | 1        | 1             | 100         
| CLKDIV                           | 0        | 4             | 0           
| CLKDLY                           | 0        | 8             | 0           
| DLL                              | 0        | 2             | 0           
| DRM                              | 0        | 26            | 0           
| HARD0N1                          | 149      | 936           | 16          
| IOCKBRG                          | 0        | 2             | 0           
| IOCKGATE                         | 0        | 4             | 0           
| + IOCKGATE as Bypass             | 0        |               |             
| IOLDLYS                          | 138      | 252           | 55          
| IOLDLY                           | 57       | 84            | 68          
| IOL                              | 308      | 336           | 92          
| ISERDES                          | 0        | 21            | 0           
| LDO                              | 0        | 2             | 0           
| OSC                              | 0        | 1             | 0           
| OSERDES                          | 0        | 21            | 0           
| PLLINMUXD                        | 1        | 2             | 50          
| + PLLINMUXD as Bypass            | 0        |               |             
| PLL                              | 1        | 2             | 50          
| USCMDC                           | 2        | 8             | 25          
| + USCMDC as Bypass               | 0        |               |             
| USCMD                            | 0        | 2             | 0           
| + USCMD as Bypass                | 0        |               |             
| USSMBUF                          | 1        | 8             | 13          
| + USSMBUF as Bypass              | 0        |               |             
+----------------------------------------------------------------------------+

Finished routing. (CPU time elapsed 0h:00m:09s)
Design 'Tieta_Feiteng_1001_top' has been routed successfully.
Saving design to DB.
Action route: Export DB successfully.
Action route: Real time elapsed is 0h:0m:13s
Action route: CPU time elapsed is 0h:0m:10s
Action route: Process CPU time elapsed is 0h:0m:12s
Action route: Peak memory pool usage is 414 MB

Current time: Sat Mar  7 10:20:37 2026
