#Build: Fabric Compiler 2024.2-SP1.2, Build 187561, May 22 18:16 2025
#Install: C:\studyware\pango\PDS_2024.2-SP1.2-ads\bin
#Application name: pds_shell.exe
#OS: Windows 10 10.0.18363
#Hostname: z02665mj
Generated by Fabric Compiler (version 2024.2-SP1.2 build 187561) at Wed Mar  4 18:00:07 2026
Parameters for debugging are loaded as follows:
Compiling verification operator library.
Compiling common defs.
Compiling prim grid devices.
Compiling place grid timing.
Compiling gate devices.
Compiling gate operators.
Building architecture model.
Loading device packaging model.
Building architecture floorplan logic view.
Elaborate the liberty model.
I: Multithreading enabled for Timing using a maximum of 4 processes.

Routing started.
Build routing arch for double attribute device.
Enter timing driven router mode.
I: Multithreading enabled for route using a maximum of 1 processes.
W: Route-4027: Cannot find permit_rougth_thru_units.json file in working directory.
Building routing graph takes 0.33 sec.
Enable Recovery Analysis in Routing
Init coarse delay table.
Read place coarse delay table takes 0.05 sec.
build place dedicate switch graph takes 0.23 sec
Setup STE netlist take 513 msec.
Slack Weight : 90
CE/RS signal series limit : 500
Dispose control chain take 65 msec.
Collect const net info take 19 msec.
Total nets for routing: 1828.
Total loads for routing: 8479.
Direct connect net size: 1071
Build all design net take 118 msec.
Processing design graph takes 0.72 sec.
Delay table total memory: 4.79386520 MB
Route graph total memory: 10.53158569 MB
Route design total memory: 3.36239243 MB
The remaining process takes 0.04 sec.
Stage: after context initialize | Performance: TNS = 0 ; WNS = 12360 ; THS = NA ; WHS = NA | Time (s): real = 0h:0m:5s ; cpu = 0h:0m:3s ; process = 0h:0m:4s | Memory (MB): curr = 328.082031 ; peak = 343.316406 | Checksum: 911321D2CF4F3EBF
Global routing takes 0.00 sec.
Pin Cost Increasing Speed 300
Unrouted clock nets at iteration 0 (0.006 sec): 0
Stage: after clock route | Performance: TNS = 0 ; WNS = 12360 ; THS = NA ; WHS = NA | Time (s): real = 0h:0m:5s ; cpu = 0h:0m:3s ; process = 0h:0m:4s | Memory (MB): curr = 328.863281 ; peak = 343.316406 | Checksum: 408A338B814115F0
Total route nets size: 1823
I: Start printing congestion info.
I: Finish printing congestion info.
Pre route takes 0.671 sec
Stage: after pre route | Performance: TNS = 0 ; WNS = 12795 ; THS = 0 ; WHS = 258 | Time (s): real = 0h:0m:6s ; cpu = 0h:0m:3s ; process = 0h:0m:5s | Memory (MB): curr = 366.605469 ; peak = 371.445313 | Checksum: EFC7795A29B33B04
Unrouted general nets at iteration 2 (MT total route time: 0.311 sec): 1466(overused: 8759)
Unrouted general nets at iteration 3 (MT total route time: 0.277 sec): 1312(overused: 5546)
Unrouted general nets at iteration 4 (MT total route time: 0.204 sec): 1170(overused: 4485)
Unrouted general nets at iteration 5 (MT total route time: 0.187 sec): 1092(overused: 3730)
Unrouted general nets at iteration 6 (MT total route time: 0.147 sec): 1001(overused: 3275)
Unrouted general nets at iteration 7 (MT total route time: 0.116 sec): 640(overused: 2298)
Unrouted general nets at iteration 8 (MT total route time: 0.124 sec): 489(overused: 1525)
Unrouted general nets at iteration 9 (MT total route time: 0.098 sec): 436(overused: 1281)
Unrouted general nets at iteration 10 (MT total route time: 0.072 sec): 367(overused: 1024)
Unrouted general nets at iteration 11 (MT total route time: 0.057 sec): 309(overused: 805)
Unrouted general nets at iteration 12 (MT total route time: 0.050 sec): 264(overused: 650)
Unrouted general nets at iteration 13 (MT total route time: 0.037 sec): 210(overused: 498)
Unrouted general nets at iteration 14 (MT total route time: 0.032 sec): 172(overused: 514)
Unrouted general nets at iteration 15 (MT total route time: 0.046 sec): 161(overused: 385)
Unrouted general nets at iteration 16 (MT total route time: 0.029 sec): 126(overused: 270)
Unrouted general nets at iteration 17 (MT total route time: 0.028 sec): 123(overused: 274)
Unrouted general nets at iteration 18 (MT total route time: 0.028 sec): 107(overused: 249)
Unrouted general nets at iteration 19 (MT total route time: 0.023 sec): 90(overused: 182)
Unrouted general nets at iteration 20 (MT total route time: 0.023 sec): 68(overused: 144)
Unrouted general nets at iteration 21 (MT total route time: 0.016 sec): 52(overused: 110)
Unrouted general nets at iteration 22 (MT total route time: 0.011 sec): 39(overused: 78)
Unrouted general nets at iteration 23 (MT total route time: 0.009 sec): 35(overused: 70)
Unrouted general nets at iteration 24 (MT total route time: 0.011 sec): 32(overused: 56)
Unrouted general nets at iteration 25 (MT total route time: 0.010 sec): 26(overused: 46)
Unrouted general nets at iteration 26 (MT total route time: 0.011 sec): 21(overused: 38)
Unrouted general nets at iteration 27 (MT total route time: 0.011 sec): 22(overused: 48)
Unrouted general nets at iteration 28 (MT total route time: 0.013 sec): 26(overused: 64)
Unrouted general nets at iteration 29 (MT total route time: 0.011 sec): 25(overused: 46)
Unrouted general nets at iteration 30 (MT total route time: 0.011 sec): 21(overused: 36)
Unrouted general nets at iteration 31 (MT total route time: 0.009 sec): 18(overused: 36)
Unrouted general nets at iteration 32 (MT total route time: 0.008 sec): 11(overused: 16)
Unrouted general nets at iteration 33 (MT total route time: 0.006 sec): 11(overused: 16)
Unrouted general nets at iteration 34 (MT total route time: 0.005 sec): 10(overused: 16)
Unrouted general nets at iteration 35 (MT total route time: 0.006 sec): 7(overused: 12)
Unrouted general nets at iteration 36 (MT total route time: 0.005 sec): 7(overused: 10)
Unrouted general nets at iteration 37 (MT total route time: 0.012 sec): 7(overused: 12)
Unrouted general nets at iteration 38 (MT total route time: 0.013 sec): 4(overused: 6)
Unrouted general nets at iteration 39 (MT total route time: 0.019 sec): 4(overused: 8)
Unrouted general nets at iteration 40 (MT total route time: 0.011 sec): 4(overused: 6)
Unrouted general nets at iteration 41 (MT total route time: 0.010 sec): 2(overused: 2)
Unrouted general nets at iteration 42 (MT total route time: 0.007 sec): 3(overused: 6)
Unrouted general nets at iteration 43 (MT total route time: 0.005 sec): 2(overused: 4)
Unrouted general nets at iteration 44 (MT total route time: 0.005 sec): 2(overused: 2)
Unrouted general nets at iteration 45 (MT total route time: 0.008 sec): 2(overused: 2)
Unrouted general nets at iteration 46 (MT total route time: 0.004 sec): 2(overused: 2)
Unrouted general nets at iteration 47 (MT total route time: 0.005 sec): 0(overused: 0)
----General net take 0.005 sec(route net take 0.000 sec, inc cost take 0.002 sec, iter times: 1)
----const net route take 0.004 sec
Unrouted nets at iteration 48 (0.010 sec): 0
Stage: after detail route | Performance: TNS = 0 ; WNS = 12248 ; THS = NA ; WHS = NA | Time (s): real = 0h:0m:8s ; cpu = 0h:0m:4s ; process = 0h:0m:8s | Memory (MB): curr = 372.148438 ; peak = 373.484375 | Checksum: 36BC3FCB78967EFA
Begin rip-up and reroute:
Rip-up and reroute takes 0.08 sec.
Stage: after ripup & reroute | Performance: TNS = 0 ; WNS = 12251 ; THS = NA ; WHS = NA | Time (s): real = 0h:0m:9s ; cpu = 0h:0m:4s ; process = 0h:0m:8s | Memory (MB): curr = 375.546875 ; peak = 377.656250 | Checksum: C107BC4DC5428D03
Detailed routing takes 3.36 sec.
I: Design net nt_i_CLK_C42_IN_25M is routed by general path.
C: Route-2036: The clock path from i_CLK_C42_IN_25M_ibuf/opit_1:OUT to pll_inst/u_pll_e2/goppllinmuxd:CLK_IN[0] is routed by SRB.
Sort Original Nets take 0.000 sec
Check HPIO div result take 0.000 sec
Total net: 1828, route succeed net: 1828
Generate routing result take 0.005 sec
Handle PERMUX permutation take 0.069 sec
Handle const net take 0.005 sec
Handle route through take 0.025 sec
Used SRB routing arc is 14930.
Stage: after finish route | Performance: TNS = 0 ; WNS = 12251 ; THS = NA ; WHS = NA | Time (s): real = 0h:0m:9s ; cpu = 0h:0m:4s ; process = 0h:0m:8s | Memory (MB): curr = 361.058594 ; peak = 377.656250 | Checksum: C10557776F53ABF
Finish routing takes 0.17 sec.
Total routing takes 4.73 sec.


Device Utilization Summary :
+----------------------------------------------------------------------------+
| Device Type                      | Used     | Available     | Util(%)     
+----------------------------------------------------------------------------+
| CLMA                             | 245      | 592           | 42          
| + FF                             | 542      | 3552          | 16          
| + LUT                            | 600      | 2368          | 26          
|   + LUT as Logic                 | 470      |               |             
|   + LUT as Const                 | 112      |               |             
|   + LUT as Bypass                | 18       |               |             
| CLMS                             | 307      | 888           | 35          
| + FF                             | 711      | 5328          | 14          
| + LUT                            | 811      | 3552          | 23          
|   + LUT as Logic                 | 723      |               |             
|   + LUT as Memory                | 0        |               |             
|     + LUT as Distributed RAM     | 0        |               |             
|   + LUT as Const                 | 72       |               |             
|   + LUT as Bypass                | 16       |               |             
| IO                               | 287      | 336           | 86          
| + IOBD                           | 19       | 21            | 91          
| + IOBR                           | 37       | 42            | 89          
| + IOBS                           | 231      | 273           | 85          
| BKCL                             | 6        | 6             | 100         
| CCS                              | 1        | 1             | 100         
| CLKDIV                           | 0        | 4             | 0           
| CLKDLY                           | 0        | 8             | 0           
| DLL                              | 0        | 2             | 0           
| DRM                              | 0        | 26            | 0           
| HARD0N1                          | 52       | 936           | 6           
| IOCKBRG                          | 0        | 2             | 0           
| IOCKGATE                         | 0        | 4             | 0           
| + IOCKGATE as Bypass             | 0        |               |             
| IOLDLYS                          | 131      | 252           | 52          
| IOLDLY                           | 38       | 84            | 46          
| IOL                              | 287      | 336           | 86          
| ISERDES                          | 0        | 21            | 0           
| LDO                              | 0        | 2             | 0           
| OSC                              | 0        | 1             | 0           
| OSERDES                          | 0        | 21            | 0           
| PLLINMUXD                        | 1        | 2             | 50          
| + PLLINMUXD as Bypass            | 0        |               |             
| PLL                              | 1        | 2             | 50          
| USCMDC                           | 1        | 8             | 13          
| + USCMDC as Bypass               | 0        |               |             
| USCMD                            | 0        | 2             | 0           
| + USCMD as Bypass                | 0        |               |             
| USSMBUF                          | 0        | 8             | 0           
| + USSMBUF as Bypass              | 0        |               |             
+----------------------------------------------------------------------------+

Finished routing. (CPU time elapsed 0h:00m:07s)
Design 'Tieta_Feiteng_2001_top' has been routed successfully.
Saving design to DB.
Action route: Export DB successfully.
Action route: Real time elapsed is 0h:0m:10s
Action route: CPU time elapsed is 0h:0m:8s
Action route: Process CPU time elapsed is 0h:0m:9s
Action route: Peak memory pool usage is 377 MB

Current time: Wed Mar  4 18:00:15 2026
