#Build: Fabric Compiler 2024.2-SP1.2, Build 187561, May 22 18:16 2025
#Install: C:\studyware\pango\PDS_2024.2-SP1.2-ads\bin
#Application name: pds_shell.exe
#OS: Windows 10 10.0.18363
#Hostname: z02665mj
Generated by Fabric Compiler (version 2024.2-SP1.2 build 187561) at Tue Mar 10 16:30:01 2026
Parameters for debugging are loaded as follows:
Compiling verification operator library.
Compiling common defs.
Compiling prim grid devices.
Compiling place grid timing.
Compiling gate devices.
Compiling gate operators.
Building architecture model.
Loading device packaging model.
Building architecture floorplan logic view.
Elaborate the liberty model.
I: Multithreading enabled for Timing using a maximum of 4 processes.

Routing started.
Build routing arch for double attribute device.
Enter timing driven router mode.
I: Multithreading enabled for route using a maximum of 1 processes.
W: Route-4027: Cannot find permit_rougth_thru_units.json file in working directory.
Building routing graph takes 0.43 sec.
Enable Recovery Analysis in Routing
Init coarse delay table.
Read place coarse delay table takes 0.05 sec.
build place dedicate switch graph takes 0.22 sec
Setup STE netlist take 571 msec.
Slack Weight : 90
CE/RS signal series limit : 500
Dispose control chain take 67 msec.
Collect const net info take 21 msec.
Total nets for routing: 1824.
Total loads for routing: 8507.
Direct connect net size: 1042
Build all design net take 145 msec.
Processing design graph takes 0.81 sec.
Delay table total memory: 4.79386520 MB
Route graph total memory: 10.53239822 MB
Route design total memory: 3.36242294 MB
The remaining process takes 0.05 sec.
Stage: after context initialize | Performance: TNS = 0 ; WNS = 12880 ; THS = NA ; WHS = NA | Time (s): real = 0h:0m:6s ; cpu = 0h:0m:4s ; process = 0h:0m:5s | Memory (MB): curr = 326.078125 ; peak = 343.050781 | Checksum: B8A65D56DDC793AA
Global routing takes 0.00 sec.
Pin Cost Increasing Speed 300
Unrouted clock nets at iteration 0 (0.005 sec): 0
Stage: after clock route | Performance: TNS = 0 ; WNS = 12880 ; THS = NA ; WHS = NA | Time (s): real = 0h:0m:6s ; cpu = 0h:0m:4s ; process = 0h:0m:5s | Memory (MB): curr = 326.894531 ; peak = 343.050781 | Checksum: C56A16122D491A41
Total route nets size: 1819
I: Start printing congestion info.
I: Finish printing congestion info.
Pre route takes 0.843 sec
Stage: after pre route | Performance: TNS = 0 ; WNS = 12880 ; THS = 0 ; WHS = 257 | Time (s): real = 0h:0m:7s ; cpu = 0h:0m:4s ; process = 0h:0m:6s | Memory (MB): curr = 366.140625 ; peak = 370.863281 | Checksum: 36697424DE9101F8
Unrouted general nets at iteration 2 (MT total route time: 0.381 sec): 1520(overused: 8865)
Unrouted general nets at iteration 3 (MT total route time: 0.351 sec): 1362(overused: 5829)
Unrouted general nets at iteration 4 (MT total route time: 0.368 sec): 1197(overused: 4671)
Unrouted general nets at iteration 5 (MT total route time: 0.182 sec): 1106(overused: 3760)
Unrouted general nets at iteration 6 (MT total route time: 0.154 sec): 1012(overused: 3273)
Unrouted general nets at iteration 7 (MT total route time: 0.140 sec): 662(overused: 2340)
Unrouted general nets at iteration 8 (MT total route time: 0.115 sec): 512(overused: 1650)
Unrouted general nets at iteration 9 (MT total route time: 0.088 sec): 387(overused: 1097)
Unrouted general nets at iteration 10 (MT total route time: 0.071 sec): 319(overused: 923)
Unrouted general nets at iteration 11 (MT total route time: 0.054 sec): 253(overused: 625)
Unrouted general nets at iteration 12 (MT total route time: 0.043 sec): 209(overused: 488)
Unrouted general nets at iteration 13 (MT total route time: 0.039 sec): 188(overused: 428)
Unrouted general nets at iteration 14 (MT total route time: 0.035 sec): 144(overused: 306)
Unrouted general nets at iteration 15 (MT total route time: 0.028 sec): 120(overused: 305)
Unrouted general nets at iteration 16 (MT total route time: 0.022 sec): 105(overused: 252)
Unrouted general nets at iteration 17 (MT total route time: 0.023 sec): 104(overused: 238)
Unrouted general nets at iteration 18 (MT total route time: 0.023 sec): 89(overused: 219)
Unrouted general nets at iteration 19 (MT total route time: 0.021 sec): 86(overused: 185)
Unrouted general nets at iteration 20 (MT total route time: 0.022 sec): 93(overused: 200)
Unrouted general nets at iteration 21 (MT total route time: 0.032 sec): 92(overused: 228)
Unrouted general nets at iteration 22 (MT total route time: 0.026 sec): 78(overused: 214)
Unrouted general nets at iteration 23 (MT total route time: 0.042 sec): 82(overused: 189)
Unrouted general nets at iteration 24 (MT total route time: 0.025 sec): 68(overused: 128)
Unrouted general nets at iteration 25 (MT total route time: 0.013 sec): 51(overused: 92)
Unrouted general nets at iteration 26 (MT total route time: 0.010 sec): 41(overused: 70)
Unrouted general nets at iteration 27 (MT total route time: 0.011 sec): 34(overused: 80)
Unrouted general nets at iteration 28 (MT total route time: 0.012 sec): 28(overused: 46)
Unrouted general nets at iteration 29 (MT total route time: 0.009 sec): 26(overused: 44)
Unrouted general nets at iteration 30 (MT total route time: 0.010 sec): 15(overused: 18)
Unrouted general nets at iteration 31 (MT total route time: 0.007 sec): 12(overused: 16)
Unrouted general nets at iteration 32 (MT total route time: 0.006 sec): 10(overused: 12)
Unrouted general nets at iteration 33 (MT total route time: 0.006 sec): 14(overused: 20)
Unrouted general nets at iteration 34 (MT total route time: 0.006 sec): 8(overused: 10)
Unrouted general nets at iteration 35 (MT total route time: 0.007 sec): 6(overused: 8)
Unrouted general nets at iteration 36 (MT total route time: 0.006 sec): 2(overused: 2)
Unrouted general nets at iteration 37 (MT total route time: 0.005 sec): 0(overused: 0)
----General net take 0.005 sec(route net take 0.000 sec, inc cost take 0.003 sec, iter times: 1)
----const net route take 0.006 sec
Unrouted nets at iteration 38 (0.012 sec): 0
Stage: after detail route | Performance: TNS = 0 ; WNS = 11923 ; THS = NA ; WHS = NA | Time (s): real = 0h:0m:10s ; cpu = 0h:0m:4s ; process = 0h:0m:9s | Memory (MB): curr = 373.632813 ; peak = 373.636719 | Checksum: FE17AF6E6BD85F01
Begin rip-up and reroute:
Rip-up and reroute takes 0.10 sec.
Stage: after ripup & reroute | Performance: TNS = 0 ; WNS = 11920 ; THS = NA ; WHS = NA | Time (s): real = 0h:0m:10s ; cpu = 0h:0m:4s ; process = 0h:0m:9s | Memory (MB): curr = 376.894531 ; peak = 376.945313 | Checksum: 86C978035381C7A5
Detailed routing takes 3.88 sec.
I: Design net nt_i_CLK_C42_IN_25M is routed by general path.
C: Route-2036: The clock path from i_CLK_C42_IN_25M_ibuf/opit_1:OUT to pll_inst/u_pll_e2/goppllinmuxd:CLK_IN[0] is routed by SRB.
Sort Original Nets take 0.001 sec
Check HPIO div result take 0.000 sec
Total net: 1824, route succeed net: 1824
Generate routing result take 0.012 sec
Handle PERMUX permutation take 0.203 sec
Handle const net take 0.005 sec
Handle route through take 0.031 sec
Used SRB routing arc is 15145.
Stage: after finish route | Performance: TNS = 0 ; WNS = 11920 ; THS = NA ; WHS = NA | Time (s): real = 0h:0m:10s ; cpu = 0h:0m:5s ; process = 0h:0m:9s | Memory (MB): curr = 361.312500 ; peak = 376.945313 | Checksum: 2EEC26935C287ACF
Finish routing takes 0.32 sec.
Total routing takes 5.59 sec.


Device Utilization Summary :
+----------------------------------------------------------------------------+
| Device Type                      | Used     | Available     | Util(%)     
+----------------------------------------------------------------------------+
| CLMA                             | 238      | 592           | 41          
| + FF                             | 520      | 3552          | 15          
| + LUT                            | 591      | 2368          | 25          
|   + LUT as Logic                 | 476      |               |             
|   + LUT as Const                 | 99       |               |             
|   + LUT as Bypass                | 16       |               |             
| CLMS                             | 309      | 888           | 35          
| + FF                             | 733      | 5328          | 14          
| + LUT                            | 797      | 3552          | 23          
|   + LUT as Logic                 | 714      |               |             
|   + LUT as Memory                | 0        |               |             
|     + LUT as Distributed RAM     | 0        |               |             
|   + LUT as Const                 | 73       |               |             
|   + LUT as Bypass                | 10       |               |             
| IO                               | 281      | 336           | 84          
| + IOBD                           | 19       | 21            | 91          
| + IOBR                           | 36       | 42            | 86          
| + IOBS                           | 226      | 273           | 83          
| BKCL                             | 6        | 6             | 100         
| CCS                              | 1        | 1             | 100         
| CLKDIV                           | 0        | 4             | 0           
| CLKDLY                           | 0        | 8             | 0           
| DLL                              | 0        | 2             | 0           
| DRM                              | 0        | 26            | 0           
| HARD0N1                          | 54       | 936           | 6           
| IOCKBRG                          | 0        | 2             | 0           
| IOCKGATE                         | 0        | 4             | 0           
| + IOCKGATE as Bypass             | 0        |               |             
| IOLDLYS                          | 131      | 252           | 52          
| IOLDLY                           | 38       | 84            | 46          
| IOL                              | 281      | 336           | 84          
| ISERDES                          | 0        | 21            | 0           
| LDO                              | 0        | 2             | 0           
| OSC                              | 0        | 1             | 0           
| OSERDES                          | 0        | 21            | 0           
| PLLINMUXD                        | 1        | 2             | 50          
| + PLLINMUXD as Bypass            | 0        |               |             
| PLL                              | 1        | 2             | 50          
| USCMDC                           | 1        | 8             | 13          
| + USCMDC as Bypass               | 0        |               |             
| USCMD                            | 0        | 2             | 0           
| + USCMD as Bypass                | 0        |               |             
| USSMBUF                          | 0        | 8             | 0           
| + USSMBUF as Bypass              | 0        |               |             
+----------------------------------------------------------------------------+

Finished routing. (CPU time elapsed 0h:00m:08s)
Design 'Tieta_Feiteng_2001_top' has been routed successfully.
Saving design to DB.
Action route: Export DB successfully.
Action route: Real time elapsed is 0h:0m:11s
Action route: CPU time elapsed is 0h:0m:9s
Action route: Process CPU time elapsed is 0h:0m:10s
Action route: Peak memory pool usage is 376 MB

Current time: Tue Mar 10 16:30:10 2026
