#Build: Fabric Compiler 2024.2-SP1.2, Build 187561, May 22 18:16 2025
#Install: C:\studyware\pango\PDS_2024.2-SP1.2-ads\bin
#Application name: pds_shell.exe
#OS: Windows 10 10.0.18363
#Hostname: z02665mj
Generated by Fabric Compiler (version 2024.2-SP1.2 build 187561) at Fri Mar 27 17:48:27 2026
Parameters for debugging are loaded as follows:
Compiling verification operator library.
Compiling common defs.
Compiling prim grid devices.
Compiling place grid timing.
Compiling gate devices.
Compiling gate operators.
Building architecture model.
Loading device packaging model.
Building architecture floorplan logic view.
Elaborate the liberty model.
I: Multithreading enabled for Timing using a maximum of 4 processes.

Route Optimize started.
Build routing arch for double attribute device.
Enter timing driven router mode.
I: Multithreading enabled for route using a maximum of 1 processes.
I: Column Clock Check close.
W: Route-4027: Cannot find permit_rougth_thru_units.json file in working directory.
Building routing graph takes 0.43 sec.
Total nets for routing: 3685.
Total loads for routing: 14774.
Direct connect net size: 1298
Build all design net take 173 msec.
Processing design graph takes 0.17 sec.
Delay table total memory: 4.79386520 MB
Route graph total memory: 11.43412399 MB
Route design total memory: 4.35869217 MB
The remaining process takes 0.06 sec.
Stage: after context initialize in post route | Performance: TNS = NA ; WNS = NA ; THS = NA ; WHS = NA | Time (s): real = 0h:0m:5s ; cpu = 0h:0m:3s ; process = 0h:0m:4s | Memory (MB): curr = 304.308594 ; peak = 318.097656 | Checksum: 8BF2A1BA2435AF6D
Load route result takes 0.03 sec
Fix Hold Violation Threshold For Clock Path Cross SRB(ps) : 200
Fix Hold Violation Threshold For Clock Path On Clock Tree(ps) : 100
Hold fix to no violation.
Hold fix to threshold
    Fix hold iteration 0 takes 0.03 sec
    Step 2.1 finish
Stage: after hold fix | Performance: TNS = 0 ; WNS = 9618 ; THS = 0 ; WHS = 209 | Time (s): real = 0h:0m:6s ; cpu = 0h:0m:4s ; process = 0h:0m:5s | Memory (MB): curr = 393.246094 ; peak = 393.250000 | Checksum: 5E5F418B942047CA
Hold Violation Fix in router takes 0.47 sec.
Sort Original Nets take 0.001 sec
Total net: 3685, route succeed net: 3685
Generate routing result take 0.009 sec
Handle PERMUX permutation take 0.011 sec
Handle const net take 0.000 sec
Handle route through take 0.030 sec
Used SRB routing arc is 25176.
Stage: after finish post route | Performance: TNS = 0 ; WNS = 9618 ; THS = NA ; WHS = NA | Time (s): real = 0h:0m:6s ; cpu = 0h:0m:4s ; process = 0h:0m:5s | Memory (MB): curr = 370.730469 ; peak = 393.253906 | Checksum: B271A96538B0DD77
Finish post route takes 0.10 sec.
Total post route takes 1.28 sec.


Device Utilization Summary :
+----------------------------------------------------------------------------+
| Device Type                      | Used     | Available     | Util(%)     
+----------------------------------------------------------------------------+
| CLMA                             | 388      | 592           | 66          
| + FF                             | 807      | 3552          | 23          
| + LUT                            | 1137     | 2368          | 49          
|   + LUT as Logic                 | 948      |               |             
|   + LUT as Const                 | 181      |               |             
|   + LUT as Bypass                | 8        |               |             
| CLMS                             | 553      | 888           | 63          
| + FF                             | 1267     | 5328          | 24          
| + LUT                            | 1582     | 3552          | 45          
|   + LUT as Logic                 | 1386     |               |             
|   + LUT as Memory                | 0        |               |             
|     + LUT as Distributed RAM     | 0        |               |             
|   + LUT as Const                 | 178      |               |             
|   + LUT as Bypass                | 18       |               |             
| IO                               | 306      | 336           | 92          
| + IOBD                           | 21       | 21            | 100         
| + IOBR                           | 40       | 42            | 96          
| + IOBS                           | 245      | 273           | 90          
| BKCL                             | 6        | 6             | 100         
| CCS                              | 1        | 1             | 100         
| CLKDIV                           | 0        | 4             | 0           
| CLKDLY                           | 0        | 8             | 0           
| DLL                              | 0        | 2             | 0           
| DRM                              | 0        | 26            | 0           
| HARD0N1                          | 185      | 936           | 20          
| IOCKBRG                          | 0        | 2             | 0           
| IOCKGATE                         | 0        | 4             | 0           
| + IOCKGATE as Bypass             | 0        |               |             
| IOLDLYS                          | 138      | 252           | 55          
| IOLDLY                           | 52       | 84            | 62          
| IOL                              | 306      | 336           | 92          
| ISERDES                          | 0        | 21            | 0           
| LDO                              | 0        | 2             | 0           
| OSC                              | 0        | 1             | 0           
| OSERDES                          | 0        | 21            | 0           
| PLLINMUXD                        | 1        | 2             | 50          
| + PLLINMUXD as Bypass            | 0        |               |             
| PLL                              | 1        | 2             | 50          
| USCMDC                           | 2        | 8             | 25          
| + USCMDC as Bypass               | 0        |               |             
| USCMD                            | 0        | 2             | 0           
| + USCMD as Bypass                | 0        |               |             
| USSMBUF                          | 1        | 8             | 13          
| + USSMBUF as Bypass              | 0        |               |             
+----------------------------------------------------------------------------+

Finished route optimize. (CPU time elapsed 0h:00m:04s)
Design 'Tieta_Feiteng_1001_top' has been routed successfully.
Saving design to DB.
Action route_optimize: Export DB successfully.
Action route_optimize: Real time elapsed is 0h:0m:7s
Action route_optimize: CPU time elapsed is 0h:0m:5s
Action route_optimize: Process CPU time elapsed is 0h:0m:6s
Action route_optimize: Peak memory pool usage is 393 MB

Current time: Fri Mar 27 17:48:32 2026
