#Build: Fabric Compiler 2024.2-SP1.2, Build 187561, May 22 18:16 2025
#Install: C:\studyware\pango\PDS_2024.2-SP1.2-ads\bin
#Application name: pds_shell.exe
#OS: Windows 10 10.0.18363
#Hostname: z02665mj
Generated by Fabric Compiler (version 2024.2-SP1.2 build 187561) at Fri Mar 27 17:48:14 2026
Parameters for debugging are loaded as follows:
Compiling verification operator library.
Compiling common defs.
Compiling prim grid devices.
Compiling place grid timing.
Compiling gate devices.
Compiling gate operators.
Building architecture model.
Loading device packaging model.
Building architecture floorplan logic view.
Elaborate the liberty model.
I: Multithreading enabled for Timing using a maximum of 4 processes.

Routing started.
Build routing arch for double attribute device.
Enter timing driven router mode.
I: Multithreading enabled for route using a maximum of 1 processes.
W: Route-4027: Cannot find permit_rougth_thru_units.json file in working directory.
Building routing graph takes 0.41 sec.
Enable Recovery Analysis in Routing
Init coarse delay table.
Read place coarse delay table takes 0.03 sec.
build place dedicate switch graph takes 0.36 sec
Setup STE netlist take 767 msec.
Slack Weight : 90
CE/RS signal series limit : 500
Dispose control chain take 122 msec.
Collect const net info take 29 msec.
Total nets for routing: 3143.
Total loads for routing: 14774.
Direct connect net size: 1298
Build all design net take 302 msec.
Processing design graph takes 1.23 sec.
Delay table total memory: 4.79386520 MB
Route graph total memory: 11.33884811 MB
Route design total memory: 4.23869705 MB
The remaining process takes 0.10 sec.
Stage: after context initialize | Performance: TNS = 0 ; WNS = 9042 ; THS = NA ; WHS = NA | Time (s): real = 0h:0m:6s ; cpu = 0h:0m:4s ; process = 0h:0m:5s | Memory (MB): curr = 355.351563 ; peak = 382.195313 | Checksum: E93F22EC44AE787F
Global routing takes 0.00 sec.
Pin Cost Increasing Speed 300
Unrouted clock nets at iteration 0 (0.011 sec): 0
Stage: after clock route | Performance: TNS = 0 ; WNS = 9042 ; THS = NA ; WHS = NA | Time (s): real = 0h:0m:6s ; cpu = 0h:0m:4s ; process = 0h:0m:5s | Memory (MB): curr = 357.808594 ; peak = 382.195313 | Checksum: 98DDC96F42A1745D
Total route nets size: 3135
I: Start printing congestion info.
I: Finish printing congestion info.
Pre route takes 1.272 sec
Stage: after pre route | Performance: TNS = 0 ; WNS = 10577 ; THS = -20 ; WHS = -20 | Time (s): real = 0h:0m:7s ; cpu = 0h:0m:5s ; process = 0h:0m:7s | Memory (MB): curr = 420.027344 ; peak = 425.027344 | Checksum: 1C83A2FB8382BA97
Unrouted general nets at iteration 2 (MT total route time: 0.842 sec): 2734(overused: 14784)
Unrouted general nets at iteration 3 (MT total route time: 0.417 sec): 2317(overused: 9248)
Unrouted general nets at iteration 4 (MT total route time: 0.305 sec): 2045(overused: 7033)
Unrouted general nets at iteration 5 (MT total route time: 0.260 sec): 1811(overused: 5781)
Unrouted general nets at iteration 6 (MT total route time: 0.213 sec): 1621(overused: 4766)
Unrouted general nets at iteration 7 (MT total route time: 0.191 sec): 1250(overused: 3630)
Unrouted general nets at iteration 8 (MT total route time: 0.158 sec): 963(overused: 2527)
Unrouted general nets at iteration 9 (MT total route time: 0.127 sec): 788(overused: 1999)
Unrouted general nets at iteration 10 (MT total route time: 0.119 sec): 682(overused: 1690)
Unrouted general nets at iteration 11 (MT total route time: 0.102 sec): 579(overused: 1445)
Unrouted general nets at iteration 12 (MT total route time: 0.103 sec): 489(overused: 1135)
Unrouted general nets at iteration 13 (MT total route time: 0.142 sec): 415(overused: 998)
Unrouted general nets at iteration 14 (MT total route time: 0.111 sec): 359(overused: 791)
Unrouted general nets at iteration 15 (MT total route time: 0.092 sec): 276(overused: 606)
Unrouted general nets at iteration 16 (MT total route time: 0.114 sec): 241(overused: 541)
Unrouted general nets at iteration 17 (MT total route time: 0.184 sec): 212(overused: 463)
Unrouted general nets at iteration 18 (MT total route time: 0.054 sec): 172(overused: 365)
Unrouted general nets at iteration 19 (MT total route time: 0.041 sec): 153(overused: 306)
Unrouted general nets at iteration 20 (MT total route time: 0.033 sec): 131(overused: 250)
Unrouted general nets at iteration 21 (MT total route time: 0.026 sec): 101(overused: 182)
Unrouted general nets at iteration 22 (MT total route time: 0.027 sec): 97(overused: 158)
Unrouted general nets at iteration 23 (MT total route time: 0.026 sec): 77(overused: 142)
Unrouted general nets at iteration 24 (MT total route time: 0.015 sec): 61(overused: 104)
Unrouted general nets at iteration 25 (MT total route time: 0.025 sec): 56(overused: 92)
Unrouted general nets at iteration 26 (MT total route time: 0.015 sec): 43(overused: 84)
Unrouted general nets at iteration 27 (MT total route time: 0.014 sec): 38(overused: 58)
Unrouted general nets at iteration 28 (MT total route time: 0.018 sec): 35(overused: 60)
Unrouted general nets at iteration 29 (MT total route time: 0.017 sec): 48(overused: 100)
Unrouted general nets at iteration 30 (MT total route time: 0.018 sec): 43(overused: 94)
Unrouted general nets at iteration 31 (MT total route time: 0.012 sec): 32(overused: 56)
Unrouted general nets at iteration 32 (MT total route time: 0.012 sec): 31(overused: 48)
Unrouted general nets at iteration 33 (MT total route time: 0.011 sec): 26(overused: 52)
Unrouted general nets at iteration 34 (MT total route time: 0.009 sec): 23(overused: 32)
Unrouted general nets at iteration 35 (MT total route time: 0.009 sec): 14(overused: 22)
Unrouted general nets at iteration 36 (MT total route time: 0.009 sec): 13(overused: 22)
Unrouted general nets at iteration 37 (MT total route time: 0.012 sec): 7(overused: 12)
Unrouted general nets at iteration 38 (MT total route time: 0.011 sec): 7(overused: 14)
Unrouted general nets at iteration 39 (MT total route time: 0.011 sec): 10(overused: 16)
Unrouted general nets at iteration 40 (MT total route time: 0.010 sec): 7(overused: 14)
Unrouted general nets at iteration 41 (MT total route time: 0.008 sec): 8(overused: 14)
Unrouted general nets at iteration 42 (MT total route time: 0.009 sec): 9(overused: 10)
Unrouted general nets at iteration 43 (MT total route time: 0.011 sec): 5(overused: 6)
Unrouted general nets at iteration 44 (MT total route time: 0.008 sec): 2(overused: 2)
Unrouted general nets at iteration 45 (MT total route time: 0.015 sec): 0(overused: 0)
----General net take 0.009 sec(route net take 0.000 sec, inc cost take 0.004 sec, iter times: 1)
----const net route take 0.010 sec
Unrouted nets at iteration 46 (0.020 sec): 0
Stage: after detail route | Performance: TNS = 0 ; WNS = 9626 ; THS = NA ; WHS = NA | Time (s): real = 0h:0m:12s ; cpu = 0h:0m:5s ; process = 0h:0m:12s | Memory (MB): curr = 430.410156 ; peak = 430.414063 | Checksum: F2841D9CED33E90F
Begin rip-up and reroute:
Rip-up and reroute takes 0.12 sec.
Stage: after ripup & reroute | Performance: TNS = 0 ; WNS = 9618 ; THS = NA ; WHS = NA | Time (s): real = 0h:0m:12s ; cpu = 0h:0m:5s ; process = 0h:0m:12s | Memory (MB): curr = 434.664063 ; peak = 434.722656 | Checksum: F22FFCC7E7016DF
Detailed routing takes 6.20 sec.
I: Design net genblk1[0].fan_pwm_tach_m/w_clk_1s_pos is routed by general path.
C: Route-2036: The clock path from genblk1[0].fan_pwm_tach_m/Edge_Detect_u1/N0/gateop:Z to clkbufgs_6:CLKIN is routed by SRB.
I: Design net nt_i_CLK_PAL_IN_25M is routed by general path.
C: Route-2036: The clock path from i_CLK_PAL_IN_25M_ibuf/opit_1:OUT to pll_inst/u_pll_e2/goppllinmuxd:CLK_IN[0] is routed by SRB.
Sort Original Nets take 0.002 sec
Check HPIO div result take 0.000 sec
Total net: 3143, route succeed net: 3143
Generate routing result take 0.006 sec
Handle PERMUX permutation take 0.111 sec
Handle const net take 0.011 sec
Handle route through take 0.034 sec
Used SRB routing arc is 25151.
Stage: after finish route | Performance: TNS = 0 ; WNS = 9618 ; THS = NA ; WHS = NA | Time (s): real = 0h:0m:12s ; cpu = 0h:0m:5s ; process = 0h:0m:12s | Memory (MB): curr = 410.058594 ; peak = 434.722656 | Checksum: CFCAEC0E7A0B5C2D
Finish routing takes 0.24 sec.
Total routing takes 8.29 sec.


Device Utilization Summary :
+----------------------------------------------------------------------------+
| Device Type                      | Used     | Available     | Util(%)     
+----------------------------------------------------------------------------+
| CLMA                             | 388      | 592           | 66          
| + FF                             | 807      | 3552          | 23          
| + LUT                            | 1137     | 2368          | 49          
|   + LUT as Logic                 | 948      |               |             
|   + LUT as Const                 | 181      |               |             
|   + LUT as Bypass                | 8        |               |             
| CLMS                             | 553      | 888           | 63          
| + FF                             | 1267     | 5328          | 24          
| + LUT                            | 1582     | 3552          | 45          
|   + LUT as Logic                 | 1386     |               |             
|   + LUT as Memory                | 0        |               |             
|     + LUT as Distributed RAM     | 0        |               |             
|   + LUT as Const                 | 178      |               |             
|   + LUT as Bypass                | 18       |               |             
| IO                               | 306      | 336           | 92          
| + IOBD                           | 21       | 21            | 100         
| + IOBR                           | 40       | 42            | 96          
| + IOBS                           | 245      | 273           | 90          
| BKCL                             | 6        | 6             | 100         
| CCS                              | 1        | 1             | 100         
| CLKDIV                           | 0        | 4             | 0           
| CLKDLY                           | 0        | 8             | 0           
| DLL                              | 0        | 2             | 0           
| DRM                              | 0        | 26            | 0           
| HARD0N1                          | 185      | 936           | 20          
| IOCKBRG                          | 0        | 2             | 0           
| IOCKGATE                         | 0        | 4             | 0           
| + IOCKGATE as Bypass             | 0        |               |             
| IOLDLYS                          | 138      | 252           | 55          
| IOLDLY                           | 52       | 84            | 62          
| IOL                              | 306      | 336           | 92          
| ISERDES                          | 0        | 21            | 0           
| LDO                              | 0        | 2             | 0           
| OSC                              | 0        | 1             | 0           
| OSERDES                          | 0        | 21            | 0           
| PLLINMUXD                        | 1        | 2             | 50          
| + PLLINMUXD as Bypass            | 0        |               |             
| PLL                              | 1        | 2             | 50          
| USCMDC                           | 2        | 8             | 25          
| + USCMDC as Bypass               | 0        |               |             
| USCMD                            | 0        | 2             | 0           
| + USCMD as Bypass                | 0        |               |             
| USSMBUF                          | 1        | 8             | 13          
| + USSMBUF as Bypass              | 0        |               |             
+----------------------------------------------------------------------------+

Finished routing. (CPU time elapsed 0h:00m:11s)
Design 'Tieta_Feiteng_1001_top' has been routed successfully.
Saving design to DB.
Action route: Export DB successfully.
Action route: Real time elapsed is 0h:0m:14s
Action route: CPU time elapsed is 0h:0m:12s
Action route: Process CPU time elapsed is 0h:0m:14s
Action route: Peak memory pool usage is 434 MB

Current time: Fri Mar 27 17:48:26 2026
