#Build: Fabric Compiler 2024.2-SP1.2, Build 187561, May 22 18:16 2025
#Install: C:\studyware\pango\PDS_2024.2-SP1.2-ads\bin
#Application name: pds_shell.exe
#OS: Windows 10 10.0.18363
#Hostname: z02665mj
Generated by Fabric Compiler (version 2024.2-SP1.2 build 187561) at Tue Apr 14 16:07:21 2026
Parameters for debugging are loaded as follows:
Compiling verification operator library.
Compiling common defs.
Compiling prim grid devices.
Compiling place grid timing.
Compiling gate devices.
Compiling gate operators.
Building architecture model.
Loading device packaging model.
Building architecture floorplan logic view.
Elaborate the liberty model.
I: Multithreading enabled for Timing using a maximum of 4 processes.

Routing started.
Build routing arch for double attribute device.
Enter timing driven router mode.
I: Multithreading enabled for route using a maximum of 1 processes.
W: Route-4027: Cannot find permit_rougth_thru_units.json file in working directory.
Building routing graph takes 0.29 sec.
Enable Recovery Analysis in Routing
Init coarse delay table.
Read place coarse delay table takes 0.03 sec.
build place dedicate switch graph takes 0.17 sec
Setup STE netlist take 498 msec.
Slack Weight : 90
CE/RS signal series limit : 500
Dispose control chain take 74 msec.
Collect const net info take 23 msec.
Total nets for routing: 2247.
Total loads for routing: 10421.
Direct connect net size: 1127
Build all design net take 160 msec.
Processing design graph takes 0.76 sec.
Delay table total memory: 4.79386520 MB
Route graph total memory: 10.70282745 MB
Route design total memory: 3.60871506 MB
The remaining process takes 0.04 sec.
Stage: after context initialize | Performance: TNS = 0 ; WNS = 11597 ; THS = NA ; WHS = NA | Time (s): real = 0h:0m:5s ; cpu = 0h:0m:3s ; process = 0h:0m:4s | Memory (MB): curr = 331.945313 ; peak = 353.035156 | Checksum: 65C6A5B7374B6734
Global routing takes 0.00 sec.
Pin Cost Increasing Speed 300
Unrouted clock nets at iteration 0 (0.007 sec): 0
Stage: after clock route | Performance: TNS = 0 ; WNS = 11597 ; THS = NA ; WHS = NA | Time (s): real = 0h:0m:5s ; cpu = 0h:0m:3s ; process = 0h:0m:4s | Memory (MB): curr = 333.183594 ; peak = 353.035156 | Checksum: 70F7B60385B6BA7D
Total route nets size: 2242
I: Start printing congestion info.
I: Finish printing congestion info.
Pre route takes 0.688 sec
Stage: after pre route | Performance: TNS = 0 ; WNS = 11995 ; THS = 0 ; WHS = 257 | Time (s): real = 0h:0m:6s ; cpu = 0h:0m:3s ; process = 0h:0m:5s | Memory (MB): curr = 381.753906 ; peak = 386.566406 | Checksum: 6B5E2116DDCEE16C
Unrouted general nets at iteration 2 (MT total route time: 0.375 sec): 1856(overused: 10522)
Unrouted general nets at iteration 3 (MT total route time: 0.305 sec): 1619(overused: 6522)
Unrouted general nets at iteration 4 (MT total route time: 0.243 sec): 1417(overused: 5218)
Unrouted general nets at iteration 5 (MT total route time: 0.198 sec): 1285(overused: 4169)
Unrouted general nets at iteration 6 (MT total route time: 0.163 sec): 1175(overused: 3506)
Unrouted general nets at iteration 7 (MT total route time: 0.129 sec): 802(overused: 2641)
Unrouted general nets at iteration 8 (MT total route time: 0.111 sec): 596(overused: 1706)
Unrouted general nets at iteration 9 (MT total route time: 0.084 sec): 479(overused: 1348)
Unrouted general nets at iteration 10 (MT total route time: 0.071 sec): 383(overused: 1005)
Unrouted general nets at iteration 11 (MT total route time: 0.066 sec): 287(overused: 732)
Unrouted general nets at iteration 12 (MT total route time: 0.048 sec): 212(overused: 504)
Unrouted general nets at iteration 13 (MT total route time: 0.033 sec): 182(overused: 384)
Unrouted general nets at iteration 14 (MT total route time: 0.032 sec): 171(overused: 353)
Unrouted general nets at iteration 15 (MT total route time: 0.035 sec): 144(overused: 288)
Unrouted general nets at iteration 16 (MT total route time: 0.028 sec): 115(overused: 256)
Unrouted general nets at iteration 17 (MT total route time: 0.022 sec): 98(overused: 177)
Unrouted general nets at iteration 18 (MT total route time: 0.020 sec): 86(overused: 190)
Unrouted general nets at iteration 19 (MT total route time: 0.017 sec): 77(overused: 136)
Unrouted general nets at iteration 20 (MT total route time: 0.016 sec): 66(overused: 136)
Unrouted general nets at iteration 21 (MT total route time: 0.015 sec): 54(overused: 98)
Unrouted general nets at iteration 22 (MT total route time: 0.016 sec): 49(overused: 78)
Unrouted general nets at iteration 23 (MT total route time: 0.013 sec): 51(overused: 80)
Unrouted general nets at iteration 24 (MT total route time: 0.013 sec): 41(overused: 60)
Unrouted general nets at iteration 25 (MT total route time: 0.011 sec): 34(overused: 60)
Unrouted general nets at iteration 26 (MT total route time: 0.010 sec): 30(overused: 44)
Unrouted general nets at iteration 27 (MT total route time: 0.008 sec): 21(overused: 26)
Unrouted general nets at iteration 28 (MT total route time: 0.008 sec): 15(overused: 22)
Unrouted general nets at iteration 29 (MT total route time: 0.008 sec): 12(overused: 16)
Unrouted general nets at iteration 30 (MT total route time: 0.007 sec): 10(overused: 12)
Unrouted general nets at iteration 31 (MT total route time: 0.006 sec): 6(overused: 8)
Unrouted general nets at iteration 32 (MT total route time: 0.008 sec): 4(overused: 4)
Unrouted general nets at iteration 33 (MT total route time: 0.006 sec): 6(overused: 8)
Unrouted general nets at iteration 34 (MT total route time: 0.006 sec): 4(overused: 4)
Unrouted general nets at iteration 35 (MT total route time: 0.005 sec): 0(overused: 0)
----General net take 0.008 sec(route net take 0.000 sec, inc cost take 0.004 sec, iter times: 1)
----const net route take 0.006 sec
Unrouted nets at iteration 36 (0.014 sec): 0
Stage: after detail route | Performance: TNS = 0 ; WNS = 10928 ; THS = NA ; WHS = NA | Time (s): real = 0h:0m:8s ; cpu = 0h:0m:4s ; process = 0h:0m:8s | Memory (MB): curr = 389.925781 ; peak = 389.929688 | Checksum: ECA6D2E8118F8F74
Begin rip-up and reroute:
Rip-up and reroute takes 0.11 sec.
Stage: after ripup & reroute | Performance: TNS = 0 ; WNS = 10930 ; THS = NA ; WHS = NA | Time (s): real = 0h:0m:8s ; cpu = 0h:0m:4s ; process = 0h:0m:8s | Memory (MB): curr = 392.941406 ; peak = 393.894531 | Checksum: 19098659E22D8907
Detailed routing takes 3.39 sec.
I: Design net nt_i_CLK_C42_IN_25M is routed by general path.
C: Route-2036: The clock path from i_CLK_C42_IN_25M_ibuf/opit_1:OUT to pll_inst/u_pll_e2/goppllinmuxd:CLK_IN[0] is routed by SRB.
Sort Original Nets take 0.001 sec
Check HPIO div result take 0.000 sec
Total net: 2247, route succeed net: 2247
Generate routing result take 0.006 sec
Handle PERMUX permutation take 0.091 sec
Handle const net take 0.007 sec
Handle route through take 0.031 sec
Used SRB routing arc is 17996.
Stage: after finish route | Performance: TNS = 0 ; WNS = 10930 ; THS = NA ; WHS = NA | Time (s): real = 0h:0m:9s ; cpu = 0h:0m:4s ; process = 0h:0m:8s | Memory (MB): curr = 375.714844 ; peak = 393.894531 | Checksum: A39498DCF73C14FE
Finish routing takes 0.20 sec.
Total routing takes 4.77 sec.


Device Utilization Summary :
+----------------------------------------------------------------------------+
| Device Type                      | Used     | Available     | Util(%)     
+----------------------------------------------------------------------------+
| CLMA                             | 293      | 592           | 50          
| + FF                             | 597      | 3552          | 17          
| + LUT                            | 758      | 2368          | 33          
|   + LUT as Logic                 | 602      |               |             
|   + LUT as Const                 | 136      |               |             
|   + LUT as Bypass                | 20       |               |             
| CLMS                             | 386      | 888           | 44          
| + FF                             | 928      | 5328          | 18          
| + LUT                            | 1001     | 3552          | 29          
|   + LUT as Logic                 | 908      |               |             
|   + LUT as Memory                | 0        |               |             
|     + LUT as Distributed RAM     | 0        |               |             
|   + LUT as Const                 | 81       |               |             
|   + LUT as Bypass                | 12       |               |             
| IO                               | 287      | 336           | 86          
| + IOBD                           | 19       | 21            | 91          
| + IOBR                           | 37       | 42            | 89          
| + IOBS                           | 231      | 273           | 85          
| BKCL                             | 6        | 6             | 100         
| CCS                              | 1        | 1             | 100         
| CLKDIV                           | 0        | 4             | 0           
| CLKDLY                           | 0        | 8             | 0           
| DLL                              | 0        | 2             | 0           
| DRM                              | 0        | 26            | 0           
| HARD0N1                          | 76       | 936           | 9           
| IOCKBRG                          | 0        | 2             | 0           
| IOCKGATE                         | 0        | 4             | 0           
| + IOCKGATE as Bypass             | 0        |               |             
| IOLDLYS                          | 131      | 252           | 52          
| IOLDLY                           | 44       | 84            | 53          
| IOL                              | 287      | 336           | 86          
| ISERDES                          | 0        | 21            | 0           
| LDO                              | 0        | 2             | 0           
| OSC                              | 0        | 1             | 0           
| OSERDES                          | 0        | 21            | 0           
| PLLINMUXD                        | 1        | 2             | 50          
| + PLLINMUXD as Bypass            | 0        |               |             
| PLL                              | 1        | 2             | 50          
| USCMDC                           | 1        | 8             | 13          
| + USCMDC as Bypass               | 0        |               |             
| USCMD                            | 0        | 2             | 0           
| + USCMD as Bypass                | 0        |               |             
| USSMBUF                          | 0        | 8             | 0           
| + USSMBUF as Bypass              | 0        |               |             
+----------------------------------------------------------------------------+

Finished routing. (CPU time elapsed 0h:00m:07s)
Design 'Tieta_Feiteng_2001_top' has been routed successfully.
Saving design to DB.
Action route: Export DB successfully.
Action route: Real time elapsed is 0h:0m:9s
Action route: CPU time elapsed is 0h:0m:8s
Action route: Process CPU time elapsed is 0h:0m:9s
Action route: Peak memory pool usage is 393 MB

Current time: Tue Apr 14 16:07:28 2026
