#Build: Fabric Compiler 2024.2-SP1.2, Build 187561, May 22 18:16 2025
#Install: C:\studyware\pango\PDS_2024.2-SP1.2-ads\bin
#Application name: pds_shell.exe
#OS: Windows 10 10.0.18363
#Hostname: z02665mj
Generated by Fabric Compiler (version 2024.2-SP1.2 build 187561) at Wed Mar 11 14:45:34 2026
Parameters for debugging are loaded as follows:
Compiling verification operator library.
Compiling common defs.
Compiling prim grid devices.
Compiling place grid timing.
Compiling gate devices.
Compiling gate operators.
Building architecture model.
Loading device packaging model.
Building architecture floorplan logic view.
Elaborate the liberty model.
I: Multithreading enabled for Timing using a maximum of 4 processes.

Routing started.
Build routing arch for double attribute device.
Enter timing driven router mode.
I: Multithreading enabled for route using a maximum of 1 processes.
W: Route-4027: Cannot find permit_rougth_thru_units.json file in working directory.
Building routing graph takes 0.36 sec.
Enable Recovery Analysis in Routing
Init coarse delay table.
Read place coarse delay table takes 0.03 sec.
build place dedicate switch graph takes 0.23 sec
Setup STE netlist take 619 msec.
Slack Weight : 90
CE/RS signal series limit : 500
Dispose control chain take 72 msec.
Collect const net info take 25 msec.
Total nets for routing: 1834.
Total loads for routing: 8613.
Direct connect net size: 1047
Build all design net take 162 msec.
Processing design graph takes 0.88 sec.
Delay table total memory: 4.79386520 MB
Route graph total memory: 10.53777313 MB
Route design total memory: 3.36637497 MB
The remaining process takes 0.05 sec.
Stage: after context initialize | Performance: TNS = 0 ; WNS = 12469 ; THS = NA ; WHS = NA | Time (s): real = 0h:0m:8s ; cpu = 0h:0m:4s ; process = 0h:0m:5s | Memory (MB): curr = 327.339844 ; peak = 343.230469 | Checksum: A227409E155CFF2C
Global routing takes 0.00 sec.
Pin Cost Increasing Speed 300
Unrouted clock nets at iteration 0 (0.006 sec): 0
Stage: after clock route | Performance: TNS = 0 ; WNS = 12469 ; THS = NA ; WHS = NA | Time (s): real = 0h:0m:8s ; cpu = 0h:0m:4s ; process = 0h:0m:5s | Memory (MB): curr = 328.242188 ; peak = 343.230469 | Checksum: 426AA44BDDA94812
Total route nets size: 1829
I: Start printing congestion info.
I: Finish printing congestion info.
Pre route takes 0.703 sec
Stage: after pre route | Performance: TNS = 0 ; WNS = 12416 ; THS = 0 ; WHS = 260 | Time (s): real = 0h:0m:9s ; cpu = 0h:0m:4s ; process = 0h:0m:6s | Memory (MB): curr = 371.632813 ; peak = 371.652344 | Checksum: FF7C483341FF2889
Unrouted general nets at iteration 2 (MT total route time: 0.398 sec): 1521(overused: 8879)
Unrouted general nets at iteration 3 (MT total route time: 0.314 sec): 1357(overused: 5636)
Unrouted general nets at iteration 4 (MT total route time: 0.262 sec): 1192(overused: 4560)
Unrouted general nets at iteration 5 (MT total route time: 0.210 sec): 1100(overused: 3775)
Unrouted general nets at iteration 6 (MT total route time: 0.184 sec): 1006(overused: 3353)
Unrouted general nets at iteration 7 (MT total route time: 0.160 sec): 620(overused: 2304)
Unrouted general nets at iteration 8 (MT total route time: 0.126 sec): 503(overused: 1718)
Unrouted general nets at iteration 9 (MT total route time: 0.102 sec): 427(overused: 1216)
Unrouted general nets at iteration 10 (MT total route time: 0.095 sec): 370(overused: 981)
Unrouted general nets at iteration 11 (MT total route time: 0.074 sec): 302(overused: 791)
Unrouted general nets at iteration 12 (MT total route time: 0.067 sec): 258(overused: 656)
Unrouted general nets at iteration 13 (MT total route time: 0.059 sec): 237(overused: 571)
Unrouted general nets at iteration 14 (MT total route time: 0.049 sec): 187(overused: 405)
Unrouted general nets at iteration 15 (MT total route time: 0.048 sec): 156(overused: 357)
Unrouted general nets at iteration 16 (MT total route time: 0.035 sec): 131(overused: 296)
Unrouted general nets at iteration 17 (MT total route time: 0.029 sec): 109(overused: 268)
Unrouted general nets at iteration 18 (MT total route time: 0.023 sec): 83(overused: 190)
Unrouted general nets at iteration 19 (MT total route time: 0.029 sec): 96(overused: 200)
Unrouted general nets at iteration 20 (MT total route time: 0.031 sec): 107(overused: 212)
Unrouted general nets at iteration 21 (MT total route time: 0.027 sec): 76(overused: 186)
Unrouted general nets at iteration 22 (MT total route time: 0.020 sec): 57(overused: 120)
Unrouted general nets at iteration 23 (MT total route time: 0.017 sec): 54(overused: 102)
Unrouted general nets at iteration 24 (MT total route time: 0.014 sec): 43(overused: 74)
Unrouted general nets at iteration 25 (MT total route time: 0.021 sec): 36(overused: 78)
Unrouted general nets at iteration 26 (MT total route time: 0.025 sec): 34(overused: 58)
Unrouted general nets at iteration 27 (MT total route time: 0.016 sec): 21(overused: 36)
Unrouted general nets at iteration 28 (MT total route time: 0.012 sec): 20(overused: 44)
Unrouted general nets at iteration 29 (MT total route time: 0.016 sec): 21(overused: 38)
Unrouted general nets at iteration 30 (MT total route time: 0.009 sec): 21(overused: 42)
Unrouted general nets at iteration 31 (MT total route time: 0.017 sec): 25(overused: 36)
Unrouted general nets at iteration 32 (MT total route time: 0.016 sec): 24(overused: 67)
Unrouted general nets at iteration 33 (MT total route time: 0.016 sec): 24(overused: 42)
Unrouted general nets at iteration 34 (MT total route time: 0.010 sec): 16(overused: 24)
Unrouted general nets at iteration 35 (MT total route time: 0.012 sec): 12(overused: 20)
Unrouted general nets at iteration 36 (MT total route time: 0.007 sec): 6(overused: 14)
Unrouted general nets at iteration 37 (MT total route time: 0.006 sec): 5(overused: 8)
Unrouted general nets at iteration 38 (MT total route time: 0.007 sec): 2(overused: 2)
Unrouted general nets at iteration 39 (MT total route time: 0.007 sec): 8(overused: 12)
Unrouted general nets at iteration 40 (MT total route time: 0.008 sec): 12(overused: 14)
Unrouted general nets at iteration 41 (MT total route time: 0.008 sec): 5(overused: 8)
Unrouted general nets at iteration 42 (MT total route time: 0.007 sec): 2(overused: 2)
Unrouted general nets at iteration 43 (MT total route time: 0.006 sec): 0(overused: 0)
----General net take 0.006 sec(route net take 0.000 sec, inc cost take 0.001 sec, iter times: 1)
----const net route take 0.005 sec
Unrouted nets at iteration 44 (0.013 sec): 0
Stage: after detail route | Performance: TNS = 0 ; WNS = 11769 ; THS = NA ; WHS = NA | Time (s): real = 0h:0m:12s ; cpu = 0h:0m:5s ; process = 0h:0m:9s | Memory (MB): curr = 373.804688 ; peak = 373.808594 | Checksum: D688EEE7D41E6581
Begin rip-up and reroute:
Rip-up and reroute takes 0.11 sec.
Stage: after ripup & reroute | Performance: TNS = 0 ; WNS = 11769 ; THS = NA ; WHS = NA | Time (s): real = 0h:0m:12s ; cpu = 0h:0m:5s ; process = 0h:0m:9s | Memory (MB): curr = 376.566406 ; peak = 376.625000 | Checksum: D532D2B6B37D8FD9
Detailed routing takes 4.03 sec.
I: Design net nt_i_CLK_C42_IN_25M is routed by general path.
C: Route-2036: The clock path from i_CLK_C42_IN_25M_ibuf/opit_1:OUT to pll_inst/u_pll_e2/goppllinmuxd:CLK_IN[0] is routed by SRB.
Sort Original Nets take 0.000 sec
Check HPIO div result take 0.000 sec
Total net: 1834, route succeed net: 1834
Generate routing result take 0.007 sec
Handle PERMUX permutation take 0.138 sec
Handle const net take 0.013 sec
Handle route through take 0.060 sec
Used SRB routing arc is 15170.
Stage: after finish route | Performance: TNS = 0 ; WNS = 11769 ; THS = NA ; WHS = NA | Time (s): real = 0h:0m:12s ; cpu = 0h:0m:5s ; process = 0h:0m:10s | Memory (MB): curr = 363.894531 ; peak = 376.625000 | Checksum: F5895C449555212C
Finish routing takes 0.30 sec.
Total routing takes 5.77 sec.


Device Utilization Summary :
+----------------------------------------------------------------------------+
| Device Type                      | Used     | Available     | Util(%)     
+----------------------------------------------------------------------------+
| CLMA                             | 247      | 592           | 42          
| + FF                             | 480      | 3552          | 14          
| + LUT                            | 601      | 2368          | 26          
|   + LUT as Logic                 | 473      |               |             
|   + LUT as Const                 | 108      |               |             
|   + LUT as Bypass                | 20       |               |             
| CLMS                             | 308      | 888           | 35          
| + FF                             | 776      | 5328          | 15          
| + LUT                            | 796      | 3552          | 23          
|   + LUT as Logic                 | 719      |               |             
|   + LUT as Memory                | 0        |               |             
|     + LUT as Distributed RAM     | 0        |               |             
|   + LUT as Const                 | 63       |               |             
|   + LUT as Bypass                | 14       |               |             
| IO                               | 287      | 336           | 86          
| + IOBD                           | 19       | 21            | 91          
| + IOBR                           | 37       | 42            | 89          
| + IOBS                           | 231      | 273           | 85          
| BKCL                             | 6        | 6             | 100         
| CCS                              | 1        | 1             | 100         
| CLKDIV                           | 0        | 4             | 0           
| CLKDLY                           | 0        | 8             | 0           
| DLL                              | 0        | 2             | 0           
| DRM                              | 0        | 26            | 0           
| HARD0N1                          | 54       | 936           | 6           
| IOCKBRG                          | 0        | 2             | 0           
| IOCKGATE                         | 0        | 4             | 0           
| + IOCKGATE as Bypass             | 0        |               |             
| IOLDLYS                          | 132      | 252           | 53          
| IOLDLY                           | 43       | 84            | 52          
| IOL                              | 287      | 336           | 86          
| ISERDES                          | 0        | 21            | 0           
| LDO                              | 0        | 2             | 0           
| OSC                              | 0        | 1             | 0           
| OSERDES                          | 0        | 21            | 0           
| PLLINMUXD                        | 1        | 2             | 50          
| + PLLINMUXD as Bypass            | 0        |               |             
| PLL                              | 1        | 2             | 50          
| USCMDC                           | 1        | 8             | 13          
| + USCMDC as Bypass               | 0        |               |             
| USCMD                            | 0        | 2             | 0           
| + USCMD as Bypass                | 0        |               |             
| USSMBUF                          | 0        | 8             | 0           
| + USSMBUF as Bypass              | 0        |               |             
+----------------------------------------------------------------------------+

Finished routing. (CPU time elapsed 0h:00m:08s)
Design 'Tieta_Feiteng_2001_top' has been routed successfully.
Saving design to DB.
Action route: Export DB successfully.
Action route: Real time elapsed is 0h:0m:14s
Action route: CPU time elapsed is 0h:0m:9s
Action route: Process CPU time elapsed is 0h:0m:11s
Action route: Peak memory pool usage is 376 MB

Current time: Wed Mar 11 14:45:45 2026
