#Build: Fabric Compiler 2024.2-SP1.2, Build 187561, May 22 18:16 2025
#Install: C:\studyware\pango\PDS_2024.2-SP1.2-ads\bin
#Application name: pds_shell.exe
#OS: Windows 10 10.0.18363
#Hostname: z02665mj
Generated by Fabric Compiler (version 2024.2-SP1.2 build 187561) at Thu Mar 26 17:59:28 2026
Parameters for debugging are loaded as follows:
Compiling verification operator library.
Compiling common defs.
Compiling prim grid devices.
Compiling place grid timing.
Compiling gate devices.
Compiling gate operators.
Building architecture model.
Loading device packaging model.
Building architecture floorplan logic view.
Elaborate the liberty model.
I: Multithreading enabled for Timing using a maximum of 4 processes.

Routing started.
Build routing arch for double attribute device.
Enter timing driven router mode.
I: Multithreading enabled for route using a maximum of 1 processes.
W: Route-4027: Cannot find permit_rougth_thru_units.json file in working directory.
Building routing graph takes 0.54 sec.
Enable Recovery Analysis in Routing
Init coarse delay table.
Read place coarse delay table takes 0.05 sec.
build place dedicate switch graph takes 0.17 sec
Setup STE netlist take 555 msec.
Slack Weight : 90
CE/RS signal series limit : 500
Dispose control chain take 63 msec.
Collect const net info take 20 msec.
Total nets for routing: 2237.
Total loads for routing: 10381.
Direct connect net size: 1053
Build all design net take 142 msec.
Processing design graph takes 0.78 sec.
Delay table total memory: 4.79386520 MB
Route graph total memory: 10.70096970 MB
Route design total memory: 3.52967453 MB
The remaining process takes 0.04 sec.
Stage: after context initialize | Performance: TNS = 0 ; WNS = 11143 ; THS = NA ; WHS = NA | Time (s): real = 0h:0m:5s ; cpu = 0h:0m:3s ; process = 0h:0m:4s | Memory (MB): curr = 330.867188 ; peak = 350.613281 | Checksum: FA7113C2567E7921
Global routing takes 0.00 sec.
Pin Cost Increasing Speed 300
Unrouted clock nets at iteration 0 (0.006 sec): 0
Stage: after clock route | Performance: TNS = 0 ; WNS = 11143 ; THS = NA ; WHS = NA | Time (s): real = 0h:0m:5s ; cpu = 0h:0m:3s ; process = 0h:0m:4s | Memory (MB): curr = 332.148438 ; peak = 350.613281 | Checksum: 4395844E448A2516
Total route nets size: 2232
I: Start printing congestion info.
I: Finish printing congestion info.
Pre route takes 0.591 sec
Stage: after pre route | Performance: TNS = 0 ; WNS = 11510 ; THS = 0 ; WHS = 274 | Time (s): real = 0h:0m:6s ; cpu = 0h:0m:3s ; process = 0h:0m:5s | Memory (MB): curr = 378.011719 ; peak = 382.335938 | Checksum: 6EB4CCCFE5BBA398
Unrouted general nets at iteration 2 (MT total route time: 0.346 sec): 1842(overused: 10321)
Unrouted general nets at iteration 3 (MT total route time: 0.318 sec): 1618(overused: 6529)
Unrouted general nets at iteration 4 (MT total route time: 0.281 sec): 1436(overused: 5236)
Unrouted general nets at iteration 5 (MT total route time: 0.174 sec): 1276(overused: 4176)
Unrouted general nets at iteration 6 (MT total route time: 0.148 sec): 1155(overused: 3480)
Unrouted general nets at iteration 7 (MT total route time: 0.110 sec): 743(overused: 2475)
Unrouted general nets at iteration 8 (MT total route time: 0.090 sec): 548(overused: 1626)
Unrouted general nets at iteration 9 (MT total route time: 0.075 sec): 470(overused: 1240)
Unrouted general nets at iteration 10 (MT total route time: 0.067 sec): 408(overused: 962)
Unrouted general nets at iteration 11 (MT total route time: 0.055 sec): 322(overused: 713)
Unrouted general nets at iteration 12 (MT total route time: 0.042 sec): 249(overused: 607)
Unrouted general nets at iteration 13 (MT total route time: 0.039 sec): 214(overused: 489)
Unrouted general nets at iteration 14 (MT total route time: 0.028 sec): 173(overused: 369)
Unrouted general nets at iteration 15 (MT total route time: 0.020 sec): 146(overused: 306)
Unrouted general nets at iteration 16 (MT total route time: 0.019 sec): 126(overused: 262)
Unrouted general nets at iteration 17 (MT total route time: 0.021 sec): 98(overused: 204)
Unrouted general nets at iteration 18 (MT total route time: 0.015 sec): 71(overused: 139)
Unrouted general nets at iteration 19 (MT total route time: 0.011 sec): 52(overused: 100)
Unrouted general nets at iteration 20 (MT total route time: 0.009 sec): 39(overused: 68)
Unrouted general nets at iteration 21 (MT total route time: 0.010 sec): 44(overused: 72)
Unrouted general nets at iteration 22 (MT total route time: 0.008 sec): 35(overused: 66)
Unrouted general nets at iteration 23 (MT total route time: 0.007 sec): 28(overused: 44)
Unrouted general nets at iteration 24 (MT total route time: 0.007 sec): 25(overused: 42)
Unrouted general nets at iteration 25 (MT total route time: 0.005 sec): 19(overused: 32)
Unrouted general nets at iteration 26 (MT total route time: 0.005 sec): 13(overused: 22)
Unrouted general nets at iteration 27 (MT total route time: 0.005 sec): 10(overused: 16)
Unrouted general nets at iteration 28 (MT total route time: 0.005 sec): 10(overused: 16)
Unrouted general nets at iteration 29 (MT total route time: 0.005 sec): 4(overused: 8)
Unrouted general nets at iteration 30 (MT total route time: 0.005 sec): 4(overused: 4)
Unrouted general nets at iteration 31 (MT total route time: 0.004 sec): 4(overused: 6)
Unrouted general nets at iteration 32 (MT total route time: 0.006 sec): 2(overused: 4)
Unrouted general nets at iteration 33 (MT total route time: 0.005 sec): 0(overused: 0)
----General net take 0.007 sec(route net take 0.000 sec, inc cost take 0.004 sec, iter times: 1)
----const net route take 0.005 sec
Unrouted nets at iteration 34 (0.014 sec): 0
Stage: after detail route | Performance: TNS = 0 ; WNS = 10778 ; THS = NA ; WHS = NA | Time (s): real = 0h:0m:8s ; cpu = 0h:0m:4s ; process = 0h:0m:8s | Memory (MB): curr = 385.656250 ; peak = 385.660156 | Checksum: FC01BC1D7DB0ECF1
Begin rip-up and reroute:
Rip-up and reroute takes 0.08 sec.
Stage: after ripup & reroute | Performance: TNS = 0 ; WNS = 10774 ; THS = NA ; WHS = NA | Time (s): real = 0h:0m:8s ; cpu = 0h:0m:4s ; process = 0h:0m:8s | Memory (MB): curr = 389.664063 ; peak = 389.714844 | Checksum: 29F285D644A92F88
Detailed routing takes 3.03 sec.
I: Design net nt_i_CLK_C42_IN_25M is routed by general path.
C: Route-2036: The clock path from i_CLK_C42_IN_25M_ibuf/opit_1:OUT to pll_inst/u_pll_e2/goppllinmuxd:CLK_IN[0] is routed by SRB.
Sort Original Nets take 0.001 sec
Check HPIO div result take 0.000 sec
Total net: 2237, route succeed net: 2237
Generate routing result take 0.005 sec
Handle PERMUX permutation take 0.078 sec
Handle const net take 0.005 sec
Handle route through take 0.025 sec
Used SRB routing arc is 17975.
Stage: after finish route | Performance: TNS = 0 ; WNS = 10774 ; THS = NA ; WHS = NA | Time (s): real = 0h:0m:9s ; cpu = 0h:0m:4s ; process = 0h:0m:8s | Memory (MB): curr = 373.171875 ; peak = 389.714844 | Checksum: 3F6ACFEBB98D9865
Finish routing takes 0.17 sec.
Total routing takes 4.64 sec.


Device Utilization Summary :
+----------------------------------------------------------------------------+
| Device Type                      | Used     | Available     | Util(%)     
+----------------------------------------------------------------------------+
| CLMA                             | 275      | 592           | 47          
| + FF                             | 574      | 3552          | 17          
| + LUT                            | 702      | 2368          | 30          
|   + LUT as Logic                 | 577      |               |             
|   + LUT as Const                 | 111      |               |             
|   + LUT as Bypass                | 14       |               |             
| CLMS                             | 387      | 888           | 44          
| + FF                             | 945      | 5328          | 18          
| + LUT                            | 1012     | 3552          | 29          
|   + LUT as Logic                 | 930      |               |             
|   + LUT as Memory                | 0        |               |             
|     + LUT as Distributed RAM     | 0        |               |             
|   + LUT as Const                 | 74       |               |             
|   + LUT as Bypass                | 8        |               |             
| IO                               | 263      | 336           | 79          
| + IOBD                           | 19       | 21            | 91          
| + IOBR                           | 31       | 42            | 74          
| + IOBS                           | 213      | 273           | 79          
| BKCL                             | 6        | 6             | 100         
| CCS                              | 1        | 1             | 100         
| CLKDIV                           | 0        | 4             | 0           
| CLKDLY                           | 0        | 8             | 0           
| DLL                              | 0        | 2             | 0           
| DRM                              | 0        | 26            | 0           
| HARD0N1                          | 76       | 936           | 9           
| IOCKBRG                          | 0        | 2             | 0           
| IOCKGATE                         | 0        | 4             | 0           
| + IOCKGATE as Bypass             | 0        |               |             
| IOLDLYS                          | 124      | 252           | 50          
| IOLDLY                           | 39       | 84            | 47          
| IOL                              | 263      | 336           | 79          
| ISERDES                          | 0        | 21            | 0           
| LDO                              | 0        | 2             | 0           
| OSC                              | 0        | 1             | 0           
| OSERDES                          | 0        | 21            | 0           
| PLLINMUXD                        | 1        | 2             | 50          
| + PLLINMUXD as Bypass            | 0        |               |             
| PLL                              | 1        | 2             | 50          
| USCMDC                           | 1        | 8             | 13          
| + USCMDC as Bypass               | 0        |               |             
| USCMD                            | 0        | 2             | 0           
| + USCMD as Bypass                | 0        |               |             
| USSMBUF                          | 0        | 8             | 0           
| + USSMBUF as Bypass              | 0        |               |             
+----------------------------------------------------------------------------+

Finished routing. (CPU time elapsed 0h:00m:07s)
Design 'Tieta_Feiteng_2001_top' has been routed successfully.
Saving design to DB.
Action route: Export DB successfully.
Action route: Real time elapsed is 0h:0m:10s
Action route: CPU time elapsed is 0h:0m:8s
Action route: Process CPU time elapsed is 0h:0m:9s
Action route: Peak memory pool usage is 389 MB

Current time: Thu Mar 26 17:59:36 2026
