#Build: Fabric Compiler 2024.2-SP1.2, Build 187561, May 22 18:16 2025
#Install: C:\studyware\pango\PDS_2024.2-SP1.2-ads\bin
#Application name: pds_shell.exe
#OS: Windows 10 10.0.18363
#Hostname: z02665mj
Generated by Fabric Compiler (version 2024.2-SP1.2 build 187561) at Thu Mar  5 22:15:41 2026
Parameters for debugging are loaded as follows:
Compiling verification operator library.
Compiling common defs.
Compiling prim grid devices.
Compiling place grid timing.
Compiling gate devices.
Compiling gate operators.
Building architecture model.
Loading device packaging model.
Building architecture floorplan logic view.
Elaborate the liberty model.
I: Multithreading enabled for Timing using a maximum of 4 processes.

Routing started.
Build routing arch for double attribute device.
Enter timing driven router mode.
I: Multithreading enabled for route using a maximum of 1 processes.
W: Route-4027: Cannot find permit_rougth_thru_units.json file in working directory.
Building routing graph takes 0.30 sec.
Enable Recovery Analysis in Routing
Init coarse delay table.
Read place coarse delay table takes 0.05 sec.
build place dedicate switch graph takes 0.16 sec
Setup STE netlist take 486 msec.
Slack Weight : 90
CE/RS signal series limit : 500
Dispose control chain take 66 msec.
Collect const net info take 23 msec.
Total nets for routing: 2586.
Total loads for routing: 12156.
Direct connect net size: 1187
Build all design net take 150 msec.
Processing design graph takes 0.73 sec.
Delay table total memory: 4.79386520 MB
Route graph total memory: 10.90883255 MB
Route design total memory: 3.95538712 MB
The remaining process takes 0.04 sec.
Stage: after context initialize | Performance: TNS = 0 ; WNS = 9563 ; THS = NA ; WHS = NA | Time (s): real = 0h:0m:5s ; cpu = 0h:0m:3s ; process = 0h:0m:4s | Memory (MB): curr = 346.730469 ; peak = 368.941406 | Checksum: CC759C200180E46
Global routing takes 0.00 sec.
Pin Cost Increasing Speed 300
Unrouted clock nets at iteration 0 (0.008 sec): 0
Stage: after clock route | Performance: TNS = 0 ; WNS = 9563 ; THS = NA ; WHS = NA | Time (s): real = 0h:0m:5s ; cpu = 0h:0m:3s ; process = 0h:0m:4s | Memory (MB): curr = 347.777344 ; peak = 368.941406 | Checksum: B609DB59AE0FD6C8
Total route nets size: 2578
I: Start printing congestion info.
I: Finish printing congestion info.
Pre route takes 0.723 sec
Stage: after pre route | Performance: TNS = 0 ; WNS = 11229 ; THS = 0 ; WHS = 258 | Time (s): real = 0h:0m:5s ; cpu = 0h:0m:3s ; process = 0h:0m:5s | Memory (MB): curr = 402.980469 ; peak = 407.898438 | Checksum: 766B361BA767F4A4
Unrouted general nets at iteration 2 (MT total route time: 0.419 sec): 2202(overused: 12168)
Unrouted general nets at iteration 3 (MT total route time: 0.325 sec): 1835(overused: 7577)
Unrouted general nets at iteration 4 (MT total route time: 0.252 sec): 1624(overused: 5938)
Unrouted general nets at iteration 5 (MT total route time: 0.214 sec): 1431(overused: 4649)
Unrouted general nets at iteration 6 (MT total route time: 0.169 sec): 1283(overused: 3830)
Unrouted general nets at iteration 7 (MT total route time: 0.127 sec): 935(overused: 2665)
Unrouted general nets at iteration 8 (MT total route time: 0.108 sec): 709(overused: 1879)
Unrouted general nets at iteration 9 (MT total route time: 0.088 sec): 596(overused: 1438)
Unrouted general nets at iteration 10 (MT total route time: 0.070 sec): 481(overused: 1113)
Unrouted general nets at iteration 11 (MT total route time: 0.058 sec): 369(overused: 875)
Unrouted general nets at iteration 12 (MT total route time: 0.050 sec): 308(overused: 686)
Unrouted general nets at iteration 13 (MT total route time: 0.042 sec): 272(overused: 577)
Unrouted general nets at iteration 14 (MT total route time: 0.043 sec): 231(overused: 526)
Unrouted general nets at iteration 15 (MT total route time: 0.046 sec): 201(overused: 432)
Unrouted general nets at iteration 16 (MT total route time: 0.040 sec): 184(overused: 465)
Unrouted general nets at iteration 17 (MT total route time: 0.039 sec): 179(overused: 410)
Unrouted general nets at iteration 18 (MT total route time: 0.034 sec): 161(overused: 307)
Unrouted general nets at iteration 19 (MT total route time: 0.027 sec): 145(overused: 284)
Unrouted general nets at iteration 20 (MT total route time: 0.024 sec): 106(overused: 184)
Unrouted general nets at iteration 21 (MT total route time: 0.018 sec): 88(overused: 149)
Unrouted general nets at iteration 22 (MT total route time: 0.017 sec): 72(overused: 130)
Unrouted general nets at iteration 23 (MT total route time: 0.017 sec): 77(overused: 122)
Unrouted general nets at iteration 24 (MT total route time: 0.014 sec): 56(overused: 110)
Unrouted general nets at iteration 25 (MT total route time: 0.015 sec): 50(overused: 88)
Unrouted general nets at iteration 26 (MT total route time: 0.013 sec): 40(overused: 80)
Unrouted general nets at iteration 27 (MT total route time: 0.013 sec): 31(overused: 68)
Unrouted general nets at iteration 28 (MT total route time: 0.013 sec): 24(overused: 40)
Unrouted general nets at iteration 29 (MT total route time: 0.009 sec): 21(overused: 28)
Unrouted general nets at iteration 30 (MT total route time: 0.008 sec): 17(overused: 34)
Unrouted general nets at iteration 31 (MT total route time: 0.007 sec): 14(overused: 24)
Unrouted general nets at iteration 32 (MT total route time: 0.007 sec): 13(overused: 20)
Unrouted general nets at iteration 33 (MT total route time: 0.007 sec): 10(overused: 16)
Unrouted general nets at iteration 34 (MT total route time: 0.007 sec): 10(overused: 12)
Unrouted general nets at iteration 35 (MT total route time: 0.006 sec): 4(overused: 4)
Unrouted general nets at iteration 36 (MT total route time: 0.006 sec): 0(overused: 0)
----General net take 0.007 sec(route net take 0.000 sec, inc cost take 0.002 sec, iter times: 1)
----const net route take 0.007 sec
Unrouted nets at iteration 37 (0.015 sec): 0
Stage: after detail route | Performance: TNS = 0 ; WNS = 10145 ; THS = NA ; WHS = NA | Time (s): real = 0h:0m:8s ; cpu = 0h:0m:3s ; process = 0h:0m:8s | Memory (MB): curr = 411.175781 ; peak = 411.179688 | Checksum: 48B188966DD5BFFA
Begin rip-up and reroute:
Rip-up and reroute takes 0.11 sec.
Stage: after ripup & reroute | Performance: TNS = 0 ; WNS = 10145 ; THS = NA ; WHS = NA | Time (s): real = 0h:0m:8s ; cpu = 0h:0m:4s ; process = 0h:0m:8s | Memory (MB): curr = 415.648438 ; peak = 415.707031 | Checksum: 5DAF680CD126E64B
Detailed routing takes 3.65 sec.
I: Design net genblk1[0].fan_pwm_tach_m/w_clk_1s_pos is routed by general path.
C: Route-2036: The clock path from genblk1[0].fan_pwm_tach_m/Edge_Detect_u1/N0/gateop:Z to clkbufgs_6:CLKIN is routed by SRB.
I: Design net nt_i_CLK_PAL_IN_25M is routed by general path.
C: Route-2036: The clock path from i_CLK_PAL_IN_25M_ibuf/opit_1:OUT to pll_inst/u_pll_e2/goppllinmuxd:CLK_IN[0] is routed by SRB.
Sort Original Nets take 0.001 sec
Check HPIO div result take 0.000 sec
Total net: 2586, route succeed net: 2586
Generate routing result take 0.008 sec
Handle PERMUX permutation take 0.117 sec
Handle const net take 0.008 sec
Handle route through take 0.034 sec
Used SRB routing arc is 20481.
Stage: after finish route | Performance: TNS = 0 ; WNS = 10145 ; THS = NA ; WHS = NA | Time (s): real = 0h:0m:9s ; cpu = 0h:0m:4s ; process = 0h:0m:8s | Memory (MB): curr = 393.828125 ; peak = 415.707031 | Checksum: 372407357A97508C
Finish routing takes 0.25 sec.
Total routing takes 5.08 sec.


Device Utilization Summary :
+----------------------------------------------------------------------------+
| Device Type                      | Used     | Available     | Util(%)     
+----------------------------------------------------------------------------+
| CLMA                             | 335      | 592           | 57          
| + FF                             | 634      | 3552          | 18          
| + LUT                            | 926      | 2368          | 40          
|   + LUT as Logic                 | 746      |               |             
|   + LUT as Const                 | 166      |               |             
|   + LUT as Bypass                | 14       |               |             
| CLMS                             | 469      | 888           | 53          
| + FF                             | 1038     | 5328          | 20          
| + LUT                            | 1318     | 3552          | 38          
|   + LUT as Logic                 | 1169     |               |             
|   + LUT as Memory                | 0        |               |             
|     + LUT as Distributed RAM     | 0        |               |             
|   + LUT as Const                 | 129      |               |             
|   + LUT as Bypass                | 20       |               |             
| IO                               | 308      | 336           | 92          
| + IOBD                           | 21       | 21            | 100         
| + IOBR                           | 40       | 42            | 96          
| + IOBS                           | 247      | 273           | 91          
| BKCL                             | 6        | 6             | 100         
| CCS                              | 1        | 1             | 100         
| CLKDIV                           | 0        | 4             | 0           
| CLKDLY                           | 0        | 8             | 0           
| DLL                              | 0        | 2             | 0           
| DRM                              | 0        | 26            | 0           
| HARD0N1                          | 144      | 936           | 16          
| IOCKBRG                          | 0        | 2             | 0           
| IOCKGATE                         | 0        | 4             | 0           
| + IOCKGATE as Bypass             | 0        |               |             
| IOLDLYS                          | 138      | 252           | 55          
| IOLDLY                           | 57       | 84            | 68          
| IOL                              | 308      | 336           | 92          
| ISERDES                          | 0        | 21            | 0           
| LDO                              | 0        | 2             | 0           
| OSC                              | 0        | 1             | 0           
| OSERDES                          | 0        | 21            | 0           
| PLLINMUXD                        | 1        | 2             | 50          
| + PLLINMUXD as Bypass            | 0        |               |             
| PLL                              | 1        | 2             | 50          
| USCMDC                           | 2        | 8             | 25          
| + USCMDC as Bypass               | 0        |               |             
| USCMD                            | 0        | 2             | 0           
| + USCMD as Bypass                | 0        |               |             
| USSMBUF                          | 1        | 8             | 13          
| + USSMBUF as Bypass              | 0        |               |             
+----------------------------------------------------------------------------+

Finished routing. (CPU time elapsed 0h:00m:07s)
Design 'Tieta_Feiteng_1001_top' has been routed successfully.
Saving design to DB.
Action route: Export DB successfully.
Action route: Real time elapsed is 0h:0m:10s
Action route: CPU time elapsed is 0h:0m:8s
Action route: Process CPU time elapsed is 0h:0m:9s
Action route: Peak memory pool usage is 415 MB

Current time: Thu Mar  5 22:15:49 2026
