#Build: Fabric Compiler 2024.2-SP1.2, Build 187561, May 22 18:16 2025
#Install: C:\studyware\pango\PDS_2024.2-SP1.2-ads\bin
#Application name: pds_shell.exe
#OS: Windows 10 10.0.18363
#Hostname: z02665mj
Generated by Fabric Compiler (version 2024.2-SP1.2 build 187561) at Fri Mar 27 19:47:33 2026
Parameters for debugging are loaded as follows:
Compiling verification operator library.
Compiling common defs.
Compiling prim grid devices.
Compiling place grid timing.
Compiling gate devices.
Compiling gate operators.
Building architecture model.
Loading device packaging model.
Building architecture floorplan logic view.
Elaborate the liberty model.
I: Multithreading enabled for Timing using a maximum of 4 processes.

Routing started.
Build routing arch for double attribute device.
Enter timing driven router mode.
I: Multithreading enabled for route using a maximum of 1 processes.
W: Route-4027: Cannot find permit_rougth_thru_units.json file in working directory.
Building routing graph takes 0.51 sec.
Enable Recovery Analysis in Routing
Init coarse delay table.
Read place coarse delay table takes 0.03 sec.
build place dedicate switch graph takes 0.11 sec
Setup STE netlist take 539 msec.
Slack Weight : 90
CE/RS signal series limit : 500
Dispose control chain take 92 msec.
Collect const net info take 26 msec.
Total nets for routing: 3157.
Total loads for routing: 14866.
Direct connect net size: 1290
Build all design net take 187 msec.
Processing design graph takes 0.85 sec.
Delay table total memory: 4.79386520 MB
Route graph total memory: 11.34493256 MB
Route design total memory: 4.24293900 MB
The remaining process takes 0.05 sec.
Stage: after context initialize | Performance: TNS = 0 ; WNS = 8741 ; THS = NA ; WHS = NA | Time (s): real = 0h:0m:5s ; cpu = 0h:0m:3s ; process = 0h:0m:5s | Memory (MB): curr = 355.781250 ; peak = 382.285156 | Checksum: 5DA64DF60FF2488F
Global routing takes 0.00 sec.
Pin Cost Increasing Speed 300
Unrouted clock nets at iteration 0 (0.009 sec): 0
Stage: after clock route | Performance: TNS = 0 ; WNS = 8741 ; THS = NA ; WHS = NA | Time (s): real = 0h:0m:5s ; cpu = 0h:0m:3s ; process = 0h:0m:5s | Memory (MB): curr = 357.132813 ; peak = 382.285156 | Checksum: EA2C74DAEF8E2DF5
Total route nets size: 3149
I: Start printing congestion info.
I: Finish printing congestion info.
Pre route takes 0.947 sec
Stage: after pre route | Performance: TNS = 0 ; WNS = 10273 ; THS = -107 ; WHS = -107 | Time (s): real = 0h:0m:6s ; cpu = 0h:0m:4s ; process = 0h:0m:6s | Memory (MB): curr = 420.878906 ; peak = 425.382813 | Checksum: 7094A7CA8AA456AD
Unrouted general nets at iteration 2 (MT total route time: 0.678 sec): 2767(overused: 15117)
Unrouted general nets at iteration 3 (MT total route time: 0.452 sec): 2389(overused: 9404)
Unrouted general nets at iteration 4 (MT total route time: 0.320 sec): 2057(overused: 7433)
Unrouted general nets at iteration 5 (MT total route time: 0.262 sec): 1853(overused: 6059)
Unrouted general nets at iteration 6 (MT total route time: 0.223 sec): 1652(overused: 5119)
Unrouted general nets at iteration 7 (MT total route time: 0.196 sec): 1227(overused: 3742)
Unrouted general nets at iteration 8 (MT total route time: 0.154 sec): 976(overused: 2628)
Unrouted general nets at iteration 9 (MT total route time: 0.124 sec): 798(overused: 2050)
Unrouted general nets at iteration 10 (MT total route time: 0.114 sec): 672(overused: 1623)
Unrouted general nets at iteration 11 (MT total route time: 0.090 sec): 561(overused: 1283)
Unrouted general nets at iteration 12 (MT total route time: 0.083 sec): 446(overused: 1005)
Unrouted general nets at iteration 13 (MT total route time: 0.067 sec): 348(overused: 737)
Unrouted general nets at iteration 14 (MT total route time: 0.054 sec): 273(overused: 587)
Unrouted general nets at iteration 15 (MT total route time: 0.048 sec): 242(overused: 484)
Unrouted general nets at iteration 16 (MT total route time: 0.048 sec): 232(overused: 450)
Unrouted general nets at iteration 17 (MT total route time: 0.042 sec): 197(overused: 358)
Unrouted general nets at iteration 18 (MT total route time: 0.043 sec): 168(overused: 352)
Unrouted general nets at iteration 19 (MT total route time: 0.048 sec): 167(overused: 315)
Unrouted general nets at iteration 20 (MT total route time: 0.041 sec): 143(overused: 277)
Unrouted general nets at iteration 21 (MT total route time: 0.035 sec): 114(overused: 219)
Unrouted general nets at iteration 22 (MT total route time: 0.030 sec): 94(overused: 184)
Unrouted general nets at iteration 23 (MT total route time: 0.025 sec): 100(overused: 178)
Unrouted general nets at iteration 24 (MT total route time: 0.028 sec): 87(overused: 152)
Unrouted general nets at iteration 25 (MT total route time: 0.024 sec): 78(overused: 144)
Unrouted general nets at iteration 26 (MT total route time: 0.023 sec): 60(overused: 102)
Unrouted general nets at iteration 27 (MT total route time: 0.017 sec): 39(overused: 56)
Unrouted general nets at iteration 28 (MT total route time: 0.017 sec): 40(overused: 64)
Unrouted general nets at iteration 29 (MT total route time: 0.021 sec): 38(overused: 66)
Unrouted general nets at iteration 30 (MT total route time: 0.028 sec): 43(overused: 86)
Unrouted general nets at iteration 31 (MT total route time: 0.027 sec): 31(overused: 64)
Unrouted general nets at iteration 32 (MT total route time: 0.012 sec): 26(overused: 46)
Unrouted general nets at iteration 33 (MT total route time: 0.012 sec): 23(overused: 38)
Unrouted general nets at iteration 34 (MT total route time: 0.011 sec): 16(overused: 24)
Unrouted general nets at iteration 35 (MT total route time: 0.024 sec): 37(overused: 84)
Unrouted general nets at iteration 36 (MT total route time: 0.027 sec): 39(overused: 82)
Unrouted general nets at iteration 37 (MT total route time: 0.021 sec): 33(overused: 64)
Unrouted general nets at iteration 38 (MT total route time: 0.021 sec): 34(overused: 46)
Unrouted general nets at iteration 39 (MT total route time: 0.017 sec): 34(overused: 68)
Unrouted general nets at iteration 40 (MT total route time: 0.018 sec): 41(overused: 74)
Unrouted general nets at iteration 41 (MT total route time: 0.014 sec): 32(overused: 50)
Unrouted general nets at iteration 42 (MT total route time: 0.011 sec): 17(overused: 24)
Unrouted general nets at iteration 43 (MT total route time: 0.017 sec): 17(overused: 28)
Unrouted general nets at iteration 44 (MT total route time: 0.013 sec): 23(overused: 38)
Unrouted general nets at iteration 45 (MT total route time: 0.014 sec): 24(overused: 40)
Unrouted general nets at iteration 46 (MT total route time: 0.011 sec): 23(overused: 30)
Unrouted general nets at iteration 47 (MT total route time: 0.010 sec): 26(overused: 46)
Unrouted general nets at iteration 48 (MT total route time: 0.011 sec): 20(overused: 22)
Unrouted general nets at iteration 49 (MT total route time: 0.013 sec): 18(overused: 30)
Unrouted general nets at iteration 50 (MT total route time: 0.010 sec): 14(overused: 20)
Unrouted general nets at iteration 51 (MT total route time: 0.009 sec): 8(overused: 12)
Unrouted general nets at iteration 52 (MT total route time: 0.009 sec): 3(overused: 8)
Unrouted general nets at iteration 53 (MT total route time: 0.008 sec): 2(overused: 8)
Unrouted general nets at iteration 54 (MT total route time: 0.008 sec): 4(overused: 8)
Unrouted general nets at iteration 55 (MT total route time: 0.008 sec): 2(overused: 4)
Unrouted general nets at iteration 56 (MT total route time: 0.009 sec): 2(overused: 2)
Unrouted general nets at iteration 57 (MT total route time: 0.008 sec): 2(overused: 2)
Unrouted general nets at iteration 58 (MT total route time: 0.007 sec): 2(overused: 4)
Unrouted general nets at iteration 59 (MT total route time: 0.008 sec): 2(overused: 2)
Unrouted general nets at iteration 60 (MT total route time: 0.008 sec): 0(overused: 0)
----General net take 0.010 sec(route net take 0.000 sec, inc cost take 0.003 sec, iter times: 1)
----const net route take 0.010 sec
Unrouted nets at iteration 61 (0.021 sec): 0
Stage: after detail route | Performance: TNS = 0 ; WNS = 8784 ; THS = NA ; WHS = NA | Time (s): real = 0h:0m:11s ; cpu = 0h:0m:4s ; process = 0h:0m:10s | Memory (MB): curr = 429.496094 ; peak = 429.500000 | Checksum: C5E12E70ED8C269A
Begin rip-up and reroute:
Rip-up and reroute takes 0.12 sec.
Stage: after ripup & reroute | Performance: TNS = 0 ; WNS = 8787 ; THS = NA ; WHS = NA | Time (s): real = 0h:0m:11s ; cpu = 0h:0m:4s ; process = 0h:0m:11s | Memory (MB): curr = 433.820313 ; peak = 433.863281 | Checksum: 2CA4DB3C68257FF7
Detailed routing takes 5.60 sec.
I: Design net genblk1[0].fan_pwm_tach_m/w_clk_1s_pos is routed by general path.
C: Route-2036: The clock path from genblk1[0].fan_pwm_tach_m/Edge_Detect_u1/N0/gateop:Z to clkbufgs_6:CLKIN is routed by SRB.
I: Design net nt_i_CLK_PAL_IN_25M is routed by general path.
C: Route-2036: The clock path from i_CLK_PAL_IN_25M_ibuf/opit_1:OUT to pll_inst/u_pll_e2/goppllinmuxd:CLK_IN[0] is routed by SRB.
Sort Original Nets take 0.002 sec
Check HPIO div result take 0.000 sec
Total net: 3157, route succeed net: 3157
Generate routing result take 0.008 sec
Handle PERMUX permutation take 0.114 sec
Handle const net take 0.010 sec
Handle route through take 0.033 sec
Used SRB routing arc is 25408.
Stage: after finish route | Performance: TNS = 0 ; WNS = 8787 ; THS = NA ; WHS = NA | Time (s): real = 0h:0m:11s ; cpu = 0h:0m:5s ; process = 0h:0m:11s | Memory (MB): curr = 409.863281 ; peak = 433.863281 | Checksum: E6B09401B5932896
Finish routing takes 0.24 sec.
Total routing takes 7.36 sec.


Device Utilization Summary :
+----------------------------------------------------------------------------+
| Device Type                      | Used     | Available     | Util(%)     
+----------------------------------------------------------------------------+
| CLMA                             | 397      | 592           | 68          
| + FF                             | 815      | 3552          | 23          
| + LUT                            | 1154     | 2368          | 49          
|   + LUT as Logic                 | 934      |               |             
|   + LUT as Const                 | 214      |               |             
|   + LUT as Bypass                | 6        |               |             
| CLMS                             | 552      | 888           | 63          
| + FF                             | 1267     | 5328          | 24          
| + LUT                            | 1571     | 3552          | 45          
|   + LUT as Logic                 | 1410     |               |             
|   + LUT as Memory                | 0        |               |             
|     + LUT as Distributed RAM     | 0        |               |             
|   + LUT as Const                 | 133      |               |             
|   + LUT as Bypass                | 28       |               |             
| IO                               | 308      | 336           | 92          
| + IOBD                           | 21       | 21            | 100         
| + IOBR                           | 40       | 42            | 96          
| + IOBS                           | 247      | 273           | 91          
| BKCL                             | 6        | 6             | 100         
| CCS                              | 1        | 1             | 100         
| CLKDIV                           | 0        | 4             | 0           
| CLKDLY                           | 0        | 8             | 0           
| DLL                              | 0        | 2             | 0           
| DRM                              | 0        | 26            | 0           
| HARD0N1                          | 188      | 936           | 21          
| IOCKBRG                          | 0        | 2             | 0           
| IOCKGATE                         | 0        | 4             | 0           
| + IOCKGATE as Bypass             | 0        |               |             
| IOLDLYS                          | 138      | 252           | 55          
| IOLDLY                           | 57       | 84            | 68          
| IOL                              | 308      | 336           | 92          
| ISERDES                          | 0        | 21            | 0           
| LDO                              | 0        | 2             | 0           
| OSC                              | 0        | 1             | 0           
| OSERDES                          | 0        | 21            | 0           
| PLLINMUXD                        | 1        | 2             | 50          
| + PLLINMUXD as Bypass            | 0        |               |             
| PLL                              | 1        | 2             | 50          
| USCMDC                           | 2        | 8             | 25          
| + USCMDC as Bypass               | 0        |               |             
| USCMD                            | 0        | 2             | 0           
| + USCMD as Bypass                | 0        |               |             
| USSMBUF                          | 1        | 8             | 13          
| + USSMBUF as Bypass              | 0        |               |             
+----------------------------------------------------------------------------+

Finished routing. (CPU time elapsed 0h:00m:09s)
Design 'Tieta_Feiteng_1001_top' has been routed successfully.
Saving design to DB.
Action route: Export DB successfully.
Action route: Real time elapsed is 0h:0m:12s
Action route: CPU time elapsed is 0h:0m:10s
Action route: Process CPU time elapsed is 0h:0m:12s
Action route: Peak memory pool usage is 433 MB

Current time: Fri Mar 27 19:47:43 2026
