#Build: Fabric Compiler 2024.2-SP1.2, Build 187561, May 22 18:16 2025
#Install: C:\studyware\pango\PDS_2024.2-SP1.2-ads\bin
#Application name: pds_shell.exe
#OS: Windows 10 10.0.18363
#Hostname: z02665mj
Generated by Fabric Compiler (version 2024.2-SP1.2 build 187561) at Thu Mar  5 11:03:43 2026
Parameters for debugging are loaded as follows:
Compiling verification operator library.
Compiling common defs.
Compiling prim grid devices.
Compiling place grid timing.
Compiling gate devices.
Compiling gate operators.
Building architecture model.
Loading device packaging model.
Building architecture floorplan logic view.
Elaborate the liberty model.
I: Multithreading enabled for Timing using a maximum of 4 processes.

Routing started.
Build routing arch for double attribute device.
Enter timing driven router mode.
I: Multithreading enabled for route using a maximum of 1 processes.
W: Route-4027: Cannot find permit_rougth_thru_units.json file in working directory.
Building routing graph takes 0.29 sec.
Enable Recovery Analysis in Routing
Init coarse delay table.
Read place coarse delay table takes 0.02 sec.
build place dedicate switch graph takes 0.16 sec
Setup STE netlist take 507 msec.
Slack Weight : 90
CE/RS signal series limit : 500
Dispose control chain take 67 msec.
Collect const net info take 23 msec.
Total nets for routing: 2588.
Total loads for routing: 12197.
Direct connect net size: 1177
Build all design net take 153 msec.
Processing design graph takes 0.75 sec.
Delay table total memory: 4.79386520 MB
Route graph total memory: 10.90976334 MB
Route design total memory: 3.95571518 MB
The remaining process takes 0.05 sec.
Stage: after context initialize | Performance: TNS = 0 ; WNS = 9423 ; THS = NA ; WHS = NA | Time (s): real = 0h:0m:5s ; cpu = 0h:0m:3s ; process = 0h:0m:4s | Memory (MB): curr = 347.800781 ; peak = 369.300781 | Checksum: 8AE0A478C1EED3F6
Global routing takes 0.00 sec.
Pin Cost Increasing Speed 300
Unrouted clock nets at iteration 0 (0.008 sec): 0
Stage: after clock route | Performance: TNS = 0 ; WNS = 9423 ; THS = NA ; WHS = NA | Time (s): real = 0h:0m:5s ; cpu = 0h:0m:3s ; process = 0h:0m:4s | Memory (MB): curr = 348.582031 ; peak = 369.300781 | Checksum: F1309AF84E50B996
Total route nets size: 2580
I: Start printing congestion info.
I: Finish printing congestion info.
Pre route takes 0.699 sec
Stage: after pre route | Performance: TNS = 0 ; WNS = 10998 ; THS = 0 ; WHS = 260 | Time (s): real = 0h:0m:6s ; cpu = 0h:0m:3s ; process = 0h:0m:5s | Memory (MB): curr = 402.722656 ; peak = 407.503906 | Checksum: 8E5871844AEA5414
Unrouted general nets at iteration 2 (MT total route time: 0.426 sec): 2203(overused: 12133)
Unrouted general nets at iteration 3 (MT total route time: 0.339 sec): 1863(overused: 7384)
Unrouted general nets at iteration 4 (MT total route time: 0.246 sec): 1610(overused: 5711)
Unrouted general nets at iteration 5 (MT total route time: 0.206 sec): 1412(overused: 4532)
Unrouted general nets at iteration 6 (MT total route time: 0.195 sec): 1269(overused: 3794)
Unrouted general nets at iteration 7 (MT total route time: 0.166 sec): 948(overused: 2749)
Unrouted general nets at iteration 8 (MT total route time: 0.135 sec): 706(overused: 1877)
Unrouted general nets at iteration 9 (MT total route time: 0.114 sec): 548(overused: 1520)
Unrouted general nets at iteration 10 (MT total route time: 0.090 sec): 463(overused: 1246)
Unrouted general nets at iteration 11 (MT total route time: 0.072 sec): 384(overused: 973)
Unrouted general nets at iteration 12 (MT total route time: 0.068 sec): 322(overused: 763)
Unrouted general nets at iteration 13 (MT total route time: 0.060 sec): 299(overused: 712)
Unrouted general nets at iteration 14 (MT total route time: 0.048 sec): 256(overused: 562)
Unrouted general nets at iteration 15 (MT total route time: 0.049 sec): 219(overused: 480)
Unrouted general nets at iteration 16 (MT total route time: 0.043 sec): 173(overused: 351)
Unrouted general nets at iteration 17 (MT total route time: 0.029 sec): 152(overused: 332)
Unrouted general nets at iteration 18 (MT total route time: 0.035 sec): 129(overused: 282)
Unrouted general nets at iteration 19 (MT total route time: 0.030 sec): 112(overused: 232)
Unrouted general nets at iteration 20 (MT total route time: 0.025 sec): 103(overused: 218)
Unrouted general nets at iteration 21 (MT total route time: 0.025 sec): 95(overused: 192)
Unrouted general nets at iteration 22 (MT total route time: 0.036 sec): 88(overused: 184)
Unrouted general nets at iteration 23 (MT total route time: 0.021 sec): 86(overused: 186)
Unrouted general nets at iteration 24 (MT total route time: 0.016 sec): 80(overused: 142)
Unrouted general nets at iteration 25 (MT total route time: 0.017 sec): 58(overused: 110)
Unrouted general nets at iteration 26 (MT total route time: 0.014 sec): 52(overused: 114)
Unrouted general nets at iteration 27 (MT total route time: 0.018 sec): 62(overused: 132)
Unrouted general nets at iteration 28 (MT total route time: 0.017 sec): 41(overused: 88)
Unrouted general nets at iteration 29 (MT total route time: 0.015 sec): 35(overused: 84)
Unrouted general nets at iteration 30 (MT total route time: 0.017 sec): 31(overused: 46)
Unrouted general nets at iteration 31 (MT total route time: 0.014 sec): 35(overused: 56)
Unrouted general nets at iteration 32 (MT total route time: 0.014 sec): 34(overused: 68)
Unrouted general nets at iteration 33 (MT total route time: 0.012 sec): 27(overused: 40)
Unrouted general nets at iteration 34 (MT total route time: 0.011 sec): 15(overused: 32)
Unrouted general nets at iteration 35 (MT total route time: 0.010 sec): 15(overused: 22)
Unrouted general nets at iteration 36 (MT total route time: 0.009 sec): 16(overused: 32)
Unrouted general nets at iteration 37 (MT total route time: 0.009 sec): 17(overused: 27)
Unrouted general nets at iteration 38 (MT total route time: 0.008 sec): 9(overused: 12)
Unrouted general nets at iteration 39 (MT total route time: 0.009 sec): 7(overused: 14)
Unrouted general nets at iteration 40 (MT total route time: 0.012 sec): 6(overused: 8)
Unrouted general nets at iteration 41 (MT total route time: 0.013 sec): 6(overused: 10)
Unrouted general nets at iteration 42 (MT total route time: 0.008 sec): 6(overused: 8)
Unrouted general nets at iteration 43 (MT total route time: 0.007 sec): 7(overused: 10)
Unrouted general nets at iteration 44 (MT total route time: 0.008 sec): 4(overused: 6)
Unrouted general nets at iteration 45 (MT total route time: 0.008 sec): 0(overused: 0)
----General net take 0.007 sec(route net take 0.000 sec, inc cost take 0.003 sec, iter times: 1)
----const net route take 0.008 sec
Unrouted nets at iteration 46 (0.016 sec): 0
Stage: after detail route | Performance: TNS = 0 ; WNS = 9850 ; THS = NA ; WHS = NA | Time (s): real = 0h:0m:9s ; cpu = 0h:0m:4s ; process = 0h:0m:9s | Memory (MB): curr = 409.667969 ; peak = 410.085938 | Checksum: 2D88E050B0D3FA42
Begin rip-up and reroute:
Rip-up and reroute takes 0.12 sec.
Stage: after ripup & reroute | Performance: TNS = 0 ; WNS = 9847 ; THS = NA ; WHS = NA | Time (s): real = 0h:0m:9s ; cpu = 0h:0m:4s ; process = 0h:0m:9s | Memory (MB): curr = 412.554688 ; peak = 414.652344 | Checksum: 2F7F0E0B309271D7
Detailed routing takes 4.13 sec.
I: Design net genblk1[0].fan_pwm_tach_m/w_clk_1s_pos is routed by general path.
C: Route-2036: The clock path from genblk1[0].fan_pwm_tach_m/Edge_Detect_u1/N0/gateop:Z to clkbufgs_6:CLKIN is routed by SRB.
I: Design net nt_i_CLK_PAL_IN_25M is routed by general path.
C: Route-2036: The clock path from i_CLK_PAL_IN_25M_ibuf/opit_1:OUT to pll_inst/u_pll_e2/goppllinmuxd:CLK_IN[0] is routed by SRB.
Sort Original Nets take 0.002 sec
Check HPIO div result take 0.000 sec
Total net: 2588, route succeed net: 2588
Generate routing result take 0.007 sec
Handle PERMUX permutation take 0.116 sec
Handle const net take 0.010 sec
Handle route through take 0.039 sec
Used SRB routing arc is 20443.
Stage: after finish route | Performance: TNS = 0 ; WNS = 9847 ; THS = NA ; WHS = NA | Time (s): real = 0h:0m:9s ; cpu = 0h:0m:4s ; process = 0h:0m:9s | Memory (MB): curr = 394.476563 ; peak = 414.652344 | Checksum: A0393D7CB551A0E6
Finish routing takes 0.26 sec.
Total routing takes 5.58 sec.


Device Utilization Summary :
+----------------------------------------------------------------------------+
| Device Type                      | Used     | Available     | Util(%)     
+----------------------------------------------------------------------------+
| CLMA                             | 337      | 592           | 57          
| + FF                             | 661      | 3552          | 19          
| + LUT                            | 950      | 2368          | 41          
|   + LUT as Logic                 | 779      |               |             
|   + LUT as Const                 | 167      |               |             
|   + LUT as Bypass                | 4        |               |             
| CLMS                             | 449      | 888           | 51          
| + FF                             | 1014     | 5328          | 20          
| + LUT                            | 1280     | 3552          | 37          
|   + LUT as Logic                 | 1138     |               |             
|   + LUT as Memory                | 0        |               |             
|     + LUT as Distributed RAM     | 0        |               |             
|   + LUT as Const                 | 132      |               |             
|   + LUT as Bypass                | 10       |               |             
| IO                               | 308      | 336           | 92          
| + IOBD                           | 21       | 21            | 100         
| + IOBR                           | 40       | 42            | 96          
| + IOBS                           | 247      | 273           | 91          
| BKCL                             | 6        | 6             | 100         
| CCS                              | 1        | 1             | 100         
| CLKDIV                           | 0        | 4             | 0           
| CLKDLY                           | 0        | 8             | 0           
| DLL                              | 0        | 2             | 0           
| DRM                              | 0        | 26            | 0           
| HARD0N1                          | 145      | 936           | 16          
| IOCKBRG                          | 0        | 2             | 0           
| IOCKGATE                         | 0        | 4             | 0           
| + IOCKGATE as Bypass             | 0        |               |             
| IOLDLYS                          | 138      | 252           | 55          
| IOLDLY                           | 57       | 84            | 68          
| IOL                              | 308      | 336           | 92          
| ISERDES                          | 0        | 21            | 0           
| LDO                              | 0        | 2             | 0           
| OSC                              | 0        | 1             | 0           
| OSERDES                          | 0        | 21            | 0           
| PLLINMUXD                        | 1        | 2             | 50          
| + PLLINMUXD as Bypass            | 0        |               |             
| PLL                              | 1        | 2             | 50          
| USCMDC                           | 2        | 8             | 25          
| + USCMDC as Bypass               | 0        |               |             
| USCMD                            | 0        | 2             | 0           
| + USCMD as Bypass                | 0        |               |             
| USSMBUF                          | 1        | 8             | 13          
| + USSMBUF as Bypass              | 0        |               |             
+----------------------------------------------------------------------------+

Finished routing. (CPU time elapsed 0h:00m:08s)
Design 'Tieta_Feiteng_1001_top' has been routed successfully.
Saving design to DB.
Action route: Export DB successfully.
Action route: Real time elapsed is 0h:0m:10s
Action route: CPU time elapsed is 0h:0m:8s
Action route: Process CPU time elapsed is 0h:0m:10s
Action route: Peak memory pool usage is 414 MB

Current time: Thu Mar  5 11:03:51 2026
