#Build: Fabric Compiler 2024.2-SP1.2, Build 187561, May 22 18:16 2025
#Install: C:\studyware\pango\PDS_2024.2-SP1.2-ads\bin
#Application name: pds_shell.exe
#OS: Windows 10 10.0.18363
#Hostname: z02665mj
Generated by Fabric Compiler (version 2024.2-SP1.2 build 187561) at Mon Mar 23 14:16:59 2026
Parameters for debugging are loaded as follows:
Compiling verification operator library.
Compiling common defs.
Compiling prim grid devices.
Compiling place grid timing.
Compiling gate devices.
Compiling gate operators.
Building architecture model.
Loading device packaging model.
Building architecture floorplan logic view.
Elaborate the liberty model.
I: Multithreading enabled for Timing using a maximum of 4 processes.

Route Optimize started.
Build routing arch for double attribute device.
Enter timing driven router mode.
I: Multithreading enabled for route using a maximum of 1 processes.
I: Column Clock Check close.
W: Route-4027: Cannot find permit_rougth_thru_units.json file in working directory.
Building routing graph takes 0.27 sec.
Total nets for routing: 2229.
Total loads for routing: 9301.
Direct connect net size: 1063
Build all design net take 126 msec.
Processing design graph takes 0.13 sec.
Delay table total memory: 4.79386520 MB
Route graph total memory: 10.64569473 MB
Route design total memory: 3.37905502 MB
The remaining process takes 0.04 sec.
Stage: after context initialize in post route | Performance: TNS = NA ; WNS = NA ; THS = NA ; WHS = NA | Time (s): real = 0h:0m:5s ; cpu = 0h:0m:3s ; process = 0h:0m:3s | Memory (MB): curr = 284.335938 ; peak = 303.144531 | Checksum: DC71D3B39D23AF6D
Load route result takes 0.02 sec
Fix Hold Violation Threshold For Clock Path Cross SRB(ps) : 200
Fix Hold Violation Threshold For Clock Path On Clock Tree(ps) : 100
Hold fix to no violation.
Hold fix to threshold
Stage: after hold fix | Performance: TNS = 0 ; WNS = 11350 ; THS = 0 ; WHS = 269 | Time (s): real = 0h:0m:5s ; cpu = 0h:0m:3s ; process = 0h:0m:4s | Memory (MB): curr = 346.011719 ; peak = 346.015625 | Checksum: 53BD33BDBFCD741
Hold Violation Fix in router takes 0.30 sec.
Sort Original Nets take 0.000 sec
Total net: 2229, route succeed net: 2229
Generate routing result take 0.005 sec
Handle PERMUX permutation take 0.006 sec
Handle const net take 0.000 sec
Handle route through take 0.021 sec
Used SRB routing arc is 16077.
Stage: after finish post route | Performance: TNS = 0 ; WNS = 11350 ; THS = NA ; WHS = NA | Time (s): real = 0h:0m:5s ; cpu = 0h:0m:3s ; process = 0h:0m:4s | Memory (MB): curr = 334.890625 ; peak = 346.023438 | Checksum: 8E229E0D388C7753
Finish post route takes 0.07 sec.
Total post route takes 0.84 sec.


Device Utilization Summary :
+----------------------------------------------------------------------------+
| Device Type                      | Used     | Available     | Util(%)     
+----------------------------------------------------------------------------+
| CLMA                             | 267      | 592           | 46          
| + FF                             | 588      | 3552          | 17          
| + LUT                            | 652      | 2368          | 28          
|   + LUT as Logic                 | 538      |               |             
|   + LUT as Const                 | 96       |               |             
|   + LUT as Bypass                | 18       |               |             
| CLMS                             | 343      | 888           | 39          
| + FF                             | 776      | 5328          | 15          
| + LUT                            | 849      | 3552          | 24          
|   + LUT as Logic                 | 763      |               |             
|   + LUT as Memory                | 0        |               |             
|     + LUT as Distributed RAM     | 0        |               |             
|   + LUT as Const                 | 72       |               |             
|   + LUT as Bypass                | 14       |               |             
| IO                               | 287      | 336           | 86          
| + IOBD                           | 19       | 21            | 91          
| + IOBR                           | 37       | 42            | 89          
| + IOBS                           | 231      | 273           | 85          
| BKCL                             | 6        | 6             | 100         
| CCS                              | 1        | 1             | 100         
| CLKDIV                           | 0        | 4             | 0           
| CLKDLY                           | 0        | 8             | 0           
| DLL                              | 0        | 2             | 0           
| DRM                              | 0        | 26            | 0           
| HARD0N1                          | 64       | 936           | 7           
| IOCKBRG                          | 0        | 2             | 0           
| IOCKGATE                         | 0        | 4             | 0           
| + IOCKGATE as Bypass             | 0        |               |             
| IOLDLYS                          | 132      | 252           | 53          
| IOLDLY                           | 43       | 84            | 52          
| IOL                              | 287      | 336           | 86          
| ISERDES                          | 0        | 21            | 0           
| LDO                              | 0        | 2             | 0           
| OSC                              | 0        | 1             | 0           
| OSERDES                          | 0        | 21            | 0           
| PLLINMUXD                        | 1        | 2             | 50          
| + PLLINMUXD as Bypass            | 0        |               |             
| PLL                              | 1        | 2             | 50          
| USCMDC                           | 1        | 8             | 13          
| + USCMDC as Bypass               | 0        |               |             
| USCMD                            | 0        | 2             | 0           
| + USCMD as Bypass                | 0        |               |             
| USSMBUF                          | 0        | 8             | 0           
| + USSMBUF as Bypass              | 0        |               |             
+----------------------------------------------------------------------------+

Finished route optimize. (CPU time elapsed 0h:00m:03s)
Design 'Tieta_Feiteng_2001_top' has been routed successfully.
Saving design to DB.
Action route_optimize: Export DB successfully.
Action route_optimize: Real time elapsed is 0h:0m:6s
Action route_optimize: CPU time elapsed is 0h:0m:4s
Action route_optimize: Process CPU time elapsed is 0h:0m:5s
Action route_optimize: Peak memory pool usage is 346 MB

Current time: Mon Mar 23 14:17:03 2026
