#Build: Fabric Compiler 2024.2-SP1.2, Build 187561, May 22 18:16 2025
#Install: C:\studyware\pango\PDS_2024.2-SP1.2-ads\bin
#Application name: pds_shell.exe
#OS: Windows 10 10.0.18363
#Hostname: z02665mj
Generated by Fabric Compiler (version 2024.2-SP1.2 build 187561) at Sat Apr 18 17:53:56 2026
Parameters for debugging are loaded as follows:
Compiling verification operator library.
Compiling common defs.
Compiling prim grid devices.
Compiling place grid timing.
Compiling gate devices.
Compiling gate operators.
Building architecture model.
Loading device packaging model.
Building architecture floorplan logic view.
Elaborate the liberty model.
I: Multithreading enabled for Timing using a maximum of 4 processes.

Routing started.
Build routing arch for double attribute device.
Enter timing driven router mode.
I: Multithreading enabled for route using a maximum of 1 processes.
W: Route-4027: Cannot find permit_rougth_thru_units.json file in working directory.
Building routing graph takes 0.38 sec.
Enable Recovery Analysis in Routing
Init coarse delay table.
Read place coarse delay table takes 0.05 sec.
build place dedicate switch graph takes 0.22 sec
Setup STE netlist take 658 msec.
Slack Weight : 90
CE/RS signal series limit : 500
Dispose control chain take 102 msec.
Collect const net info take 30 msec.
Total nets for routing: 3170.
Total loads for routing: 14925.
Direct connect net size: 1306
Build all design net take 238 msec.
Processing design graph takes 1.03 sec.
Delay table total memory: 4.79386520 MB
Route graph total memory: 11.35004425 MB
Route design total memory: 4.24642563 MB
The remaining process takes 0.07 sec.
Stage: after context initialize | Performance: TNS = 0 ; WNS = 9021 ; THS = NA ; WHS = NA | Time (s): real = 0h:0m:6s ; cpu = 0h:0m:4s ; process = 0h:0m:5s | Memory (MB): curr = 355.847656 ; peak = 381.988281 | Checksum: 78C78DAD19EADF5C
Global routing takes 0.00 sec.
Pin Cost Increasing Speed 300
Unrouted clock nets at iteration 0 (0.013 sec): 0
Stage: after clock route | Performance: TNS = 0 ; WNS = 9021 ; THS = NA ; WHS = NA | Time (s): real = 0h:0m:6s ; cpu = 0h:0m:4s ; process = 0h:0m:5s | Memory (MB): curr = 357.144531 ; peak = 381.988281 | Checksum: 96DEDDF4E2C487F0
Total route nets size: 3162
I: Start printing congestion info.
I: Finish printing congestion info.
Pre route takes 1.012 sec
Stage: after pre route | Performance: TNS = 0 ; WNS = 9699 ; THS = -23 ; WHS = -23 | Time (s): real = 0h:0m:7s ; cpu = 0h:0m:4s ; process = 0h:0m:6s | Memory (MB): curr = 418.199219 ; peak = 423.187500 | Checksum: 7D361012D3AD47E9
Unrouted general nets at iteration 2 (MT total route time: 0.823 sec): 2750(overused: 15008)
Unrouted general nets at iteration 3 (MT total route time: 0.482 sec): 2323(overused: 9147)
Unrouted general nets at iteration 4 (MT total route time: 0.353 sec): 2061(overused: 7214)
Unrouted general nets at iteration 5 (MT total route time: 0.297 sec): 1823(overused: 5766)
Unrouted general nets at iteration 6 (MT total route time: 0.241 sec): 1672(overused: 4750)
Unrouted general nets at iteration 7 (MT total route time: 0.217 sec): 1238(overused: 3376)
Unrouted general nets at iteration 8 (MT total route time: 0.160 sec): 942(overused: 2317)
Unrouted general nets at iteration 9 (MT total route time: 0.131 sec): 743(overused: 1701)
Unrouted general nets at iteration 10 (MT total route time: 0.123 sec): 605(overused: 1387)
Unrouted general nets at iteration 11 (MT total route time: 0.110 sec): 518(overused: 1221)
Unrouted general nets at iteration 12 (MT total route time: 0.098 sec): 412(overused: 926)
Unrouted general nets at iteration 13 (MT total route time: 0.099 sec): 322(overused: 676)
Unrouted general nets at iteration 14 (MT total route time: 0.079 sec): 273(overused: 640)
Unrouted general nets at iteration 15 (MT total route time: 0.076 sec): 247(overused: 537)
Unrouted general nets at iteration 16 (MT total route time: 0.055 sec): 200(overused: 382)
Unrouted general nets at iteration 17 (MT total route time: 0.049 sec): 179(overused: 359)
Unrouted general nets at iteration 18 (MT total route time: 0.040 sec): 136(overused: 254)
Unrouted general nets at iteration 19 (MT total route time: 0.047 sec): 127(overused: 276)
Unrouted general nets at iteration 20 (MT total route time: 0.045 sec): 128(overused: 276)
Unrouted general nets at iteration 21 (MT total route time: 0.042 sec): 106(overused: 246)
Unrouted general nets at iteration 22 (MT total route time: 0.038 sec): 98(overused: 197)
Unrouted general nets at iteration 23 (MT total route time: 0.025 sec): 75(overused: 134)
Unrouted general nets at iteration 24 (MT total route time: 0.025 sec): 63(overused: 118)
Unrouted general nets at iteration 25 (MT total route time: 0.024 sec): 64(overused: 120)
Unrouted general nets at iteration 26 (MT total route time: 0.022 sec): 56(overused: 84)
Unrouted general nets at iteration 27 (MT total route time: 0.021 sec): 47(overused: 78)
Unrouted general nets at iteration 28 (MT total route time: 0.019 sec): 55(overused: 90)
Unrouted general nets at iteration 29 (MT total route time: 0.017 sec): 48(overused: 82)
Unrouted general nets at iteration 30 (MT total route time: 0.017 sec): 37(overused: 64)
Unrouted general nets at iteration 31 (MT total route time: 0.020 sec): 40(overused: 74)
Unrouted general nets at iteration 32 (MT total route time: 0.018 sec): 35(overused: 50)
Unrouted general nets at iteration 33 (MT total route time: 0.016 sec): 23(overused: 32)
Unrouted general nets at iteration 34 (MT total route time: 0.015 sec): 23(overused: 42)
Unrouted general nets at iteration 35 (MT total route time: 0.016 sec): 23(overused: 34)
Unrouted general nets at iteration 36 (MT total route time: 0.016 sec): 17(overused: 34)
Unrouted general nets at iteration 37 (MT total route time: 0.014 sec): 11(overused: 14)
Unrouted general nets at iteration 38 (MT total route time: 0.012 sec): 13(overused: 24)
Unrouted general nets at iteration 39 (MT total route time: 0.015 sec): 11(overused: 22)
Unrouted general nets at iteration 40 (MT total route time: 0.013 sec): 7(overused: 12)
Unrouted general nets at iteration 41 (MT total route time: 0.011 sec): 7(overused: 12)
Unrouted general nets at iteration 42 (MT total route time: 0.011 sec): 6(overused: 10)
Unrouted general nets at iteration 43 (MT total route time: 0.014 sec): 6(overused: 10)
Unrouted general nets at iteration 44 (MT total route time: 0.010 sec): 4(overused: 6)
Unrouted general nets at iteration 45 (MT total route time: 0.010 sec): 4(overused: 8)
Unrouted general nets at iteration 46 (MT total route time: 0.009 sec): 4(overused: 6)
Unrouted general nets at iteration 47 (MT total route time: 0.011 sec): 4(overused: 6)
Unrouted general nets at iteration 48 (MT total route time: 0.011 sec): 2(overused: 4)
Unrouted general nets at iteration 49 (MT total route time: 0.010 sec): 2(overused: 4)
Unrouted general nets at iteration 50 (MT total route time: 0.010 sec): 2(overused: 4)
Unrouted general nets at iteration 51 (MT total route time: 0.009 sec): 2(overused: 4)
Unrouted general nets at iteration 52 (MT total route time: 0.010 sec): 2(overused: 2)
Unrouted general nets at iteration 53 (MT total route time: 0.010 sec): 2(overused: 4)
Unrouted general nets at iteration 54 (MT total route time: 0.014 sec): 0(overused: 0)
----General net take 0.010 sec(route net take 0.000 sec, inc cost take 0.004 sec, iter times: 1)
----const net route take 0.011 sec
Unrouted nets at iteration 55 (0.022 sec): 0
Stage: after detail route | Performance: TNS = 0 ; WNS = 7612 ; THS = NA ; WHS = NA | Time (s): real = 0h:0m:12s ; cpu = 0h:0m:5s ; process = 0h:0m:11s | Memory (MB): curr = 427.046875 ; peak = 427.691406 | Checksum: 7B3D48B13672AE96
Begin rip-up and reroute:
Rip-up and reroute takes 0.14 sec.
Stage: after ripup & reroute | Performance: TNS = 0 ; WNS = 7612 ; THS = NA ; WHS = NA | Time (s): real = 0h:0m:12s ; cpu = 0h:0m:5s ; process = 0h:0m:12s | Memory (MB): curr = 433.285156 ; peak = 433.335938 | Checksum: 459BC2B93147BE15
Detailed routing takes 6.16 sec.
I: Design net genblk1[0].fan_pwm_tach_m/w_clk_1s_pos is routed by general path.
C: Route-2036: The clock path from genblk1[0].fan_pwm_tach_m/Edge_Detect_u1/N0/gateop:Z to clkbufgs_6:CLKIN is routed by SRB.
I: Design net nt_i_CLK_PAL_IN_25M is routed by general path.
C: Route-2036: The clock path from i_CLK_PAL_IN_25M_ibuf/opit_1:OUT to pll_inst/u_pll_e2/goppllinmuxd:CLK_IN[0] is routed by SRB.
Sort Original Nets take 0.002 sec
Check HPIO div result take 0.000 sec
Total net: 3170, route succeed net: 3170
Generate routing result take 0.008 sec
Handle PERMUX permutation take 0.153 sec
Handle const net take 0.015 sec
Handle route through take 0.060 sec
Used SRB routing arc is 25488.
Stage: after finish route | Performance: TNS = 0 ; WNS = 7612 ; THS = NA ; WHS = NA | Time (s): real = 0h:0m:12s ; cpu = 0h:0m:5s ; process = 0h:0m:12s | Memory (MB): curr = 407.121094 ; peak = 433.335938 | Checksum: C796A1725BDC6C05
Finish routing takes 0.33 sec.
Total routing takes 8.10 sec.


Device Utilization Summary :
+----------------------------------------------------------------------------+
| Device Type                      | Used     | Available     | Util(%)     
+----------------------------------------------------------------------------+
| CLMA                             | 394      | 592           | 67          
| + FF                             | 815      | 3552          | 23          
| + LUT                            | 1137     | 2368          | 49          
|   + LUT as Logic                 | 948      |               |             
|   + LUT as Const                 | 177      |               |             
|   + LUT as Bypass                | 12       |               |             
| CLMS                             | 544      | 888           | 62          
| + FF                             | 1280     | 5328          | 25          
| + LUT                            | 1604     | 3552          | 46          
|   + LUT as Logic                 | 1408     |               |             
|   + LUT as Memory                | 0        |               |             
|     + LUT as Distributed RAM     | 0        |               |             
|   + LUT as Const                 | 182      |               |             
|   + LUT as Bypass                | 14       |               |             
| IO                               | 308      | 336           | 92          
| + IOBD                           | 21       | 21            | 100         
| + IOBR                           | 40       | 42            | 96          
| + IOBS                           | 247      | 273           | 91          
| BKCL                             | 6        | 6             | 100         
| CCS                              | 1        | 1             | 100         
| CLKDIV                           | 0        | 4             | 0           
| CLKDLY                           | 0        | 8             | 0           
| DLL                              | 0        | 2             | 0           
| DRM                              | 0        | 26            | 0           
| HARD0N1                          | 186      | 936           | 20          
| IOCKBRG                          | 0        | 2             | 0           
| IOCKGATE                         | 0        | 4             | 0           
| + IOCKGATE as Bypass             | 0        |               |             
| IOLDLYS                          | 138      | 252           | 55          
| IOLDLY                           | 55       | 84            | 66          
| IOL                              | 308      | 336           | 92          
| ISERDES                          | 0        | 21            | 0           
| LDO                              | 0        | 2             | 0           
| OSC                              | 0        | 1             | 0           
| OSERDES                          | 0        | 21            | 0           
| PLLINMUXD                        | 1        | 2             | 50          
| + PLLINMUXD as Bypass            | 0        |               |             
| PLL                              | 1        | 2             | 50          
| USCMDC                           | 2        | 8             | 25          
| + USCMDC as Bypass               | 0        |               |             
| USCMD                            | 0        | 2             | 0           
| + USCMD as Bypass                | 0        |               |             
| USSMBUF                          | 1        | 8             | 13          
| + USSMBUF as Bypass              | 0        |               |             
+----------------------------------------------------------------------------+

Finished routing. (CPU time elapsed 0h:00m:10s)
Design 'Tieta_Feiteng_1001_top' has been routed successfully.
Saving design to DB.
Action route: Export DB successfully.
Action route: Real time elapsed is 0h:0m:13s
Action route: CPU time elapsed is 0h:0m:11s
Action route: Process CPU time elapsed is 0h:0m:13s
Action route: Peak memory pool usage is 433 MB

Current time: Sat Apr 18 17:54:07 2026
