#Build: Fabric Compiler 2024.2-SP1.2, Build 187561, May 22 18:16 2025
#Install: C:\studyware\pango\PDS_2024.2-SP1.2-ads\bin
#Application name: pds_shell.exe
#OS: Windows 10 10.0.18363
#Hostname: z02665mj
Generated by Fabric Compiler (version 2024.2-SP1.2 build 187561) at Fri Mar  6 14:27:07 2026
Parameters for debugging are loaded as follows:
Compiling verification operator library.
Compiling common defs.
Compiling prim grid devices.
Compiling place grid timing.
Compiling gate devices.
Compiling gate operators.
Building architecture model.
Loading device packaging model.
Building architecture floorplan logic view.
Elaborate the liberty model.
I: Multithreading enabled for Timing using a maximum of 4 processes.

Routing started.
Build routing arch for double attribute device.
Enter timing driven router mode.
I: Multithreading enabled for route using a maximum of 1 processes.
W: Route-4027: Cannot find permit_rougth_thru_units.json file in working directory.
Building routing graph takes 0.32 sec.
Enable Recovery Analysis in Routing
Init coarse delay table.
Read place coarse delay table takes 0.09 sec.
build place dedicate switch graph takes 0.20 sec
Setup STE netlist take 1166 msec.
Slack Weight : 90
CE/RS signal series limit : 500
Dispose control chain take 77 msec.
Collect const net info take 27 msec.
Total nets for routing: 2578.
Total loads for routing: 12147.
Direct connect net size: 1178
Build all design net take 163 msec.
Processing design graph takes 1.44 sec.
Delay table total memory: 4.79386520 MB
Route graph total memory: 10.90637207 MB
Route design total memory: 3.95396042 MB
The remaining process takes 0.05 sec.
Stage: after context initialize | Performance: TNS = 0 ; WNS = 9455 ; THS = NA ; WHS = NA | Time (s): real = 0h:0m:6s ; cpu = 0h:0m:3s ; process = 0h:0m:5s | Memory (MB): curr = 346.617188 ; peak = 369.066406 | Checksum: E638BE16EC5EA076
Global routing takes 0.00 sec.
Pin Cost Increasing Speed 300
Unrouted clock nets at iteration 0 (0.010 sec): 0
Stage: after clock route | Performance: TNS = 0 ; WNS = 9455 ; THS = NA ; WHS = NA | Time (s): real = 0h:0m:6s ; cpu = 0h:0m:3s ; process = 0h:0m:5s | Memory (MB): curr = 347.960938 ; peak = 369.066406 | Checksum: E272B3B57E6672FA
Total route nets size: 2570
I: Start printing congestion info.
I: Finish printing congestion info.
Pre route takes 0.814 sec
Stage: after pre route | Performance: TNS = 0 ; WNS = 10024 ; THS = 0 ; WHS = 266 | Time (s): real = 0h:0m:7s ; cpu = 0h:0m:4s ; process = 0h:0m:6s | Memory (MB): curr = 400.792969 ; peak = 405.222656 | Checksum: DE94E57417CB2746
Unrouted general nets at iteration 2 (MT total route time: 0.513 sec): 2194(overused: 11890)
Unrouted general nets at iteration 3 (MT total route time: 0.460 sec): 1849(overused: 7448)
Unrouted general nets at iteration 4 (MT total route time: 0.276 sec): 1617(overused: 5969)
Unrouted general nets at iteration 5 (MT total route time: 0.223 sec): 1437(overused: 4661)
Unrouted general nets at iteration 6 (MT total route time: 0.193 sec): 1262(overused: 3849)
Unrouted general nets at iteration 7 (MT total route time: 0.153 sec): 902(overused: 2791)
Unrouted general nets at iteration 8 (MT total route time: 0.131 sec): 680(overused: 1921)
Unrouted general nets at iteration 9 (MT total route time: 0.114 sec): 560(overused: 1478)
Unrouted general nets at iteration 10 (MT total route time: 0.092 sec): 420(overused: 1129)
Unrouted general nets at iteration 11 (MT total route time: 0.082 sec): 347(overused: 891)
Unrouted general nets at iteration 12 (MT total route time: 0.063 sec): 287(overused: 701)
Unrouted general nets at iteration 13 (MT total route time: 0.065 sec): 267(overused: 630)
Unrouted general nets at iteration 14 (MT total route time: 0.061 sec): 252(overused: 582)
Unrouted general nets at iteration 15 (MT total route time: 0.047 sec): 182(overused: 409)
Unrouted general nets at iteration 16 (MT total route time: 0.039 sec): 157(overused: 378)
Unrouted general nets at iteration 17 (MT total route time: 0.042 sec): 148(overused: 325)
Unrouted general nets at iteration 18 (MT total route time: 0.034 sec): 120(overused: 293)
Unrouted general nets at iteration 19 (MT total route time: 0.029 sec): 105(overused: 226)
Unrouted general nets at iteration 20 (MT total route time: 0.022 sec): 79(overused: 200)
Unrouted general nets at iteration 21 (MT total route time: 0.027 sec): 73(overused: 176)
Unrouted general nets at iteration 22 (MT total route time: 0.024 sec): 77(overused: 196)
Unrouted general nets at iteration 23 (MT total route time: 0.080 sec): 80(overused: 162)
Unrouted general nets at iteration 24 (MT total route time: 0.113 sec): 73(overused: 137)
Unrouted general nets at iteration 25 (MT total route time: 0.070 sec): 60(overused: 112)
Unrouted general nets at iteration 26 (MT total route time: 0.042 sec): 60(overused: 98)
Unrouted general nets at iteration 27 (MT total route time: 0.033 sec): 64(overused: 124)
Unrouted general nets at iteration 28 (MT total route time: 0.019 sec): 43(overused: 76)
Unrouted general nets at iteration 29 (MT total route time: 0.024 sec): 31(overused: 56)
Unrouted general nets at iteration 30 (MT total route time: 0.062 sec): 25(overused: 48)
Unrouted general nets at iteration 31 (MT total route time: 0.042 sec): 18(overused: 32)
Unrouted general nets at iteration 32 (MT total route time: 0.051 sec): 17(overused: 26)
Unrouted general nets at iteration 33 (MT total route time: 0.014 sec): 17(overused: 24)
Unrouted general nets at iteration 34 (MT total route time: 0.010 sec): 14(overused: 18)
Unrouted general nets at iteration 35 (MT total route time: 0.007 sec): 14(overused: 18)
Unrouted general nets at iteration 36 (MT total route time: 0.010 sec): 11(overused: 18)
Unrouted general nets at iteration 37 (MT total route time: 0.010 sec): 6(overused: 10)
Unrouted general nets at iteration 38 (MT total route time: 0.010 sec): 6(overused: 8)
Unrouted general nets at iteration 39 (MT total route time: 0.011 sec): 8(overused: 12)
Unrouted general nets at iteration 40 (MT total route time: 0.009 sec): 4(overused: 6)
Unrouted general nets at iteration 41 (MT total route time: 0.007 sec): 2(overused: 2)
Unrouted general nets at iteration 42 (MT total route time: 0.008 sec): 0(overused: 0)
----General net take 0.006 sec(route net take 0.000 sec, inc cost take 0.002 sec, iter times: 1)
----const net route take 0.008 sec
Unrouted nets at iteration 43 (0.014 sec): 0
Stage: after detail route | Performance: TNS = 0 ; WNS = 9304 ; THS = NA ; WHS = NA | Time (s): real = 0h:0m:11s ; cpu = 0h:0m:4s ; process = 0h:0m:10s | Memory (MB): curr = 409.894531 ; peak = 409.898438 | Checksum: 7130CA62AB91B784
Begin rip-up and reroute:
Rip-up and reroute takes 0.11 sec.
Stage: after ripup & reroute | Performance: TNS = 0 ; WNS = 9304 ; THS = NA ; WHS = NA | Time (s): real = 0h:0m:11s ; cpu = 0h:0m:4s ; process = 0h:0m:10s | Memory (MB): curr = 414.316406 ; peak = 414.351563 | Checksum: 987B3E43FC829326
Detailed routing takes 5.03 sec.
I: Design net genblk1[0].fan_pwm_tach_m/w_clk_1s_pos is routed by general path.
C: Route-2036: The clock path from genblk1[0].fan_pwm_tach_m/Edge_Detect_u1/N0/gateop:Z to clkbufgs_6:CLKIN is routed by SRB.
I: Design net nt_i_CLK_PAL_IN_25M is routed by general path.
C: Route-2036: The clock path from i_CLK_PAL_IN_25M_ibuf/opit_1:OUT to pll_inst/u_pll_e2/goppllinmuxd:CLK_IN[0] is routed by SRB.
Sort Original Nets take 0.002 sec
Check HPIO div result take 0.000 sec
Total net: 2578, route succeed net: 2578
Generate routing result take 0.006 sec
Handle PERMUX permutation take 0.148 sec
Handle const net take 0.019 sec
Handle route through take 0.075 sec
Used SRB routing arc is 20326.
Stage: after finish route | Performance: TNS = 0 ; WNS = 9304 ; THS = NA ; WHS = NA | Time (s): real = 0h:0m:11s ; cpu = 0h:0m:5s ; process = 0h:0m:10s | Memory (MB): curr = 394.136719 ; peak = 414.351563 | Checksum: 376751CD29B6AA5B
Finish routing takes 0.32 sec.
Total routing takes 7.26 sec.


Device Utilization Summary :
+----------------------------------------------------------------------------+
| Device Type                      | Used     | Available     | Util(%)     
+----------------------------------------------------------------------------+
| CLMA                             | 344      | 592           | 59          
| + FF                             | 673      | 3552          | 19          
| + LUT                            | 975      | 2368          | 42          
|   + LUT as Logic                 | 801      |               |             
|   + LUT as Const                 | 162      |               |             
|   + LUT as Bypass                | 12       |               |             
| CLMS                             | 454      | 888           | 52          
| + FF                             | 999      | 5328          | 19          
| + LUT                            | 1279     | 3552          | 37          
|   + LUT as Logic                 | 1108     |               |             
|   + LUT as Memory                | 0        |               |             
|     + LUT as Distributed RAM     | 0        |               |             
|   + LUT as Const                 | 151      |               |             
|   + LUT as Bypass                | 20       |               |             
| IO                               | 308      | 336           | 92          
| + IOBD                           | 21       | 21            | 100         
| + IOBR                           | 40       | 42            | 96          
| + IOBS                           | 247      | 273           | 91          
| BKCL                             | 6        | 6             | 100         
| CCS                              | 1        | 1             | 100         
| CLKDIV                           | 0        | 4             | 0           
| CLKDLY                           | 0        | 8             | 0           
| DLL                              | 0        | 2             | 0           
| DRM                              | 0        | 26            | 0           
| HARD0N1                          | 145      | 936           | 16          
| IOCKBRG                          | 0        | 2             | 0           
| IOCKGATE                         | 0        | 4             | 0           
| + IOCKGATE as Bypass             | 0        |               |             
| IOLDLYS                          | 138      | 252           | 55          
| IOLDLY                           | 57       | 84            | 68          
| IOL                              | 308      | 336           | 92          
| ISERDES                          | 0        | 21            | 0           
| LDO                              | 0        | 2             | 0           
| OSC                              | 0        | 1             | 0           
| OSERDES                          | 0        | 21            | 0           
| PLLINMUXD                        | 1        | 2             | 50          
| + PLLINMUXD as Bypass            | 0        |               |             
| PLL                              | 1        | 2             | 50          
| USCMDC                           | 2        | 8             | 25          
| + USCMDC as Bypass               | 0        |               |             
| USCMD                            | 0        | 2             | 0           
| + USCMD as Bypass                | 0        |               |             
| USSMBUF                          | 1        | 8             | 13          
| + USSMBUF as Bypass              | 0        |               |             
+----------------------------------------------------------------------------+

Finished routing. (CPU time elapsed 0h:00m:09s)
Design 'Tieta_Feiteng_1001_top' has been routed successfully.
Saving design to DB.
Action route: Export DB successfully.
Action route: Real time elapsed is 0h:0m:12s
Action route: CPU time elapsed is 0h:0m:10s
Action route: Process CPU time elapsed is 0h:0m:11s
Action route: Peak memory pool usage is 414 MB

Current time: Fri Mar  6 14:27:17 2026
