#Build: Fabric Compiler 2024.2-SP1.2, Build 187561, May 22 18:16 2025
#Install: C:\studyware\pango\PDS_2024.2-SP1.2-ads\bin
#Application name: pds_shell.exe
#OS: Windows 10 10.0.18363
#Hostname: z02665mj
Generated by Fabric Compiler (version 2024.2-SP1.2 build 187561) at Mon Mar  2 20:52:54 2026
Parameters for debugging are loaded as follows:
Compiling verification operator library.
Compiling common defs.
Compiling prim grid devices.
Compiling place grid timing.
Compiling gate devices.
Compiling gate operators.
Building architecture model.
Loading device packaging model.
Building architecture floorplan logic view.
Elaborate the liberty model.
I: Multithreading enabled for Timing using a maximum of 4 processes.

Routing started.
Build routing arch for double attribute device.
Enter timing driven router mode.
I: Multithreading enabled for route using a maximum of 1 processes.
W: Route-4027: Cannot find permit_rougth_thru_units.json file in working directory.
Building routing graph takes 0.28 sec.
Enable Recovery Analysis in Routing
Init coarse delay table.
Read place coarse delay table takes 0.03 sec.
build place dedicate switch graph takes 0.19 sec
Setup STE netlist take 489 msec.
Slack Weight : 90
CE/RS signal series limit : 500
Dispose control chain take 70 msec.
Collect const net info take 23 msec.
Total nets for routing: 2563.
Total loads for routing: 12126.
Direct connect net size: 1153
Build all design net take 169 msec.
Processing design graph takes 0.76 sec.
Delay table total memory: 4.79386520 MB
Route graph total memory: 10.90264130 MB
Route design total memory: 3.95119095 MB
The remaining process takes 0.06 sec.
Stage: after context initialize | Performance: TNS = 0 ; WNS = 8887 ; THS = NA ; WHS = NA | Time (s): real = 0h:0m:6s ; cpu = 0h:0m:4s ; process = 0h:0m:4s | Memory (MB): curr = 347.562500 ; peak = 369.312500 | Checksum: 53853C144B6E5069
Global routing takes 0.00 sec.
Pin Cost Increasing Speed 300
Unrouted clock nets at iteration 0 (0.015 sec): 0
Stage: after clock route | Performance: TNS = 0 ; WNS = 8887 ; THS = NA ; WHS = NA | Time (s): real = 0h:0m:6s ; cpu = 0h:0m:4s ; process = 0h:0m:4s | Memory (MB): curr = 348.542969 ; peak = 369.312500 | Checksum: D18ECAC741C88F6C
Total route nets size: 2555
I: Start printing congestion info.
I: Finish printing congestion info.
Pre route takes 0.866 sec
Stage: after pre route | Performance: TNS = 0 ; WNS = 10955 ; THS = 0 ; WHS = 257 | Time (s): real = 0h:0m:7s ; cpu = 0h:0m:4s ; process = 0h:0m:6s | Memory (MB): curr = 404.472656 ; peak = 409.417969 | Checksum: 3F0B667171FB5AD0
Unrouted general nets at iteration 2 (MT total route time: 0.485 sec): 2199(overused: 12074)
Unrouted general nets at iteration 3 (MT total route time: 0.347 sec): 1862(overused: 7498)
Unrouted general nets at iteration 4 (MT total route time: 0.288 sec): 1643(overused: 5882)
Unrouted general nets at iteration 5 (MT total route time: 0.217 sec): 1458(overused: 4768)
Unrouted general nets at iteration 6 (MT total route time: 0.182 sec): 1283(overused: 4027)
Unrouted general nets at iteration 7 (MT total route time: 0.147 sec): 988(overused: 2948)
Unrouted general nets at iteration 8 (MT total route time: 0.162 sec): 764(overused: 2037)
Unrouted general nets at iteration 9 (MT total route time: 0.095 sec): 621(overused: 1608)
Unrouted general nets at iteration 10 (MT total route time: 0.086 sec): 510(overused: 1270)
Unrouted general nets at iteration 11 (MT total route time: 0.074 sec): 443(overused: 1068)
Unrouted general nets at iteration 12 (MT total route time: 0.059 sec): 360(overused: 860)
Unrouted general nets at iteration 13 (MT total route time: 0.054 sec): 306(overused: 699)
Unrouted general nets at iteration 14 (MT total route time: 0.056 sec): 277(overused: 689)
Unrouted general nets at iteration 15 (MT total route time: 0.046 sec): 252(overused: 563)
Unrouted general nets at iteration 16 (MT total route time: 0.044 sec): 208(overused: 521)
Unrouted general nets at iteration 17 (MT total route time: 0.039 sec): 206(overused: 467)
Unrouted general nets at iteration 18 (MT total route time: 0.034 sec): 172(overused: 394)
Unrouted general nets at iteration 19 (MT total route time: 0.028 sec): 140(overused: 346)
Unrouted general nets at iteration 20 (MT total route time: 0.026 sec): 122(overused: 272)
Unrouted general nets at iteration 21 (MT total route time: 0.024 sec): 126(overused: 264)
Unrouted general nets at iteration 22 (MT total route time: 0.034 sec): 121(overused: 263)
Unrouted general nets at iteration 23 (MT total route time: 0.024 sec): 95(overused: 170)
Unrouted general nets at iteration 24 (MT total route time: 0.017 sec): 83(overused: 136)
Unrouted general nets at iteration 25 (MT total route time: 0.015 sec): 60(overused: 99)
Unrouted general nets at iteration 26 (MT total route time: 0.018 sec): 54(overused: 94)
Unrouted general nets at iteration 27 (MT total route time: 0.016 sec): 40(overused: 68)
Unrouted general nets at iteration 28 (MT total route time: 0.013 sec): 35(overused: 52)
Unrouted general nets at iteration 29 (MT total route time: 0.011 sec): 24(overused: 34)
Unrouted general nets at iteration 30 (MT total route time: 0.009 sec): 13(overused: 20)
Unrouted general nets at iteration 31 (MT total route time: 0.009 sec): 8(overused: 12)
Unrouted general nets at iteration 32 (MT total route time: 0.007 sec): 4(overused: 4)
Unrouted general nets at iteration 33 (MT total route time: 0.009 sec): 2(overused: 4)
Unrouted general nets at iteration 34 (MT total route time: 0.008 sec): 0(overused: 0)
----General net take 0.007 sec(route net take 0.000 sec, inc cost take 0.003 sec, iter times: 1)
----const net route take 0.009 sec
Unrouted nets at iteration 35 (0.017 sec): 0
Stage: after detail route | Performance: TNS = 0 ; WNS = 10378 ; THS = NA ; WHS = NA | Time (s): real = 0h:0m:10s ; cpu = 0h:0m:4s ; process = 0h:0m:9s | Memory (MB): curr = 411.257813 ; peak = 411.261719 | Checksum: 65A928F3025A6CDA
Begin rip-up and reroute:
Rip-up and reroute takes 0.12 sec.
Stage: after ripup & reroute | Performance: TNS = 0 ; WNS = 10379 ; THS = NA ; WHS = NA | Time (s): real = 0h:0m:10s ; cpu = 0h:0m:4s ; process = 0h:0m:9s | Memory (MB): curr = 414.839844 ; peak = 414.890625 | Checksum: F35FE49A03ED87FD
Detailed routing takes 4.24 sec.
I: Design net genblk1[0].fan_pwm_tach_m/w_clk_1s_pos is routed by general path.
C: Route-2036: The clock path from genblk1[0].fan_pwm_tach_m/Edge_Detect_u1/N0/gateop:Z to clkbufgs_6:CLKIN is routed by SRB.
I: Design net nt_i_CLK_PAL_IN_25M is routed by general path.
C: Route-2036: The clock path from i_CLK_PAL_IN_25M_ibuf/opit_1:OUT to pll_inst/u_pll_e2/goppllinmuxd:CLK_IN[0] is routed by SRB.
Sort Original Nets take 0.001 sec
Check HPIO div result take 0.000 sec
Total net: 2563, route succeed net: 2563
Generate routing result take 0.006 sec
Handle PERMUX permutation take 0.121 sec
Handle const net take 0.010 sec
Handle route through take 0.034 sec
Used SRB routing arc is 20436.
Stage: after finish route | Performance: TNS = 0 ; WNS = 10379 ; THS = NA ; WHS = NA | Time (s): real = 0h:0m:10s ; cpu = 0h:0m:5s ; process = 0h:0m:9s | Memory (MB): curr = 393.859375 ; peak = 414.890625 | Checksum: D6F0E2335C02EFC
Finish routing takes 0.25 sec.
Total routing takes 5.69 sec.


Device Utilization Summary :
+----------------------------------------------------------------------------+
| Device Type                      | Used     | Available     | Util(%)     
+----------------------------------------------------------------------------+
| CLMA                             | 324      | 592           | 55          
| + FF                             | 676      | 3552          | 20          
| + LUT                            | 965      | 2368          | 41          
|   + LUT as Logic                 | 786      |               |             
|   + LUT as Const                 | 165      |               |             
|   + LUT as Bypass                | 14       |               |             
| CLMS                             | 433      | 888           | 49          
| + FF                             | 970      | 5328          | 19          
| + LUT                            | 1256     | 3552          | 36          
|   + LUT as Logic                 | 1119     |               |             
|   + LUT as Memory                | 0        |               |             
|     + LUT as Distributed RAM     | 0        |               |             
|   + LUT as Const                 | 125      |               |             
|   + LUT as Bypass                | 12       |               |             
| IO                               | 308      | 336           | 92          
| + IOBD                           | 21       | 21            | 100         
| + IOBR                           | 40       | 42            | 96          
| + IOBS                           | 247      | 273           | 91          
| BKCL                             | 6        | 6             | 100         
| CCS                              | 1        | 1             | 100         
| CLKDIV                           | 0        | 4             | 0           
| CLKDLY                           | 0        | 8             | 0           
| DLL                              | 0        | 2             | 0           
| DRM                              | 0        | 26            | 0           
| HARD0N1                          | 147      | 936           | 16          
| IOCKBRG                          | 0        | 2             | 0           
| IOCKGATE                         | 0        | 4             | 0           
| + IOCKGATE as Bypass             | 0        |               |             
| IOLDLYS                          | 138      | 252           | 55          
| IOLDLY                           | 41       | 84            | 49          
| IOL                              | 308      | 336           | 92          
| ISERDES                          | 0        | 21            | 0           
| LDO                              | 0        | 2             | 0           
| OSC                              | 0        | 1             | 0           
| OSERDES                          | 0        | 21            | 0           
| PLLINMUXD                        | 1        | 2             | 50          
| + PLLINMUXD as Bypass            | 0        |               |             
| PLL                              | 1        | 2             | 50          
| USCMDC                           | 2        | 8             | 25          
| + USCMDC as Bypass               | 0        |               |             
| USCMD                            | 0        | 2             | 0           
| + USCMD as Bypass                | 0        |               |             
| USSMBUF                          | 1        | 8             | 13          
| + USSMBUF as Bypass              | 0        |               |             
+----------------------------------------------------------------------------+

Finished routing. (CPU time elapsed 0h:00m:08s)
Design 'Tieta_Feiteng_1001_top' has been routed successfully.
Saving design to DB.
Action route: Export DB successfully.
Action route: Real time elapsed is 0h:0m:12s
Action route: CPU time elapsed is 0h:0m:9s
Action route: Process CPU time elapsed is 0h:0m:10s
Action route: Peak memory pool usage is 414 MB

Current time: Mon Mar  2 20:53:04 2026
