#Build: Fabric Compiler 2024.2-SP1.2, Build 187561, May 22 18:16 2025
#Install: C:\studyware\pango\PDS_2024.2-SP1.2-ads\bin
#Application name: pds_shell.exe
#OS: Windows 10 10.0.18363
#Hostname: z02665mj
Generated by Fabric Compiler (version 2024.2-SP1.2 build 187561) at Fri Mar  6 11:20:06 2026
Parameters for debugging are loaded as follows:
Compiling verification operator library.
Compiling common defs.
Compiling prim grid devices.
Compiling place grid timing.
Compiling gate devices.
Compiling gate operators.
Building architecture model.
Loading device packaging model.
Building architecture floorplan logic view.
Elaborate the liberty model.
I: Multithreading enabled for Timing using a maximum of 4 processes.

Routing started.
Build routing arch for double attribute device.
Enter timing driven router mode.
I: Multithreading enabled for route using a maximum of 1 processes.
W: Route-4027: Cannot find permit_rougth_thru_units.json file in working directory.
Building routing graph takes 0.37 sec.
Enable Recovery Analysis in Routing
Init coarse delay table.
Read place coarse delay table takes 0.03 sec.
build place dedicate switch graph takes 0.16 sec
Setup STE netlist take 524 msec.
Slack Weight : 90
CE/RS signal series limit : 500
Dispose control chain take 67 msec.
Collect const net info take 24 msec.
Total nets for routing: 2587.
Total loads for routing: 12128.
Direct connect net size: 1179
Build all design net take 159 msec.
Processing design graph takes 0.78 sec.
Delay table total memory: 4.79386520 MB
Route graph total memory: 10.90481567 MB
Route design total memory: 3.95474625 MB
The remaining process takes 0.04 sec.
Stage: after context initialize | Performance: TNS = 0 ; WNS = 8673 ; THS = NA ; WHS = NA | Time (s): real = 0h:0m:5s ; cpu = 0h:0m:3s ; process = 0h:0m:4s | Memory (MB): curr = 345.949219 ; peak = 369.335938 | Checksum: 6691AD11900BA6F5
Global routing takes 0.00 sec.
Pin Cost Increasing Speed 300
Unrouted clock nets at iteration 0 (0.008 sec): 0
Stage: after clock route | Performance: TNS = 0 ; WNS = 8673 ; THS = NA ; WHS = NA | Time (s): real = 0h:0m:5s ; cpu = 0h:0m:3s ; process = 0h:0m:4s | Memory (MB): curr = 347.437500 ; peak = 369.335938 | Checksum: 3664904BA5C17904
Total route nets size: 2579
I: Start printing congestion info.
I: Finish printing congestion info.
Pre route takes 0.742 sec
Stage: after pre route | Performance: TNS = 0 ; WNS = 10770 ; THS = 0 ; WHS = 257 | Time (s): real = 0h:0m:6s ; cpu = 0h:0m:3s ; process = 0h:0m:5s | Memory (MB): curr = 401.785156 ; peak = 406.046875 | Checksum: 626BA7DBBD96E14F
Unrouted general nets at iteration 2 (MT total route time: 0.427 sec): 2233(overused: 12082)
Unrouted general nets at iteration 3 (MT total route time: 0.341 sec): 1880(overused: 7356)
Unrouted general nets at iteration 4 (MT total route time: 0.258 sec): 1663(overused: 5777)
Unrouted general nets at iteration 5 (MT total route time: 0.214 sec): 1468(overused: 4721)
Unrouted general nets at iteration 6 (MT total route time: 0.182 sec): 1277(overused: 3889)
Unrouted general nets at iteration 7 (MT total route time: 0.147 sec): 968(overused: 2837)
Unrouted general nets at iteration 8 (MT total route time: 0.122 sec): 732(overused: 2105)
Unrouted general nets at iteration 9 (MT total route time: 0.101 sec): 575(overused: 1494)
Unrouted general nets at iteration 10 (MT total route time: 0.090 sec): 460(overused: 1181)
Unrouted general nets at iteration 11 (MT total route time: 0.079 sec): 419(overused: 1096)
Unrouted general nets at iteration 12 (MT total route time: 0.074 sec): 355(overused: 818)
Unrouted general nets at iteration 13 (MT total route time: 0.062 sec): 305(overused: 781)
Unrouted general nets at iteration 14 (MT total route time: 0.055 sec): 266(overused: 636)
Unrouted general nets at iteration 15 (MT total route time: 0.052 sec): 232(overused: 579)
Unrouted general nets at iteration 16 (MT total route time: 0.042 sec): 210(overused: 496)
Unrouted general nets at iteration 17 (MT total route time: 0.041 sec): 187(overused: 444)
Unrouted general nets at iteration 18 (MT total route time: 0.038 sec): 173(overused: 389)
Unrouted general nets at iteration 19 (MT total route time: 0.035 sec): 142(overused: 294)
Unrouted general nets at iteration 20 (MT total route time: 0.030 sec): 130(overused: 252)
Unrouted general nets at iteration 21 (MT total route time: 0.026 sec): 121(overused: 265)
Unrouted general nets at iteration 22 (MT total route time: 0.022 sec): 108(overused: 194)
Unrouted general nets at iteration 23 (MT total route time: 0.018 sec): 81(overused: 132)
Unrouted general nets at iteration 24 (MT total route time: 0.015 sec): 68(overused: 120)
Unrouted general nets at iteration 25 (MT total route time: 0.018 sec): 70(overused: 136)
Unrouted general nets at iteration 26 (MT total route time: 0.017 sec): 63(overused: 104)
Unrouted general nets at iteration 27 (MT total route time: 0.014 sec): 56(overused: 106)
Unrouted general nets at iteration 28 (MT total route time: 0.015 sec): 56(overused: 112)
Unrouted general nets at iteration 29 (MT total route time: 0.037 sec): 52(overused: 107)
Unrouted general nets at iteration 30 (MT total route time: 0.050 sec): 45(overused: 76)
Unrouted general nets at iteration 31 (MT total route time: 0.061 sec): 47(overused: 86)
Unrouted general nets at iteration 32 (MT total route time: 0.029 sec): 37(overused: 66)
Unrouted general nets at iteration 33 (MT total route time: 0.013 sec): 31(overused: 42)
Unrouted general nets at iteration 34 (MT total route time: 0.012 sec): 30(overused: 46)
Unrouted general nets at iteration 35 (MT total route time: 0.013 sec): 30(overused: 42)
Unrouted general nets at iteration 36 (MT total route time: 0.011 sec): 20(overused: 26)
Unrouted general nets at iteration 37 (MT total route time: 0.010 sec): 20(overused: 24)
Unrouted general nets at iteration 38 (MT total route time: 0.010 sec): 8(overused: 12)
Unrouted general nets at iteration 39 (MT total route time: 0.008 sec): 8(overused: 14)
Unrouted general nets at iteration 40 (MT total route time: 0.009 sec): 11(overused: 22)
Unrouted general nets at iteration 41 (MT total route time: 0.009 sec): 12(overused: 22)
Unrouted general nets at iteration 42 (MT total route time: 0.010 sec): 8(overused: 16)
Unrouted general nets at iteration 43 (MT total route time: 0.008 sec): 6(overused: 10)
Unrouted general nets at iteration 44 (MT total route time: 0.008 sec): 4(overused: 6)
Unrouted general nets at iteration 45 (MT total route time: 0.006 sec): 4(overused: 4)
Unrouted general nets at iteration 46 (MT total route time: 0.007 sec): 2(overused: 4)
Unrouted general nets at iteration 47 (MT total route time: 0.008 sec): 2(overused: 4)
Unrouted general nets at iteration 48 (MT total route time: 0.007 sec): 2(overused: 4)
Unrouted general nets at iteration 49 (MT total route time: 0.006 sec): 0(overused: 0)
----General net take 0.008 sec(route net take 0.000 sec, inc cost take 0.003 sec, iter times: 1)
----const net route take 0.008 sec
Unrouted nets at iteration 50 (0.016 sec): 0
Stage: after detail route | Performance: TNS = 0 ; WNS = 10069 ; THS = NA ; WHS = NA | Time (s): real = 0h:0m:10s ; cpu = 0h:0m:4s ; process = 0h:0m:9s | Memory (MB): curr = 410.847656 ; peak = 410.851563 | Checksum: 37BF3B99003E0DBE
Begin rip-up and reroute:
Rip-up and reroute takes 0.14 sec.
Stage: after ripup & reroute | Performance: TNS = 0 ; WNS = 10068 ; THS = NA ; WHS = NA | Time (s): real = 0h:0m:10s ; cpu = 0h:0m:4s ; process = 0h:0m:9s | Memory (MB): curr = 414.738281 ; peak = 415.464844 | Checksum: 7339235461B83A81
Detailed routing takes 4.37 sec.
I: Design net genblk1[0].fan_pwm_tach_m/w_clk_1s_pos is routed by general path.
C: Route-2036: The clock path from genblk1[0].fan_pwm_tach_m/Edge_Detect_u1/N0/gateop:Z to clkbufgs_6:CLKIN is routed by SRB.
I: Design net nt_i_CLK_PAL_IN_25M is routed by general path.
C: Route-2036: The clock path from i_CLK_PAL_IN_25M_ibuf/opit_1:OUT to pll_inst/u_pll_e2/goppllinmuxd:CLK_IN[0] is routed by SRB.
Sort Original Nets take 0.002 sec
Check HPIO div result take 0.000 sec
Total net: 2587, route succeed net: 2587
Generate routing result take 0.008 sec
Handle PERMUX permutation take 0.103 sec
Handle const net take 0.010 sec
Handle route through take 0.028 sec
Used SRB routing arc is 20374.
Stage: after finish route | Performance: TNS = 0 ; WNS = 10068 ; THS = NA ; WHS = NA | Time (s): real = 0h:0m:10s ; cpu = 0h:0m:4s ; process = 0h:0m:9s | Memory (MB): curr = 396.089844 ; peak = 415.464844 | Checksum: 53674680494A1FB
Finish routing takes 0.21 sec.
Total routing takes 5.86 sec.


Device Utilization Summary :
+----------------------------------------------------------------------------+
| Device Type                      | Used     | Available     | Util(%)     
+----------------------------------------------------------------------------+
| CLMA                             | 335      | 592           | 57          
| + FF                             | 665      | 3552          | 19          
| + LUT                            | 936      | 2368          | 40          
|   + LUT as Logic                 | 752      |               |             
|   + LUT as Const                 | 178      |               |             
|   + LUT as Bypass                | 6        |               |             
| CLMS                             | 454      | 888           | 52          
| + FF                             | 1005     | 5328          | 19          
| + LUT                            | 1316     | 3552          | 38          
|   + LUT as Logic                 | 1154     |               |             
|   + LUT as Memory                | 0        |               |             
|     + LUT as Distributed RAM     | 0        |               |             
|   + LUT as Const                 | 146      |               |             
|   + LUT as Bypass                | 16       |               |             
| IO                               | 308      | 336           | 92          
| + IOBD                           | 21       | 21            | 100         
| + IOBR                           | 40       | 42            | 96          
| + IOBS                           | 247      | 273           | 91          
| BKCL                             | 6        | 6             | 100         
| CCS                              | 1        | 1             | 100         
| CLKDIV                           | 0        | 4             | 0           
| CLKDLY                           | 0        | 8             | 0           
| DLL                              | 0        | 2             | 0           
| DRM                              | 0        | 26            | 0           
| HARD0N1                          | 131      | 936           | 14          
| IOCKBRG                          | 0        | 2             | 0           
| IOCKGATE                         | 0        | 4             | 0           
| + IOCKGATE as Bypass             | 0        |               |             
| IOLDLYS                          | 138      | 252           | 55          
| IOLDLY                           | 57       | 84            | 68          
| IOL                              | 308      | 336           | 92          
| ISERDES                          | 0        | 21            | 0           
| LDO                              | 0        | 2             | 0           
| OSC                              | 0        | 1             | 0           
| OSERDES                          | 0        | 21            | 0           
| PLLINMUXD                        | 1        | 2             | 50          
| + PLLINMUXD as Bypass            | 0        |               |             
| PLL                              | 1        | 2             | 50          
| USCMDC                           | 2        | 8             | 25          
| + USCMDC as Bypass               | 0        |               |             
| USCMD                            | 0        | 2             | 0           
| + USCMD as Bypass                | 0        |               |             
| USSMBUF                          | 1        | 8             | 13          
| + USSMBUF as Bypass              | 0        |               |             
+----------------------------------------------------------------------------+

Finished routing. (CPU time elapsed 0h:00m:08s)
Design 'Tieta_Feiteng_1001_top' has been routed successfully.
Saving design to DB.
Action route: Export DB successfully.
Action route: Real time elapsed is 0h:0m:11s
Action route: CPU time elapsed is 0h:0m:9s
Action route: Process CPU time elapsed is 0h:0m:10s
Action route: Peak memory pool usage is 415 MB

Current time: Fri Mar  6 11:20:15 2026
