#Build: Fabric Compiler 2024.2-SP1.2, Build 187561, May 22 18:16 2025
#Install: C:\studyware\pango\PDS_2024.2-SP1.2-ads\bin
#Application name: pds_shell.exe
#OS: Windows 10 10.0.18363
#Hostname: z02665mj
Generated by Fabric Compiler (version 2024.2-SP1.2 build 187561) at Wed Mar  4 20:30:41 2026
Parameters for debugging are loaded as follows:
Compiling verification operator library.
Compiling common defs.
Compiling prim grid devices.
Compiling place grid timing.
Compiling gate devices.
Compiling gate operators.
Building architecture model.
Loading device packaging model.
Building architecture floorplan logic view.
Elaborate the liberty model.
I: Multithreading enabled for Timing using a maximum of 4 processes.

Routing started.
Build routing arch for double attribute device.
Enter timing driven router mode.
I: Multithreading enabled for route using a maximum of 1 processes.
W: Route-4027: Cannot find permit_rougth_thru_units.json file in working directory.
Building routing graph takes 0.39 sec.
Enable Recovery Analysis in Routing
Init coarse delay table.
Read place coarse delay table takes 0.03 sec.
build place dedicate switch graph takes 0.23 sec
Setup STE netlist take 634 msec.
Slack Weight : 90
CE/RS signal series limit : 500
Dispose control chain take 113 msec.
Collect const net info take 29 msec.
Total nets for routing: 1821.
Total loads for routing: 8545.
Direct connect net size: 1030
Build all design net take 171 msec.
Processing design graph takes 0.95 sec.
Delay table total memory: 4.79386520 MB
Route graph total memory: 10.53329086 MB
Route design total memory: 3.23746872 MB
The remaining process takes 0.06 sec.
Stage: after context initialize | Performance: TNS = 0 ; WNS = 12344 ; THS = NA ; WHS = NA | Time (s): real = 0h:0m:6s ; cpu = 0h:0m:4s ; process = 0h:0m:5s | Memory (MB): curr = 325.687500 ; peak = 343.648438 | Checksum: CCF5932983299765
Global routing takes 0.00 sec.
Pin Cost Increasing Speed 300
Unrouted clock nets at iteration 0 (0.012 sec): 0
Stage: after clock route | Performance: TNS = 0 ; WNS = 12344 ; THS = NA ; WHS = NA | Time (s): real = 0h:0m:6s ; cpu = 0h:0m:4s ; process = 0h:0m:5s | Memory (MB): curr = 326.617188 ; peak = 343.648438 | Checksum: E4012D5D1A009E9A
Total route nets size: 1816
I: Start printing congestion info.
I: Finish printing congestion info.
Pre route takes 0.773 sec
Stage: after pre route | Performance: TNS = 0 ; WNS = 12682 ; THS = 0 ; WHS = 256 | Time (s): real = 0h:0m:7s ; cpu = 0h:0m:4s ; process = 0h:0m:6s | Memory (MB): curr = 365.949219 ; peak = 370.683594 | Checksum: 93AD64CC0579E3DE
Unrouted general nets at iteration 2 (MT total route time: 0.388 sec): 1455(overused: 8893)
Unrouted general nets at iteration 3 (MT total route time: 0.315 sec): 1317(overused: 5654)
Unrouted general nets at iteration 4 (MT total route time: 0.259 sec): 1196(overused: 4462)
Unrouted general nets at iteration 5 (MT total route time: 0.198 sec): 1081(overused: 3649)
Unrouted general nets at iteration 6 (MT total route time: 0.150 sec): 986(overused: 3103)
Unrouted general nets at iteration 7 (MT total route time: 0.109 sec): 639(overused: 2211)
Unrouted general nets at iteration 8 (MT total route time: 0.087 sec): 496(overused: 1503)
Unrouted general nets at iteration 9 (MT total route time: 0.072 sec): 390(overused: 1110)
Unrouted general nets at iteration 10 (MT total route time: 0.071 sec): 318(overused: 927)
Unrouted general nets at iteration 11 (MT total route time: 0.048 sec): 274(overused: 730)
Unrouted general nets at iteration 12 (MT total route time: 0.047 sec): 223(overused: 573)
Unrouted general nets at iteration 13 (MT total route time: 0.052 sec): 200(overused: 452)
Unrouted general nets at iteration 14 (MT total route time: 0.042 sec): 168(overused: 380)
Unrouted general nets at iteration 15 (MT total route time: 0.033 sec): 144(overused: 326)
Unrouted general nets at iteration 16 (MT total route time: 0.029 sec): 124(overused: 278)
Unrouted general nets at iteration 17 (MT total route time: 0.019 sec): 91(overused: 186)
Unrouted general nets at iteration 18 (MT total route time: 0.017 sec): 83(overused: 144)
Unrouted general nets at iteration 19 (MT total route time: 0.017 sec): 72(overused: 174)
Unrouted general nets at iteration 20 (MT total route time: 0.015 sec): 56(overused: 102)
Unrouted general nets at iteration 21 (MT total route time: 0.009 sec): 41(overused: 84)
Unrouted general nets at iteration 22 (MT total route time: 0.009 sec): 32(overused: 62)
Unrouted general nets at iteration 23 (MT total route time: 0.007 sec): 25(overused: 42)
Unrouted general nets at iteration 24 (MT total route time: 0.006 sec): 22(overused: 32)
Unrouted general nets at iteration 25 (MT total route time: 0.007 sec): 20(overused: 40)
Unrouted general nets at iteration 26 (MT total route time: 0.006 sec): 17(overused: 26)
Unrouted general nets at iteration 27 (MT total route time: 0.006 sec): 14(overused: 18)
Unrouted general nets at iteration 28 (MT total route time: 0.006 sec): 12(overused: 22)
Unrouted general nets at iteration 29 (MT total route time: 0.005 sec): 8(overused: 12)
Unrouted general nets at iteration 30 (MT total route time: 0.006 sec): 2(overused: 2)
Unrouted general nets at iteration 31 (MT total route time: 0.005 sec): 2(overused: 4)
Unrouted general nets at iteration 32 (MT total route time: 0.003 sec): 0(overused: 0)
----General net take 0.004 sec(route net take 0.000 sec, inc cost take 0.002 sec, iter times: 1)
----const net route take 0.004 sec
Unrouted nets at iteration 33 (0.008 sec): 0
Stage: after detail route | Performance: TNS = 0 ; WNS = 11826 ; THS = NA ; WHS = NA | Time (s): real = 0h:0m:9s ; cpu = 0h:0m:4s ; process = 0h:0m:9s | Memory (MB): curr = 371.582031 ; peak = 373.210938 | Checksum: F09EC7B3C0A38E4E
Begin rip-up and reroute:
Rip-up and reroute takes 0.08 sec.
Stage: after ripup & reroute | Performance: TNS = 0 ; WNS = 11825 ; THS = NA ; WHS = NA | Time (s): real = 0h:0m:9s ; cpu = 0h:0m:4s ; process = 0h:0m:9s | Memory (MB): curr = 375.859375 ; peak = 375.917969 | Checksum: 6474F11826780EDC
Detailed routing takes 3.35 sec.
I: Design net nt_i_CLK_C42_IN_25M is routed by general path.
C: Route-2036: The clock path from i_CLK_C42_IN_25M_ibuf/opit_1:OUT to pll_inst/u_pll_e2/goppllinmuxd:CLK_IN[0] is routed by SRB.
Sort Original Nets take 0.001 sec
Check HPIO div result take 0.000 sec
Total net: 1821, route succeed net: 1821
Generate routing result take 0.004 sec
Handle PERMUX permutation take 0.066 sec
Handle const net take 0.004 sec
Handle route through take 0.023 sec
Used SRB routing arc is 14868.
Stage: after finish route | Performance: TNS = 0 ; WNS = 11825 ; THS = NA ; WHS = NA | Time (s): real = 0h:0m:10s ; cpu = 0h:0m:5s ; process = 0h:0m:9s | Memory (MB): curr = 361.718750 ; peak = 375.917969 | Checksum: 8B11C43C6D550B9D
Finish routing takes 0.15 sec.
Total routing takes 4.99 sec.


Device Utilization Summary :
+----------------------------------------------------------------------------+
| Device Type                      | Used     | Available     | Util(%)     
+----------------------------------------------------------------------------+
| CLMA                             | 228      | 592           | 39          
| + FF                             | 507      | 3552          | 15          
| + LUT                            | 601      | 2368          | 26          
|   + LUT as Logic                 | 493      |               |             
|   + LUT as Const                 | 102      |               |             
|   + LUT as Bypass                | 6        |               |             
| CLMS                             | 319      | 888           | 36          
| + FF                             | 740      | 5328          | 14          
| + LUT                            | 803      | 3552          | 23          
|   + LUT as Logic                 | 697      |               |             
|   + LUT as Memory                | 0        |               |             
|     + LUT as Distributed RAM     | 0        |               |             
|   + LUT as Const                 | 90       |               |             
|   + LUT as Bypass                | 16       |               |             
| IO                               | 287      | 336           | 86          
| + IOBD                           | 19       | 21            | 91          
| + IOBR                           | 37       | 42            | 89          
| + IOBS                           | 231      | 273           | 85          
| BKCL                             | 6        | 6             | 100         
| CCS                              | 1        | 1             | 100         
| CLKDIV                           | 0        | 4             | 0           
| CLKDLY                           | 0        | 8             | 0           
| DLL                              | 0        | 2             | 0           
| DRM                              | 0        | 26            | 0           
| HARD0N1                          | 50       | 936           | 6           
| IOCKBRG                          | 0        | 2             | 0           
| IOCKGATE                         | 0        | 4             | 0           
| + IOCKGATE as Bypass             | 0        |               |             
| IOLDLYS                          | 131      | 252           | 52          
| IOLDLY                           | 38       | 84            | 46          
| IOL                              | 287      | 336           | 86          
| ISERDES                          | 0        | 21            | 0           
| LDO                              | 0        | 2             | 0           
| OSC                              | 0        | 1             | 0           
| OSERDES                          | 0        | 21            | 0           
| PLLINMUXD                        | 1        | 2             | 50          
| + PLLINMUXD as Bypass            | 0        |               |             
| PLL                              | 1        | 2             | 50          
| USCMDC                           | 1        | 8             | 13          
| + USCMDC as Bypass               | 0        |               |             
| USCMD                            | 0        | 2             | 0           
| + USCMD as Bypass                | 0        |               |             
| USSMBUF                          | 0        | 8             | 0           
| + USSMBUF as Bypass              | 0        |               |             
+----------------------------------------------------------------------------+

Finished routing. (CPU time elapsed 0h:00m:07s)
Design 'Tieta_Feiteng_2001_top' has been routed successfully.
Saving design to DB.
Action route: Export DB successfully.
Action route: Real time elapsed is 0h:0m:10s
Action route: CPU time elapsed is 0h:0m:8s
Action route: Process CPU time elapsed is 0h:0m:10s
Action route: Peak memory pool usage is 375 MB

Current time: Wed Mar  4 20:30:49 2026
