#Build: Fabric Compiler 2024.2-SP1.2, Build 187561, May 22 18:16 2025
#Install: C:\studyware\pango\PDS_2024.2-SP1.2-ads\bin
#Application name: pds_shell.exe
#OS: Windows 10 10.0.18363
#Hostname: z02665mj
Generated by Fabric Compiler (version 2024.2-SP1.2 build 187561) at Mon Mar  2 22:35:54 2026
Parameters for debugging are loaded as follows:
Compiling verification operator library.
Compiling common defs.
Compiling prim grid devices.
Compiling place grid timing.
Compiling gate devices.
Compiling gate operators.
Building architecture model.
Loading device packaging model.
Building architecture floorplan logic view.
Elaborate the liberty model.
I: Multithreading enabled for Timing using a maximum of 4 processes.

Routing started.
Build routing arch for double attribute device.
Enter timing driven router mode.
I: Multithreading enabled for route using a maximum of 1 processes.
W: Route-4027: Cannot find permit_rougth_thru_units.json file in working directory.
Building routing graph takes 0.35 sec.
Enable Recovery Analysis in Routing
Init coarse delay table.
Read place coarse delay table takes 0.05 sec.
build place dedicate switch graph takes 0.16 sec
Setup STE netlist take 490 msec.
Slack Weight : 90
CE/RS signal series limit : 500
Dispose control chain take 72 msec.
Collect const net info take 23 msec.
Total nets for routing: 2423.
Total loads for routing: 11352.
Direct connect net size: 1163
Build all design net take 149 msec.
Processing design graph takes 0.74 sec.
Delay table total memory: 4.79386520 MB
Route graph total memory: 10.81884003 MB
Route design total memory: 3.91043472 MB
The remaining process takes 0.04 sec.
Stage: after context initialize | Performance: TNS = 0 ; WNS = 10163 ; THS = NA ; WHS = NA | Time (s): real = 0h:0m:5s ; cpu = 0h:0m:3s ; process = 0h:0m:4s | Memory (MB): curr = 343.003906 ; peak = 364.730469 | Checksum: B1EF4B5C510062C8
Global routing takes 0.00 sec.
Pin Cost Increasing Speed 300
Unrouted clock nets at iteration 0 (0.007 sec): 0
Stage: after clock route | Performance: TNS = 0 ; WNS = 10163 ; THS = NA ; WHS = NA | Time (s): real = 0h:0m:5s ; cpu = 0h:0m:3s ; process = 0h:0m:4s | Memory (MB): curr = 343.695313 ; peak = 364.730469 | Checksum: 858C6A20846AF301
Total route nets size: 2415
I: Start printing congestion info.
I: Finish printing congestion info.
Pre route takes 0.684 sec
Stage: after pre route | Performance: TNS = 0 ; WNS = 10610 ; THS = 0 ; WHS = 256 | Time (s): real = 0h:0m:6s ; cpu = 0h:0m:3s ; process = 0h:0m:6s | Memory (MB): curr = 395.632813 ; peak = 399.890625 | Checksum: D43BB6F2004EB912
Unrouted general nets at iteration 2 (MT total route time: 0.456 sec): 2058(overused: 11357)
Unrouted general nets at iteration 3 (MT total route time: 0.451 sec): 1808(overused: 7054)
Unrouted general nets at iteration 4 (MT total route time: 0.270 sec): 1605(overused: 5519)
Unrouted general nets at iteration 5 (MT total route time: 0.213 sec): 1493(overused: 4548)
Unrouted general nets at iteration 6 (MT total route time: 0.166 sec): 1295(overused: 3793)
Unrouted general nets at iteration 7 (MT total route time: 0.126 sec): 892(overused: 2765)
Unrouted general nets at iteration 8 (MT total route time: 0.114 sec): 679(overused: 1950)
Unrouted general nets at iteration 9 (MT total route time: 0.122 sec): 532(overused: 1472)
Unrouted general nets at iteration 10 (MT total route time: 0.090 sec): 436(overused: 1149)
Unrouted general nets at iteration 11 (MT total route time: 0.103 sec): 376(overused: 919)
Unrouted general nets at iteration 12 (MT total route time: 0.063 sec): 307(overused: 748)
Unrouted general nets at iteration 13 (MT total route time: 0.069 sec): 279(overused: 689)
Unrouted general nets at iteration 14 (MT total route time: 0.090 sec): 259(overused: 593)
Unrouted general nets at iteration 15 (MT total route time: 0.052 sec): 211(overused: 480)
Unrouted general nets at iteration 16 (MT total route time: 0.039 sec): 172(overused: 377)
Unrouted general nets at iteration 17 (MT total route time: 0.037 sec): 150(overused: 328)
Unrouted general nets at iteration 18 (MT total route time: 0.036 sec): 172(overused: 364)
Unrouted general nets at iteration 19 (MT total route time: 0.027 sec): 133(overused: 256)
Unrouted general nets at iteration 20 (MT total route time: 0.022 sec): 115(overused: 217)
Unrouted general nets at iteration 21 (MT total route time: 0.019 sec): 89(overused: 170)
Unrouted general nets at iteration 22 (MT total route time: 0.018 sec): 83(overused: 174)
Unrouted general nets at iteration 23 (MT total route time: 0.045 sec): 75(overused: 146)
Unrouted general nets at iteration 24 (MT total route time: 0.021 sec): 71(overused: 127)
Unrouted general nets at iteration 25 (MT total route time: 0.017 sec): 37(overused: 64)
Unrouted general nets at iteration 26 (MT total route time: 0.015 sec): 39(overused: 78)
Unrouted general nets at iteration 27 (MT total route time: 0.015 sec): 42(overused: 72)
Unrouted general nets at iteration 28 (MT total route time: 0.016 sec): 32(overused: 52)
Unrouted general nets at iteration 29 (MT total route time: 0.016 sec): 35(overused: 58)
Unrouted general nets at iteration 30 (MT total route time: 0.016 sec): 28(overused: 62)
Unrouted general nets at iteration 31 (MT total route time: 0.024 sec): 20(overused: 44)
Unrouted general nets at iteration 32 (MT total route time: 0.017 sec): 23(overused: 42)
Unrouted general nets at iteration 33 (MT total route time: 0.011 sec): 18(overused: 26)
Unrouted general nets at iteration 34 (MT total route time: 0.013 sec): 21(overused: 40)
Unrouted general nets at iteration 35 (MT total route time: 0.008 sec): 13(overused: 26)
Unrouted general nets at iteration 36 (MT total route time: 0.014 sec): 13(overused: 24)
Unrouted general nets at iteration 37 (MT total route time: 0.011 sec): 19(overused: 38)
Unrouted general nets at iteration 38 (MT total route time: 0.008 sec): 11(overused: 18)
Unrouted general nets at iteration 39 (MT total route time: 0.008 sec): 9(overused: 18)
Unrouted general nets at iteration 40 (MT total route time: 0.008 sec): 6(overused: 8)
Unrouted general nets at iteration 41 (MT total route time: 0.007 sec): 8(overused: 10)
Unrouted general nets at iteration 42 (MT total route time: 0.007 sec): 7(overused: 10)
Unrouted general nets at iteration 43 (MT total route time: 0.011 sec): 4(overused: 6)
Unrouted general nets at iteration 44 (MT total route time: 0.031 sec): 4(overused: 6)
Unrouted general nets at iteration 45 (MT total route time: 0.028 sec): 2(overused: 2)
Unrouted general nets at iteration 46 (MT total route time: 0.007 sec): 0(overused: 0)
----General net take 0.007 sec(route net take 0.000 sec, inc cost take 0.002 sec, iter times: 1)
----const net route take 0.011 sec
Unrouted nets at iteration 47 (0.019 sec): 0
Stage: after detail route | Performance: TNS = 0 ; WNS = 9681 ; THS = NA ; WHS = NA | Time (s): real = 0h:0m:10s ; cpu = 0h:0m:4s ; process = 0h:0m:9s | Memory (MB): curr = 403.234375 ; peak = 403.238281 | Checksum: 5116198DC4E0D678
Begin rip-up and reroute:
Rip-up and reroute takes 0.10 sec.
Stage: after ripup & reroute | Performance: TNS = 0 ; WNS = 9683 ; THS = NA ; WHS = NA | Time (s): real = 0h:0m:10s ; cpu = 0h:0m:4s ; process = 0h:0m:9s | Memory (MB): curr = 405.886719 ; peak = 405.945313 | Checksum: 2D7288581EF6E14F
Detailed routing takes 4.35 sec.
I: Design net genblk1[0].fan_pwm_tach_m/w_clk_1s_pos is routed by general path.
C: Route-2036: The clock path from genblk1[0].fan_pwm_tach_m/Edge_Detect_u1/N0/gateop:Z to clkbufgs_6:CLKIN is routed by SRB.
I: Design net nt_i_CLK_PAL_IN_25M is routed by general path.
C: Route-2036: The clock path from i_CLK_PAL_IN_25M_ibuf/opit_1:OUT to pll_inst/u_pll_e2/goppllinmuxd:CLK_IN[0] is routed by SRB.
Sort Original Nets take 0.001 sec
Check HPIO div result take 0.000 sec
Total net: 2423, route succeed net: 2423
Generate routing result take 0.010 sec
Handle PERMUX permutation take 0.103 sec
Handle const net take 0.008 sec
Handle route through take 0.026 sec
Used SRB routing arc is 19310.
Stage: after finish route | Performance: TNS = 0 ; WNS = 9683 ; THS = NA ; WHS = NA | Time (s): real = 0h:0m:10s ; cpu = 0h:0m:4s ; process = 0h:0m:9s | Memory (MB): curr = 387.246094 ; peak = 405.945313 | Checksum: B13A44DE5E44D17F
Finish routing takes 0.21 sec.
Total routing takes 5.78 sec.


Device Utilization Summary :
+----------------------------------------------------------------------------+
| Device Type                      | Used     | Available     | Util(%)     
+----------------------------------------------------------------------------+
| CLMA                             | 308      | 592           | 53          
| + FF                             | 610      | 3552          | 18          
| + LUT                            | 875      | 2368          | 37          
|   + LUT as Logic                 | 694      |               |             
|   + LUT as Const                 | 165      |               |             
|   + LUT as Bypass                | 16       |               |             
| CLMS                             | 423      | 888           | 48          
| + FF                             | 957      | 5328          | 18          
| + LUT                            | 1201     | 3552          | 34          
|   + LUT as Logic                 | 1077     |               |             
|   + LUT as Memory                | 0        |               |             
|     + LUT as Distributed RAM     | 0        |               |             
|   + LUT as Const                 | 114      |               |             
|   + LUT as Bypass                | 10       |               |             
| IO                               | 308      | 336           | 92          
| + IOBD                           | 21       | 21            | 100         
| + IOBR                           | 40       | 42            | 96          
| + IOBS                           | 247      | 273           | 91          
| BKCL                             | 6        | 6             | 100         
| CCS                              | 1        | 1             | 100         
| CLKDIV                           | 0        | 4             | 0           
| CLKDLY                           | 0        | 8             | 0           
| DLL                              | 0        | 2             | 0           
| DRM                              | 0        | 26            | 0           
| HARD0N1                          | 134      | 936           | 15          
| IOCKBRG                          | 0        | 2             | 0           
| IOCKGATE                         | 0        | 4             | 0           
| + IOCKGATE as Bypass             | 0        |               |             
| IOLDLYS                          | 138      | 252           | 55          
| IOLDLY                           | 41       | 84            | 49          
| IOL                              | 308      | 336           | 92          
| ISERDES                          | 0        | 21            | 0           
| LDO                              | 0        | 2             | 0           
| OSC                              | 0        | 1             | 0           
| OSERDES                          | 0        | 21            | 0           
| PLLINMUXD                        | 1        | 2             | 50          
| + PLLINMUXD as Bypass            | 0        |               |             
| PLL                              | 1        | 2             | 50          
| USCMDC                           | 2        | 8             | 25          
| + USCMDC as Bypass               | 0        |               |             
| USCMD                            | 0        | 2             | 0           
| + USCMD as Bypass                | 0        |               |             
| USSMBUF                          | 1        | 8             | 13          
| + USSMBUF as Bypass              | 0        |               |             
+----------------------------------------------------------------------------+

Finished routing. (CPU time elapsed 0h:00m:08s)
Design 'Tieta_Feiteng_1001_top' has been routed successfully.
Saving design to DB.
Action route: Export DB successfully.
Action route: Real time elapsed is 0h:0m:11s
Action route: CPU time elapsed is 0h:0m:9s
Action route: Process CPU time elapsed is 0h:0m:10s
Action route: Peak memory pool usage is 405 MB

Current time: Mon Mar  2 22:36:03 2026
