#Build: Fabric Compiler 2024.2-SP1.2, Build 187561, May 22 18:16 2025
#Install: C:\studyware\pango\PDS_2024.2-SP1.2-ads\bin
#Application name: pds_shell.exe
#OS: Windows 10 10.0.18363
#Hostname: z02665mj
Generated by Fabric Compiler (version 2024.2-SP1.2 build 187561) at Wed Mar  4 20:12:18 2026
Parameters for debugging are loaded as follows:
Compiling verification operator library.
Compiling common defs.
Compiling prim grid devices.
Compiling place grid timing.
Compiling gate devices.
Compiling gate operators.
Building architecture model.
Loading device packaging model.
Building architecture floorplan logic view.
Elaborate the liberty model.
I: Multithreading enabled for Timing using a maximum of 4 processes.

Routing started.
Build routing arch for double attribute device.
Enter timing driven router mode.
I: Multithreading enabled for route using a maximum of 1 processes.
W: Route-4027: Cannot find permit_rougth_thru_units.json file in working directory.
Building routing graph takes 0.29 sec.
Enable Recovery Analysis in Routing
Init coarse delay table.
Read place coarse delay table takes 0.03 sec.
build place dedicate switch graph takes 0.19 sec
Setup STE netlist take 459 msec.
Slack Weight : 90
CE/RS signal series limit : 500
Dispose control chain take 51 msec.
Collect const net info take 19 msec.
Total nets for routing: 1825.
Total loads for routing: 8615.
Direct connect net size: 1027
Build all design net take 115 msec.
Processing design graph takes 0.65 sec.
Delay table total memory: 4.79386520 MB
Route graph total memory: 10.53640366 MB
Route design total memory: 3.36504745 MB
The remaining process takes 0.04 sec.
Stage: after context initialize | Performance: TNS = 0 ; WNS = 13055 ; THS = NA ; WHS = NA | Time (s): real = 0h:0m:5s ; cpu = 0h:0m:3s ; process = 0h:0m:4s | Memory (MB): curr = 327.132813 ; peak = 343.394531 | Checksum: 9AEB8D5CE48D981A
Global routing takes 0.00 sec.
Pin Cost Increasing Speed 300
Unrouted clock nets at iteration 0 (0.005 sec): 0
Stage: after clock route | Performance: TNS = 0 ; WNS = 13055 ; THS = NA ; WHS = NA | Time (s): real = 0h:0m:5s ; cpu = 0h:0m:3s ; process = 0h:0m:4s | Memory (MB): curr = 327.890625 ; peak = 343.394531 | Checksum: 4F91F1E3A6CC0165
Total route nets size: 1820
I: Start printing congestion info.
I: Finish printing congestion info.
Pre route takes 0.511 sec
Stage: after pre route | Performance: TNS = 0 ; WNS = 12837 ; THS = 0 ; WHS = 266 | Time (s): real = 0h:0m:5s ; cpu = 0h:0m:3s ; process = 0h:0m:4s | Memory (MB): curr = 366.578125 ; peak = 371.757813 | Checksum: D4EB56B7538BCEA0
Unrouted general nets at iteration 2 (MT total route time: 0.286 sec): 1477(overused: 8652)
Unrouted general nets at iteration 3 (MT total route time: 0.230 sec): 1342(overused: 5534)
Unrouted general nets at iteration 4 (MT total route time: 0.185 sec): 1179(overused: 4495)
Unrouted general nets at iteration 5 (MT total route time: 0.154 sec): 1080(overused: 3711)
Unrouted general nets at iteration 6 (MT total route time: 0.138 sec): 1016(overused: 3308)
Unrouted general nets at iteration 7 (MT total route time: 0.113 sec): 650(overused: 2306)
Unrouted general nets at iteration 8 (MT total route time: 0.090 sec): 498(overused: 1527)
Unrouted general nets at iteration 9 (MT total route time: 0.072 sec): 380(overused: 1112)
Unrouted general nets at iteration 10 (MT total route time: 0.056 sec): 315(overused: 883)
Unrouted general nets at iteration 11 (MT total route time: 0.048 sec): 287(overused: 649)
Unrouted general nets at iteration 12 (MT total route time: 0.044 sec): 243(overused: 535)
Unrouted general nets at iteration 13 (MT total route time: 0.033 sec): 205(overused: 457)
Unrouted general nets at iteration 14 (MT total route time: 0.033 sec): 176(overused: 409)
Unrouted general nets at iteration 15 (MT total route time: 0.032 sec): 167(overused: 406)
Unrouted general nets at iteration 16 (MT total route time: 0.026 sec): 123(overused: 280)
Unrouted general nets at iteration 17 (MT total route time: 0.019 sec): 87(overused: 158)
Unrouted general nets at iteration 18 (MT total route time: 0.014 sec): 59(overused: 110)
Unrouted general nets at iteration 19 (MT total route time: 0.013 sec): 51(overused: 100)
Unrouted general nets at iteration 20 (MT total route time: 0.010 sec): 40(overused: 74)
Unrouted general nets at iteration 21 (MT total route time: 0.008 sec): 32(overused: 48)
Unrouted general nets at iteration 22 (MT total route time: 0.006 sec): 20(overused: 32)
Unrouted general nets at iteration 23 (MT total route time: 0.005 sec): 12(overused: 16)
Unrouted general nets at iteration 24 (MT total route time: 0.004 sec): 8(overused: 12)
Unrouted general nets at iteration 25 (MT total route time: 0.004 sec): 7(overused: 12)
Unrouted general nets at iteration 26 (MT total route time: 0.004 sec): 9(overused: 16)
Unrouted general nets at iteration 27 (MT total route time: 0.004 sec): 8(overused: 8)
Unrouted general nets at iteration 28 (MT total route time: 0.005 sec): 8(overused: 18)
Unrouted general nets at iteration 29 (MT total route time: 0.005 sec): 10(overused: 20)
Unrouted general nets at iteration 30 (MT total route time: 0.004 sec): 9(overused: 14)
Unrouted general nets at iteration 31 (MT total route time: 0.004 sec): 5(overused: 6)
Unrouted general nets at iteration 32 (MT total route time: 0.003 sec): 6(overused: 8)
Unrouted general nets at iteration 33 (MT total route time: 0.007 sec): 15(overused: 30)
Unrouted general nets at iteration 34 (MT total route time: 0.011 sec): 14(overused: 26)
Unrouted general nets at iteration 35 (MT total route time: 0.009 sec): 14(overused: 22)
Unrouted general nets at iteration 36 (MT total route time: 0.007 sec): 10(overused: 16)
Unrouted general nets at iteration 37 (MT total route time: 0.004 sec): 6(overused: 10)
Unrouted general nets at iteration 38 (MT total route time: 0.004 sec): 6(overused: 10)
Unrouted general nets at iteration 39 (MT total route time: 0.003 sec): 4(overused: 6)
Unrouted general nets at iteration 40 (MT total route time: 0.003 sec): 4(overused: 8)
Unrouted general nets at iteration 41 (MT total route time: 0.004 sec): 2(overused: 2)
Unrouted general nets at iteration 42 (MT total route time: 0.004 sec): 2(overused: 2)
Unrouted general nets at iteration 43 (MT total route time: 0.004 sec): 3(overused: 4)
Unrouted general nets at iteration 44 (MT total route time: 0.003 sec): 7(overused: 12)
Unrouted general nets at iteration 45 (MT total route time: 0.004 sec): 12(overused: 16)
Unrouted general nets at iteration 46 (MT total route time: 0.004 sec): 11(overused: 20)
Unrouted general nets at iteration 47 (MT total route time: 0.004 sec): 9(overused: 12)
Unrouted general nets at iteration 48 (MT total route time: 0.004 sec): 4(overused: 6)
Unrouted general nets at iteration 49 (MT total route time: 0.005 sec): 5(overused: 10)
Unrouted general nets at iteration 50 (MT total route time: 0.006 sec): 5(overused: 6)
Unrouted general nets at iteration 51 (MT total route time: 0.004 sec): 5(overused: 8)
Unrouted general nets at iteration 52 (MT total route time: 0.004 sec): 5(overused: 6)
Unrouted general nets at iteration 53 (MT total route time: 0.004 sec): 4(overused: 4)
Unrouted general nets at iteration 54 (MT total route time: 0.004 sec): 5(overused: 8)
Unrouted general nets at iteration 55 (MT total route time: 0.003 sec): 4(overused: 6)
Unrouted general nets at iteration 56 (MT total route time: 0.003 sec): 4(overused: 4)
Unrouted general nets at iteration 57 (MT total route time: 0.003 sec): 2(overused: 2)
Unrouted general nets at iteration 58 (MT total route time: 0.003 sec): 0(overused: 0)
----General net take 0.003 sec(route net take 0.000 sec, inc cost take 0.001 sec, iter times: 1)
----const net route take 0.004 sec
Unrouted nets at iteration 59 (0.008 sec): 0
Stage: after detail route | Performance: TNS = 0 ; WNS = 11790 ; THS = NA ; WHS = NA | Time (s): real = 0h:0m:7s ; cpu = 0h:0m:3s ; process = 0h:0m:7s | Memory (MB): curr = 373.496094 ; peak = 373.800781 | Checksum: 4C5BC9420FD8DF62
Begin rip-up and reroute:
Rip-up and reroute takes 0.07 sec.
Stage: after ripup & reroute | Performance: TNS = 0 ; WNS = 11783 ; THS = NA ; WHS = NA | Time (s): real = 0h:0m:7s ; cpu = 0h:0m:3s ; process = 0h:0m:7s | Memory (MB): curr = 376.742188 ; peak = 376.800781 | Checksum: 6C57B67EE82A268D
Detailed routing takes 2.79 sec.
I: Design net nt_i_CLK_C42_IN_25M is routed by general path.
C: Route-2036: The clock path from i_CLK_C42_IN_25M_ibuf/opit_1:OUT to pll_inst/u_pll_e2/goppllinmuxd:CLK_IN[0] is routed by SRB.
Sort Original Nets take 0.000 sec
Check HPIO div result take 0.000 sec
Total net: 1825, route succeed net: 1825
Generate routing result take 0.005 sec
Handle PERMUX permutation take 0.064 sec
Handle const net take 0.004 sec
Handle route through take 0.030 sec
Used SRB routing arc is 14957.
Stage: after finish route | Performance: TNS = 0 ; WNS = 11783 ; THS = NA ; WHS = NA | Time (s): real = 0h:0m:8s ; cpu = 0h:0m:4s ; process = 0h:0m:7s | Memory (MB): curr = 362.726563 ; peak = 376.800781 | Checksum: AED0B2F80E4DA002
Finish routing takes 0.16 sec.
Total routing takes 4.00 sec.


Device Utilization Summary :
+----------------------------------------------------------------------------+
| Device Type                      | Used     | Available     | Util(%)     
+----------------------------------------------------------------------------+
| CLMA                             | 231      | 592           | 40          
| + FF                             | 500      | 3552          | 15          
| + LUT                            | 579      | 2368          | 25          
|   + LUT as Logic                 | 475      |               |             
|   + LUT as Const                 | 100      |               |             
|   + LUT as Bypass                | 4        |               |             
| CLMS                             | 317      | 888           | 36          
| + FF                             | 750      | 5328          | 15          
| + LUT                            | 817      | 3552          | 24          
|   + LUT as Logic                 | 717      |               |             
|   + LUT as Memory                | 0        |               |             
|     + LUT as Distributed RAM     | 0        |               |             
|   + LUT as Const                 | 88       |               |             
|   + LUT as Bypass                | 12       |               |             
| IO                               | 287      | 336           | 86          
| + IOBD                           | 19       | 21            | 91          
| + IOBR                           | 37       | 42            | 89          
| + IOBS                           | 231      | 273           | 85          
| BKCL                             | 6        | 6             | 100         
| CCS                              | 1        | 1             | 100         
| CLKDIV                           | 0        | 4             | 0           
| CLKDLY                           | 0        | 8             | 0           
| DLL                              | 0        | 2             | 0           
| DRM                              | 0        | 26            | 0           
| HARD0N1                          | 50       | 936           | 6           
| IOCKBRG                          | 0        | 2             | 0           
| IOCKGATE                         | 0        | 4             | 0           
| + IOCKGATE as Bypass             | 0        |               |             
| IOLDLYS                          | 131      | 252           | 52          
| IOLDLY                           | 38       | 84            | 46          
| IOL                              | 287      | 336           | 86          
| ISERDES                          | 0        | 21            | 0           
| LDO                              | 0        | 2             | 0           
| OSC                              | 0        | 1             | 0           
| OSERDES                          | 0        | 21            | 0           
| PLLINMUXD                        | 1        | 2             | 50          
| + PLLINMUXD as Bypass            | 0        |               |             
| PLL                              | 1        | 2             | 50          
| USCMDC                           | 1        | 8             | 13          
| + USCMDC as Bypass               | 0        |               |             
| USCMD                            | 0        | 2             | 0           
| + USCMD as Bypass                | 0        |               |             
| USSMBUF                          | 0        | 8             | 0           
| + USSMBUF as Bypass              | 0        |               |             
+----------------------------------------------------------------------------+

Finished routing. (CPU time elapsed 0h:00m:06s)
Design 'Tieta_Feiteng_2001_top' has been routed successfully.
Saving design to DB.
Action route: Export DB successfully.
Action route: Real time elapsed is 0h:0m:8s
Action route: CPU time elapsed is 0h:0m:7s
Action route: Process CPU time elapsed is 0h:0m:8s
Action route: Peak memory pool usage is 376 MB

Current time: Wed Mar  4 20:12:24 2026
