#Build: Fabric Compiler 2024.2-SP1.2, Build 187561, May 22 18:16 2025
#Install: C:\studyware\pango\PDS_2024.2-SP1.2-ads\bin
#Application name: pds_shell.exe
#OS: Windows 10 10.0.18363
#Hostname: z02665mj
Generated by Fabric Compiler (version 2024.2-SP1.2 build 187561) at Mon Mar  2 22:50:11 2026
Parameters for debugging are loaded as follows:
Compiling verification operator library.
Compiling common defs.
Compiling prim grid devices.
Compiling place grid timing.
Compiling gate devices.
Compiling gate operators.
Building architecture model.
Loading device packaging model.
Building architecture floorplan logic view.
Elaborate the liberty model.
I: Multithreading enabled for Timing using a maximum of 4 processes.

Routing started.
Build routing arch for double attribute device.
Enter timing driven router mode.
I: Multithreading enabled for route using a maximum of 1 processes.
W: Route-4027: Cannot find permit_rougth_thru_units.json file in working directory.
Building routing graph takes 0.55 sec.
Enable Recovery Analysis in Routing
Init coarse delay table.
Read place coarse delay table takes 0.02 sec.
build place dedicate switch graph takes 0.23 sec
Setup STE netlist take 1326 msec.
Slack Weight : 90
CE/RS signal series limit : 500
Dispose control chain take 542 msec.
Collect const net info take 223 msec.
Total nets for routing: 2527.
Total loads for routing: 11832.
Direct connect net size: 1180
Build all design net take 550 msec.
Processing design graph takes 2.65 sec.
Delay table total memory: 4.79386520 MB
Route graph total memory: 10.87825012 MB
Route design total memory: 3.93896866 MB
The remaining process takes 0.09 sec.
Stage: after context initialize | Performance: TNS = 0 ; WNS = 9637 ; THS = NA ; WHS = NA | Time (s): real = 0h:0m:8s ; cpu = 0h:0m:4s ; process = 0h:0m:6s | Memory (MB): curr = 341.480469 ; peak = 363.914063 | Checksum: 5042C7B8C2C03163
Global routing takes 0.00 sec.
Pin Cost Increasing Speed 300
Unrouted clock nets at iteration 0 (0.009 sec): 0
Stage: after clock route | Performance: TNS = 0 ; WNS = 9637 ; THS = NA ; WHS = NA | Time (s): real = 0h:0m:8s ; cpu = 0h:0m:4s ; process = 0h:0m:6s | Memory (MB): curr = 342.582031 ; peak = 363.914063 | Checksum: D3671E5A3C4016BE
Total route nets size: 2519
