#Build: Fabric Compiler 2024.2-SP1.2, Build 187561, May 22 18:16 2025
#Install: C:\studyware\pango\PDS_2024.2-SP1.2-ads\bin
#Application name: pds_shell.exe
#OS: Windows 10 10.0.18363
#Hostname: z02665mj
Generated by Fabric Compiler (version 2024.2-SP1.2 build 187561) at Fri Mar  6 11:53:53 2026
Parameters for debugging are loaded as follows:
Compiling verification operator library.
Compiling common defs.
Compiling prim grid devices.
Compiling place grid timing.
Compiling gate devices.
Compiling gate operators.
Building architecture model.
Loading device packaging model.
Building architecture floorplan logic view.
Elaborate the liberty model.
I: Multithreading enabled for Timing using a maximum of 4 processes.

Routing started.
Build routing arch for double attribute device.
Enter timing driven router mode.
I: Multithreading enabled for route using a maximum of 1 processes.
W: Route-4027: Cannot find permit_rougth_thru_units.json file in working directory.
Building routing graph takes 0.40 sec.
Enable Recovery Analysis in Routing
Init coarse delay table.
Read place coarse delay table takes 0.05 sec.
build place dedicate switch graph takes 0.17 sec
Setup STE netlist take 530 msec.
Slack Weight : 90
CE/RS signal series limit : 500
Dispose control chain take 72 msec.
Collect const net info take 24 msec.
Total nets for routing: 2589.
Total loads for routing: 12082.
Direct connect net size: 1201
Build all design net take 161 msec.
Processing design graph takes 0.79 sec.
Delay table total memory: 4.79386520 MB
Route graph total memory: 10.90381241 MB
Route design total memory: 3.95415115 MB
The remaining process takes 0.05 sec.
Stage: after context initialize | Performance: TNS = 0 ; WNS = 9522 ; THS = NA ; WHS = NA | Time (s): real = 0h:0m:5s ; cpu = 0h:0m:3s ; process = 0h:0m:4s | Memory (MB): curr = 346.753906 ; peak = 369.296875 | Checksum: 797BBF5171DC87A5
Global routing takes 0.00 sec.
Pin Cost Increasing Speed 300
Unrouted clock nets at iteration 0 (0.008 sec): 0
Stage: after clock route | Performance: TNS = 0 ; WNS = 9522 ; THS = NA ; WHS = NA | Time (s): real = 0h:0m:5s ; cpu = 0h:0m:3s ; process = 0h:0m:4s | Memory (MB): curr = 347.675781 ; peak = 369.296875 | Checksum: CEE5CB527D39410
Total route nets size: 2581
I: Start printing congestion info.
I: Finish printing congestion info.
Pre route takes 0.750 sec
Stage: after pre route | Performance: TNS = 0 ; WNS = 10288 ; THS = 0 ; WHS = 257 | Time (s): real = 0h:0m:6s ; cpu = 0h:0m:3s ; process = 0h:0m:5s | Memory (MB): curr = 402.167969 ; peak = 406.722656 | Checksum: EB7D277E7288A042
Unrouted general nets at iteration 2 (MT total route time: 0.460 sec): 2202(overused: 11965)
Unrouted general nets at iteration 3 (MT total route time: 0.358 sec): 1856(overused: 7392)
Unrouted general nets at iteration 4 (MT total route time: 0.264 sec): 1591(overused: 5834)
Unrouted general nets at iteration 5 (MT total route time: 0.225 sec): 1426(overused: 4652)
Unrouted general nets at iteration 6 (MT total route time: 0.197 sec): 1267(overused: 3907)
Unrouted general nets at iteration 7 (MT total route time: 0.145 sec): 941(overused: 2867)
Unrouted general nets at iteration 8 (MT total route time: 0.118 sec): 700(overused: 1934)
Unrouted general nets at iteration 9 (MT total route time: 0.108 sec): 542(overused: 1489)
Unrouted general nets at iteration 10 (MT total route time: 0.083 sec): 449(overused: 1148)
Unrouted general nets at iteration 11 (MT total route time: 0.075 sec): 392(overused: 936)
Unrouted general nets at iteration 12 (MT total route time: 0.068 sec): 329(overused: 800)
Unrouted general nets at iteration 13 (MT total route time: 0.079 sec): 270(overused: 632)
Unrouted general nets at iteration 14 (MT total route time: 0.050 sec): 220(overused: 525)
Unrouted general nets at iteration 15 (MT total route time: 0.089 sec): 192(overused: 462)
Unrouted general nets at iteration 16 (MT total route time: 0.078 sec): 185(overused: 424)
Unrouted general nets at iteration 17 (MT total route time: 0.041 sec): 158(overused: 358)
Unrouted general nets at iteration 18 (MT total route time: 0.031 sec): 131(overused: 283)
Unrouted general nets at iteration 19 (MT total route time: 0.039 sec): 133(overused: 295)
Unrouted general nets at iteration 20 (MT total route time: 0.031 sec): 124(overused: 280)
Unrouted general nets at iteration 21 (MT total route time: 0.027 sec): 114(overused: 232)
Unrouted general nets at iteration 22 (MT total route time: 0.029 sec): 101(overused: 225)
Unrouted general nets at iteration 23 (MT total route time: 0.163 sec): 87(overused: 168)
Unrouted general nets at iteration 24 (MT total route time: 0.065 sec): 89(overused: 164)
Unrouted general nets at iteration 25 (MT total route time: 0.261 sec): 72(overused: 148)
Unrouted general nets at iteration 26 (MT total route time: 0.114 sec): 56(overused: 111)
Unrouted general nets at iteration 27 (MT total route time: 0.057 sec): 49(overused: 76)
Unrouted general nets at iteration 28 (MT total route time: 0.017 sec): 37(overused: 54)
Unrouted general nets at iteration 29 (MT total route time: 0.021 sec): 43(overused: 70)
Unrouted general nets at iteration 30 (MT total route time: 0.037 sec): 27(overused: 40)
Unrouted general nets at iteration 31 (MT total route time: 0.060 sec): 24(overused: 32)
Unrouted general nets at iteration 32 (MT total route time: 0.020 sec): 23(overused: 30)
Unrouted general nets at iteration 33 (MT total route time: 0.052 sec): 30(overused: 44)
Unrouted general nets at iteration 34 (MT total route time: 0.058 sec): 26(overused: 30)
Unrouted general nets at iteration 35 (MT total route time: 0.016 sec): 24(overused: 38)
Unrouted general nets at iteration 36 (MT total route time: 0.010 sec): 20(overused: 36)
Unrouted general nets at iteration 37 (MT total route time: 0.010 sec): 19(overused: 32)
Unrouted general nets at iteration 38 (MT total route time: 0.025 sec): 11(overused: 20)
Unrouted general nets at iteration 39 (MT total route time: 0.035 sec): 13(overused: 20)
Unrouted general nets at iteration 40 (MT total route time: 0.025 sec): 11(overused: 26)
Unrouted general nets at iteration 41 (MT total route time: 0.032 sec): 15(overused: 24)
Unrouted general nets at iteration 42 (MT total route time: 0.049 sec): 11(overused: 22)
Unrouted general nets at iteration 43 (MT total route time: 0.029 sec): 12(overused: 24)
Unrouted general nets at iteration 44 (MT total route time: 0.018 sec): 11(overused: 16)
Unrouted general nets at iteration 45 (MT total route time: 0.014 sec): 7(overused: 24)
Unrouted general nets at iteration 46 (MT total route time: 0.049 sec): 5(overused: 8)
Unrouted general nets at iteration 47 (MT total route time: 0.047 sec): 7(overused: 8)
Unrouted general nets at iteration 48 (MT total route time: 0.102 sec): 6(overused: 8)
Unrouted general nets at iteration 49 (MT total route time: 0.018 sec): 6(overused: 8)
Unrouted general nets at iteration 50 (MT total route time: 0.027 sec): 8(overused: 12)
Unrouted general nets at iteration 51 (MT total route time: 0.025 sec): 6(overused: 6)
Unrouted general nets at iteration 52 (MT total route time: 0.042 sec): 7(overused: 8)
Unrouted general nets at iteration 53 (MT total route time: 0.011 sec): 7(overused: 8)
Unrouted general nets at iteration 54 (MT total route time: 0.008 sec): 2(overused: 2)
Unrouted general nets at iteration 55 (MT total route time: 0.011 sec): 2(overused: 2)
Unrouted general nets at iteration 56 (MT total route time: 0.016 sec): 7(overused: 42)
Unrouted general nets at iteration 57 (MT total route time: 0.018 sec): 10(overused: 18)
Unrouted general nets at iteration 58 (MT total route time: 0.012 sec): 5(overused: 8)
Unrouted general nets at iteration 59 (MT total route time: 0.012 sec): 4(overused: 8)
Unrouted general nets at iteration 60 (MT total route time: 0.011 sec): 2(overused: 2)
Unrouted general nets at iteration 61 (MT total route time: 0.012 sec): 2(overused: 2)
Unrouted general nets at iteration 62 (MT total route time: 0.018 sec): 2(overused: 4)
Unrouted general nets at iteration 63 (MT total route time: 0.013 sec): 2(overused: 2)
Unrouted general nets at iteration 64 (MT total route time: 0.021 sec): 4(overused: 4)
Unrouted general nets at iteration 65 (MT total route time: 0.029 sec): 2(overused: 2)
Unrouted general nets at iteration 66 (MT total route time: 0.024 sec): 3(overused: 8)
Unrouted general nets at iteration 67 (MT total route time: 0.029 sec): 3(overused: 4)
Unrouted general nets at iteration 68 (MT total route time: 0.018 sec): 2(overused: 2)
Unrouted general nets at iteration 69 (MT total route time: 0.011 sec): 2(overused: 4)
Unrouted general nets at iteration 70 (MT total route time: 0.008 sec): 3(overused: 6)
Unrouted general nets at iteration 71 (MT total route time: 0.009 sec): 7(overused: 16)
Unrouted general nets at iteration 72 (MT total route time: 0.009 sec): 5(overused: 10)
Unrouted general nets at iteration 73 (MT total route time: 0.010 sec): 4(overused: 6)
Unrouted general nets at iteration 74 (MT total route time: 0.014 sec): 4(overused: 6)
Unrouted general nets at iteration 75 (MT total route time: 0.010 sec): 4(overused: 6)
Unrouted general nets at iteration 76 (MT total route time: 0.007 sec): 4(overused: 6)
Unrouted general nets at iteration 77 (MT total route time: 0.010 sec): 2(overused: 4)
Unrouted general nets at iteration 78 (MT total route time: 0.007 sec): 2(overused: 4)
Unrouted general nets at iteration 79 (MT total route time: 0.009 sec): 2(overused: 4)
Unrouted general nets at iteration 80 (MT total route time: 0.008 sec): 0(overused: 0)
----General net take 0.008 sec(route net take 0.000 sec, inc cost take 0.003 sec, iter times: 1)
----const net route take 0.010 sec
Unrouted nets at iteration 81 (0.018 sec): 0
Stage: after detail route | Performance: TNS = 0 ; WNS = 8960 ; THS = NA ; WHS = NA | Time (s): real = 0h:0m:12s ; cpu = 0h:0m:5s ; process = 0h:0m:11s | Memory (MB): curr = 410.406250 ; peak = 410.410156 | Checksum: F5B2EB4FCE33C8F2
Begin rip-up and reroute:
Rip-up and reroute takes 0.14 sec.
Stage: after ripup & reroute | Performance: TNS = 0 ; WNS = 8960 ; THS = NA ; WHS = NA | Time (s): real = 0h:0m:13s ; cpu = 0h:0m:5s ; process = 0h:0m:11s | Memory (MB): curr = 414.011719 ; peak = 414.066406 | Checksum: 456507AFD1E6E408
Detailed routing takes 7.26 sec.
I: Design net genblk1[0].fan_pwm_tach_m/w_clk_1s_pos is routed by general path.
C: Route-2036: The clock path from genblk1[0].fan_pwm_tach_m/Edge_Detect_u1/N0/gateop:Z to clkbufgs_6:CLKIN is routed by SRB.
I: Design net nt_i_CLK_PAL_IN_25M is routed by general path.
C: Route-2036: The clock path from i_CLK_PAL_IN_25M_ibuf/opit_1:OUT to pll_inst/u_pll_e2/goppllinmuxd:CLK_IN[0] is routed by SRB.
Sort Original Nets take 0.001 sec
Check HPIO div result take 0.000 sec
Total net: 2589, route succeed net: 2589
Generate routing result take 0.007 sec
Handle PERMUX permutation take 0.101 sec
Handle const net take 0.016 sec
Handle route through take 0.041 sec
Used SRB routing arc is 20383.
Stage: after finish route | Performance: TNS = 0 ; WNS = 8960 ; THS = NA ; WHS = NA | Time (s): real = 0h:0m:13s ; cpu = 0h:0m:5s ; process = 0h:0m:12s | Memory (MB): curr = 393.746094 ; peak = 414.066406 | Checksum: 2C18D600E4C6D37A
Finish routing takes 0.24 sec.
Total routing takes 8.83 sec.


Device Utilization Summary :
+----------------------------------------------------------------------------+
| Device Type                      | Used     | Available     | Util(%)     
+----------------------------------------------------------------------------+
| CLMA                             | 334      | 592           | 57          
| + FF                             | 675      | 3552          | 20          
| + LUT                            | 948      | 2368          | 41          
|   + LUT as Logic                 | 779      |               |             
|   + LUT as Const                 | 163      |               |             
|   + LUT as Bypass                | 6        |               |             
| CLMS                             | 455      | 888           | 52          
| + FF                             | 997      | 5328          | 19          
| + LUT                            | 1295     | 3552          | 37          
|   + LUT as Logic                 | 1129     |               |             
|   + LUT as Memory                | 0        |               |             
|     + LUT as Distributed RAM     | 0        |               |             
|   + LUT as Const                 | 154      |               |             
|   + LUT as Bypass                | 12       |               |             
| IO                               | 308      | 336           | 92          
| + IOBD                           | 21       | 21            | 100         
| + IOBR                           | 40       | 42            | 96          
| + IOBS                           | 247      | 273           | 91          
| BKCL                             | 6        | 6             | 100         
| CCS                              | 1        | 1             | 100         
| CLKDIV                           | 0        | 4             | 0           
| CLKDLY                           | 0        | 8             | 0           
| DLL                              | 0        | 2             | 0           
| DRM                              | 0        | 26            | 0           
| HARD0N1                          | 142      | 936           | 16          
| IOCKBRG                          | 0        | 2             | 0           
| IOCKGATE                         | 0        | 4             | 0           
| + IOCKGATE as Bypass             | 0        |               |             
| IOLDLYS                          | 138      | 252           | 55          
| IOLDLY                           | 57       | 84            | 68          
| IOL                              | 308      | 336           | 92          
| ISERDES                          | 0        | 21            | 0           
| LDO                              | 0        | 2             | 0           
| OSC                              | 0        | 1             | 0           
| OSERDES                          | 0        | 21            | 0           
| PLLINMUXD                        | 1        | 2             | 50          
| + PLLINMUXD as Bypass            | 0        |               |             
| PLL                              | 1        | 2             | 50          
| USCMDC                           | 2        | 8             | 25          
| + USCMDC as Bypass               | 0        |               |             
| USCMD                            | 0        | 2             | 0           
| + USCMD as Bypass                | 0        |               |             
| USSMBUF                          | 1        | 8             | 13          
| + USSMBUF as Bypass              | 0        |               |             
+----------------------------------------------------------------------------+

Finished routing. (CPU time elapsed 0h:00m:10s)
Design 'Tieta_Feiteng_1001_top' has been routed successfully.
Saving design to DB.
Action route: Export DB successfully.
Action route: Real time elapsed is 0h:0m:14s
Action route: CPU time elapsed is 0h:0m:11s
Action route: Process CPU time elapsed is 0h:0m:13s
Action route: Peak memory pool usage is 414 MB

Current time: Fri Mar  6 11:54:05 2026
