#Build: Fabric Compiler 2024.2-SP1.2, Build 187561, May 22 18:16 2025
#Install: C:\studyware\pango\PDS_2024.2-SP1.2-ads\bin
#Application name: pds_shell.exe
#OS: Windows 10 10.0.18363
#Hostname: z02665mj
Generated by Fabric Compiler (version 2024.2-SP1.2 build 187561) at Thu Mar 26 16:44:27 2026
Parameters for debugging are loaded as follows:
Compiling verification operator library.
Compiling common defs.
Compiling prim grid devices.
Compiling place grid timing.
Compiling gate devices.
Compiling gate operators.
Building architecture model.
Loading device packaging model.
Building architecture floorplan logic view.
Elaborate the liberty model.
I: Multithreading enabled for Timing using a maximum of 4 processes.

Routing started.
Build routing arch for double attribute device.
Enter timing driven router mode.
I: Multithreading enabled for route using a maximum of 1 processes.
W: Route-4027: Cannot find permit_rougth_thru_units.json file in working directory.
Building routing graph takes 0.34 sec.
Enable Recovery Analysis in Routing
Init coarse delay table.
Read place coarse delay table takes 0.03 sec.
build place dedicate switch graph takes 0.19 sec
Setup STE netlist take 554 msec.
Slack Weight : 90
CE/RS signal series limit : 500
Dispose control chain take 86 msec.
Collect const net info take 26 msec.
Total nets for routing: 3128.
Total loads for routing: 14758.
Direct connect net size: 1288
Build all design net take 199 msec.
Processing design graph takes 0.87 sec.
Delay table total memory: 4.79386520 MB
Route graph total memory: 11.33535004 MB
Route design total memory: 4.23619461 MB
The remaining process takes 0.15 sec.
Stage: after context initialize | Performance: TNS = 0 ; WNS = 8961 ; THS = NA ; WHS = NA | Time (s): real = 0h:0m:6s ; cpu = 0h:0m:4s ; process = 0h:0m:5s | Memory (MB): curr = 356.296875 ; peak = 383.320313 | Checksum: 88E51FB4E0DE5FD6
Global routing takes 0.00 sec.
Pin Cost Increasing Speed 300
Unrouted clock nets at iteration 0 (0.010 sec): 0
Stage: after clock route | Performance: TNS = 0 ; WNS = 8961 ; THS = NA ; WHS = NA | Time (s): real = 0h:0m:6s ; cpu = 0h:0m:4s ; process = 0h:0m:5s | Memory (MB): curr = 357.972656 ; peak = 383.320313 | Checksum: 23C190771C918F76
Total route nets size: 3120
I: Start printing congestion info.
I: Finish printing congestion info.
Pre route takes 0.982 sec
Stage: after pre route | Performance: TNS = 0 ; WNS = 9822 ; THS = 0 ; WHS = 66 | Time (s): real = 0h:0m:7s ; cpu = 0h:0m:4s ; process = 0h:0m:6s | Memory (MB): curr = 426.269531 ; peak = 426.843750 | Checksum: 133A44095E6A175B
Unrouted general nets at iteration 2 (MT total route time: 1.019 sec): 2717(overused: 14823)
Unrouted general nets at iteration 3 (MT total route time: 0.456 sec): 2326(overused: 9463)
Unrouted general nets at iteration 4 (MT total route time: 0.332 sec): 2074(overused: 7275)
Unrouted general nets at iteration 5 (MT total route time: 0.298 sec): 1814(overused: 5849)
Unrouted general nets at iteration 6 (MT total route time: 0.265 sec): 1631(overused: 4896)
Unrouted general nets at iteration 7 (MT total route time: 0.186 sec): 1236(overused: 3692)
Unrouted general nets at iteration 8 (MT total route time: 0.163 sec): 947(overused: 2615)
Unrouted general nets at iteration 9 (MT total route time: 0.142 sec): 802(overused: 2042)
Unrouted general nets at iteration 10 (MT total route time: 0.153 sec): 680(overused: 1722)
Unrouted general nets at iteration 11 (MT total route time: 0.153 sec): 576(overused: 1394)
Unrouted general nets at iteration 12 (MT total route time: 0.149 sec): 461(overused: 1077)
Unrouted general nets at iteration 13 (MT total route time: 0.101 sec): 391(overused: 877)
Unrouted general nets at iteration 14 (MT total route time: 0.094 sec): 327(overused: 696)
Unrouted general nets at iteration 15 (MT total route time: 0.061 sec): 285(overused: 623)
Unrouted general nets at iteration 16 (MT total route time: 0.051 sec): 220(overused: 452)
Unrouted general nets at iteration 17 (MT total route time: 0.044 sec): 226(overused: 495)
Unrouted general nets at iteration 18 (MT total route time: 0.051 sec): 214(overused: 462)
Unrouted general nets at iteration 19 (MT total route time: 0.054 sec): 194(overused: 424)
Unrouted general nets at iteration 20 (MT total route time: 0.050 sec): 212(overused: 456)
Unrouted general nets at iteration 21 (MT total route time: 0.047 sec): 180(overused: 407)
Unrouted general nets at iteration 22 (MT total route time: 0.046 sec): 173(overused: 337)
Unrouted general nets at iteration 23 (MT total route time: 0.046 sec): 157(overused: 316)
Unrouted general nets at iteration 24 (MT total route time: 0.034 sec): 104(overused: 220)
Unrouted general nets at iteration 25 (MT total route time: 0.034 sec): 98(overused: 212)
Unrouted general nets at iteration 26 (MT total route time: 0.028 sec): 76(overused: 148)
Unrouted general nets at iteration 27 (MT total route time: 0.020 sec): 61(overused: 104)
Unrouted general nets at iteration 28 (MT total route time: 0.017 sec): 43(overused: 64)
Unrouted general nets at iteration 29 (MT total route time: 0.024 sec): 47(overused: 84)
Unrouted general nets at iteration 30 (MT total route time: 0.021 sec): 47(overused: 94)
Unrouted general nets at iteration 31 (MT total route time: 0.025 sec): 50(overused: 82)
Unrouted general nets at iteration 32 (MT total route time: 0.020 sec): 41(overused: 76)
Unrouted general nets at iteration 33 (MT total route time: 0.015 sec): 33(overused: 58)
Unrouted general nets at iteration 34 (MT total route time: 0.016 sec): 29(overused: 52)
Unrouted general nets at iteration 35 (MT total route time: 0.018 sec): 25(overused: 40)
Unrouted general nets at iteration 36 (MT total route time: 0.012 sec): 23(overused: 40)
Unrouted general nets at iteration 37 (MT total route time: 0.013 sec): 19(overused: 28)
Unrouted general nets at iteration 38 (MT total route time: 0.013 sec): 18(overused: 22)
Unrouted general nets at iteration 39 (MT total route time: 0.010 sec): 14(overused: 18)
Unrouted general nets at iteration 40 (MT total route time: 0.012 sec): 10(overused: 10)
Unrouted general nets at iteration 41 (MT total route time: 0.010 sec): 13(overused: 18)
Unrouted general nets at iteration 42 (MT total route time: 0.010 sec): 9(overused: 16)
Unrouted general nets at iteration 43 (MT total route time: 0.011 sec): 9(overused: 10)
Unrouted general nets at iteration 44 (MT total route time: 0.009 sec): 8(overused: 8)
Unrouted general nets at iteration 45 (MT total route time: 0.008 sec): 6(overused: 8)
Unrouted general nets at iteration 46 (MT total route time: 0.008 sec): 2(overused: 2)
Unrouted general nets at iteration 47 (MT total route time: 0.008 sec): 0(overused: 0)
----General net take 0.009 sec(route net take 0.000 sec, inc cost take 0.004 sec, iter times: 1)
----const net route take 0.009 sec
Unrouted nets at iteration 48 (0.019 sec): 0
Stage: after detail route | Performance: TNS = 0 ; WNS = 9169 ; THS = NA ; WHS = NA | Time (s): real = 0h:0m:12s ; cpu = 0h:0m:5s ; process = 0h:0m:11s | Memory (MB): curr = 431.664063 ; peak = 431.667969 | Checksum: E8E2C55BB938CB06
Begin rip-up and reroute:
Rip-up and reroute takes 0.12 sec.
Stage: after ripup & reroute | Performance: TNS = 0 ; WNS = 9169 ; THS = NA ; WHS = NA | Time (s): real = 0h:0m:12s ; cpu = 0h:0m:5s ; process = 0h:0m:11s | Memory (MB): curr = 435.433594 ; peak = 436.449219 | Checksum: 54D1960EB5B7BF73
Detailed routing takes 6.25 sec.
I: Design net genblk1[0].fan_pwm_tach_m/w_clk_1s_pos is routed by general path.
C: Route-2036: The clock path from genblk1[0].fan_pwm_tach_m/Edge_Detect_u1/N0/gateop:Z to clkbufgs_6:CLKIN is routed by SRB.
I: Design net nt_i_CLK_PAL_IN_25M is routed by general path.
C: Route-2036: The clock path from i_CLK_PAL_IN_25M_ibuf/opit_1:OUT to pll_inst/u_pll_e2/goppllinmuxd:CLK_IN[0] is routed by SRB.
Sort Original Nets take 0.002 sec
Check HPIO div result take 0.000 sec
Total net: 3128, route succeed net: 3128
Generate routing result take 0.007 sec
Handle PERMUX permutation take 0.128 sec
Handle const net take 0.010 sec
Handle route through take 0.037 sec
Used SRB routing arc is 25327.
Stage: after finish route | Performance: TNS = 0 ; WNS = 9169 ; THS = NA ; WHS = NA | Time (s): real = 0h:0m:13s ; cpu = 0h:0m:5s ; process = 0h:0m:12s | Memory (MB): curr = 412.132813 ; peak = 436.449219 | Checksum: A119F0FF40BBCCA9
Finish routing takes 0.26 sec.
Total routing takes 7.98 sec.


Device Utilization Summary :
+----------------------------------------------------------------------------+
| Device Type                      | Used     | Available     | Util(%)     
+----------------------------------------------------------------------------+
| CLMA                             | 395      | 592           | 67          
| + FF                             | 774      | 3552          | 22          
| + LUT                            | 1150     | 2368          | 49          
|   + LUT as Logic                 | 901      |               |             
|   + LUT as Const                 | 227      |               |             
|   + LUT as Bypass                | 22       |               |             
| CLMS                             | 554      | 888           | 63          
| + FF                             | 1288     | 5328          | 25          
| + LUT                            | 1582     | 3552          | 45          
|   + LUT as Logic                 | 1424     |               |             
|   + LUT as Memory                | 0        |               |             
|     + LUT as Distributed RAM     | 0        |               |             
|   + LUT as Const                 | 132      |               |             
|   + LUT as Bypass                | 26       |               |             
| IO                               | 308      | 336           | 92          
| + IOBD                           | 21       | 21            | 100         
| + IOBR                           | 40       | 42            | 96          
| + IOBS                           | 247      | 273           | 91          
| BKCL                             | 6        | 6             | 100         
| CCS                              | 1        | 1             | 100         
| CLKDIV                           | 0        | 4             | 0           
| CLKDLY                           | 0        | 8             | 0           
| DLL                              | 0        | 2             | 0           
| DRM                              | 0        | 26            | 0           
| HARD0N1                          | 191      | 936           | 21          
| IOCKBRG                          | 0        | 2             | 0           
| IOCKGATE                         | 0        | 4             | 0           
| + IOCKGATE as Bypass             | 0        |               |             
| IOLDLYS                          | 138      | 252           | 55          
| IOLDLY                           | 57       | 84            | 68          
| IOL                              | 308      | 336           | 92          
| ISERDES                          | 0        | 21            | 0           
| LDO                              | 0        | 2             | 0           
| OSC                              | 0        | 1             | 0           
| OSERDES                          | 0        | 21            | 0           
| PLLINMUXD                        | 1        | 2             | 50          
| + PLLINMUXD as Bypass            | 0        |               |             
| PLL                              | 1        | 2             | 50          
| USCMDC                           | 2        | 8             | 25          
| + USCMDC as Bypass               | 0        |               |             
| USCMD                            | 0        | 2             | 0           
| + USCMD as Bypass                | 0        |               |             
| USSMBUF                          | 1        | 8             | 13          
| + USSMBUF as Bypass              | 0        |               |             
+----------------------------------------------------------------------------+

Finished routing. (CPU time elapsed 0h:00m:10s)
Design 'Tieta_Feiteng_1001_top' has been routed successfully.
Saving design to DB.
Action route: Export DB successfully.
Action route: Real time elapsed is 0h:0m:14s
Action route: CPU time elapsed is 0h:0m:11s
Action route: Process CPU time elapsed is 0h:0m:13s
Action route: Peak memory pool usage is 436 MB

Current time: Thu Mar 26 16:44:39 2026
