#Build: Fabric Compiler 2024.2-SP1.2, Build 187561, May 22 18:16 2025
#Install: C:\studyware\pango\PDS_2024.2-SP1.2-ads\bin
#Application name: pds_shell.exe
#OS: Windows 10 10.0.18363
#Hostname: z02665mj
Generated by Fabric Compiler (version 2024.2-SP1.2 build 187561) at Fri Mar  6 14:39:22 2026
Parameters for debugging are loaded as follows:
Compiling verification operator library.
Compiling common defs.
Compiling prim grid devices.
Compiling place grid timing.
Compiling gate devices.
Compiling gate operators.
Building architecture model.
Loading device packaging model.
Building architecture floorplan logic view.
Elaborate the liberty model.
I: Multithreading enabled for Timing using a maximum of 4 processes.

Routing started.
Build routing arch for double attribute device.
Enter timing driven router mode.
I: Multithreading enabled for route using a maximum of 1 processes.
W: Route-4027: Cannot find permit_rougth_thru_units.json file in working directory.
Building routing graph takes 0.31 sec.
Enable Recovery Analysis in Routing
Init coarse delay table.
Read place coarse delay table takes 0.02 sec.
build place dedicate switch graph takes 0.16 sec
Setup STE netlist take 500 msec.
Slack Weight : 90
CE/RS signal series limit : 500
Dispose control chain take 70 msec.
Collect const net info take 25 msec.
Total nets for routing: 2583.
Total loads for routing: 12180.
Direct connect net size: 1175
Build all design net take 182 msec.
Processing design graph takes 0.78 sec.
Delay table total memory: 4.79386520 MB
Route graph total memory: 10.90929413 MB
Route design total memory: 3.95456314 MB
The remaining process takes 0.05 sec.
Stage: after context initialize | Performance: TNS = 0 ; WNS = 9390 ; THS = NA ; WHS = NA | Time (s): real = 0h:0m:5s ; cpu = 0h:0m:3s ; process = 0h:0m:4s | Memory (MB): curr = 346.164063 ; peak = 369.824219 | Checksum: 951BD08256C7B617
Global routing takes 0.00 sec.
Pin Cost Increasing Speed 300
Unrouted clock nets at iteration 0 (0.009 sec): 0
Stage: after clock route | Performance: TNS = 0 ; WNS = 9390 ; THS = NA ; WHS = NA | Time (s): real = 0h:0m:5s ; cpu = 0h:0m:3s ; process = 0h:0m:4s | Memory (MB): curr = 347.660156 ; peak = 369.824219 | Checksum: D36B29D0299C29E4
Total route nets size: 2575
I: Start printing congestion info.
I: Finish printing congestion info.
Pre route takes 0.885 sec
Stage: after pre route | Performance: TNS = 0 ; WNS = 10341 ; THS = 0 ; WHS = 260 | Time (s): real = 0h:0m:6s ; cpu = 0h:0m:3s ; process = 0h:0m:5s | Memory (MB): curr = 402.816406 ; peak = 407.019531 | Checksum: F8FEAA3C87E24934
Unrouted general nets at iteration 2 (MT total route time: 0.443 sec): 2225(overused: 12073)
Unrouted general nets at iteration 3 (MT total route time: 0.343 sec): 1837(overused: 7339)
Unrouted general nets at iteration 4 (MT total route time: 0.297 sec): 1589(overused: 5743)
Unrouted general nets at iteration 5 (MT total route time: 0.294 sec): 1394(overused: 4598)
Unrouted general nets at iteration 6 (MT total route time: 0.243 sec): 1273(overused: 3825)
Unrouted general nets at iteration 7 (MT total route time: 0.189 sec): 963(overused: 2873)
Unrouted general nets at iteration 8 (MT total route time: 0.259 sec): 742(overused: 2040)
Unrouted general nets at iteration 9 (MT total route time: 0.172 sec): 568(overused: 1638)
Unrouted general nets at iteration 10 (MT total route time: 0.123 sec): 481(overused: 1242)
Unrouted general nets at iteration 11 (MT total route time: 0.126 sec): 393(overused: 1015)
Unrouted general nets at iteration 12 (MT total route time: 0.080 sec): 337(overused: 750)
Unrouted general nets at iteration 13 (MT total route time: 0.089 sec): 294(overused: 721)
Unrouted general nets at iteration 14 (MT total route time: 0.084 sec): 238(overused: 614)
Unrouted general nets at iteration 15 (MT total route time: 0.082 sec): 217(overused: 549)
Unrouted general nets at iteration 16 (MT total route time: 0.066 sec): 185(overused: 401)
Unrouted general nets at iteration 17 (MT total route time: 0.042 sec): 143(overused: 332)
Unrouted general nets at iteration 18 (MT total route time: 0.055 sec): 116(overused: 236)
Unrouted general nets at iteration 19 (MT total route time: 0.031 sec): 98(overused: 220)
Unrouted general nets at iteration 20 (MT total route time: 0.058 sec): 115(overused: 252)
Unrouted general nets at iteration 21 (MT total route time: 0.058 sec): 102(overused: 194)
Unrouted general nets at iteration 22 (MT total route time: 0.063 sec): 86(overused: 158)
Unrouted general nets at iteration 23 (MT total route time: 0.046 sec): 69(overused: 134)
Unrouted general nets at iteration 24 (MT total route time: 0.030 sec): 59(overused: 125)
Unrouted general nets at iteration 25 (MT total route time: 0.034 sec): 71(overused: 156)
Unrouted general nets at iteration 26 (MT total route time: 0.042 sec): 67(overused: 152)
Unrouted general nets at iteration 27 (MT total route time: 0.025 sec): 73(overused: 128)
Unrouted general nets at iteration 28 (MT total route time: 0.022 sec): 48(overused: 82)
Unrouted general nets at iteration 29 (MT total route time: 0.037 sec): 36(overused: 60)
Unrouted general nets at iteration 30 (MT total route time: 0.017 sec): 39(overused: 72)
Unrouted general nets at iteration 31 (MT total route time: 0.016 sec): 43(overused: 88)
Unrouted general nets at iteration 32 (MT total route time: 0.021 sec): 35(overused: 70)
Unrouted general nets at iteration 33 (MT total route time: 0.024 sec): 48(overused: 128)
Unrouted general nets at iteration 34 (MT total route time: 0.046 sec): 72(overused: 206)
Unrouted general nets at iteration 35 (MT total route time: 0.036 sec): 43(overused: 97)
Unrouted general nets at iteration 36 (MT total route time: 0.015 sec): 36(overused: 64)
Unrouted general nets at iteration 37 (MT total route time: 0.025 sec): 32(overused: 58)
Unrouted general nets at iteration 38 (MT total route time: 0.019 sec): 26(overused: 40)
Unrouted general nets at iteration 39 (MT total route time: 0.015 sec): 14(overused: 22)
Unrouted general nets at iteration 40 (MT total route time: 0.008 sec): 8(overused: 10)
Unrouted general nets at iteration 41 (MT total route time: 0.008 sec): 8(overused: 16)
Unrouted general nets at iteration 42 (MT total route time: 0.007 sec): 9(overused: 14)
Unrouted general nets at iteration 43 (MT total route time: 0.011 sec): 11(overused: 16)
Unrouted general nets at iteration 44 (MT total route time: 0.010 sec): 6(overused: 8)
Unrouted general nets at iteration 45 (MT total route time: 0.011 sec): 8(overused: 10)
Unrouted general nets at iteration 46 (MT total route time: 0.007 sec): 7(overused: 10)
Unrouted general nets at iteration 47 (MT total route time: 0.009 sec): 4(overused: 4)
Unrouted general nets at iteration 48 (MT total route time: 0.009 sec): 4(overused: 4)
Unrouted general nets at iteration 49 (MT total route time: 0.020 sec): 3(overused: 6)
Unrouted general nets at iteration 50 (MT total route time: 0.018 sec): 2(overused: 2)
Unrouted general nets at iteration 51 (MT total route time: 0.028 sec): 3(overused: 6)
Unrouted general nets at iteration 52 (MT total route time: 0.017 sec): 0(overused: 0)
----General net take 0.009 sec(route net take 0.000 sec, inc cost take 0.003 sec, iter times: 1)
----const net route take 0.011 sec
Unrouted nets at iteration 53 (0.021 sec): 0
Stage: after detail route | Performance: TNS = 0 ; WNS = 9018 ; THS = NA ; WHS = NA | Time (s): real = 0h:0m:11s ; cpu = 0h:0m:4s ; process = 0h:0m:10s | Memory (MB): curr = 410.089844 ; peak = 410.093750 | Checksum: 40ACA1C86B10A833
Begin rip-up and reroute:
Rip-up and reroute takes 0.20 sec.
Stage: after ripup & reroute | Performance: TNS = 0 ; WNS = 9018 ; THS = NA ; WHS = NA | Time (s): real = 0h:0m:11s ; cpu = 0h:0m:4s ; process = 0h:0m:11s | Memory (MB): curr = 412.605469 ; peak = 413.785156 | Checksum: 24990A493797F60F
Detailed routing takes 6.10 sec.
I: Design net genblk1[0].fan_pwm_tach_m/w_clk_1s_pos is routed by general path.
C: Route-2036: The clock path from genblk1[0].fan_pwm_tach_m/Edge_Detect_u1/N0/gateop:Z to clkbufgs_6:CLKIN is routed by SRB.
I: Design net nt_i_CLK_PAL_IN_25M is routed by general path.
C: Route-2036: The clock path from i_CLK_PAL_IN_25M_ibuf/opit_1:OUT to pll_inst/u_pll_e2/goppllinmuxd:CLK_IN[0] is routed by SRB.
Sort Original Nets take 0.002 sec
Check HPIO div result take 0.000 sec
Total net: 2583, route succeed net: 2583
Generate routing result take 0.008 sec
Handle PERMUX permutation take 0.176 sec
Handle const net take 0.015 sec
Handle route through take 0.065 sec
Used SRB routing arc is 20489.
Stage: after finish route | Performance: TNS = 0 ; WNS = 9018 ; THS = NA ; WHS = NA | Time (s): real = 0h:0m:12s ; cpu = 0h:0m:5s ; process = 0h:0m:11s | Memory (MB): curr = 391.718750 ; peak = 413.785156 | Checksum: EE4F0A91116203F7
Finish routing takes 0.45 sec.
Total routing takes 7.90 sec.


Device Utilization Summary :
+----------------------------------------------------------------------------+
| Device Type                      | Used     | Available     | Util(%)     
+----------------------------------------------------------------------------+
| CLMA                             | 346      | 592           | 59          
| + FF                             | 636      | 3552          | 18          
| + LUT                            | 970      | 2368          | 41          
|   + LUT as Logic                 | 793      |               |             
|   + LUT as Const                 | 165      |               |             
|   + LUT as Bypass                | 12       |               |             
| CLMS                             | 467      | 888           | 53          
| + FF                             | 1037     | 5328          | 20          
| + LUT                            | 1268     | 3552          | 36          
|   + LUT as Logic                 | 1120     |               |             
|   + LUT as Memory                | 0        |               |             
|     + LUT as Distributed RAM     | 0        |               |             
|   + LUT as Const                 | 128      |               |             
|   + LUT as Bypass                | 20       |               |             
| IO                               | 308      | 336           | 92          
| + IOBD                           | 21       | 21            | 100         
| + IOBR                           | 40       | 42            | 96          
| + IOBS                           | 247      | 273           | 91          
| BKCL                             | 6        | 6             | 100         
| CCS                              | 1        | 1             | 100         
| CLKDIV                           | 0        | 4             | 0           
| CLKDLY                           | 0        | 8             | 0           
| DLL                              | 0        | 2             | 0           
| DRM                              | 0        | 26            | 0           
| HARD0N1                          | 151      | 936           | 17          
| IOCKBRG                          | 0        | 2             | 0           
| IOCKGATE                         | 0        | 4             | 0           
| + IOCKGATE as Bypass             | 0        |               |             
| IOLDLYS                          | 138      | 252           | 55          
| IOLDLY                           | 57       | 84            | 68          
| IOL                              | 308      | 336           | 92          
| ISERDES                          | 0        | 21            | 0           
| LDO                              | 0        | 2             | 0           
| OSC                              | 0        | 1             | 0           
| OSERDES                          | 0        | 21            | 0           
| PLLINMUXD                        | 1        | 2             | 50          
| + PLLINMUXD as Bypass            | 0        |               |             
| PLL                              | 1        | 2             | 50          
| USCMDC                           | 2        | 8             | 25          
| + USCMDC as Bypass               | 0        |               |             
| USCMD                            | 0        | 2             | 0           
| + USCMD as Bypass                | 0        |               |             
| USSMBUF                          | 1        | 8             | 13          
| + USSMBUF as Bypass              | 0        |               |             
+----------------------------------------------------------------------------+

Finished routing. (CPU time elapsed 0h:00m:10s)
Design 'Tieta_Feiteng_1001_top' has been routed successfully.
Saving design to DB.
Action route: Export DB successfully.
Action route: Real time elapsed is 0h:0m:13s
Action route: CPU time elapsed is 0h:0m:11s
Action route: Process CPU time elapsed is 0h:0m:12s
Action route: Peak memory pool usage is 413 MB

Current time: Fri Mar  6 14:39:33 2026
