#Build: Fabric Compiler 2024.2-SP1.2, Build 187561, May 22 18:16 2025
#Install: C:\studyware\pango\PDS_2024.2-SP1.2-ads\bin
#Application name: pds_shell.exe
#OS: Windows 10 10.0.18363
#Hostname: z02665mj
Generated by Fabric Compiler (version 2024.2-SP1.2 build 187561) at Tue Apr  7 16:27:35 2026
Parameters for debugging are loaded as follows:
Compiling verification operator library.
Compiling common defs.
Compiling prim grid devices.
Compiling place grid timing.
Compiling gate devices.
Compiling gate operators.
Building architecture model.
Loading device packaging model.
Building architecture floorplan logic view.
Elaborate the liberty model.
I: Multithreading enabled for Timing using a maximum of 4 processes.

Routing started.
Build routing arch for double attribute device.
Enter timing driven router mode.
I: Multithreading enabled for route using a maximum of 1 processes.
W: Route-4027: Cannot find permit_rougth_thru_units.json file in working directory.
Building routing graph takes 0.29 sec.
Enable Recovery Analysis in Routing
Init coarse delay table.
Read place coarse delay table takes 0.05 sec.
build place dedicate switch graph takes 0.16 sec
Setup STE netlist take 634 msec.
Slack Weight : 90
CE/RS signal series limit : 500
Dispose control chain take 83 msec.
Collect const net info take 25 msec.
Total nets for routing: 2977.
Total loads for routing: 13848.
Direct connect net size: 1294
Build all design net take 169 msec.
Processing design graph takes 0.92 sec.
Delay table total memory: 4.79386520 MB
Route graph total memory: 11.13635254 MB
Route design total memory: 4.20743179 MB
The remaining process takes 0.05 sec.
Stage: after context initialize | Performance: TNS = 0 ; WNS = 9061 ; THS = NA ; WHS = NA | Time (s): real = 0h:0m:5s ; cpu = 0h:0m:3s ; process = 0h:0m:4s | Memory (MB): curr = 350.261719 ; peak = 376.300781 | Checksum: 242AC1A56FB2210D
Global routing takes 0.00 sec.
Pin Cost Increasing Speed 300
Unrouted clock nets at iteration 0 (0.012 sec): 0
Stage: after clock route | Performance: TNS = 0 ; WNS = 9061 ; THS = NA ; WHS = NA | Time (s): real = 0h:0m:5s ; cpu = 0h:0m:3s ; process = 0h:0m:4s | Memory (MB): curr = 352.539063 ; peak = 376.300781 | Checksum: FBE8A4BBA9EDD368
Total route nets size: 2969
I: Start printing congestion info.
I: Finish printing congestion info.
Pre route takes 0.845 sec
Stage: after pre route | Performance: TNS = 0 ; WNS = 10176 ; THS = 0 ; WHS = 80 | Time (s): real = 0h:0m:6s ; cpu = 0h:0m:3s ; process = 0h:0m:6s | Memory (MB): curr = 413.160156 ; peak = 418.019531 | Checksum: 3E91E0424AC0DFE7
Unrouted general nets at iteration 2 (MT total route time: 0.497 sec): 2604(overused: 13973)
Unrouted general nets at iteration 3 (MT total route time: 0.447 sec): 2252(overused: 8939)
Unrouted general nets at iteration 4 (MT total route time: 0.416 sec): 1963(overused: 6794)
Unrouted general nets at iteration 5 (MT total route time: 0.264 sec): 1751(overused: 5474)
Unrouted general nets at iteration 6 (MT total route time: 0.229 sec): 1557(overused: 4621)
Unrouted general nets at iteration 7 (MT total route time: 0.202 sec): 1167(overused: 3553)
Unrouted general nets at iteration 8 (MT total route time: 0.166 sec): 915(overused: 2450)
Unrouted general nets at iteration 9 (MT total route time: 0.180 sec): 759(overused: 1988)
Unrouted general nets at iteration 10 (MT total route time: 0.112 sec): 620(overused: 1578)
Unrouted general nets at iteration 11 (MT total route time: 0.106 sec): 546(overused: 1293)
Unrouted general nets at iteration 12 (MT total route time: 0.090 sec): 469(overused: 1129)
Unrouted general nets at iteration 13 (MT total route time: 0.097 sec): 403(overused: 1035)
Unrouted general nets at iteration 14 (MT total route time: 0.084 sec): 341(overused: 818)
Unrouted general nets at iteration 15 (MT total route time: 0.075 sec): 303(overused: 636)
Unrouted general nets at iteration 16 (MT total route time: 0.075 sec): 238(overused: 490)
Unrouted general nets at iteration 17 (MT total route time: 0.061 sec): 210(overused: 452)
Unrouted general nets at iteration 18 (MT total route time: 0.051 sec): 200(overused: 429)
Unrouted general nets at iteration 19 (MT total route time: 0.046 sec): 179(overused: 393)
Unrouted general nets at iteration 20 (MT total route time: 0.046 sec): 142(overused: 278)
Unrouted general nets at iteration 21 (MT total route time: 0.060 sec): 152(overused: 372)
Unrouted general nets at iteration 22 (MT total route time: 0.051 sec): 128(overused: 310)
Unrouted general nets at iteration 23 (MT total route time: 0.038 sec): 121(overused: 264)
Unrouted general nets at iteration 24 (MT total route time: 0.033 sec): 87(overused: 158)
Unrouted general nets at iteration 25 (MT total route time: 0.026 sec): 84(overused: 144)
Unrouted general nets at iteration 26 (MT total route time: 0.020 sec): 58(overused: 90)
Unrouted general nets at iteration 27 (MT total route time: 0.032 sec): 57(overused: 98)
Unrouted general nets at iteration 28 (MT total route time: 0.024 sec): 48(overused: 76)
Unrouted general nets at iteration 29 (MT total route time: 0.020 sec): 35(overused: 52)
Unrouted general nets at iteration 30 (MT total route time: 0.015 sec): 28(overused: 38)
Unrouted general nets at iteration 31 (MT total route time: 0.017 sec): 24(overused: 40)
Unrouted general nets at iteration 32 (MT total route time: 0.018 sec): 34(overused: 66)
Unrouted general nets at iteration 33 (MT total route time: 0.023 sec): 41(overused: 76)
Unrouted general nets at iteration 34 (MT total route time: 0.024 sec): 44(overused: 74)
Unrouted general nets at iteration 35 (MT total route time: 0.018 sec): 40(overused: 68)
Unrouted general nets at iteration 36 (MT total route time: 0.021 sec): 37(overused: 64)
Unrouted general nets at iteration 37 (MT total route time: 0.018 sec): 30(overused: 46)
Unrouted general nets at iteration 38 (MT total route time: 0.013 sec): 23(overused: 36)
Unrouted general nets at iteration 39 (MT total route time: 0.013 sec): 21(overused: 36)
Unrouted general nets at iteration 40 (MT total route time: 0.013 sec): 16(overused: 28)
Unrouted general nets at iteration 41 (MT total route time: 0.013 sec): 10(overused: 22)
Unrouted general nets at iteration 42 (MT total route time: 0.013 sec): 8(overused: 12)
Unrouted general nets at iteration 43 (MT total route time: 0.013 sec): 8(overused: 12)
Unrouted general nets at iteration 44 (MT total route time: 0.013 sec): 5(overused: 12)
Unrouted general nets at iteration 45 (MT total route time: 0.011 sec): 2(overused: 2)
Unrouted general nets at iteration 46 (MT total route time: 0.012 sec): 0(overused: 0)
----General net take 0.011 sec(route net take 0.000 sec, inc cost take 0.004 sec, iter times: 1)
----const net route take 0.013 sec
Unrouted nets at iteration 47 (0.025 sec): 0
Stage: after detail route | Performance: TNS = 0 ; WNS = 8796 ; THS = NA ; WHS = NA | Time (s): real = 0h:0m:11s ; cpu = 0h:0m:4s ; process = 0h:0m:10s | Memory (MB): curr = 422.031250 ; peak = 422.035156 | Checksum: 3289C902209D0CB4
Begin rip-up and reroute:
Rip-up and reroute takes 0.15 sec.
Stage: after ripup & reroute | Performance: TNS = 0 ; WNS = 8801 ; THS = NA ; WHS = NA | Time (s): real = 0h:0m:11s ; cpu = 0h:0m:4s ; process = 0h:0m:11s | Memory (MB): curr = 426.000000 ; peak = 426.054688 | Checksum: A98294F277AE6BBF
Detailed routing takes 5.68 sec.
I: Design net genblk1[0].fan_pwm_tach_m/w_clk_1s_pos is routed by general path.
C: Route-2036: The clock path from genblk1[0].fan_pwm_tach_m/Edge_Detect_u1/N0/gateop:Z to clkbufgs_6:CLKIN is routed by SRB.
I: Design net nt_i_CLK_PAL_IN_25M is routed by general path.
C: Route-2036: The clock path from i_CLK_PAL_IN_25M_ibuf/opit_1:OUT to pll_inst/u_pll_e2/goppllinmuxd:CLK_IN[0] is routed by SRB.
Sort Original Nets take 0.003 sec
Check HPIO div result take 0.000 sec
Total net: 2977, route succeed net: 2977
Generate routing result take 0.009 sec
Handle PERMUX permutation take 0.109 sec
Handle const net take 0.012 sec
Handle route through take 0.041 sec
Used SRB routing arc is 23960.
Stage: after finish route | Performance: TNS = 0 ; WNS = 8801 ; THS = NA ; WHS = NA | Time (s): real = 0h:0m:11s ; cpu = 0h:0m:4s ; process = 0h:0m:11s | Memory (MB): curr = 401.914063 ; peak = 426.054688 | Checksum: 26E1F1EE54212B1B
Finish routing takes 0.26 sec.
Total routing takes 7.32 sec.


Device Utilization Summary :
+----------------------------------------------------------------------------+
| Device Type                      | Used     | Available     | Util(%)     
+----------------------------------------------------------------------------+
| CLMA                             | 369      | 592           | 63          
| + FF                             | 823      | 3552          | 24          
| + LUT                            | 1089     | 2368          | 46          
|   + LUT as Logic                 | 874      |               |             
|   + LUT as Const                 | 199      |               |             
|   + LUT as Bypass                | 16       |               |             
| CLMS                             | 512      | 888           | 58          
| + FF                             | 1159     | 5328          | 22          
| + LUT                            | 1474     | 3552          | 42          
|   + LUT as Logic                 | 1295     |               |             
|   + LUT as Memory                | 0        |               |             
|     + LUT as Distributed RAM     | 0        |               |             
|   + LUT as Const                 | 151      |               |             
|   + LUT as Bypass                | 28       |               |             
| IO                               | 308      | 336           | 92          
| + IOBD                           | 21       | 21            | 100         
| + IOBR                           | 40       | 42            | 96          
| + IOBS                           | 247      | 273           | 91          
| BKCL                             | 6        | 6             | 100         
| CCS                              | 1        | 1             | 100         
| CLKDIV                           | 0        | 4             | 0           
| CLKDLY                           | 0        | 8             | 0           
| DLL                              | 0        | 2             | 0           
| DRM                              | 0        | 26            | 0           
| HARD0N1                          | 167      | 936           | 18          
| IOCKBRG                          | 0        | 2             | 0           
| IOCKGATE                         | 0        | 4             | 0           
| + IOCKGATE as Bypass             | 0        |               |             
| IOLDLYS                          | 136      | 252           | 54          
| IOLDLY                           | 57       | 84            | 68          
| IOL                              | 308      | 336           | 92          
| ISERDES                          | 0        | 21            | 0           
| LDO                              | 0        | 2             | 0           
| OSC                              | 0        | 1             | 0           
| OSERDES                          | 0        | 21            | 0           
| PLLINMUXD                        | 1        | 2             | 50          
| + PLLINMUXD as Bypass            | 0        |               |             
| PLL                              | 1        | 2             | 50          
| USCMDC                           | 2        | 8             | 25          
| + USCMDC as Bypass               | 0        |               |             
| USCMD                            | 0        | 2             | 0           
| + USCMD as Bypass                | 0        |               |             
| USSMBUF                          | 1        | 8             | 13          
| + USSMBUF as Bypass              | 0        |               |             
+----------------------------------------------------------------------------+

Finished routing. (CPU time elapsed 0h:00m:09s)
Design 'Tieta_Feiteng_1001_top' has been routed successfully.
Saving design to DB.
Action route: Export DB successfully.
Action route: Real time elapsed is 0h:0m:13s
Action route: CPU time elapsed is 0h:0m:10s
Action route: Process CPU time elapsed is 0h:0m:12s
Action route: Peak memory pool usage is 426 MB

Current time: Tue Apr  7 16:27:46 2026
