#Build: Fabric Compiler 2024.2-SP1.2, Build 187561, May 22 18:16 2025
#Install: C:\studyware\pango\PDS_2024.2-SP1.2-ads\bin
#Application name: pds_shell.exe
#OS: Windows 10 10.0.18363
#Hostname: z02665mj
Generated by Fabric Compiler (version 2024.2-SP1.2 build 187561) at Thu Mar  5 18:45:58 2026
Parameters for debugging are loaded as follows:
Compiling verification operator library.
Compiling common defs.
Compiling prim grid devices.
Compiling place grid timing.
Compiling gate devices.
Compiling gate operators.
Building architecture model.
Loading device packaging model.
Building architecture floorplan logic view.
Elaborate the liberty model.
I: Multithreading enabled for Timing using a maximum of 4 processes.

Routing started.
Build routing arch for double attribute device.
Enter timing driven router mode.
I: Multithreading enabled for route using a maximum of 1 processes.
W: Route-4027: Cannot find permit_rougth_thru_units.json file in working directory.
Building routing graph takes 0.28 sec.
Enable Recovery Analysis in Routing
Init coarse delay table.
Read place coarse delay table takes 0.03 sec.
build place dedicate switch graph takes 0.22 sec
Setup STE netlist take 572 msec.
Slack Weight : 90
CE/RS signal series limit : 500
Dispose control chain take 67 msec.
Collect const net info take 26 msec.
Total nets for routing: 2595.
Total loads for routing: 12243.
Direct connect net size: 1175
Build all design net take 155 msec.
Processing design graph takes 0.82 sec.
Delay table total memory: 4.79386520 MB
Route graph total memory: 10.91469193 MB
Route design total memory: 3.95875168 MB
The remaining process takes 0.05 sec.
Stage: after context initialize | Performance: TNS = 0 ; WNS = 9233 ; THS = NA ; WHS = NA | Time (s): real = 0h:0m:5s ; cpu = 0h:0m:3s ; process = 0h:0m:4s | Memory (MB): curr = 346.699219 ; peak = 369.667969 | Checksum: 27BA7C8B13CCCFD7
Global routing takes 0.00 sec.
Pin Cost Increasing Speed 300
Unrouted clock nets at iteration 0 (0.008 sec): 0
Stage: after clock route | Performance: TNS = 0 ; WNS = 9233 ; THS = NA ; WHS = NA | Time (s): real = 0h:0m:5s ; cpu = 0h:0m:3s ; process = 0h:0m:4s | Memory (MB): curr = 348.132813 ; peak = 369.667969 | Checksum: BD2C0035A26208F4
Total route nets size: 2587
I: Start printing congestion info.
I: Finish printing congestion info.
Pre route takes 0.690 sec
Stage: after pre route | Performance: TNS = 0 ; WNS = 10641 ; THS = 0 ; WHS = 266 | Time (s): real = 0h:0m:5s ; cpu = 0h:0m:3s ; process = 0h:0m:5s | Memory (MB): curr = 398.531250 ; peak = 403.066406 | Checksum: BAC4E43273B09EFD
Unrouted general nets at iteration 2 (MT total route time: 0.428 sec): 2225(overused: 12361)
Unrouted general nets at iteration 3 (MT total route time: 0.347 sec): 1879(overused: 7626)
Unrouted general nets at iteration 4 (MT total route time: 0.250 sec): 1639(overused: 6065)
Unrouted general nets at iteration 5 (MT total route time: 0.212 sec): 1448(overused: 4806)
Unrouted general nets at iteration 6 (MT total route time: 0.179 sec): 1269(overused: 4058)
Unrouted general nets at iteration 7 (MT total route time: 0.149 sec): 962(overused: 2861)
Unrouted general nets at iteration 8 (MT total route time: 0.117 sec): 731(overused: 1970)
Unrouted general nets at iteration 9 (MT total route time: 0.093 sec): 611(overused: 1472)
Unrouted general nets at iteration 10 (MT total route time: 0.073 sec): 463(overused: 1134)
Unrouted general nets at iteration 11 (MT total route time: 0.064 sec): 367(overused: 943)
Unrouted general nets at iteration 12 (MT total route time: 0.064 sec): 347(overused: 834)
Unrouted general nets at iteration 13 (MT total route time: 0.063 sec): 294(overused: 685)
Unrouted general nets at iteration 14 (MT total route time: 0.050 sec): 247(overused: 581)
Unrouted general nets at iteration 15 (MT total route time: 0.037 sec): 214(overused: 429)
Unrouted general nets at iteration 16 (MT total route time: 0.032 sec): 186(overused: 369)
Unrouted general nets at iteration 17 (MT total route time: 0.027 sec): 175(overused: 330)
Unrouted general nets at iteration 18 (MT total route time: 0.035 sec): 151(overused: 334)
Unrouted general nets at iteration 19 (MT total route time: 0.035 sec): 126(overused: 300)
Unrouted general nets at iteration 20 (MT total route time: 0.028 sec): 110(overused: 221)
Unrouted general nets at iteration 21 (MT total route time: 0.022 sec): 83(overused: 173)
Unrouted general nets at iteration 22 (MT total route time: 0.018 sec): 78(overused: 158)
Unrouted general nets at iteration 23 (MT total route time: 0.017 sec): 60(overused: 114)
Unrouted general nets at iteration 24 (MT total route time: 0.019 sec): 63(overused: 136)
Unrouted general nets at iteration 25 (MT total route time: 0.014 sec): 56(overused: 110)
Unrouted general nets at iteration 26 (MT total route time: 0.012 sec): 44(overused: 70)
Unrouted general nets at iteration 27 (MT total route time: 0.013 sec): 35(overused: 76)
Unrouted general nets at iteration 28 (MT total route time: 0.011 sec): 22(overused: 40)
Unrouted general nets at iteration 29 (MT total route time: 0.010 sec): 19(overused: 37)
Unrouted general nets at iteration 30 (MT total route time: 0.009 sec): 20(overused: 30)
Unrouted general nets at iteration 31 (MT total route time: 0.008 sec): 12(overused: 14)
Unrouted general nets at iteration 32 (MT total route time: 0.008 sec): 12(overused: 20)
Unrouted general nets at iteration 33 (MT total route time: 0.010 sec): 10(overused: 18)
Unrouted general nets at iteration 34 (MT total route time: 0.007 sec): 4(overused: 10)
Unrouted general nets at iteration 35 (MT total route time: 0.016 sec): 4(overused: 4)
Unrouted general nets at iteration 36 (MT total route time: 0.008 sec): 5(overused: 10)
Unrouted general nets at iteration 37 (MT total route time: 0.008 sec): 2(overused: 4)
Unrouted general nets at iteration 38 (MT total route time: 0.008 sec): 2(overused: 2)
Unrouted general nets at iteration 39 (MT total route time: 0.006 sec): 2(overused: 2)
Unrouted general nets at iteration 40 (MT total route time: 0.006 sec): 0(overused: 0)
----General net take 0.006 sec(route net take 0.000 sec, inc cost take 0.002 sec, iter times: 1)
----const net route take 0.008 sec
Unrouted nets at iteration 41 (0.016 sec): 0
Stage: after detail route | Performance: TNS = 0 ; WNS = 9030 ; THS = NA ; WHS = NA | Time (s): real = 0h:0m:8s ; cpu = 0h:0m:4s ; process = 0h:0m:8s | Memory (MB): curr = 406.820313 ; peak = 406.824219 | Checksum: 66E512A042EB5139
Begin rip-up and reroute:
Rip-up and reroute takes 0.11 sec.
Stage: after ripup & reroute | Performance: TNS = 0 ; WNS = 9029 ; THS = NA ; WHS = NA | Time (s): real = 0h:0m:9s ; cpu = 0h:0m:4s ; process = 0h:0m:9s | Memory (MB): curr = 410.171875 ; peak = 410.230469 | Checksum: BA9EFC74A63DE87E
Detailed routing takes 3.81 sec.
I: Design net genblk1[0].fan_pwm_tach_m/w_clk_1s_pos is routed by general path.
C: Route-2036: The clock path from genblk1[0].fan_pwm_tach_m/Edge_Detect_u1/N0/gateop:Z to clkbufgs_6:CLKIN is routed by SRB.
I: Design net nt_i_CLK_PAL_IN_25M is routed by general path.
C: Route-2036: The clock path from i_CLK_PAL_IN_25M_ibuf/opit_1:OUT to pll_inst/u_pll_e2/goppllinmuxd:CLK_IN[0] is routed by SRB.
Sort Original Nets take 0.002 sec
Check HPIO div result take 0.000 sec
Total net: 2595, route succeed net: 2595
Generate routing result take 0.008 sec
Handle PERMUX permutation take 0.115 sec
Handle const net take 0.009 sec
Handle route through take 0.033 sec
Used SRB routing arc is 20812.
Stage: after finish route | Performance: TNS = 0 ; WNS = 9029 ; THS = NA ; WHS = NA | Time (s): real = 0h:0m:9s ; cpu = 0h:0m:4s ; process = 0h:0m:9s | Memory (MB): curr = 388.164063 ; peak = 410.230469 | Checksum: AAD8C27CC7F77CA8
Finish routing takes 0.24 sec.
Total routing takes 5.29 sec.


Device Utilization Summary :
+----------------------------------------------------------------------------+
| Device Type                      | Used     | Available     | Util(%)     
+----------------------------------------------------------------------------+
| CLMA                             | 341      | 592           | 58          
| + FF                             | 654      | 3552          | 19          
| + LUT                            | 944      | 2368          | 40          
|   + LUT as Logic                 | 753      |               |             
|   + LUT as Const                 | 179      |               |             
|   + LUT as Bypass                | 12       |               |             
| CLMS                             | 478      | 888           | 54          
| + FF                             | 1024     | 5328          | 20          
| + LUT                            | 1334     | 3552          | 38          
|   + LUT as Logic                 | 1172     |               |             
|   + LUT as Memory                | 0        |               |             
|     + LUT as Distributed RAM     | 0        |               |             
|   + LUT as Const                 | 132      |               |             
|   + LUT as Bypass                | 30       |               |             
| IO                               | 308      | 336           | 92          
| + IOBD                           | 21       | 21            | 100         
| + IOBR                           | 40       | 42            | 96          
| + IOBS                           | 247      | 273           | 91          
| BKCL                             | 6        | 6             | 100         
| CCS                              | 1        | 1             | 100         
| CLKDIV                           | 0        | 4             | 0           
| CLKDLY                           | 0        | 8             | 0           
| DLL                              | 0        | 2             | 0           
| DRM                              | 0        | 26            | 0           
| HARD0N1                          | 141      | 936           | 16          
| IOCKBRG                          | 0        | 2             | 0           
| IOCKGATE                         | 0        | 4             | 0           
| + IOCKGATE as Bypass             | 0        |               |             
| IOLDLYS                          | 138      | 252           | 55          
| IOLDLY                           | 57       | 84            | 68          
| IOL                              | 308      | 336           | 92          
| ISERDES                          | 0        | 21            | 0           
| LDO                              | 0        | 2             | 0           
| OSC                              | 0        | 1             | 0           
| OSERDES                          | 0        | 21            | 0           
| PLLINMUXD                        | 1        | 2             | 50          
| + PLLINMUXD as Bypass            | 0        |               |             
| PLL                              | 1        | 2             | 50          
| USCMDC                           | 2        | 8             | 25          
| + USCMDC as Bypass               | 0        |               |             
| USCMD                            | 0        | 2             | 0           
| + USCMD as Bypass                | 0        |               |             
| USSMBUF                          | 1        | 8             | 13          
| + USSMBUF as Bypass              | 0        |               |             
+----------------------------------------------------------------------------+

Finished routing. (CPU time elapsed 0h:00m:07s)
Design 'Tieta_Feiteng_1001_top' has been routed successfully.
Saving design to DB.
Action route: Export DB successfully.
Action route: Real time elapsed is 0h:0m:10s
Action route: CPU time elapsed is 0h:0m:8s
Action route: Process CPU time elapsed is 0h:0m:10s
Action route: Peak memory pool usage is 410 MB

Current time: Thu Mar  5 18:46:07 2026
