#Build: Fabric Compiler 2024.2-SP1.2, Build 187561, May 22 18:16 2025
#Install: C:\studyware\pango\PDS_2024.2-SP1.2-ads\bin
#Application name: pds_shell.exe
#OS: Windows 10 10.0.18363
#Hostname: z02665mj
Generated by Fabric Compiler (version 2024.2-SP1.2 build 187561) at Thu Mar 26 14:34:43 2026
Parameters for debugging are loaded as follows:
Compiling verification operator library.
Compiling common defs.
Compiling prim grid devices.
Compiling place grid timing.
Compiling gate devices.
Compiling gate operators.
Building architecture model.
Loading device packaging model.
Building architecture floorplan logic view.
Elaborate the liberty model.
I: Multithreading enabled for Timing using a maximum of 4 processes.

Route Optimize started.
Build routing arch for double attribute device.
Enter timing driven router mode.
I: Multithreading enabled for route using a maximum of 1 processes.
I: Column Clock Check close.
W: Route-4027: Cannot find permit_rougth_thru_units.json file in working directory.
Building routing graph takes 0.39 sec.
Total nets for routing: 2526.
Total loads for routing: 10428.
Direct connect net size: 1109
Build all design net take 203 msec.
Processing design graph takes 0.20 sec.
Delay table total memory: 4.79386520 MB
Route graph total memory: 10.73630905 MB
Route design total memory: 3.62460709 MB
The remaining process takes 0.05 sec.
Stage: after context initialize in post route | Performance: TNS = NA ; WNS = NA ; THS = NA ; WHS = NA | Time (s): real = 0h:0m:7s ; cpu = 0h:0m:4s ; process = 0h:0m:4s | Memory (MB): curr = 289.066406 ; peak = 306.132813 | Checksum: CD00EFC0E5C2A0F8
Load route result takes 0.04 sec
Fix Hold Violation Threshold For Clock Path Cross SRB(ps) : 200
Fix Hold Violation Threshold For Clock Path On Clock Tree(ps) : 100
Hold fix to no violation.
Hold fix to threshold
Stage: after hold fix | Performance: TNS = 0 ; WNS = 10258 ; THS = 0 ; WHS = 256 | Time (s): real = 0h:0m:7s ; cpu = 0h:0m:4s ; process = 0h:0m:6s | Memory (MB): curr = 356.609375 ; peak = 356.613281 | Checksum: 7DF9AC940CB98203
Hold Violation Fix in router takes 0.67 sec.
Sort Original Nets take 0.001 sec
Total net: 2526, route succeed net: 2526
Generate routing result take 0.008 sec
Handle PERMUX permutation take 0.008 sec
Handle const net take 0.000 sec
Handle route through take 0.023 sec
Used SRB routing arc is 18032.
Stage: after finish post route | Performance: TNS = 0 ; WNS = 10258 ; THS = NA ; WHS = NA | Time (s): real = 0h:0m:8s ; cpu = 0h:0m:4s ; process = 0h:0m:6s | Memory (MB): curr = 341.722656 ; peak = 356.621094 | Checksum: F3880184D985B44F
Finish post route takes 0.12 sec.
Total post route takes 1.49 sec.


Device Utilization Summary :
+----------------------------------------------------------------------------+
| Device Type                      | Used     | Available     | Util(%)     
+----------------------------------------------------------------------------+
| CLMA                             | 278      | 592           | 47          
| + FF                             | 615      | 3552          | 18          
| + LUT                            | 746      | 2368          | 32          
|   + LUT as Logic                 | 602      |               |             
|   + LUT as Const                 | 130      |               |             
|   + LUT as Bypass                | 14       |               |             
| CLMS                             | 384      | 888           | 44          
| + FF                             | 904      | 5328          | 17          
| + LUT                            | 997      | 3552          | 29          
|   + LUT as Logic                 | 905      |               |             
|   + LUT as Memory                | 0        |               |             
|     + LUT as Distributed RAM     | 0        |               |             
|   + LUT as Const                 | 82       |               |             
|   + LUT as Bypass                | 10       |               |             
| IO                               | 287      | 336           | 86          
| + IOBD                           | 19       | 21            | 91          
| + IOBR                           | 37       | 42            | 89          
| + IOBS                           | 231      | 273           | 85          
| BKCL                             | 6        | 6             | 100         
| CCS                              | 1        | 1             | 100         
| CLKDIV                           | 0        | 4             | 0           
| CLKDLY                           | 0        | 8             | 0           
| DLL                              | 0        | 2             | 0           
| DRM                              | 0        | 26            | 0           
| HARD0N1                          | 76       | 936           | 9           
| IOCKBRG                          | 0        | 2             | 0           
| IOCKGATE                         | 0        | 4             | 0           
| + IOCKGATE as Bypass             | 0        |               |             
| IOLDLYS                          | 132      | 252           | 53          
| IOLDLY                           | 43       | 84            | 52          
| IOL                              | 287      | 336           | 86          
| ISERDES                          | 0        | 21            | 0           
| LDO                              | 0        | 2             | 0           
| OSC                              | 0        | 1             | 0           
| OSERDES                          | 0        | 21            | 0           
| PLLINMUXD                        | 1        | 2             | 50          
| + PLLINMUXD as Bypass            | 0        |               |             
| PLL                              | 1        | 2             | 50          
| USCMDC                           | 1        | 8             | 13          
| + USCMDC as Bypass               | 0        |               |             
| USCMD                            | 0        | 2             | 0           
| + USCMD as Bypass                | 0        |               |             
| USSMBUF                          | 0        | 8             | 0           
| + USSMBUF as Bypass              | 0        |               |             
+----------------------------------------------------------------------------+

Finished route optimize. (CPU time elapsed 0h:00m:04s)
Design 'Tieta_Feiteng_2001_top' has been routed successfully.
Saving design to DB.
Action route_optimize: Export DB successfully.
Action route_optimize: Real time elapsed is 0h:0m:9s
Action route_optimize: CPU time elapsed is 0h:0m:5s
Action route_optimize: Process CPU time elapsed is 0h:0m:7s
Action route_optimize: Peak memory pool usage is 356 MB

Current time: Thu Mar 26 14:34:49 2026
