#Build: Fabric Compiler 2024.2-SP1.2, Build 187561, May 22 18:16 2025
#Install: C:\studyware\pango\PDS_2024.2-SP1.2-ads\bin
#Application name: pds_shell.exe
#OS: Windows 10 10.0.18363
#Hostname: z02665mj
Generated by Fabric Compiler (version 2024.2-SP1.2 build 187561) at Thu Mar 26 14:34:33 2026
Parameters for debugging are loaded as follows:
Compiling verification operator library.
Compiling common defs.
Compiling prim grid devices.
Compiling place grid timing.
Compiling gate devices.
Compiling gate operators.
Building architecture model.
Loading device packaging model.
Building architecture floorplan logic view.
Elaborate the liberty model.
I: Multithreading enabled for Timing using a maximum of 4 processes.

Routing started.
Build routing arch for double attribute device.
Enter timing driven router mode.
I: Multithreading enabled for route using a maximum of 1 processes.
W: Route-4027: Cannot find permit_rougth_thru_units.json file in working directory.
Building routing graph takes 0.30 sec.
Enable Recovery Analysis in Routing
Init coarse delay table.
Read place coarse delay table takes 0.05 sec.
build place dedicate switch graph takes 0.17 sec
Setup STE netlist take 467 msec.
Slack Weight : 90
CE/RS signal series limit : 500
Dispose control chain take 63 msec.
Collect const net info take 20 msec.
Total nets for routing: 2237.
Total loads for routing: 10428.
Direct connect net size: 1109
Build all design net take 151 msec.
Processing design graph takes 0.70 sec.
Delay table total memory: 4.79386520 MB
Route graph total memory: 10.70174789 MB
Route design total memory: 3.60750198 MB
The remaining process takes 0.04 sec.
Stage: after context initialize | Performance: TNS = 0 ; WNS = 11431 ; THS = NA ; WHS = NA | Time (s): real = 0h:0m:5s ; cpu = 0h:0m:3s ; process = 0h:0m:4s | Memory (MB): curr = 330.917969 ; peak = 352.480469 | Checksum: 11BA290B3615A7F3
Global routing takes 0.00 sec.
Pin Cost Increasing Speed 300
Unrouted clock nets at iteration 0 (0.006 sec): 0
Stage: after clock route | Performance: TNS = 0 ; WNS = 11431 ; THS = NA ; WHS = NA | Time (s): real = 0h:0m:5s ; cpu = 0h:0m:3s ; process = 0h:0m:4s | Memory (MB): curr = 332.156250 ; peak = 352.480469 | Checksum: A95F1FA4FCD0763D
Total route nets size: 2232
I: Start printing congestion info.
I: Finish printing congestion info.
Pre route takes 0.676 sec
Stage: after pre route | Performance: TNS = 0 ; WNS = 11720 ; THS = 0 ; WHS = 255 | Time (s): real = 0h:0m:6s ; cpu = 0h:0m:3s ; process = 0h:0m:5s | Memory (MB): curr = 379.886719 ; peak = 384.523438 | Checksum: 2699FB9C97EAA578
Unrouted general nets at iteration 2 (MT total route time: 0.385 sec): 1832(overused: 10340)
Unrouted general nets at iteration 3 (MT total route time: 0.339 sec): 1625(overused: 6528)
Unrouted general nets at iteration 4 (MT total route time: 0.289 sec): 1419(overused: 5148)
Unrouted general nets at iteration 5 (MT total route time: 0.178 sec): 1282(overused: 4128)
Unrouted general nets at iteration 6 (MT total route time: 0.159 sec): 1179(overused: 3572)
Unrouted general nets at iteration 7 (MT total route time: 0.134 sec): 791(overused: 2611)
Unrouted general nets at iteration 8 (MT total route time: 0.121 sec): 606(overused: 1750)
Unrouted general nets at iteration 9 (MT total route time: 0.081 sec): 465(overused: 1301)
Unrouted general nets at iteration 10 (MT total route time: 0.068 sec): 386(overused: 1028)
Unrouted general nets at iteration 11 (MT total route time: 0.054 sec): 304(overused: 796)
Unrouted general nets at iteration 12 (MT total route time: 0.046 sec): 256(overused: 639)
Unrouted general nets at iteration 13 (MT total route time: 0.037 sec): 211(overused: 494)
Unrouted general nets at iteration 14 (MT total route time: 0.034 sec): 208(overused: 463)
Unrouted general nets at iteration 15 (MT total route time: 0.038 sec): 186(overused: 388)
Unrouted general nets at iteration 16 (MT total route time: 0.028 sec): 151(overused: 300)
Unrouted general nets at iteration 17 (MT total route time: 0.024 sec): 128(overused: 262)
Unrouted general nets at iteration 18 (MT total route time: 0.027 sec): 102(overused: 206)
Unrouted general nets at iteration 19 (MT total route time: 0.018 sec): 94(overused: 196)
Unrouted general nets at iteration 20 (MT total route time: 0.017 sec): 82(overused: 144)
Unrouted general nets at iteration 21 (MT total route time: 0.013 sec): 74(overused: 144)
Unrouted general nets at iteration 22 (MT total route time: 0.014 sec): 62(overused: 122)
Unrouted general nets at iteration 23 (MT total route time: 0.012 sec): 48(overused: 96)
Unrouted general nets at iteration 24 (MT total route time: 0.012 sec): 35(overused: 54)
Unrouted general nets at iteration 25 (MT total route time: 0.014 sec): 36(overused: 76)
Unrouted general nets at iteration 26 (MT total route time: 0.013 sec): 35(overused: 56)
Unrouted general nets at iteration 27 (MT total route time: 0.029 sec): 25(overused: 40)
Unrouted general nets at iteration 28 (MT total route time: 0.010 sec): 18(overused: 20)
Unrouted general nets at iteration 29 (MT total route time: 0.008 sec): 21(overused: 32)
Unrouted general nets at iteration 30 (MT total route time: 0.009 sec): 15(overused: 22)
Unrouted general nets at iteration 31 (MT total route time: 0.008 sec): 12(overused: 18)
Unrouted general nets at iteration 32 (MT total route time: 0.007 sec): 6(overused: 8)
Unrouted general nets at iteration 33 (MT total route time: 0.007 sec): 6(overused: 10)
Unrouted general nets at iteration 34 (MT total route time: 0.009 sec): 6(overused: 10)
Unrouted general nets at iteration 35 (MT total route time: 0.010 sec): 4(overused: 8)
Unrouted general nets at iteration 36 (MT total route time: 0.006 sec): 4(overused: 6)
Unrouted general nets at iteration 37 (MT total route time: 0.006 sec): 4(overused: 10)
Unrouted general nets at iteration 38 (MT total route time: 0.006 sec): 4(overused: 6)
Unrouted general nets at iteration 39 (MT total route time: 0.006 sec): 4(overused: 6)
Unrouted general nets at iteration 40 (MT total route time: 0.006 sec): 4(overused: 4)
Unrouted general nets at iteration 41 (MT total route time: 0.005 sec): 2(overused: 2)
Unrouted general nets at iteration 42 (MT total route time: 0.006 sec): 2(overused: 2)
Unrouted general nets at iteration 43 (MT total route time: 0.005 sec): 3(overused: 4)
Unrouted general nets at iteration 44 (MT total route time: 0.005 sec): 5(overused: 6)
Unrouted general nets at iteration 45 (MT total route time: 0.005 sec): 3(overused: 10)
Unrouted general nets at iteration 46 (MT total route time: 0.006 sec): 5(overused: 10)
Unrouted general nets at iteration 47 (MT total route time: 0.005 sec): 4(overused: 6)
Unrouted general nets at iteration 48 (MT total route time: 0.007 sec): 0(overused: 0)
----General net take 0.005 sec(route net take 0.000 sec, inc cost take 0.002 sec, iter times: 1)
----const net route take 0.007 sec
Unrouted nets at iteration 49 (0.012 sec): 0
Stage: after detail route | Performance: TNS = 0 ; WNS = 10259 ; THS = NA ; WHS = NA | Time (s): real = 0h:0m:9s ; cpu = 0h:0m:4s ; process = 0h:0m:8s | Memory (MB): curr = 386.738281 ; peak = 386.742188 | Checksum: 8DC38803CF38BFAF
Begin rip-up and reroute:
Rip-up and reroute takes 0.09 sec.
Stage: after ripup & reroute | Performance: TNS = 0 ; WNS = 10259 ; THS = NA ; WHS = NA | Time (s): real = 0h:0m:9s ; cpu = 0h:0m:4s ; process = 0h:0m:8s | Memory (MB): curr = 390.152344 ; peak = 390.191406 | Checksum: 89A16BF9099E11AD
Detailed routing takes 3.60 sec.
I: Design net nt_i_CLK_C42_IN_25M is routed by general path.
C: Route-2036: The clock path from i_CLK_C42_IN_25M_ibuf/opit_1:OUT to pll_inst/u_pll_e2/goppllinmuxd:CLK_IN[0] is routed by SRB.
Sort Original Nets take 0.001 sec
Check HPIO div result take 0.000 sec
Total net: 2237, route succeed net: 2237
Generate routing result take 0.005 sec
Handle PERMUX permutation take 0.088 sec
Handle const net take 0.006 sec
Handle route through take 0.024 sec
Used SRB routing arc is 18032.
Stage: after finish route | Performance: TNS = 0 ; WNS = 10259 ; THS = NA ; WHS = NA | Time (s): real = 0h:0m:9s ; cpu = 0h:0m:4s ; process = 0h:0m:8s | Memory (MB): curr = 374.343750 ; peak = 390.191406 | Checksum: 3DEE141862E5DB24
Finish routing takes 0.18 sec.
Total routing takes 4.92 sec.


Device Utilization Summary :
+----------------------------------------------------------------------------+
| Device Type                      | Used     | Available     | Util(%)     
+----------------------------------------------------------------------------+
| CLMA                             | 278      | 592           | 47          
| + FF                             | 615      | 3552          | 18          
| + LUT                            | 746      | 2368          | 32          
|   + LUT as Logic                 | 602      |               |             
|   + LUT as Const                 | 130      |               |             
|   + LUT as Bypass                | 14       |               |             
| CLMS                             | 384      | 888           | 44          
| + FF                             | 904      | 5328          | 17          
| + LUT                            | 997      | 3552          | 29          
|   + LUT as Logic                 | 905      |               |             
|   + LUT as Memory                | 0        |               |             
|     + LUT as Distributed RAM     | 0        |               |             
|   + LUT as Const                 | 82       |               |             
|   + LUT as Bypass                | 10       |               |             
| IO                               | 287      | 336           | 86          
| + IOBD                           | 19       | 21            | 91          
| + IOBR                           | 37       | 42            | 89          
| + IOBS                           | 231      | 273           | 85          
| BKCL                             | 6        | 6             | 100         
| CCS                              | 1        | 1             | 100         
| CLKDIV                           | 0        | 4             | 0           
| CLKDLY                           | 0        | 8             | 0           
| DLL                              | 0        | 2             | 0           
| DRM                              | 0        | 26            | 0           
| HARD0N1                          | 76       | 936           | 9           
| IOCKBRG                          | 0        | 2             | 0           
| IOCKGATE                         | 0        | 4             | 0           
| + IOCKGATE as Bypass             | 0        |               |             
| IOLDLYS                          | 132      | 252           | 53          
| IOLDLY                           | 43       | 84            | 52          
| IOL                              | 287      | 336           | 86          
| ISERDES                          | 0        | 21            | 0           
| LDO                              | 0        | 2             | 0           
| OSC                              | 0        | 1             | 0           
| OSERDES                          | 0        | 21            | 0           
| PLLINMUXD                        | 1        | 2             | 50          
| + PLLINMUXD as Bypass            | 0        |               |             
| PLL                              | 1        | 2             | 50          
| USCMDC                           | 1        | 8             | 13          
| + USCMDC as Bypass               | 0        |               |             
| USCMD                            | 0        | 2             | 0           
| + USCMD as Bypass                | 0        |               |             
| USSMBUF                          | 0        | 8             | 0           
| + USSMBUF as Bypass              | 0        |               |             
+----------------------------------------------------------------------------+

Finished routing. (CPU time elapsed 0h:00m:07s)
Design 'Tieta_Feiteng_2001_top' has been routed successfully.
Saving design to DB.
Action route: Export DB successfully.
Action route: Real time elapsed is 0h:0m:10s
Action route: CPU time elapsed is 0h:0m:8s
Action route: Process CPU time elapsed is 0h:0m:9s
Action route: Peak memory pool usage is 390 MB

Current time: Thu Mar 26 14:34:41 2026
