#Build: Fabric Compiler 2024.2-SP1.2, Build 187561, May 22 18:16 2025
#Install: C:\studyware\pango\PDS_2024.2-SP1.2-ads\bin
#Application name: pds_shell.exe
#OS: Windows 10 10.0.18363
#Hostname: z02665mj
Generated by Fabric Compiler (version 2024.2-SP1.2 build 187561) at Fri Mar  6 17:24:18 2026
Parameters for debugging are loaded as follows:
Compiling verification operator library.
Compiling common defs.
Compiling prim grid devices.
Compiling place grid timing.
Compiling gate devices.
Compiling gate operators.
Building architecture model.
Loading device packaging model.
Building architecture floorplan logic view.
Elaborate the liberty model.
I: Multithreading enabled for Timing using a maximum of 4 processes.

Routing started.
Build routing arch for double attribute device.
Enter timing driven router mode.
I: Multithreading enabled for route using a maximum of 1 processes.
W: Route-4027: Cannot find permit_rougth_thru_units.json file in working directory.
Building routing graph takes 0.28 sec.
Enable Recovery Analysis in Routing
Init coarse delay table.
Read place coarse delay table takes 0.05 sec.
build place dedicate switch graph takes 0.17 sec
Setup STE netlist take 501 msec.
Slack Weight : 90
CE/RS signal series limit : 500
Dispose control chain take 75 msec.
Collect const net info take 29 msec.
Total nets for routing: 2581.
Total loads for routing: 12147.
Direct connect net size: 1178
Build all design net take 178 msec.
Processing design graph takes 0.79 sec.
Delay table total memory: 4.79386520 MB
Route graph total memory: 10.90716171 MB
Route design total memory: 3.95350266 MB
The remaining process takes 0.05 sec.
Stage: after context initialize | Performance: TNS = 0 ; WNS = 8845 ; THS = NA ; WHS = NA | Time (s): real = 0h:0m:5s ; cpu = 0h:0m:3s ; process = 0h:0m:4s | Memory (MB): curr = 346.285156 ; peak = 369.222656 | Checksum: FB3E7CB5613D3928
Global routing takes 0.00 sec.
Pin Cost Increasing Speed 300
Unrouted clock nets at iteration 0 (0.009 sec): 0
Stage: after clock route | Performance: TNS = 0 ; WNS = 8845 ; THS = NA ; WHS = NA | Time (s): real = 0h:0m:5s ; cpu = 0h:0m:3s ; process = 0h:0m:4s | Memory (MB): curr = 347.652344 ; peak = 369.222656 | Checksum: FE48542DE102615
Total route nets size: 2573
I: Start printing congestion info.
I: Finish printing congestion info.
Pre route takes 0.772 sec
Stage: after pre route | Performance: TNS = 0 ; WNS = 11256 ; THS = 0 ; WHS = 255 | Time (s): real = 0h:0m:6s ; cpu = 0h:0m:3s ; process = 0h:0m:5s | Memory (MB): curr = 400.140625 ; peak = 404.703125 | Checksum: 66F648BCCE4FB0AA
Unrouted general nets at iteration 2 (MT total route time: 0.436 sec): 2222(overused: 12098)
Unrouted general nets at iteration 3 (MT total route time: 0.352 sec): 1867(overused: 7391)
Unrouted general nets at iteration 4 (MT total route time: 0.272 sec): 1621(overused: 5831)
Unrouted general nets at iteration 5 (MT total route time: 0.220 sec): 1454(overused: 4726)
Unrouted general nets at iteration 6 (MT total route time: 0.193 sec): 1298(overused: 3997)
Unrouted general nets at iteration 7 (MT total route time: 0.160 sec): 968(overused: 2837)
Unrouted general nets at iteration 8 (MT total route time: 0.124 sec): 719(overused: 1976)
Unrouted general nets at iteration 9 (MT total route time: 0.096 sec): 552(overused: 1415)
Unrouted general nets at iteration 10 (MT total route time: 0.097 sec): 463(overused: 1149)
Unrouted general nets at iteration 11 (MT total route time: 0.075 sec): 393(overused: 923)
Unrouted general nets at iteration 12 (MT total route time: 0.066 sec): 323(overused: 808)
Unrouted general nets at iteration 13 (MT total route time: 0.064 sec): 276(overused: 675)
Unrouted general nets at iteration 14 (MT total route time: 0.048 sec): 263(overused: 586)
Unrouted general nets at iteration 15 (MT total route time: 0.043 sec): 192(overused: 434)
Unrouted general nets at iteration 16 (MT total route time: 0.040 sec): 175(overused: 420)
Unrouted general nets at iteration 17 (MT total route time: 0.039 sec): 154(overused: 346)
Unrouted general nets at iteration 18 (MT total route time: 0.029 sec): 123(overused: 255)
Unrouted general nets at iteration 19 (MT total route time: 0.023 sec): 105(overused: 217)
Unrouted general nets at iteration 20 (MT total route time: 0.025 sec): 84(overused: 170)
Unrouted general nets at iteration 21 (MT total route time: 0.016 sec): 68(overused: 134)
Unrouted general nets at iteration 22 (MT total route time: 0.017 sec): 46(overused: 98)
Unrouted general nets at iteration 23 (MT total route time: 0.015 sec): 46(overused: 94)
Unrouted general nets at iteration 24 (MT total route time: 0.014 sec): 48(overused: 70)
Unrouted general nets at iteration 25 (MT total route time: 0.010 sec): 34(overused: 42)
Unrouted general nets at iteration 26 (MT total route time: 0.010 sec): 24(overused: 38)
Unrouted general nets at iteration 27 (MT total route time: 0.008 sec): 17(overused: 22)
Unrouted general nets at iteration 28 (MT total route time: 0.008 sec): 12(overused: 14)
Unrouted general nets at iteration 29 (MT total route time: 0.006 sec): 10(overused: 18)
Unrouted general nets at iteration 30 (MT total route time: 0.008 sec): 13(overused: 24)
Unrouted general nets at iteration 31 (MT total route time: 0.007 sec): 15(overused: 26)
Unrouted general nets at iteration 32 (MT total route time: 0.009 sec): 18(overused: 30)
Unrouted general nets at iteration 33 (MT total route time: 0.009 sec): 8(overused: 14)
Unrouted general nets at iteration 34 (MT total route time: 0.013 sec): 5(overused: 10)
Unrouted general nets at iteration 35 (MT total route time: 0.016 sec): 4(overused: 6)
Unrouted general nets at iteration 36 (MT total route time: 0.015 sec): 2(overused: 2)
Unrouted general nets at iteration 37 (MT total route time: 0.008 sec): 2(overused: 4)
Unrouted general nets at iteration 38 (MT total route time: 0.007 sec): 0(overused: 0)
----General net take 0.007 sec(route net take 0.000 sec, inc cost take 0.003 sec, iter times: 1)
----const net route take 0.009 sec
Unrouted nets at iteration 39 (0.017 sec): 0
Stage: after detail route | Performance: TNS = 0 ; WNS = 10002 ; THS = NA ; WHS = NA | Time (s): real = 0h:0m:9s ; cpu = 0h:0m:4s ; process = 0h:0m:8s | Memory (MB): curr = 407.886719 ; peak = 407.890625 | Checksum: E60F00CB45D4F687
Begin rip-up and reroute:
Rip-up and reroute takes 0.10 sec.
Stage: after ripup & reroute | Performance: TNS = 0 ; WNS = 10002 ; THS = NA ; WHS = NA | Time (s): real = 0h:0m:9s ; cpu = 0h:0m:4s ; process = 0h:0m:8s | Memory (MB): curr = 411.199219 ; peak = 411.250000 | Checksum: 5CD0AE05AEC5904E
Detailed routing takes 3.95 sec.
I: Design net genblk1[0].fan_pwm_tach_m/w_clk_1s_pos is routed by general path.
C: Route-2036: The clock path from genblk1[0].fan_pwm_tach_m/Edge_Detect_u1/N0/gateop:Z to clkbufgs_6:CLKIN is routed by SRB.
I: Design net nt_i_CLK_PAL_IN_25M is routed by general path.
C: Route-2036: The clock path from i_CLK_PAL_IN_25M_ibuf/opit_1:OUT to pll_inst/u_pll_e2/goppllinmuxd:CLK_IN[0] is routed by SRB.
Sort Original Nets take 0.001 sec
Check HPIO div result take 0.000 sec
Total net: 2581, route succeed net: 2581
Generate routing result take 0.006 sec
Handle PERMUX permutation take 0.112 sec
Handle const net take 0.009 sec
Handle route through take 0.036 sec
Used SRB routing arc is 20489.
Stage: after finish route | Performance: TNS = 0 ; WNS = 10002 ; THS = NA ; WHS = NA | Time (s): real = 0h:0m:9s ; cpu = 0h:0m:4s ; process = 0h:0m:9s | Memory (MB): curr = 391.484375 ; peak = 411.250000 | Checksum: 37A55F1D412E1244
Finish routing takes 0.23 sec.
Total routing takes 5.38 sec.


Device Utilization Summary :
+----------------------------------------------------------------------------+
| Device Type                      | Used     | Available     | Util(%)     
+----------------------------------------------------------------------------+
| CLMA                             | 336      | 592           | 57          
| + FF                             | 680      | 3552          | 20          
| + LUT                            | 964      | 2368          | 41          
|   + LUT as Logic                 | 800      |               |             
|   + LUT as Const                 | 150      |               |             
|   + LUT as Bypass                | 14       |               |             
| CLMS                             | 455      | 888           | 52          
| + FF                             | 992      | 5328          | 19          
| + LUT                            | 1278     | 3552          | 36          
|   + LUT as Logic                 | 1111     |               |             
|   + LUT as Memory                | 0        |               |             
|     + LUT as Distributed RAM     | 0        |               |             
|   + LUT as Const                 | 141      |               |             
|   + LUT as Bypass                | 26       |               |             
| IO                               | 308      | 336           | 92          
| + IOBD                           | 21       | 21            | 100         
| + IOBR                           | 40       | 42            | 96          
| + IOBS                           | 247      | 273           | 91          
| BKCL                             | 6        | 6             | 100         
| CCS                              | 1        | 1             | 100         
| CLKDIV                           | 0        | 4             | 0           
| CLKDLY                           | 0        | 8             | 0           
| DLL                              | 0        | 2             | 0           
| DRM                              | 0        | 26            | 0           
| HARD0N1                          | 156      | 936           | 17          
| IOCKBRG                          | 0        | 2             | 0           
| IOCKGATE                         | 0        | 4             | 0           
| + IOCKGATE as Bypass             | 0        |               |             
| IOLDLYS                          | 138      | 252           | 55          
| IOLDLY                           | 57       | 84            | 68          
| IOL                              | 308      | 336           | 92          
| ISERDES                          | 0        | 21            | 0           
| LDO                              | 0        | 2             | 0           
| OSC                              | 0        | 1             | 0           
| OSERDES                          | 0        | 21            | 0           
| PLLINMUXD                        | 1        | 2             | 50          
| + PLLINMUXD as Bypass            | 0        |               |             
| PLL                              | 1        | 2             | 50          
| USCMDC                           | 2        | 8             | 25          
| + USCMDC as Bypass               | 0        |               |             
| USCMD                            | 0        | 2             | 0           
| + USCMD as Bypass                | 0        |               |             
| USSMBUF                          | 1        | 8             | 13          
| + USSMBUF as Bypass              | 0        |               |             
+----------------------------------------------------------------------------+

Finished routing. (CPU time elapsed 0h:00m:07s)
Design 'Tieta_Feiteng_1001_top' has been routed successfully.
Saving design to DB.
Action route: Export DB successfully.
Action route: Real time elapsed is 0h:0m:10s
Action route: CPU time elapsed is 0h:0m:8s
Action route: Process CPU time elapsed is 0h:0m:10s
Action route: Peak memory pool usage is 411 MB

Current time: Fri Mar  6 17:24:26 2026
