#Build: Fabric Compiler 2024.2-SP1.2, Build 187561, May 22 18:16 2025
#Install: C:\studyware\pango\PDS_2024.2-SP1.2-ads\bin
#Application name: pds_shell.exe
#OS: Windows 10 10.0.18363
#Hostname: z02665mj
Generated by Fabric Compiler (version 2024.2-SP1.2 build 187561) at Wed Mar 25 16:58:17 2026
Parameters for debugging are loaded as follows:
Compiling verification operator library.
Compiling common defs.
Compiling prim grid devices.
Compiling place grid timing.
Compiling gate devices.
Compiling gate operators.
Building architecture model.
Loading device packaging model.
Building architecture floorplan logic view.
Elaborate the liberty model.
I: Multithreading enabled for Timing using a maximum of 4 processes.

Routing started.
Build routing arch for double attribute device.
Enter timing driven router mode.
I: Multithreading enabled for route using a maximum of 1 processes.
W: Route-4027: Cannot find permit_rougth_thru_units.json file in working directory.
Building routing graph takes 0.55 sec.
Enable Recovery Analysis in Routing
Init coarse delay table.
Read place coarse delay table takes 0.03 sec.
build place dedicate switch graph takes 0.17 sec
Setup STE netlist take 540 msec.
Slack Weight : 90
CE/RS signal series limit : 500
Dispose control chain take 80 msec.
Collect const net info take 26 msec.
Total nets for routing: 3019.
Total loads for routing: 14181.
Direct connect net size: 1290
Build all design net take 182 msec.
Processing design graph takes 0.83 sec.
Delay table total memory: 4.79386520 MB
Route graph total memory: 11.26762772 MB
Route design total memory: 4.22069931 MB
The remaining process takes 0.05 sec.
Stage: after context initialize | Performance: TNS = 0 ; WNS = 9129 ; THS = NA ; WHS = NA | Time (s): real = 0h:0m:5s ; cpu = 0h:0m:3s ; process = 0h:0m:4s | Memory (MB): curr = 354.214844 ; peak = 378.511719 | Checksum: B3149C930CB0B725
Global routing takes 0.00 sec.
Pin Cost Increasing Speed 300
Unrouted clock nets at iteration 0 (0.009 sec): 0
Stage: after clock route | Performance: TNS = 0 ; WNS = 9129 ; THS = NA ; WHS = NA | Time (s): real = 0h:0m:5s ; cpu = 0h:0m:3s ; process = 0h:0m:4s | Memory (MB): curr = 355.375000 ; peak = 378.511719 | Checksum: 2312353EE86E2492
Total route nets size: 3011
I: Start printing congestion info.
I: Finish printing congestion info.
Pre route takes 0.818 sec
Stage: after pre route | Performance: TNS = 0 ; WNS = 9917 ; THS = 0 ; WHS = 64 | Time (s): real = 0h:0m:6s ; cpu = 0h:0m:3s ; process = 0h:0m:5s | Memory (MB): curr = 415.152344 ; peak = 420.503906 | Checksum: 89696E42B3921327
Unrouted general nets at iteration 2 (MT total route time: 0.539 sec): 2634(overused: 13990)
Unrouted general nets at iteration 3 (MT total route time: 0.433 sec): 2237(overused: 8739)
Unrouted general nets at iteration 4 (MT total route time: 0.313 sec): 1977(overused: 6662)
Unrouted general nets at iteration 5 (MT total route time: 0.248 sec): 1729(overused: 5339)
Unrouted general nets at iteration 6 (MT total route time: 0.206 sec): 1551(overused: 4359)
Unrouted general nets at iteration 7 (MT total route time: 0.154 sec): 1121(overused: 3170)
Unrouted general nets at iteration 8 (MT total route time: 0.137 sec): 861(overused: 2306)
Unrouted general nets at iteration 9 (MT total route time: 0.114 sec): 706(overused: 1839)
Unrouted general nets at iteration 10 (MT total route time: 0.094 sec): 575(overused: 1369)
Unrouted general nets at iteration 11 (MT total route time: 0.085 sec): 477(overused: 1097)
Unrouted general nets at iteration 12 (MT total route time: 0.069 sec): 409(overused: 930)
Unrouted general nets at iteration 13 (MT total route time: 0.073 sec): 394(overused: 926)
Unrouted general nets at iteration 14 (MT total route time: 0.070 sec): 362(overused: 829)
Unrouted general nets at iteration 15 (MT total route time: 0.059 sec): 323(overused: 710)
Unrouted general nets at iteration 16 (MT total route time: 0.061 sec): 290(overused: 606)
Unrouted general nets at iteration 17 (MT total route time: 0.047 sec): 254(overused: 536)
Unrouted general nets at iteration 18 (MT total route time: 0.065 sec): 228(overused: 502)
Unrouted general nets at iteration 19 (MT total route time: 0.051 sec): 220(overused: 436)
Unrouted general nets at iteration 20 (MT total route time: 0.051 sec): 193(overused: 388)
Unrouted general nets at iteration 21 (MT total route time: 0.035 sec): 152(overused: 266)
Unrouted general nets at iteration 22 (MT total route time: 0.029 sec): 135(overused: 224)
Unrouted general nets at iteration 23 (MT total route time: 0.021 sec): 96(overused: 175)
Unrouted general nets at iteration 24 (MT total route time: 0.022 sec): 77(overused: 122)
Unrouted general nets at iteration 25 (MT total route time: 0.020 sec): 55(overused: 88)
Unrouted general nets at iteration 26 (MT total route time: 0.020 sec): 41(overused: 66)
Unrouted general nets at iteration 27 (MT total route time: 0.017 sec): 32(overused: 52)
Unrouted general nets at iteration 28 (MT total route time: 0.012 sec): 28(overused: 38)
Unrouted general nets at iteration 29 (MT total route time: 0.011 sec): 24(overused: 42)
Unrouted general nets at iteration 30 (MT total route time: 0.012 sec): 19(overused: 26)
Unrouted general nets at iteration 31 (MT total route time: 0.012 sec): 18(overused: 24)
Unrouted general nets at iteration 32 (MT total route time: 0.012 sec): 18(overused: 28)
Unrouted general nets at iteration 33 (MT total route time: 0.010 sec): 11(overused: 14)
Unrouted general nets at iteration 34 (MT total route time: 0.011 sec): 10(overused: 14)
Unrouted general nets at iteration 35 (MT total route time: 0.013 sec): 8(overused: 8)
Unrouted general nets at iteration 36 (MT total route time: 0.011 sec): 6(overused: 10)
Unrouted general nets at iteration 37 (MT total route time: 0.010 sec): 6(overused: 8)
Unrouted general nets at iteration 38 (MT total route time: 0.012 sec): 6(overused: 10)
Unrouted general nets at iteration 39 (MT total route time: 0.011 sec): 4(overused: 6)
Unrouted general nets at iteration 40 (MT total route time: 0.014 sec): 6(overused: 8)
Unrouted general nets at iteration 41 (MT total route time: 0.021 sec): 4(overused: 10)
Unrouted general nets at iteration 42 (MT total route time: 0.028 sec): 5(overused: 10)
Unrouted general nets at iteration 43 (MT total route time: 0.007 sec): 4(overused: 6)
Unrouted general nets at iteration 44 (MT total route time: 0.008 sec): 6(overused: 10)
Unrouted general nets at iteration 45 (MT total route time: 0.008 sec): 8(overused: 24)
Unrouted general nets at iteration 46 (MT total route time: 0.009 sec): 10(overused: 14)
Unrouted general nets at iteration 47 (MT total route time: 0.007 sec): 7(overused: 12)
Unrouted general nets at iteration 48 (MT total route time: 0.008 sec): 4(overused: 6)
Unrouted general nets at iteration 49 (MT total route time: 0.007 sec): 4(overused: 8)
Unrouted general nets at iteration 50 (MT total route time: 0.008 sec): 5(overused: 8)
Unrouted general nets at iteration 51 (MT total route time: 0.007 sec): 0(overused: 0)
----General net take 0.009 sec(route net take 0.000 sec, inc cost take 0.003 sec, iter times: 1)
----const net route take 0.009 sec
Unrouted nets at iteration 52 (0.019 sec): 0
Stage: after detail route | Performance: TNS = 0 ; WNS = 9490 ; THS = NA ; WHS = NA | Time (s): real = 0h:0m:10s ; cpu = 0h:0m:4s ; process = 0h:0m:9s | Memory (MB): curr = 425.457031 ; peak = 425.460938 | Checksum: 6725CA532A45B964
Begin rip-up and reroute:
Rip-up and reroute takes 0.12 sec.
Stage: after ripup & reroute | Performance: TNS = 0 ; WNS = 9492 ; THS = NA ; WHS = NA | Time (s): real = 0h:0m:10s ; cpu = 0h:0m:4s ; process = 0h:0m:10s | Memory (MB): curr = 430.375000 ; peak = 430.429688 | Checksum: 9B6D867F13C1AA50
Detailed routing takes 4.94 sec.
I: Design net genblk1[0].fan_pwm_tach_m/w_clk_1s_pos is routed by general path.
C: Route-2036: The clock path from genblk1[0].fan_pwm_tach_m/Edge_Detect_u1/N0/gateop:Z to clkbufgs_6:CLKIN is routed by SRB.
I: Design net nt_i_CLK_PAL_IN_25M is routed by general path.
C: Route-2036: The clock path from i_CLK_PAL_IN_25M_ibuf/opit_1:OUT to pll_inst/u_pll_e2/goppllinmuxd:CLK_IN[0] is routed by SRB.
Sort Original Nets take 0.002 sec
Check HPIO div result take 0.000 sec
Total net: 3019, route succeed net: 3019
Generate routing result take 0.006 sec
Handle PERMUX permutation take 0.113 sec
Handle const net take 0.010 sec
Handle route through take 0.033 sec
Used SRB routing arc is 24195.
Stage: after finish route | Performance: TNS = 0 ; WNS = 9492 ; THS = NA ; WHS = NA | Time (s): real = 0h:0m:10s ; cpu = 0h:0m:4s ; process = 0h:0m:10s | Memory (MB): curr = 405.925781 ; peak = 430.429688 | Checksum: 6AA814E8C7A07DC7
Finish routing takes 0.23 sec.
Total routing takes 6.72 sec.


Device Utilization Summary :
+----------------------------------------------------------------------------+
| Device Type                      | Used     | Available     | Util(%)     
+----------------------------------------------------------------------------+
| CLMA                             | 384      | 592           | 65          
| + FF                             | 776      | 3552          | 22          
| + LUT                            | 1094     | 2368          | 47          
|   + LUT as Logic                 | 897      |               |             
|   + LUT as Const                 | 195      |               |             
|   + LUT as Bypass                | 2        |               |             
| CLMS                             | 522      | 888           | 59          
| + FF                             | 1229     | 5328          | 24          
| + LUT                            | 1488     | 3552          | 42          
|   + LUT as Logic                 | 1323     |               |             
|   + LUT as Memory                | 0        |               |             
|     + LUT as Distributed RAM     | 0        |               |             
|   + LUT as Const                 | 135      |               |             
|   + LUT as Bypass                | 30       |               |             
| IO                               | 308      | 336           | 92          
| + IOBD                           | 21       | 21            | 100         
| + IOBR                           | 40       | 42            | 96          
| + IOBS                           | 247      | 273           | 91          
| BKCL                             | 6        | 6             | 100         
| CCS                              | 1        | 1             | 100         
| CLKDIV                           | 0        | 4             | 0           
| CLKDLY                           | 0        | 8             | 0           
| DLL                              | 0        | 2             | 0           
| DRM                              | 0        | 26            | 0           
| HARD0N1                          | 173      | 936           | 19          
| IOCKBRG                          | 0        | 2             | 0           
| IOCKGATE                         | 0        | 4             | 0           
| + IOCKGATE as Bypass             | 0        |               |             
| IOLDLYS                          | 138      | 252           | 55          
| IOLDLY                           | 57       | 84            | 68          
| IOL                              | 308      | 336           | 92          
| ISERDES                          | 0        | 21            | 0           
| LDO                              | 0        | 2             | 0           
| OSC                              | 0        | 1             | 0           
| OSERDES                          | 0        | 21            | 0           
| PLLINMUXD                        | 1        | 2             | 50          
| + PLLINMUXD as Bypass            | 0        |               |             
| PLL                              | 1        | 2             | 50          
| USCMDC                           | 2        | 8             | 25          
| + USCMDC as Bypass               | 0        |               |             
| USCMD                            | 0        | 2             | 0           
| + USCMD as Bypass                | 0        |               |             
| USSMBUF                          | 1        | 8             | 13          
| + USSMBUF as Bypass              | 0        |               |             
+----------------------------------------------------------------------------+

Finished routing. (CPU time elapsed 0h:00m:09s)
Design 'Tieta_Feiteng_1001_top' has been routed successfully.
Saving design to DB.
Action route: Export DB successfully.
Action route: Real time elapsed is 0h:0m:11s
Action route: CPU time elapsed is 0h:0m:10s
Action route: Process CPU time elapsed is 0h:0m:11s
Action route: Peak memory pool usage is 430 MB

Current time: Wed Mar 25 16:58:27 2026
