#Build: Fabric Compiler 2024.2-SP1.2, Build 187561, May 22 18:16 2025
#Install: C:\studyware\pango\PDS_2024.2-SP1.2-ads\bin
#Application name: pds_shell.exe
#OS: Windows 10 10.0.18363
#Hostname: z02665mj
Generated by Fabric Compiler (version 2024.2-SP1.2 build 187561) at Mon Mar 23 15:59:34 2026
Parameters for debugging are loaded as follows:
Compiling verification operator library.
Compiling common defs.
Compiling prim grid devices.
Compiling place grid timing.
Compiling gate devices.
Compiling gate operators.
Building architecture model.
Loading device packaging model.
Reading design from DB.
Start Generate Netlist.
Elaborate the liberty model.
I: Multithreading enabled for Timing using a maximum of 4 processes.
Generate Netlist is finished successfully.
Action gen_netlist: Real time elapsed is 0h:0m:14s
Action gen_netlist: CPU time elapsed is 0h:0m:5s
Action gen_netlist: Process CPU time elapsed is 0h:0m:6s
Action gen_netlist: Peak memory pool usage is 308 MB

Current time: Mon Mar 23 15:59:43 2026
