#Build: Fabric Compiler 2024.2-SP1.2, Build 187561, May 22 18:16 2025
#Install: C:\studyware\pango\PDS_2024.2-SP1.2-ads\bin
#Application name: pds_shell.exe
#OS: Windows 10 10.0.18363
#Hostname: z02665mj
Generated by Fabric Compiler (version 2024.2-SP1.2 build 187561) at Fri Mar 27 18:26:10 2026
Parameters for debugging are loaded as follows:
Compiling verification operator library.
Compiling common defs.
Compiling prim grid devices.
Compiling place grid timing.
Compiling gate devices.
Compiling gate operators.
Building architecture model.
Loading device packaging model.
Building architecture floorplan logic view.
Elaborate the liberty model.
I: Multithreading enabled for Timing using a maximum of 4 processes.

Routing started.
Build routing arch for double attribute device.
Enter timing driven router mode.
I: Multithreading enabled for route using a maximum of 1 processes.
W: Route-4027: Cannot find permit_rougth_thru_units.json file in working directory.
Building routing graph takes 0.30 sec.
Enable Recovery Analysis in Routing
Init coarse delay table.
Read place coarse delay table takes 0.05 sec.
build place dedicate switch graph takes 0.16 sec
Setup STE netlist take 627 msec.
Slack Weight : 90
CE/RS signal series limit : 500
Dispose control chain take 82 msec.
Collect const net info take 27 msec.
Total nets for routing: 3157.
Total loads for routing: 14843.
Direct connect net size: 1291
Build all design net take 172 msec.
Processing design graph takes 0.91 sec.
Delay table total memory: 4.79386520 MB
Route graph total memory: 11.34426498 MB
Route design total memory: 4.24241257 MB
The remaining process takes 0.05 sec.
Stage: after context initialize | Performance: TNS = 0 ; WNS = 8545 ; THS = NA ; WHS = NA | Time (s): real = 0h:0m:6s ; cpu = 0h:0m:3s ; process = 0h:0m:4s | Memory (MB): curr = 356.562500 ; peak = 383.562500 | Checksum: A4A761A948FA35EE
Global routing takes 0.00 sec.
Pin Cost Increasing Speed 300
Unrouted clock nets at iteration 0 (0.009 sec): 0
Stage: after clock route | Performance: TNS = 0 ; WNS = 8545 ; THS = NA ; WHS = NA | Time (s): real = 0h:0m:6s ; cpu = 0h:0m:3s ; process = 0h:0m:4s | Memory (MB): curr = 358.382813 ; peak = 383.562500 | Checksum: BB11A42106D64071
Total route nets size: 3149
I: Start printing congestion info.
I: Finish printing congestion info.
Pre route takes 0.852 sec
Stage: after pre route | Performance: TNS = 0 ; WNS = 9343 ; THS = 0 ; WHS = 82 | Time (s): real = 0h:0m:7s ; cpu = 0h:0m:3s ; process = 0h:0m:6s | Memory (MB): curr = 423.312500 ; peak = 428.132813 | Checksum: 2A0844352ABA4D9E
Unrouted general nets at iteration 2 (MT total route time: 0.509 sec): 2750(overused: 15062)
Unrouted general nets at iteration 3 (MT total route time: 0.468 sec): 2358(overused: 9404)
Unrouted general nets at iteration 4 (MT total route time: 0.319 sec): 2111(overused: 7433)
Unrouted general nets at iteration 5 (MT total route time: 0.266 sec): 1878(overused: 5860)
Unrouted general nets at iteration 6 (MT total route time: 0.222 sec): 1649(overused: 4898)
Unrouted general nets at iteration 7 (MT total route time: 0.173 sec): 1207(overused: 3716)
Unrouted general nets at iteration 8 (MT total route time: 0.149 sec): 934(overused: 2548)
Unrouted general nets at iteration 9 (MT total route time: 0.127 sec): 765(overused: 1957)
Unrouted general nets at iteration 10 (MT total route time: 0.120 sec): 642(overused: 1584)
Unrouted general nets at iteration 11 (MT total route time: 0.100 sec): 525(overused: 1335)
Unrouted general nets at iteration 12 (MT total route time: 0.087 sec): 448(overused: 1123)
Unrouted general nets at iteration 13 (MT total route time: 0.078 sec): 390(overused: 860)
Unrouted general nets at iteration 14 (MT total route time: 0.073 sec): 336(overused: 765)
Unrouted general nets at iteration 15 (MT total route time: 0.063 sec): 279(overused: 601)
Unrouted general nets at iteration 16 (MT total route time: 0.052 sec): 234(overused: 486)
Unrouted general nets at iteration 17 (MT total route time: 0.044 sec): 216(overused: 421)
Unrouted general nets at iteration 18 (MT total route time: 0.036 sec): 177(overused: 328)
Unrouted general nets at iteration 19 (MT total route time: 0.032 sec): 153(overused: 284)
Unrouted general nets at iteration 20 (MT total route time: 0.028 sec): 125(overused: 218)
Unrouted general nets at iteration 21 (MT total route time: 0.029 sec): 97(overused: 166)
Unrouted general nets at iteration 22 (MT total route time: 0.028 sec): 85(overused: 144)
Unrouted general nets at iteration 23 (MT total route time: 0.037 sec): 126(overused: 260)
Unrouted general nets at iteration 24 (MT total route time: 0.048 sec): 112(overused: 245)
Unrouted general nets at iteration 25 (MT total route time: 0.041 sec): 102(overused: 204)
Unrouted general nets at iteration 26 (MT total route time: 0.027 sec): 78(overused: 140)
Unrouted general nets at iteration 27 (MT total route time: 0.021 sec): 83(overused: 140)
Unrouted general nets at iteration 28 (MT total route time: 0.020 sec): 69(overused: 128)
Unrouted general nets at iteration 29 (MT total route time: 0.025 sec): 70(overused: 124)
Unrouted general nets at iteration 30 (MT total route time: 0.022 sec): 72(overused: 115)
Unrouted general nets at iteration 31 (MT total route time: 0.025 sec): 66(overused: 114)
Unrouted general nets at iteration 32 (MT total route time: 0.020 sec): 60(overused: 112)
Unrouted general nets at iteration 33 (MT total route time: 0.017 sec): 43(overused: 72)
Unrouted general nets at iteration 34 (MT total route time: 0.012 sec): 46(overused: 74)
Unrouted general nets at iteration 35 (MT total route time: 0.012 sec): 39(overused: 64)
Unrouted general nets at iteration 36 (MT total route time: 0.012 sec): 42(overused: 70)
Unrouted general nets at iteration 37 (MT total route time: 0.012 sec): 37(overused: 60)
Unrouted general nets at iteration 38 (MT total route time: 0.011 sec): 33(overused: 50)
Unrouted general nets at iteration 39 (MT total route time: 0.011 sec): 27(overused: 49)
Unrouted general nets at iteration 40 (MT total route time: 0.011 sec): 30(overused: 48)
Unrouted general nets at iteration 41 (MT total route time: 0.011 sec): 24(overused: 44)
Unrouted general nets at iteration 42 (MT total route time: 0.012 sec): 18(overused: 28)
Unrouted general nets at iteration 43 (MT total route time: 0.011 sec): 10(overused: 12)
Unrouted general nets at iteration 44 (MT total route time: 0.009 sec): 8(overused: 10)
Unrouted general nets at iteration 45 (MT total route time: 0.009 sec): 8(overused: 16)
Unrouted general nets at iteration 46 (MT total route time: 0.008 sec): 9(overused: 16)
Unrouted general nets at iteration 47 (MT total route time: 0.008 sec): 8(overused: 18)
Unrouted general nets at iteration 48 (MT total route time: 0.007 sec): 2(overused: 4)
Unrouted general nets at iteration 49 (MT total route time: 0.007 sec): 3(overused: 6)
Unrouted general nets at iteration 50 (MT total route time: 0.007 sec): 2(overused: 2)
Unrouted general nets at iteration 51 (MT total route time: 0.007 sec): 0(overused: 0)
----General net take 0.008 sec(route net take 0.000 sec, inc cost take 0.004 sec, iter times: 1)
----const net route take 0.010 sec
Unrouted nets at iteration 52 (0.019 sec): 0
Stage: after detail route | Performance: TNS = 0 ; WNS = 8252 ; THS = NA ; WHS = NA | Time (s): real = 0h:0m:11s ; cpu = 0h:0m:4s ; process = 0h:0m:10s | Memory (MB): curr = 431.324219 ; peak = 431.328125 | Checksum: 17C1BBD12161F322
Begin rip-up and reroute:
Rip-up and reroute takes 0.13 sec.
Stage: after ripup & reroute | Performance: TNS = 0 ; WNS = 8248 ; THS = NA ; WHS = NA | Time (s): real = 0h:0m:11s ; cpu = 0h:0m:4s ; process = 0h:0m:10s | Memory (MB): curr = 436.468750 ; peak = 436.523438 | Checksum: 1798CBE05BCBC3AF
Detailed routing takes 5.17 sec.
I: Design net genblk1[0].fan_pwm_tach_m/w_clk_1s_pos is routed by general path.
C: Route-2036: The clock path from genblk1[0].fan_pwm_tach_m/Edge_Detect_u1/N0/gateop:Z to clkbufgs_6:CLKIN is routed by SRB.
I: Design net nt_i_CLK_PAL_IN_25M is routed by general path.
C: Route-2036: The clock path from i_CLK_PAL_IN_25M_ibuf/opit_1:OUT to pll_inst/u_pll_e2/goppllinmuxd:CLK_IN[0] is routed by SRB.
Sort Original Nets take 0.002 sec
Check HPIO div result take 0.000 sec
Total net: 3157, route succeed net: 3157
Generate routing result take 0.007 sec
Handle PERMUX permutation take 0.112 sec
Handle const net take 0.011 sec
Handle route through take 0.036 sec
Used SRB routing arc is 25475.
Stage: after finish route | Performance: TNS = 0 ; WNS = 8248 ; THS = NA ; WHS = NA | Time (s): real = 0h:0m:11s ; cpu = 0h:0m:4s ; process = 0h:0m:11s | Memory (MB): curr = 410.468750 ; peak = 436.523438 | Checksum: 4CCB7CD0C04BF4AA
Finish routing takes 0.24 sec.
Total routing takes 6.79 sec.


Device Utilization Summary :
+----------------------------------------------------------------------------+
| Device Type                      | Used     | Available     | Util(%)     
+----------------------------------------------------------------------------+
| CLMA                             | 390      | 592           | 66          
| + FF                             | 805      | 3552          | 23          
| + LUT                            | 1155     | 2368          | 49          
|   + LUT as Logic                 | 945      |               |             
|   + LUT as Const                 | 192      |               |             
|   + LUT as Bypass                | 18       |               |             
| CLMS                             | 549      | 888           | 62          
| + FF                             | 1277     | 5328          | 24          
| + LUT                            | 1557     | 3552          | 44          
|   + LUT as Logic                 | 1399     |               |             
|   + LUT as Memory                | 0        |               |             
|     + LUT as Distributed RAM     | 0        |               |             
|   + LUT as Const                 | 140      |               |             
|   + LUT as Bypass                | 18       |               |             
| IO                               | 308      | 336           | 92          
| + IOBD                           | 21       | 21            | 100         
| + IOBR                           | 40       | 42            | 96          
| + IOBS                           | 247      | 273           | 91          
| BKCL                             | 6        | 6             | 100         
| CCS                              | 1        | 1             | 100         
| CLKDIV                           | 0        | 4             | 0           
| CLKDLY                           | 0        | 8             | 0           
| DLL                              | 0        | 2             | 0           
| DRM                              | 0        | 26            | 0           
| HARD0N1                          | 187      | 936           | 20          
| IOCKBRG                          | 0        | 2             | 0           
| IOCKGATE                         | 0        | 4             | 0           
| + IOCKGATE as Bypass             | 0        |               |             
| IOLDLYS                          | 138      | 252           | 55          
| IOLDLY                           | 52       | 84            | 62          
| IOL                              | 308      | 336           | 92          
| ISERDES                          | 0        | 21            | 0           
| LDO                              | 0        | 2             | 0           
| OSC                              | 0        | 1             | 0           
| OSERDES                          | 0        | 21            | 0           
| PLLINMUXD                        | 1        | 2             | 50          
| + PLLINMUXD as Bypass            | 0        |               |             
| PLL                              | 1        | 2             | 50          
| USCMDC                           | 2        | 8             | 25          
| + USCMDC as Bypass               | 0        |               |             
| USCMD                            | 0        | 2             | 0           
| + USCMD as Bypass                | 0        |               |             
| USSMBUF                          | 1        | 8             | 13          
| + USSMBUF as Bypass              | 0        |               |             
+----------------------------------------------------------------------------+

Finished routing. (CPU time elapsed 0h:00m:09s)
Design 'Tieta_Feiteng_1001_top' has been routed successfully.
Saving design to DB.
Action route: Export DB successfully.
Action route: Real time elapsed is 0h:0m:12s
Action route: CPU time elapsed is 0h:0m:10s
Action route: Process CPU time elapsed is 0h:0m:12s
Action route: Peak memory pool usage is 436 MB

Current time: Fri Mar 27 18:26:20 2026
