#Build: Fabric Compiler 2024.2-SP1.2, Build 187561, May 22 18:16 2025
#Install: C:\studyware\pango\PDS_2024.2-SP1.2-ads\bin
#Application name: pds_shell.exe
#OS: Windows 10 10.0.18363
#Hostname: z02665mj
Generated by Fabric Compiler (version 2024.2-SP1.2 build 187561) at Thu Apr  2 13:46:39 2026
Parameters for debugging are loaded as follows:
Compiling verification operator library.
Compiling common defs.
Compiling prim grid devices.
Compiling place grid timing.
Compiling gate devices.
Compiling gate operators.
Building architecture model.
Loading device packaging model.
Building architecture floorplan logic view.
Elaborate the liberty model.
I: Multithreading enabled for Timing using a maximum of 4 processes.

Routing started.
Build routing arch for double attribute device.
Enter timing driven router mode.
I: Multithreading enabled for route using a maximum of 1 processes.
W: Route-4027: Cannot find permit_rougth_thru_units.json file in working directory.
Building routing graph takes 0.33 sec.
Enable Recovery Analysis in Routing
Init coarse delay table.
Read place coarse delay table takes 0.05 sec.
build place dedicate switch graph takes 0.14 sec
Setup STE netlist take 590 msec.
Slack Weight : 90
CE/RS signal series limit : 500
Dispose control chain take 82 msec.
Collect const net info take 25 msec.
Total nets for routing: 3153.
Total loads for routing: 14875.
Direct connect net size: 1291
Build all design net take 174 msec.
Processing design graph takes 0.88 sec.
Delay table total memory: 4.79386520 MB
Route graph total memory: 11.34229279 MB
Route design total memory: 4.24268723 MB
The remaining process takes 0.06 sec.
Stage: after context initialize | Performance: TNS = 0 ; WNS = 9517 ; THS = NA ; WHS = NA | Time (s): real = 0h:0m:6s ; cpu = 0h:0m:3s ; process = 0h:0m:5s | Memory (MB): curr = 355.695313 ; peak = 382.453125 | Checksum: 29BFFCE02740845
Global routing takes 0.00 sec.
Pin Cost Increasing Speed 300
Unrouted clock nets at iteration 0 (0.011 sec): 0
Stage: after clock route | Performance: TNS = 0 ; WNS = 9517 ; THS = NA ; WHS = NA | Time (s): real = 0h:0m:6s ; cpu = 0h:0m:3s ; process = 0h:0m:5s | Memory (MB): curr = 357.285156 ; peak = 382.453125 | Checksum: A1C3B8D70ED0BEA
Total route nets size: 3145
I: Start printing congestion info.
I: Finish printing congestion info.
Pre route takes 0.862 sec
Stage: after pre route | Performance: TNS = 0 ; WNS = 10482 ; THS = 0 ; WHS = 64 | Time (s): real = 0h:0m:7s ; cpu = 0h:0m:3s ; process = 0h:0m:6s | Memory (MB): curr = 421.066406 ; peak = 426.050781 | Checksum: 5568E450E34D4722
Unrouted general nets at iteration 2 (MT total route time: 0.511 sec): 2727(overused: 15133)
Unrouted general nets at iteration 3 (MT total route time: 0.458 sec): 2351(overused: 9578)
Unrouted general nets at iteration 4 (MT total route time: 0.323 sec): 2091(overused: 7516)
Unrouted general nets at iteration 5 (MT total route time: 0.269 sec): 1891(overused: 6169)
Unrouted general nets at iteration 6 (MT total route time: 0.233 sec): 1649(overused: 5011)
Unrouted general nets at iteration 7 (MT total route time: 0.183 sec): 1250(overused: 3782)
Unrouted general nets at iteration 8 (MT total route time: 0.165 sec): 985(overused: 2736)
Unrouted general nets at iteration 9 (MT total route time: 0.124 sec): 786(overused: 2114)
Unrouted general nets at iteration 10 (MT total route time: 0.111 sec): 650(overused: 1666)
Unrouted general nets at iteration 11 (MT total route time: 0.096 sec): 581(overused: 1438)
Unrouted general nets at iteration 12 (MT total route time: 0.090 sec): 487(overused: 1155)
Unrouted general nets at iteration 13 (MT total route time: 0.085 sec): 468(overused: 1149)
Unrouted general nets at iteration 14 (MT total route time: 0.083 sec): 393(overused: 895)
Unrouted general nets at iteration 15 (MT total route time: 0.063 sec): 318(overused: 698)
Unrouted general nets at iteration 16 (MT total route time: 0.053 sec): 292(overused: 611)
Unrouted general nets at iteration 17 (MT total route time: 0.057 sec): 234(overused: 543)
Unrouted general nets at iteration 18 (MT total route time: 0.054 sec): 220(overused: 460)
Unrouted general nets at iteration 19 (MT total route time: 0.054 sec): 204(overused: 410)
Unrouted general nets at iteration 20 (MT total route time: 0.038 sec): 180(overused: 340)
Unrouted general nets at iteration 21 (MT total route time: 0.039 sec): 139(overused: 278)
Unrouted general nets at iteration 22 (MT total route time: 0.031 sec): 113(overused: 220)
Unrouted general nets at iteration 23 (MT total route time: 0.028 sec): 105(overused: 184)
Unrouted general nets at iteration 24 (MT total route time: 0.022 sec): 102(overused: 162)
Unrouted general nets at iteration 25 (MT total route time: 0.022 sec): 87(overused: 154)
Unrouted general nets at iteration 26 (MT total route time: 0.024 sec): 90(overused: 167)
Unrouted general nets at iteration 27 (MT total route time: 0.022 sec): 73(overused: 122)
Unrouted general nets at iteration 28 (MT total route time: 0.018 sec): 58(overused: 94)
Unrouted general nets at iteration 29 (MT total route time: 0.030 sec): 55(overused: 96)
Unrouted general nets at iteration 30 (MT total route time: 0.019 sec): 50(overused: 84)
Unrouted general nets at iteration 31 (MT total route time: 0.016 sec): 49(overused: 78)
Unrouted general nets at iteration 32 (MT total route time: 0.017 sec): 44(overused: 68)
Unrouted general nets at iteration 33 (MT total route time: 0.015 sec): 45(overused: 78)
Unrouted general nets at iteration 34 (MT total route time: 0.015 sec): 59(overused: 104)
Unrouted general nets at iteration 35 (MT total route time: 0.019 sec): 70(overused: 116)
Unrouted general nets at iteration 36 (MT total route time: 0.018 sec): 60(overused: 100)
Unrouted general nets at iteration 37 (MT total route time: 0.018 sec): 61(overused: 106)
Unrouted general nets at iteration 38 (MT total route time: 0.015 sec): 56(overused: 82)
Unrouted general nets at iteration 39 (MT total route time: 0.019 sec): 52(overused: 94)
Unrouted general nets at iteration 40 (MT total route time: 0.019 sec): 53(overused: 92)
Unrouted general nets at iteration 41 (MT total route time: 0.015 sec): 43(overused: 78)
Unrouted general nets at iteration 42 (MT total route time: 0.015 sec): 38(overused: 70)
Unrouted general nets at iteration 43 (MT total route time: 0.012 sec): 39(overused: 60)
Unrouted general nets at iteration 44 (MT total route time: 0.019 sec): 26(overused: 44)
Unrouted general nets at iteration 45 (MT total route time: 0.018 sec): 15(overused: 20)
Unrouted general nets at iteration 46 (MT total route time: 0.015 sec): 20(overused: 30)
Unrouted general nets at iteration 47 (MT total route time: 0.012 sec): 16(overused: 18)
Unrouted general nets at iteration 48 (MT total route time: 0.010 sec): 14(overused: 20)
Unrouted general nets at iteration 49 (MT total route time: 0.009 sec): 18(overused: 24)
Unrouted general nets at iteration 50 (MT total route time: 0.011 sec): 15(overused: 22)
Unrouted general nets at iteration 51 (MT total route time: 0.011 sec): 29(overused: 42)
Unrouted general nets at iteration 52 (MT total route time: 0.011 sec): 21(overused: 34)
Unrouted general nets at iteration 53 (MT total route time: 0.011 sec): 16(overused: 26)
Unrouted general nets at iteration 54 (MT total route time: 0.010 sec): 16(overused: 28)
Unrouted general nets at iteration 55 (MT total route time: 0.008 sec): 10(overused: 18)
Unrouted general nets at iteration 56 (MT total route time: 0.009 sec): 4(overused: 8)
Unrouted general nets at iteration 57 (MT total route time: 0.007 sec): 2(overused: 2)
Unrouted general nets at iteration 58 (MT total route time: 0.008 sec): 2(overused: 2)
Unrouted general nets at iteration 59 (MT total route time: 0.007 sec): 2(overused: 4)
Unrouted general nets at iteration 60 (MT total route time: 0.007 sec): 0(overused: 0)
----General net take 0.007 sec(route net take 0.000 sec, inc cost take 0.003 sec, iter times: 1)
----const net route take 0.009 sec
Unrouted nets at iteration 61 (0.017 sec): 0
Stage: after detail route | Performance: TNS = 0 ; WNS = 8714 ; THS = NA ; WHS = NA | Time (s): real = 0h:0m:11s ; cpu = 0h:0m:4s ; process = 0h:0m:10s | Memory (MB): curr = 430.683594 ; peak = 430.687500 | Checksum: EE25C3B7AD2ED6E3
Begin rip-up and reroute:
Rip-up and reroute takes 0.11 sec.
Stage: after ripup & reroute | Performance: TNS = 0 ; WNS = 8715 ; THS = NA ; WHS = NA | Time (s): real = 0h:0m:11s ; cpu = 0h:0m:4s ; process = 0h:0m:11s | Memory (MB): curr = 435.183594 ; peak = 435.644531 | Checksum: A564EC256EC3CAE4
Detailed routing takes 5.50 sec.
I: Design net genblk1[0].fan_pwm_tach_m/w_clk_1s_pos is routed by general path.
C: Route-2036: The clock path from genblk1[0].fan_pwm_tach_m/Edge_Detect_u1/N0/gateop:Z to clkbufgs_6:CLKIN is routed by SRB.
I: Design net nt_i_CLK_PAL_IN_25M is routed by general path.
C: Route-2036: The clock path from i_CLK_PAL_IN_25M_ibuf/opit_1:OUT to pll_inst/u_pll_e2/goppllinmuxd:CLK_IN[0] is routed by SRB.
Sort Original Nets take 0.002 sec
Check HPIO div result take 0.000 sec
Total net: 3153, route succeed net: 3153
Generate routing result take 0.007 sec
Handle PERMUX permutation take 0.128 sec
Handle const net take 0.010 sec
Handle route through take 0.034 sec
Used SRB routing arc is 25559.
Stage: after finish route | Performance: TNS = 0 ; WNS = 8715 ; THS = NA ; WHS = NA | Time (s): real = 0h:0m:12s ; cpu = 0h:0m:4s ; process = 0h:0m:11s | Memory (MB): curr = 410.980469 ; peak = 435.644531 | Checksum: 75714E9D79F8DF53
Finish routing takes 0.25 sec.
Total routing takes 7.11 sec.


Device Utilization Summary :
+----------------------------------------------------------------------------+
| Device Type                      | Used     | Available     | Util(%)     
+----------------------------------------------------------------------------+
| CLMA                             | 386      | 592           | 66          
| + FF                             | 866      | 3552          | 25          
| + LUT                            | 1149     | 2368          | 49          
|   + LUT as Logic                 | 947      |               |             
|   + LUT as Const                 | 186      |               |             
|   + LUT as Bypass                | 16       |               |             
| CLMS                             | 539      | 888           | 61          
| + FF                             | 1216     | 5328          | 23          
| + LUT                            | 1576     | 3552          | 45          
|   + LUT as Logic                 | 1394     |               |             
|   + LUT as Memory                | 0        |               |             
|     + LUT as Distributed RAM     | 0        |               |             
|   + LUT as Const                 | 170      |               |             
|   + LUT as Bypass                | 12       |               |             
| IO                               | 308      | 336           | 92          
| + IOBD                           | 21       | 21            | 100         
| + IOBR                           | 40       | 42            | 96          
| + IOBS                           | 247      | 273           | 91          
| BKCL                             | 6        | 6             | 100         
| CCS                              | 1        | 1             | 100         
| CLKDIV                           | 0        | 4             | 0           
| CLKDLY                           | 0        | 8             | 0           
| DLL                              | 0        | 2             | 0           
| DRM                              | 0        | 26            | 0           
| HARD0N1                          | 186      | 936           | 20          
| IOCKBRG                          | 0        | 2             | 0           
| IOCKGATE                         | 0        | 4             | 0           
| + IOCKGATE as Bypass             | 0        |               |             
| IOLDLYS                          | 138      | 252           | 55          
| IOLDLY                           | 57       | 84            | 68          
| IOL                              | 308      | 336           | 92          
| ISERDES                          | 0        | 21            | 0           
| LDO                              | 0        | 2             | 0           
| OSC                              | 0        | 1             | 0           
| OSERDES                          | 0        | 21            | 0           
| PLLINMUXD                        | 1        | 2             | 50          
| + PLLINMUXD as Bypass            | 0        |               |             
| PLL                              | 1        | 2             | 50          
| USCMDC                           | 2        | 8             | 25          
| + USCMDC as Bypass               | 0        |               |             
| USCMD                            | 0        | 2             | 0           
| + USCMD as Bypass                | 0        |               |             
| USSMBUF                          | 1        | 8             | 13          
| + USSMBUF as Bypass              | 0        |               |             
+----------------------------------------------------------------------------+

Finished routing. (CPU time elapsed 0h:00m:09s)
Design 'Tieta_Feiteng_1001_top' has been routed successfully.
Saving design to DB.
Action route: Export DB successfully.
Action route: Real time elapsed is 0h:0m:13s
Action route: CPU time elapsed is 0h:0m:10s
Action route: Process CPU time elapsed is 0h:0m:12s
Action route: Peak memory pool usage is 435 MB

Current time: Thu Apr  2 13:46:50 2026
