#Build: Fabric Compiler 2024.2-SP1.2, Build 187561, May 22 18:16 2025
#Install: C:\studyware\pango\PDS_2024.2-SP1.2-ads\bin
#Application name: pds_shell.exe
#OS: Windows 10 10.0.18363
#Hostname: z02665mj
Generated by Fabric Compiler (version 2024.2-SP1.2 build 187561) at Mon Mar  2 17:01:12 2026
Parameters for debugging are loaded as follows:
Compiling verification operator library.
Compiling common defs.
Compiling prim grid devices.
Compiling place grid timing.
Compiling gate devices.
Compiling gate operators.
Building architecture model.
Loading device packaging model.
Building architecture floorplan logic view.
Elaborate the liberty model.
I: Multithreading enabled for Timing using a maximum of 4 processes.

Routing started.
Build routing arch for double attribute device.
Enter timing driven router mode.
I: Multithreading enabled for route using a maximum of 1 processes.
W: Route-4027: Cannot find permit_rougth_thru_units.json file in working directory.
Building routing graph takes 0.36 sec.
Enable Recovery Analysis in Routing
Init coarse delay table.
Read place coarse delay table takes 0.03 sec.
build place dedicate switch graph takes 0.19 sec
Setup STE netlist take 472 msec.
Slack Weight : 90
CE/RS signal series limit : 500
Dispose control chain take 61 msec.
Collect const net info take 22 msec.
Total nets for routing: 1997.
Total loads for routing: 9488.
Direct connect net size: 1022
Build all design net take 141 msec.
Processing design graph takes 0.70 sec.
Delay table total memory: 4.79386520 MB
Route graph total memory: 10.63456726 MB
Route design total memory: 3.39609146 MB
The remaining process takes 0.04 sec.
Stage: after context initialize | Performance: TNS = 0 ; WNS = 12089 ; THS = NA ; WHS = NA | Time (s): real = 0h:0m:5s ; cpu = 0h:0m:3s ; process = 0h:0m:5s | Memory (MB): curr = 330.464844 ; peak = 346.738281 | Checksum: 75241A44270E00FA
Global routing takes 0.00 sec.
Pin Cost Increasing Speed 300
Unrouted clock nets at iteration 0 (0.006 sec): 0
Stage: after clock route | Performance: TNS = 0 ; WNS = 12089 ; THS = NA ; WHS = NA | Time (s): real = 0h:0m:5s ; cpu = 0h:0m:3s ; process = 0h:0m:5s | Memory (MB): curr = 331.890625 ; peak = 346.738281 | Checksum: C2CE75F51E69EC5
Total route nets size: 1992
I: Start printing congestion info.
I: Finish printing congestion info.
Pre route takes 0.633 sec
Stage: after pre route | Performance: TNS = 0 ; WNS = 11927 ; THS = 0 ; WHS = 258 | Time (s): real = 0h:0m:6s ; cpu = 0h:0m:4s ; process = 0h:0m:5s | Memory (MB): curr = 373.179688 ; peak = 378.757813 | Checksum: 695CE7120C0A0A66
Unrouted general nets at iteration 2 (MT total route time: 0.368 sec): 1651(overused: 10012)
Unrouted general nets at iteration 3 (MT total route time: 0.296 sec): 1496(overused: 6492)
Unrouted general nets at iteration 4 (MT total route time: 0.240 sec): 1349(overused: 5165)
Unrouted general nets at iteration 5 (MT total route time: 0.200 sec): 1205(overused: 4066)
Unrouted general nets at iteration 6 (MT total route time: 0.167 sec): 1100(overused: 3559)
Unrouted general nets at iteration 7 (MT total route time: 0.168 sec): 725(overused: 2616)
Unrouted general nets at iteration 8 (MT total route time: 0.115 sec): 549(overused: 1686)
Unrouted general nets at iteration 9 (MT total route time: 0.085 sec): 407(overused: 1204)
Unrouted general nets at iteration 10 (MT total route time: 0.070 sec): 335(overused: 933)
Unrouted general nets at iteration 11 (MT total route time: 0.052 sec): 254(overused: 717)
Unrouted general nets at iteration 12 (MT total route time: 0.052 sec): 233(overused: 592)
Unrouted general nets at iteration 13 (MT total route time: 0.035 sec): 195(overused: 467)
Unrouted general nets at iteration 14 (MT total route time: 0.036 sec): 162(overused: 428)
Unrouted general nets at iteration 15 (MT total route time: 0.028 sec): 127(overused: 308)
Unrouted general nets at iteration 16 (MT total route time: 0.023 sec): 112(overused: 260)
Unrouted general nets at iteration 17 (MT total route time: 0.028 sec): 118(overused: 250)
Unrouted general nets at iteration 18 (MT total route time: 0.028 sec): 132(overused: 304)
Unrouted general nets at iteration 19 (MT total route time: 0.023 sec): 125(overused: 277)
Unrouted general nets at iteration 20 (MT total route time: 0.024 sec): 99(overused: 257)
Unrouted general nets at iteration 21 (MT total route time: 0.030 sec): 72(overused: 188)
Unrouted general nets at iteration 22 (MT total route time: 0.020 sec): 62(overused: 144)
Unrouted general nets at iteration 23 (MT total route time: 0.022 sec): 57(overused: 118)
Unrouted general nets at iteration 24 (MT total route time: 0.022 sec): 53(overused: 118)
Unrouted general nets at iteration 25 (MT total route time: 0.010 sec): 36(overused: 76)
Unrouted general nets at iteration 26 (MT total route time: 0.010 sec): 33(overused: 60)
Unrouted general nets at iteration 27 (MT total route time: 0.013 sec): 41(overused: 64)
Unrouted general nets at iteration 28 (MT total route time: 0.007 sec): 28(overused: 44)
Unrouted general nets at iteration 29 (MT total route time: 0.006 sec): 19(overused: 30)
Unrouted general nets at iteration 30 (MT total route time: 0.007 sec): 16(overused: 32)
Unrouted general nets at iteration 31 (MT total route time: 0.015 sec): 18(overused: 32)
Unrouted general nets at iteration 32 (MT total route time: 0.005 sec): 13(overused: 20)
Unrouted general nets at iteration 33 (MT total route time: 0.005 sec): 10(overused: 14)
Unrouted general nets at iteration 34 (MT total route time: 0.005 sec): 6(overused: 12)
Unrouted general nets at iteration 35 (MT total route time: 0.005 sec): 6(overused: 6)
Unrouted general nets at iteration 36 (MT total route time: 0.007 sec): 2(overused: 4)
Unrouted general nets at iteration 37 (MT total route time: 0.004 sec): 2(overused: 4)
Unrouted general nets at iteration 38 (MT total route time: 0.004 sec): 2(overused: 2)
Unrouted general nets at iteration 39 (MT total route time: 0.008 sec): 2(overused: 4)
Unrouted general nets at iteration 40 (MT total route time: 0.010 sec): 0(overused: 0)
----General net take 0.004 sec(route net take 0.000 sec, inc cost take 0.001 sec, iter times: 1)
----const net route take 0.007 sec
Unrouted nets at iteration 41 (0.012 sec): 0
Stage: after detail route | Performance: TNS = 0 ; WNS = 10976 ; THS = NA ; WHS = NA | Time (s): real = 0h:0m:9s ; cpu = 0h:0m:4s ; process = 0h:0m:8s | Memory (MB): curr = 380.246094 ; peak = 381.191406 | Checksum: 5F0108D208232746
Begin rip-up and reroute:
Rip-up and reroute takes 0.09 sec.
Stage: after ripup & reroute | Performance: TNS = 0 ; WNS = 10968 ; THS = NA ; WHS = NA | Time (s): real = 0h:0m:9s ; cpu = 0h:0m:4s ; process = 0h:0m:8s | Memory (MB): curr = 382.402344 ; peak = 382.453125 | Checksum: 229E04ECCE8706B6
Detailed routing takes 3.41 sec.
I: Design net nt_i_CLK_C42_IN_25M is routed by general path.
C: Route-2036: The clock path from i_CLK_C42_IN_25M_ibuf/opit_1:OUT to pll_inst/u_pll_e2/goppllinmuxd:CLK_IN[0] is routed by SRB.
Sort Original Nets take 0.000 sec
Check HPIO div result take 0.000 sec
Total net: 1997, route succeed net: 1997
Generate routing result take 0.006 sec
Handle PERMUX permutation take 0.105 sec
Handle const net take 0.005 sec
Handle route through take 0.040 sec
Used SRB routing arc is 16201.
Stage: after finish route | Performance: TNS = 0 ; WNS = 10968 ; THS = NA ; WHS = NA | Time (s): real = 0h:0m:9s ; cpu = 0h:0m:4s ; process = 0h:0m:8s | Memory (MB): curr = 367.257813 ; peak = 382.453125 | Checksum: C80F98E73489F4D3
Finish routing takes 0.22 sec.
Total routing takes 4.83 sec.


Device Utilization Summary :
+----------------------------------------------------------------------------+
| Device Type                      | Used     | Available     | Util(%)     
+----------------------------------------------------------------------------+
| CLMA                             | 247      | 592           | 42          
| + FF                             | 503      | 3552          | 15          
| + LUT                            | 631      | 2368          | 27          
|   + LUT as Logic                 | 521      |               |             
|   + LUT as Const                 | 98       |               |             
|   + LUT as Bypass                | 12       |               |             
| CLMS                             | 344      | 888           | 39          
| + FF                             | 843      | 5328          | 16          
| + LUT                            | 932      | 3552          | 27          
|   + LUT as Logic                 | 822      |               |             
|   + LUT as Memory                | 0        |               |             
|     + LUT as Distributed RAM     | 0        |               |             
|   + LUT as Const                 | 90       |               |             
|   + LUT as Bypass                | 20       |               |             
| IO                               | 287      | 336           | 86          
| + IOBD                           | 19       | 21            | 91          
| + IOBR                           | 37       | 42            | 89          
| + IOBS                           | 231      | 273           | 85          
| BKCL                             | 6        | 6             | 100         
| CCS                              | 1        | 1             | 100         
| CLKDIV                           | 0        | 4             | 0           
| CLKDLY                           | 0        | 8             | 0           
| DLL                              | 0        | 2             | 0           
| DRM                              | 0        | 26            | 0           
| HARD0N1                          | 53       | 936           | 6           
| IOCKBRG                          | 0        | 2             | 0           
| IOCKGATE                         | 0        | 4             | 0           
| + IOCKGATE as Bypass             | 0        |               |             
| IOLDLYS                          | 131      | 252           | 52          
| IOLDLY                           | 38       | 84            | 46          
| IOL                              | 287      | 336           | 86          
| ISERDES                          | 0        | 21            | 0           
| LDO                              | 0        | 2             | 0           
| OSC                              | 0        | 1             | 0           
| OSERDES                          | 0        | 21            | 0           
| PLLINMUXD                        | 1        | 2             | 50          
| + PLLINMUXD as Bypass            | 0        |               |             
| PLL                              | 1        | 2             | 50          
| USCMDC                           | 1        | 8             | 13          
| + USCMDC as Bypass               | 0        |               |             
| USCMD                            | 0        | 2             | 0           
| + USCMD as Bypass                | 0        |               |             
| USSMBUF                          | 0        | 8             | 0           
| + USSMBUF as Bypass              | 0        |               |             
+----------------------------------------------------------------------------+

Finished routing. (CPU time elapsed 0h:00m:07s)
Design 'Tieta_Feiteng_2001_top' has been routed successfully.
Saving design to DB.
Action route: Export DB successfully.
Action route: Real time elapsed is 0h:0m:10s
Action route: CPU time elapsed is 0h:0m:8s
Action route: Process CPU time elapsed is 0h:0m:9s
Action route: Peak memory pool usage is 382 MB

Current time: Mon Mar  2 17:01:20 2026
