#Build: Fabric Compiler 2024.2-SP1.2, Build 187561, May 22 18:16 2025
#Install: C:\studyware\pango\PDS_2024.2-SP1.2-ads\bin
#Application name: pds_shell.exe
#OS: Windows 10 10.0.18363
#Hostname: z02665mj
Generated by Fabric Compiler (version 2024.2-SP1.2 build 187561) at Mon Mar  2 20:52:56 2026
Parameters for debugging are loaded as follows:
Compiling verification operator library.
Compiling common defs.
Compiling prim grid devices.
Compiling place grid timing.
Compiling gate devices.
Compiling gate operators.
Building architecture model.
Loading device packaging model.
Building architecture floorplan logic view.
Elaborate the liberty model.
I: Multithreading enabled for Timing using a maximum of 4 processes.

Routing started.
Build routing arch for double attribute device.
Enter timing driven router mode.
I: Multithreading enabled for route using a maximum of 1 processes.
W: Route-4027: Cannot find permit_rougth_thru_units.json file in working directory.
Building routing graph takes 0.29 sec.
Enable Recovery Analysis in Routing
Init coarse delay table.
Read place coarse delay table takes 0.05 sec.
build place dedicate switch graph takes 0.17 sec
Setup STE netlist take 485 msec.
Slack Weight : 90
CE/RS signal series limit : 500
Dispose control chain take 52 msec.
Collect const net info take 19 msec.
Total nets for routing: 1830.
Total loads for routing: 8598.
Direct connect net size: 1035
Build all design net take 124 msec.
Processing design graph takes 0.68 sec.
Delay table total memory: 4.79386520 MB
Route graph total memory: 10.53619385 MB
Route design total memory: 3.36534500 MB
The remaining process takes 0.03 sec.
Stage: after context initialize | Performance: TNS = 0 ; WNS = 12923 ; THS = NA ; WHS = NA | Time (s): real = 0h:0m:5s ; cpu = 0h:0m:3s ; process = 0h:0m:4s | Memory (MB): curr = 326.714844 ; peak = 343.269531 | Checksum: 246CF99F5239EF7E
Global routing takes 0.00 sec.
Pin Cost Increasing Speed 300
Unrouted clock nets at iteration 0 (0.005 sec): 0
Stage: after clock route | Performance: TNS = 0 ; WNS = 12923 ; THS = NA ; WHS = NA | Time (s): real = 0h:0m:5s ; cpu = 0h:0m:3s ; process = 0h:0m:4s | Memory (MB): curr = 327.644531 ; peak = 343.269531 | Checksum: 2089E51A8AA76333
Total route nets size: 1825
I: Start printing congestion info.
I: Finish printing congestion info.
Pre route takes 0.508 sec
Stage: after pre route | Performance: TNS = 0 ; WNS = 12840 ; THS = 0 ; WHS = 258 | Time (s): real = 0h:0m:6s ; cpu = 0h:0m:3s ; process = 0h:0m:5s | Memory (MB): curr = 357.117188 ; peak = 362.183594 | Checksum: E6C689CCDA319CD5
Unrouted general nets at iteration 2 (MT total route time: 0.297 sec): 1493(overused: 8724)
Unrouted general nets at iteration 3 (MT total route time: 0.234 sec): 1330(overused: 5502)
Unrouted general nets at iteration 4 (MT total route time: 0.227 sec): 1182(overused: 4411)
Unrouted general nets at iteration 5 (MT total route time: 0.162 sec): 1107(overused: 3711)
Unrouted general nets at iteration 6 (MT total route time: 0.150 sec): 1009(overused: 3194)
Unrouted general nets at iteration 7 (MT total route time: 0.122 sec): 644(overused: 2422)
Unrouted general nets at iteration 8 (MT total route time: 0.103 sec): 505(overused: 1587)
Unrouted general nets at iteration 9 (MT total route time: 0.079 sec): 422(overused: 1133)
Unrouted general nets at iteration 10 (MT total route time: 0.067 sec): 362(overused: 977)
Unrouted general nets at iteration 11 (MT total route time: 0.051 sec): 279(overused: 708)
Unrouted general nets at iteration 12 (MT total route time: 0.040 sec): 237(overused: 546)
Unrouted general nets at iteration 13 (MT total route time: 0.036 sec): 163(overused: 407)
Unrouted general nets at iteration 14 (MT total route time: 0.029 sec): 147(overused: 356)
Unrouted general nets at iteration 15 (MT total route time: 0.022 sec): 106(overused: 232)
Unrouted general nets at iteration 16 (MT total route time: 0.020 sec): 97(overused: 224)
Unrouted general nets at iteration 17 (MT total route time: 0.017 sec): 87(overused: 188)
Unrouted general nets at iteration 18 (MT total route time: 0.018 sec): 87(overused: 136)
Unrouted general nets at iteration 19 (MT total route time: 0.014 sec): 65(overused: 130)
Unrouted general nets at iteration 20 (MT total route time: 0.013 sec): 49(overused: 88)
Unrouted general nets at iteration 21 (MT total route time: 0.011 sec): 44(overused: 76)
Unrouted general nets at iteration 22 (MT total route time: 0.011 sec): 40(overused: 68)
Unrouted general nets at iteration 23 (MT total route time: 0.015 sec): 33(overused: 68)
Unrouted general nets at iteration 24 (MT total route time: 0.009 sec): 31(overused: 66)
Unrouted general nets at iteration 25 (MT total route time: 0.008 sec): 25(overused: 48)
Unrouted general nets at iteration 26 (MT total route time: 0.006 sec): 22(overused: 38)
Unrouted general nets at iteration 27 (MT total route time: 0.006 sec): 21(overused: 32)
Unrouted general nets at iteration 28 (MT total route time: 0.006 sec): 15(overused: 34)
Unrouted general nets at iteration 29 (MT total route time: 0.007 sec): 10(overused: 22)
Unrouted general nets at iteration 30 (MT total route time: 0.006 sec): 8(overused: 12)
Unrouted general nets at iteration 31 (MT total route time: 0.007 sec): 7(overused: 10)
Unrouted general nets at iteration 32 (MT total route time: 0.005 sec): 6(overused: 10)
Unrouted general nets at iteration 33 (MT total route time: 0.006 sec): 5(overused: 8)
Unrouted general nets at iteration 34 (MT total route time: 0.005 sec): 4(overused: 6)
Unrouted general nets at iteration 35 (MT total route time: 0.005 sec): 0(overused: 0)
----General net take 0.004 sec(route net take 0.000 sec, inc cost take 0.001 sec, iter times: 1)
----const net route take 0.004 sec
Unrouted nets at iteration 36 (0.010 sec): 0
Stage: after detail route | Performance: TNS = 0 ; WNS = 11984 ; THS = NA ; WHS = NA | Time (s): real = 0h:0m:8s ; cpu = 0h:0m:4s ; process = 0h:0m:7s | Memory (MB): curr = 364.359375 ; peak = 364.363281 | Checksum: 2E14BBA03280AA
Begin rip-up and reroute:
Rip-up and reroute takes 0.09 sec.
Stage: after ripup & reroute | Performance: TNS = 0 ; WNS = 11984 ; THS = NA ; WHS = NA | Time (s): real = 0h:0m:8s ; cpu = 0h:0m:4s ; process = 0h:0m:7s | Memory (MB): curr = 366.578125 ; peak = 367.417969 | Checksum: B33F2261B7A92716
Detailed routing takes 2.80 sec.
I: Design net nt_i_CLK_C42_IN_25M is routed by general path.
C: Route-2036: The clock path from i_CLK_C42_IN_25M_ibuf/opit_1:OUT to pll_inst/u_pll_e2/goppllinmuxd:CLK_IN[0] is routed by SRB.
Sort Original Nets take 0.000 sec
Check HPIO div result take 0.000 sec
Total net: 1830, route succeed net: 1830
Generate routing result take 0.005 sec
Handle PERMUX permutation take 0.069 sec
Handle const net take 0.005 sec
Handle route through take 0.029 sec
Used SRB routing arc is 14963.
Stage: after finish route | Performance: TNS = 0 ; WNS = 11984 ; THS = NA ; WHS = NA | Time (s): real = 0h:0m:8s ; cpu = 0h:0m:4s ; process = 0h:0m:7s | Memory (MB): curr = 349.175781 ; peak = 367.417969 | Checksum: 3A42E11E02C12EA0
Finish routing takes 0.17 sec.
Total routing takes 4.05 sec.


Device Utilization Summary :
+----------------------------------------------------------------------------+
| Device Type                      | Used     | Available     | Util(%)     
+----------------------------------------------------------------------------+
| CLMA                             | 250      | 592           | 43          
| + FF                             | 553      | 3552          | 16          
| + LUT                            | 617      | 2368          | 27          
|   + LUT as Logic                 | 484      |               |             
|   + LUT as Const                 | 111      |               |             
|   + LUT as Bypass                | 22       |               |             
| CLMS                             | 319      | 888           | 36          
| + FF                             | 704      | 5328          | 14          
| + LUT                            | 816      | 3552          | 23          
|   + LUT as Logic                 | 709      |               |             
|   + LUT as Memory                | 0        |               |             
|     + LUT as Distributed RAM     | 0        |               |             
|   + LUT as Const                 | 81       |               |             
|   + LUT as Bypass                | 26       |               |             
| IO                               | 287      | 336           | 86          
| + IOBD                           | 19       | 21            | 91          
| + IOBR                           | 37       | 42            | 89          
| + IOBS                           | 231      | 273           | 85          
| BKCL                             | 6        | 6             | 100         
| CCS                              | 1        | 1             | 100         
| CLKDIV                           | 0        | 4             | 0           
| CLKDLY                           | 0        | 8             | 0           
| DLL                              | 0        | 2             | 0           
| DRM                              | 0        | 26            | 0           
| HARD0N1                          | 47       | 936           | 6           
| IOCKBRG                          | 0        | 2             | 0           
| IOCKGATE                         | 0        | 4             | 0           
| + IOCKGATE as Bypass             | 0        |               |             
| IOLDLYS                          | 131      | 252           | 52          
| IOLDLY                           | 38       | 84            | 46          
| IOL                              | 287      | 336           | 86          
| ISERDES                          | 0        | 21            | 0           
| LDO                              | 0        | 2             | 0           
| OSC                              | 0        | 1             | 0           
| OSERDES                          | 0        | 21            | 0           
| PLLINMUXD                        | 1        | 2             | 50          
| + PLLINMUXD as Bypass            | 0        |               |             
| PLL                              | 1        | 2             | 50          
| USCMDC                           | 1        | 8             | 13          
| + USCMDC as Bypass               | 0        |               |             
| USCMD                            | 0        | 2             | 0           
| + USCMD as Bypass                | 0        |               |             
| USSMBUF                          | 0        | 8             | 0           
| + USSMBUF as Bypass              | 0        |               |             
+----------------------------------------------------------------------------+

Finished routing. (CPU time elapsed 0h:00m:06s)
Design 'Tieta_Feiteng_2001_top' has been routed successfully.
Saving design to DB.
Action route: Export DB successfully.
Action route: Real time elapsed is 0h:0m:9s
Action route: CPU time elapsed is 0h:0m:7s
Action route: Process CPU time elapsed is 0h:0m:8s
Action route: Peak memory pool usage is 367 MB

Current time: Mon Mar  2 20:53:03 2026
