#Build: Fabric Compiler 2024.2-SP1.2, Build 187561, May 22 18:16 2025
#Install: C:\studyware\pango\PDS_2024.2-SP1.2-ads\bin
#Application name: pds_shell.exe
#OS: Windows 10 10.0.18363
#Hostname: z02665mj
Generated by Fabric Compiler (version 2024.2-SP1.2 build 187561) at Sat Mar 14 15:32:58 2026
Parameters for debugging are loaded as follows:
Compiling verification operator library.
Compiling common defs.
Compiling prim grid devices.
Compiling place grid timing.
Compiling gate devices.
Compiling gate operators.
Building architecture model.
Loading device packaging model.
Building architecture floorplan logic view.
Elaborate the liberty model.
I: Multithreading enabled for Timing using a maximum of 4 processes.

Route Optimize started.
Build routing arch for double attribute device.
Enter timing driven router mode.
I: Multithreading enabled for route using a maximum of 1 processes.
I: Column Clock Check close.
W: Route-4027: Cannot find permit_rougth_thru_units.json file in working directory.
Building routing graph takes 0.59 sec.
Total nets for routing: 3404.
Total loads for routing: 13603.
Direct connect net size: 1257
Build all design net take 333 msec.
Processing design graph takes 0.33 sec.
Delay table total memory: 4.79386520 MB
Route graph total memory: 11.33388519 MB
Route design total memory: 4.13642502 MB
The remaining process takes 0.16 sec.
Stage: after context initialize in post route | Performance: TNS = NA ; WNS = NA ; THS = NA ; WHS = NA | Time (s): real = 0h:0m:7s ; cpu = 0h:0m:4s ; process = 0h:0m:5s | Memory (MB): curr = 302.347656 ; peak = 316.675781 | Checksum: D6C3966E5CCF0417
Load route result takes 0.07 sec
Fix Hold Violation Threshold For Clock Path Cross SRB(ps) : 200
Fix Hold Violation Threshold For Clock Path On Clock Tree(ps) : 100
Hold fix to no violation.
Hold fix to threshold
Stage: after hold fix | Performance: TNS = 0 ; WNS = 8565 ; THS = 0 ; WHS = 258 | Time (s): real = 0h:0m:8s ; cpu = 0h:0m:5s ; process = 0h:0m:8s | Memory (MB): curr = 383.023438 ; peak = 383.027344 | Checksum: FD6D15BABCED1D03
Hold Violation Fix in router takes 1.11 sec.
Sort Original Nets take 0.005 sec
Total net: 3404, route succeed net: 3404
Generate routing result take 0.020 sec
Handle PERMUX permutation take 0.031 sec
Handle const net take 0.000 sec
Handle route through take 0.091 sec
Used SRB routing arc is 22858.
Stage: after finish post route | Performance: TNS = 0 ; WNS = 8565 ; THS = NA ; WHS = NA | Time (s): real = 0h:0m:8s ; cpu = 0h:0m:5s ; process = 0h:0m:8s | Memory (MB): curr = 362.910156 ; peak = 383.035156 | Checksum: 555B7586B38EA635
Finish post route takes 0.25 sec.
Total post route takes 2.56 sec.


Device Utilization Summary :
+----------------------------------------------------------------------------+
| Device Type                      | Used     | Available     | Util(%)     
+----------------------------------------------------------------------------+
| CLMA                             | 368      | 592           | 63          
| + FF                             | 864      | 3552          | 25          
| + LUT                            | 1088     | 2368          | 46          
|   + LUT as Logic                 | 893      |               |             
|   + LUT as Const                 | 185      |               |             
|   + LUT as Bypass                | 10       |               |             
| CLMS                             | 494      | 888           | 56          
| + FF                             | 1023     | 5328          | 20          
| + LUT                            | 1411     | 3552          | 40          
|   + LUT as Logic                 | 1261     |               |             
|   + LUT as Memory                | 0        |               |             
|     + LUT as Distributed RAM     | 0        |               |             
|   + LUT as Const                 | 138      |               |             
|   + LUT as Bypass                | 12       |               |             
| IO                               | 310      | 336           | 93          
| + IOBD                           | 21       | 21            | 100         
| + IOBR                           | 40       | 42            | 96          
| + IOBS                           | 249      | 273           | 92          
| BKCL                             | 6        | 6             | 100         
| CCS                              | 1        | 1             | 100         
| CLKDIV                           | 0        | 4             | 0           
| CLKDLY                           | 0        | 8             | 0           
| DLL                              | 0        | 2             | 0           
| DRM                              | 0        | 26            | 0           
| HARD0N1                          | 168      | 936           | 18          
| IOCKBRG                          | 0        | 2             | 0           
| IOCKGATE                         | 0        | 4             | 0           
| + IOCKGATE as Bypass             | 0        |               |             
| IOLDLYS                          | 140      | 252           | 56          
| IOLDLY                           | 57       | 84            | 68          
| IOL                              | 310      | 336           | 93          
| ISERDES                          | 0        | 21            | 0           
| LDO                              | 0        | 2             | 0           
| OSC                              | 0        | 1             | 0           
| OSERDES                          | 0        | 21            | 0           
| PLLINMUXD                        | 1        | 2             | 50          
| + PLLINMUXD as Bypass            | 0        |               |             
| PLL                              | 1        | 2             | 50          
| USCMDC                           | 2        | 8             | 25          
| + USCMDC as Bypass               | 0        |               |             
| USCMD                            | 0        | 2             | 0           
| + USCMD as Bypass                | 0        |               |             
| USSMBUF                          | 1        | 8             | 13          
| + USSMBUF as Bypass              | 0        |               |             
+----------------------------------------------------------------------------+

Finished route optimize. (CPU time elapsed 0h:00m:06s)
Design 'Tieta_Feiteng_1001_top' has been routed successfully.
Saving design to DB.
Action route_optimize: Export DB successfully.
Action route_optimize: Real time elapsed is 0h:0m:11s
Action route_optimize: CPU time elapsed is 0h:0m:8s
Action route_optimize: Process CPU time elapsed is 0h:0m:10s
Action route_optimize: Peak memory pool usage is 383 MB

Current time: Sat Mar 14 15:33:07 2026
