#Build: Fabric Compiler 2024.2-SP1.2, Build 187561, May 22 18:16 2025
#Install: C:\studyware\pango\PDS_2024.2-SP1.2-ads\bin
#Application name: pds_shell.exe
#OS: Windows 10 10.0.18363
#Hostname: z02665mj
Generated by Fabric Compiler (version 2024.2-SP1.2 build 187561) at Sat Mar 14 15:32:45 2026
Parameters for debugging are loaded as follows:
Compiling verification operator library.
Compiling common defs.
Compiling prim grid devices.
Compiling place grid timing.
Compiling gate devices.
Compiling gate operators.
Building architecture model.
Loading device packaging model.
Building architecture floorplan logic view.
Elaborate the liberty model.
I: Multithreading enabled for Timing using a maximum of 4 processes.

Routing started.
Build routing arch for double attribute device.
Enter timing driven router mode.
I: Multithreading enabled for route using a maximum of 1 processes.
W: Route-4027: Cannot find permit_rougth_thru_units.json file in working directory.
Building routing graph takes 0.38 sec.
Enable Recovery Analysis in Routing
Init coarse delay table.
Read place coarse delay table takes 0.03 sec.
build place dedicate switch graph takes 0.20 sec
Setup STE netlist take 578 msec.
Slack Weight : 90
CE/RS signal series limit : 500
Dispose control chain take 116 msec.
Collect const net info take 30 msec.
Total nets for routing: 2913.
Total loads for routing: 13603.
Direct connect net size: 1257
Build all design net take 219 msec.
Processing design graph takes 0.95 sec.
Delay table total memory: 4.79386520 MB
Route graph total memory: 11.14923859 MB
Route design total memory: 4.19114304 MB
The remaining process takes 0.06 sec.
Stage: after context initialize | Performance: TNS = 0 ; WNS = 7925 ; THS = NA ; WHS = NA | Time (s): real = 0h:0m:6s ; cpu = 0h:0m:4s ; process = 0h:0m:5s | Memory (MB): curr = 353.378906 ; peak = 377.437500 | Checksum: 62F5F87F445FA085
Global routing takes 0.00 sec.
Pin Cost Increasing Speed 300
Unrouted clock nets at iteration 0 (0.022 sec): 0
Stage: after clock route | Performance: TNS = 0 ; WNS = 7925 ; THS = NA ; WHS = NA | Time (s): real = 0h:0m:6s ; cpu = 0h:0m:4s ; process = 0h:0m:5s | Memory (MB): curr = 355.070313 ; peak = 377.437500 | Checksum: DB971FA85B43EF30
Total route nets size: 2905
I: Start printing congestion info.
I: Finish printing congestion info.
Pre route takes 1.489 sec
Stage: after pre route | Performance: TNS = 0 ; WNS = 9598 ; THS = 0 ; WHS = 258 | Time (s): real = 0h:0m:8s ; cpu = 0h:0m:4s ; process = 0h:0m:7s | Memory (MB): curr = 414.851563 ; peak = 420.179688 | Checksum: 45F071AA34A72662
Unrouted general nets at iteration 2 (MT total route time: 0.754 sec): 2518(overused: 14075)
Unrouted general nets at iteration 3 (MT total route time: 0.400 sec): 2138(overused: 8666)
Unrouted general nets at iteration 4 (MT total route time: 0.301 sec): 1848(overused: 6739)
Unrouted general nets at iteration 5 (MT total route time: 0.255 sec): 1657(overused: 5396)
Unrouted general nets at iteration 6 (MT total route time: 0.282 sec): 1466(overused: 4618)
Unrouted general nets at iteration 7 (MT total route time: 0.156 sec): 1075(overused: 3276)
Unrouted general nets at iteration 8 (MT total route time: 0.130 sec): 811(overused: 2291)
Unrouted general nets at iteration 9 (MT total route time: 0.120 sec): 688(overused: 1827)
Unrouted general nets at iteration 10 (MT total route time: 0.110 sec): 547(overused: 1400)
Unrouted general nets at iteration 11 (MT total route time: 0.095 sec): 459(overused: 1144)
Unrouted general nets at iteration 12 (MT total route time: 0.076 sec): 391(overused: 966)
Unrouted general nets at iteration 13 (MT total route time: 0.070 sec): 356(overused: 937)
Unrouted general nets at iteration 14 (MT total route time: 0.138 sec): 317(overused: 772)
Unrouted general nets at iteration 15 (MT total route time: 0.077 sec): 255(overused: 619)
Unrouted general nets at iteration 16 (MT total route time: 0.058 sec): 203(overused: 457)
Unrouted general nets at iteration 17 (MT total route time: 0.047 sec): 176(overused: 367)
Unrouted general nets at iteration 18 (MT total route time: 0.050 sec): 162(overused: 383)
Unrouted general nets at iteration 19 (MT total route time: 0.096 sec): 168(overused: 403)
Unrouted general nets at iteration 20 (MT total route time: 0.054 sec): 151(overused: 371)
Unrouted general nets at iteration 21 (MT total route time: 0.081 sec): 140(overused: 278)
Unrouted general nets at iteration 22 (MT total route time: 0.107 sec): 110(overused: 234)
Unrouted general nets at iteration 23 (MT total route time: 0.024 sec): 99(overused: 205)
Unrouted general nets at iteration 24 (MT total route time: 0.025 sec): 73(overused: 146)
Unrouted general nets at iteration 25 (MT total route time: 0.030 sec): 84(overused: 160)
Unrouted general nets at iteration 26 (MT total route time: 0.022 sec): 68(overused: 136)
Unrouted general nets at iteration 27 (MT total route time: 0.015 sec): 56(overused: 94)
Unrouted general nets at iteration 28 (MT total route time: 0.014 sec): 63(overused: 104)
Unrouted general nets at iteration 29 (MT total route time: 0.019 sec): 61(overused: 96)
Unrouted general nets at iteration 30 (MT total route time: 0.018 sec): 62(overused: 98)
Unrouted general nets at iteration 31 (MT total route time: 0.014 sec): 50(overused: 76)
Unrouted general nets at iteration 32 (MT total route time: 0.016 sec): 50(overused: 92)
Unrouted general nets at iteration 33 (MT total route time: 0.012 sec): 37(overused: 76)
Unrouted general nets at iteration 34 (MT total route time: 0.013 sec): 20(overused: 38)
Unrouted general nets at iteration 35 (MT total route time: 0.010 sec): 16(overused: 32)
Unrouted general nets at iteration 36 (MT total route time: 0.008 sec): 14(overused: 22)
Unrouted general nets at iteration 37 (MT total route time: 0.009 sec): 10(overused: 16)
Unrouted general nets at iteration 38 (MT total route time: 0.007 sec): 8(overused: 14)
Unrouted general nets at iteration 39 (MT total route time: 0.007 sec): 8(overused: 14)
Unrouted general nets at iteration 40 (MT total route time: 0.007 sec): 8(overused: 10)
Unrouted general nets at iteration 41 (MT total route time: 0.008 sec): 6(overused: 10)
Unrouted general nets at iteration 42 (MT total route time: 0.007 sec): 6(overused: 10)
Unrouted general nets at iteration 43 (MT total route time: 0.007 sec): 2(overused: 4)
Unrouted general nets at iteration 44 (MT total route time: 0.007 sec): 2(overused: 4)
Unrouted general nets at iteration 45 (MT total route time: 0.007 sec): 2(overused: 2)
Unrouted general nets at iteration 46 (MT total route time: 0.006 sec): 2(overused: 4)
Unrouted general nets at iteration 47 (MT total route time: 0.006 sec): 2(overused: 4)
Unrouted general nets at iteration 48 (MT total route time: 0.008 sec): 2(overused: 4)
Unrouted general nets at iteration 49 (MT total route time: 0.007 sec): 2(overused: 4)
Unrouted general nets at iteration 50 (MT total route time: 0.007 sec): 2(overused: 2)
Unrouted general nets at iteration 51 (MT total route time: 0.007 sec): 2(overused: 2)
Unrouted general nets at iteration 52 (MT total route time: 0.008 sec): 2(overused: 2)
Unrouted general nets at iteration 53 (MT total route time: 0.007 sec): 0(overused: 0)
----General net take 0.011 sec(route net take 0.000 sec, inc cost take 0.005 sec, iter times: 1)
----const net route take 0.011 sec
Unrouted nets at iteration 54 (0.024 sec): 0
Stage: after detail route | Performance: TNS = 0 ; WNS = 8560 ; THS = NA ; WHS = NA | Time (s): real = 0h:0m:12s ; cpu = 0h:0m:5s ; process = 0h:0m:12s | Memory (MB): curr = 423.976563 ; peak = 423.980469 | Checksum: 7EE3CCC93A986930
Begin rip-up and reroute:
Rip-up and reroute takes 0.11 sec.
Stage: after ripup & reroute | Performance: TNS = 0 ; WNS = 8568 ; THS = NA ; WHS = NA | Time (s): real = 0h:0m:13s ; cpu = 0h:0m:5s ; process = 0h:0m:12s | Memory (MB): curr = 428.257813 ; peak = 428.402344 | Checksum: 817338A8522F321B
Detailed routing takes 6.18 sec.
I: Design net genblk1[0].fan_pwm_tach_m/w_clk_1s_pos is routed by general path.
C: Route-2036: The clock path from genblk1[0].fan_pwm_tach_m/Edge_Detect_u1/N0/gateop:Z to clkbufgs_6:CLKIN is routed by SRB.
I: Design net nt_i_CLK_PAL_IN_25M is routed by general path.
C: Route-2036: The clock path from i_CLK_PAL_IN_25M_ibuf/opit_1:OUT to pll_inst/u_pll_e2/goppllinmuxd:CLK_IN[0] is routed by SRB.
Sort Original Nets take 0.001 sec
Check HPIO div result take 0.000 sec
Total net: 2913, route succeed net: 2913
Generate routing result take 0.007 sec
Handle PERMUX permutation take 0.109 sec
Handle const net take 0.011 sec
Handle route through take 0.032 sec
Used SRB routing arc is 22858.
Stage: after finish route | Performance: TNS = 0 ; WNS = 8568 ; THS = NA ; WHS = NA | Time (s): real = 0h:0m:13s ; cpu = 0h:0m:5s ; process = 0h:0m:12s | Memory (MB): curr = 406.410156 ; peak = 428.402344 | Checksum: 27CE5DA5EA300385
Finish routing takes 0.24 sec.
Total routing takes 7.91 sec.


Device Utilization Summary :
+----------------------------------------------------------------------------+
| Device Type                      | Used     | Available     | Util(%)     
+----------------------------------------------------------------------------+
| CLMA                             | 368      | 592           | 63          
| + FF                             | 864      | 3552          | 25          
| + LUT                            | 1088     | 2368          | 46          
|   + LUT as Logic                 | 893      |               |             
|   + LUT as Const                 | 185      |               |             
|   + LUT as Bypass                | 10       |               |             
| CLMS                             | 494      | 888           | 56          
| + FF                             | 1023     | 5328          | 20          
| + LUT                            | 1411     | 3552          | 40          
|   + LUT as Logic                 | 1261     |               |             
|   + LUT as Memory                | 0        |               |             
|     + LUT as Distributed RAM     | 0        |               |             
|   + LUT as Const                 | 138      |               |             
|   + LUT as Bypass                | 12       |               |             
| IO                               | 310      | 336           | 93          
| + IOBD                           | 21       | 21            | 100         
| + IOBR                           | 40       | 42            | 96          
| + IOBS                           | 249      | 273           | 92          
| BKCL                             | 6        | 6             | 100         
| CCS                              | 1        | 1             | 100         
| CLKDIV                           | 0        | 4             | 0           
| CLKDLY                           | 0        | 8             | 0           
| DLL                              | 0        | 2             | 0           
| DRM                              | 0        | 26            | 0           
| HARD0N1                          | 168      | 936           | 18          
| IOCKBRG                          | 0        | 2             | 0           
| IOCKGATE                         | 0        | 4             | 0           
| + IOCKGATE as Bypass             | 0        |               |             
| IOLDLYS                          | 140      | 252           | 56          
| IOLDLY                           | 57       | 84            | 68          
| IOL                              | 310      | 336           | 93          
| ISERDES                          | 0        | 21            | 0           
| LDO                              | 0        | 2             | 0           
| OSC                              | 0        | 1             | 0           
| OSERDES                          | 0        | 21            | 0           
| PLLINMUXD                        | 1        | 2             | 50          
| + PLLINMUXD as Bypass            | 0        |               |             
| PLL                              | 1        | 2             | 50          
| USCMDC                           | 2        | 8             | 25          
| + USCMDC as Bypass               | 0        |               |             
| USCMD                            | 0        | 2             | 0           
| + USCMD as Bypass                | 0        |               |             
| USSMBUF                          | 1        | 8             | 13          
| + USSMBUF as Bypass              | 0        |               |             
+----------------------------------------------------------------------------+

Finished routing. (CPU time elapsed 0h:00m:10s)
Design 'Tieta_Feiteng_1001_top' has been routed successfully.
Saving design to DB.
Action route: Export DB successfully.
Action route: Real time elapsed is 0h:0m:14s
Action route: CPU time elapsed is 0h:0m:11s
Action route: Process CPU time elapsed is 0h:0m:13s
Action route: Peak memory pool usage is 428 MB

Current time: Sat Mar 14 15:32:57 2026
