#Build: Fabric Compiler 2024.2-SP1.2, Build 187561, May 22 18:16 2025
#Install: C:\studyware\pango\PDS_2024.2-SP1.2-ads\bin
#Application name: pds_shell.exe
#OS: Windows 10 10.0.18363
#Hostname: z02665mj
Generated by Fabric Compiler (version 2024.2-SP1.2 build 187561) at Sat Mar 14 15:35:44 2026
Parameters for debugging are loaded as follows:
Compiling verification operator library.
Compiling common defs.
Compiling prim grid devices.
Compiling place grid timing.
Compiling gate devices.
Compiling gate operators.
Building architecture model.
Loading device packaging model.
Building architecture floorplan logic view.
Elaborate the liberty model.
I: Multithreading enabled for Timing using a maximum of 4 processes.

Routing started.
Build routing arch for double attribute device.
Enter timing driven router mode.
I: Multithreading enabled for route using a maximum of 1 processes.
W: Route-4027: Cannot find permit_rougth_thru_units.json file in working directory.
Building routing graph takes 0.39 sec.
Enable Recovery Analysis in Routing
Init coarse delay table.
Read place coarse delay table takes 0.05 sec.
build place dedicate switch graph takes 0.17 sec
Setup STE netlist take 506 msec.
Slack Weight : 90
CE/RS signal series limit : 500
Dispose control chain take 80 msec.
Collect const net info take 25 msec.
Total nets for routing: 2917.
Total loads for routing: 13635.
Direct connect net size: 1248
Build all design net take 181 msec.
Processing design graph takes 0.80 sec.
Delay table total memory: 4.79386520 MB
Route graph total memory: 11.15121841 MB
Route design total memory: 4.19248581 MB
The remaining process takes 0.05 sec.
Stage: after context initialize | Performance: TNS = 0 ; WNS = 9594 ; THS = NA ; WHS = NA | Time (s): real = 0h:0m:6s ; cpu = 0h:0m:3s ; process = 0h:0m:5s | Memory (MB): curr = 353.839844 ; peak = 378.984375 | Checksum: C1C4366D3B204435
Global routing takes 0.00 sec.
Pin Cost Increasing Speed 300
Unrouted clock nets at iteration 0 (0.009 sec): 0
Stage: after clock route | Performance: TNS = 0 ; WNS = 9594 ; THS = NA ; WHS = NA | Time (s): real = 0h:0m:6s ; cpu = 0h:0m:4s ; process = 0h:0m:5s | Memory (MB): curr = 354.921875 ; peak = 378.984375 | Checksum: C4C6F75D0DD34915
Total route nets size: 2909
I: Start printing congestion info.
I: Finish printing congestion info.
Pre route takes 0.793 sec
Stage: after pre route | Performance: TNS = 0 ; WNS = 10432 ; THS = 0 ; WHS = 258 | Time (s): real = 0h:0m:7s ; cpu = 0h:0m:4s ; process = 0h:0m:6s | Memory (MB): curr = 416.460938 ; peak = 421.097656 | Checksum: 1DE9D31891918B3A
Unrouted general nets at iteration 2 (MT total route time: 0.492 sec): 2510(overused: 13776)
Unrouted general nets at iteration 3 (MT total route time: 0.380 sec): 2110(overused: 8598)
Unrouted general nets at iteration 4 (MT total route time: 0.289 sec): 1840(overused: 6637)
Unrouted general nets at iteration 5 (MT total route time: 0.230 sec): 1648(overused: 5448)
Unrouted general nets at iteration 6 (MT total route time: 0.211 sec): 1475(overused: 4576)
Unrouted general nets at iteration 7 (MT total route time: 0.162 sec): 1106(overused: 3338)
Unrouted general nets at iteration 8 (MT total route time: 0.140 sec): 837(overused: 2359)
Unrouted general nets at iteration 9 (MT total route time: 0.108 sec): 667(overused: 1809)
Unrouted general nets at iteration 10 (MT total route time: 0.105 sec): 546(overused: 1476)
Unrouted general nets at iteration 11 (MT total route time: 0.084 sec): 462(overused: 1152)
Unrouted general nets at iteration 12 (MT total route time: 0.070 sec): 397(overused: 950)
Unrouted general nets at iteration 13 (MT total route time: 0.053 sec): 302(overused: 705)
Unrouted general nets at iteration 14 (MT total route time: 0.066 sec): 290(overused: 625)
Unrouted general nets at iteration 15 (MT total route time: 0.082 sec): 234(overused: 494)
Unrouted general nets at iteration 16 (MT total route time: 0.042 sec): 217(overused: 437)
Unrouted general nets at iteration 17 (MT total route time: 0.044 sec): 185(overused: 417)
Unrouted general nets at iteration 18 (MT total route time: 0.049 sec): 173(overused: 319)
Unrouted general nets at iteration 19 (MT total route time: 0.037 sec): 165(overused: 346)
Unrouted general nets at iteration 20 (MT total route time: 0.042 sec): 149(overused: 309)
Unrouted general nets at iteration 21 (MT total route time: 0.039 sec): 123(overused: 256)
Unrouted general nets at iteration 22 (MT total route time: 0.038 sec): 110(overused: 204)
Unrouted general nets at iteration 23 (MT total route time: 0.032 sec): 90(overused: 172)
Unrouted general nets at iteration 24 (MT total route time: 0.029 sec): 73(overused: 134)
Unrouted general nets at iteration 25 (MT total route time: 0.025 sec): 57(overused: 114)
Unrouted general nets at iteration 26 (MT total route time: 0.027 sec): 53(overused: 110)
Unrouted general nets at iteration 27 (MT total route time: 0.023 sec): 48(overused: 64)
Unrouted general nets at iteration 28 (MT total route time: 0.019 sec): 32(overused: 52)
Unrouted general nets at iteration 29 (MT total route time: 0.018 sec): 24(overused: 44)
Unrouted general nets at iteration 30 (MT total route time: 0.019 sec): 20(overused: 38)
Unrouted general nets at iteration 31 (MT total route time: 0.017 sec): 21(overused: 42)
Unrouted general nets at iteration 32 (MT total route time: 0.015 sec): 19(overused: 40)
Unrouted general nets at iteration 33 (MT total route time: 0.014 sec): 2(overused: 2)
Unrouted general nets at iteration 34 (MT total route time: 0.016 sec): 2(overused: 4)
Unrouted general nets at iteration 35 (MT total route time: 0.020 sec): 0(overused: 0)
----General net take 0.017 sec(route net take 0.000 sec, inc cost take 0.004 sec, iter times: 1)
----const net route take 0.016 sec
Unrouted nets at iteration 36 (0.034 sec): 0
Stage: after detail route | Performance: TNS = 0 ; WNS = 9462 ; THS = NA ; WHS = NA | Time (s): real = 0h:0m:10s ; cpu = 0h:0m:4s ; process = 0h:0m:10s | Memory (MB): curr = 424.789063 ; peak = 424.792969 | Checksum: C9A15F42E1CCC588
Begin rip-up and reroute:
Rip-up and reroute takes 0.13 sec.
Stage: after ripup & reroute | Performance: TNS = 0 ; WNS = 9465 ; THS = NA ; WHS = NA | Time (s): real = 0h:0m:11s ; cpu = 0h:0m:4s ; process = 0h:0m:10s | Memory (MB): curr = 427.531250 ; peak = 427.589844 | Checksum: D96435B0A51D032E
Detailed routing takes 4.65 sec.
I: Design net genblk1[0].fan_pwm_tach_m/w_clk_1s_pos is routed by general path.
C: Route-2036: The clock path from genblk1[0].fan_pwm_tach_m/Edge_Detect_u1/N0/gateop:Z to clkbufgs_6:CLKIN is routed by SRB.
I: Design net nt_i_CLK_PAL_IN_25M is routed by general path.
C: Route-2036: The clock path from i_CLK_PAL_IN_25M_ibuf/opit_1:OUT to pll_inst/u_pll_e2/goppllinmuxd:CLK_IN[0] is routed by SRB.
Sort Original Nets take 0.002 sec
Check HPIO div result take 0.000 sec
Total net: 2917, route succeed net: 2917
Generate routing result take 0.008 sec
Handle PERMUX permutation take 0.111 sec
Handle const net take 0.012 sec
Handle route through take 0.035 sec
Used SRB routing arc is 22910.
Stage: after finish route | Performance: TNS = 0 ; WNS = 9465 ; THS = NA ; WHS = NA | Time (s): real = 0h:0m:11s ; cpu = 0h:0m:5s ; process = 0h:0m:10s | Memory (MB): curr = 404.175781 ; peak = 427.589844 | Checksum: F8999E3014D86EAE
Finish routing takes 0.24 sec.
Total routing takes 6.23 sec.


Device Utilization Summary :
+----------------------------------------------------------------------------+
| Device Type                      | Used     | Available     | Util(%)     
+----------------------------------------------------------------------------+
| CLMA                             | 366      | 592           | 62          
| + FF                             | 822      | 3552          | 24          
| + LUT                            | 1055     | 2368          | 45          
|   + LUT as Logic                 | 871      |               |             
|   + LUT as Const                 | 172      |               |             
|   + LUT as Bypass                | 12       |               |             
| CLMS                             | 493      | 888           | 56          
| + FF                             | 1067     | 5328          | 21          
| + LUT                            | 1462     | 3552          | 42          
|   + LUT as Logic                 | 1287     |               |             
|   + LUT as Memory                | 0        |               |             
|     + LUT as Distributed RAM     | 0        |               |             
|   + LUT as Const                 | 163      |               |             
|   + LUT as Bypass                | 12       |               |             
| IO                               | 310      | 336           | 93          
| + IOBD                           | 21       | 21            | 100         
| + IOBR                           | 40       | 42            | 96          
| + IOBS                           | 249      | 273           | 92          
| BKCL                             | 6        | 6             | 100         
| CCS                              | 1        | 1             | 100         
| CLKDIV                           | 0        | 4             | 0           
| CLKDLY                           | 0        | 8             | 0           
| DLL                              | 0        | 2             | 0           
| DRM                              | 0        | 26            | 0           
| HARD0N1                          | 161      | 936           | 18          
| IOCKBRG                          | 0        | 2             | 0           
| IOCKGATE                         | 0        | 4             | 0           
| + IOCKGATE as Bypass             | 0        |               |             
| IOLDLYS                          | 140      | 252           | 56          
| IOLDLY                           | 57       | 84            | 68          
| IOL                              | 310      | 336           | 93          
| ISERDES                          | 0        | 21            | 0           
| LDO                              | 0        | 2             | 0           
| OSC                              | 0        | 1             | 0           
| OSERDES                          | 0        | 21            | 0           
| PLLINMUXD                        | 1        | 2             | 50          
| + PLLINMUXD as Bypass            | 0        |               |             
| PLL                              | 1        | 2             | 50          
| USCMDC                           | 2        | 8             | 25          
| + USCMDC as Bypass               | 0        |               |             
| USCMD                            | 0        | 2             | 0           
| + USCMD as Bypass                | 0        |               |             
| USSMBUF                          | 1        | 8             | 13          
| + USSMBUF as Bypass              | 0        |               |             
+----------------------------------------------------------------------------+

Finished routing. (CPU time elapsed 0h:00m:09s)
Design 'Tieta_Feiteng_1001_top' has been routed successfully.
Saving design to DB.
Action route: Export DB successfully.
Action route: Real time elapsed is 0h:0m:12s
Action route: CPU time elapsed is 0h:0m:10s
Action route: Process CPU time elapsed is 0h:0m:11s
Action route: Peak memory pool usage is 427 MB

Current time: Sat Mar 14 15:35:54 2026
