#Build: Fabric Compiler 2024.2-SP1.2, Build 187561, May 22 18:16 2025
#Install: C:\studyware\pango\PDS_2024.2-SP1.2-ads\bin
#Application name: pds_shell.exe
#OS: Windows 10 10.0.18363
#Hostname: z02665mj
Generated by Fabric Compiler (version 2024.2-SP1.2 build 187561) at Tue Apr 21 13:49:34 2026
Parameters for debugging are loaded as follows:
Compiling verification operator library.
Compiling common defs.
Compiling prim grid devices.
Compiling place grid timing.
Compiling gate devices.
Compiling gate operators.
Building architecture model.
Loading device packaging model.
Building architecture floorplan logic view.
Elaborate the liberty model.
I: Multithreading enabled for Timing using a maximum of 4 processes.

Routing started.
Build routing arch for double attribute device.
Enter timing driven router mode.
I: Multithreading enabled for route using a maximum of 1 processes.
W: Route-4027: Cannot find permit_rougth_thru_units.json file in working directory.
Building routing graph takes 0.40 sec.
Enable Recovery Analysis in Routing
Init coarse delay table.
Read place coarse delay table takes 0.03 sec.
build place dedicate switch graph takes 0.16 sec
Setup STE netlist take 545 msec.
Slack Weight : 90
CE/RS signal series limit : 500
Dispose control chain take 72 msec.
Collect const net info take 25 msec.
Total nets for routing: 2254.
Total loads for routing: 10496.
Direct connect net size: 1105
Build all design net take 163 msec.
Processing design graph takes 0.81 sec.
Delay table total memory: 4.79386520 MB
Route graph total memory: 10.70732117 MB
Route design total memory: 3.61142349 MB
The remaining process takes 0.05 sec.
Stage: after context initialize | Performance: TNS = 0 ; WNS = 11072 ; THS = NA ; WHS = NA | Time (s): real = 0h:0m:6s ; cpu = 0h:0m:3s ; process = 0h:0m:4s | Memory (MB): curr = 331.617188 ; peak = 351.285156 | Checksum: 71AE41205EAD15DF
Global routing takes 0.00 sec.
Pin Cost Increasing Speed 300
Unrouted clock nets at iteration 0 (0.010 sec): 0
Stage: after clock route | Performance: TNS = 0 ; WNS = 11072 ; THS = NA ; WHS = NA | Time (s): real = 0h:0m:6s ; cpu = 0h:0m:3s ; process = 0h:0m:4s | Memory (MB): curr = 332.636719 ; peak = 351.285156 | Checksum: B1B88A66C625A966
Total route nets size: 2249
I: Start printing congestion info.
I: Finish printing congestion info.
Pre route takes 0.706 sec
Stage: after pre route | Performance: TNS = 0 ; WNS = 11156 ; THS = 0 ; WHS = 258 | Time (s): real = 0h:0m:6s ; cpu = 0h:0m:3s ; process = 0h:0m:5s | Memory (MB): curr = 380.843750 ; peak = 385.859375 | Checksum: 903A120F9F55B0A2
Unrouted general nets at iteration 2 (MT total route time: 0.392 sec): 1829(overused: 10401)
Unrouted general nets at iteration 3 (MT total route time: 0.302 sec): 1623(overused: 6587)
Unrouted general nets at iteration 4 (MT total route time: 0.260 sec): 1433(overused: 5241)
Unrouted general nets at iteration 5 (MT total route time: 0.194 sec): 1299(overused: 4275)
Unrouted general nets at iteration 6 (MT total route time: 0.177 sec): 1201(overused: 3641)
Unrouted general nets at iteration 7 (MT total route time: 0.137 sec): 788(overused: 2665)
Unrouted general nets at iteration 8 (MT total route time: 0.113 sec): 649(overused: 1727)
Unrouted general nets at iteration 9 (MT total route time: 0.090 sec): 515(overused: 1311)
Unrouted general nets at iteration 10 (MT total route time: 0.080 sec): 384(overused: 949)
Unrouted general nets at iteration 11 (MT total route time: 0.064 sec): 320(overused: 779)
Unrouted general nets at iteration 12 (MT total route time: 0.052 sec): 248(overused: 608)
Unrouted general nets at iteration 13 (MT total route time: 0.049 sec): 217(overused: 569)
Unrouted general nets at iteration 14 (MT total route time: 0.041 sec): 198(overused: 425)
Unrouted general nets at iteration 15 (MT total route time: 0.033 sec): 152(overused: 319)
Unrouted general nets at iteration 16 (MT total route time: 0.029 sec): 125(overused: 280)
Unrouted general nets at iteration 17 (MT total route time: 0.035 sec): 137(overused: 316)
Unrouted general nets at iteration 18 (MT total route time: 0.027 sec): 119(overused: 228)
Unrouted general nets at iteration 19 (MT total route time: 0.027 sec): 93(overused: 170)
Unrouted general nets at iteration 20 (MT total route time: 0.023 sec): 95(overused: 182)
Unrouted general nets at iteration 21 (MT total route time: 0.020 sec): 79(overused: 166)
Unrouted general nets at iteration 22 (MT total route time: 0.020 sec): 61(overused: 102)
Unrouted general nets at iteration 23 (MT total route time: 0.018 sec): 80(overused: 171)
Unrouted general nets at iteration 24 (MT total route time: 0.017 sec): 55(overused: 108)
Unrouted general nets at iteration 25 (MT total route time: 0.012 sec): 58(overused: 96)
Unrouted general nets at iteration 26 (MT total route time: 0.011 sec): 33(overused: 64)
Unrouted general nets at iteration 27 (MT total route time: 0.009 sec): 16(overused: 28)
Unrouted general nets at iteration 28 (MT total route time: 0.007 sec): 13(overused: 24)
Unrouted general nets at iteration 29 (MT total route time: 0.006 sec): 11(overused: 18)
Unrouted general nets at iteration 30 (MT total route time: 0.008 sec): 11(overused: 16)
Unrouted general nets at iteration 31 (MT total route time: 0.007 sec): 4(overused: 4)
Unrouted general nets at iteration 32 (MT total route time: 0.007 sec): 5(overused: 6)
Unrouted general nets at iteration 33 (MT total route time: 0.007 sec): 9(overused: 14)
Unrouted general nets at iteration 34 (MT total route time: 0.007 sec): 4(overused: 4)
Unrouted general nets at iteration 35 (MT total route time: 0.006 sec): 4(overused: 6)
Unrouted general nets at iteration 36 (MT total route time: 0.006 sec): 2(overused: 4)
Unrouted general nets at iteration 37 (MT total route time: 0.005 sec): 0(overused: 0)
----General net take 0.006 sec(route net take 0.000 sec, inc cost take 0.003 sec, iter times: 1)
----const net route take 0.006 sec
Unrouted nets at iteration 38 (0.012 sec): 0
Stage: after detail route | Performance: TNS = 0 ; WNS = 10413 ; THS = NA ; WHS = NA | Time (s): real = 0h:0m:9s ; cpu = 0h:0m:4s ; process = 0h:0m:8s | Memory (MB): curr = 388.921875 ; peak = 388.925781 | Checksum: 9BBFDEE1D3AC73BB
Begin rip-up and reroute:
Rip-up and reroute takes 0.11 sec.
Stage: after ripup & reroute | Performance: TNS = 0 ; WNS = 10409 ; THS = NA ; WHS = NA | Time (s): real = 0h:0m:9s ; cpu = 0h:0m:4s ; process = 0h:0m:8s | Memory (MB): curr = 393.253906 ; peak = 393.308594 | Checksum: B26B6D1AFA033071
Detailed routing takes 3.59 sec.
I: Design net nt_i_CLK_C42_IN_25M is routed by general path.
C: Route-2036: The clock path from i_CLK_C42_IN_25M_ibuf/opit_1:OUT to pll_inst/u_pll_e2/goppllinmuxd:CLK_IN[0] is routed by SRB.
Sort Original Nets take 0.001 sec
Check HPIO div result take 0.000 sec
Total net: 2254, route succeed net: 2254
Generate routing result take 0.006 sec
Handle PERMUX permutation take 0.132 sec
Handle const net take 0.007 sec
Handle route through take 0.038 sec
Used SRB routing arc is 18197.
Stage: after finish route | Performance: TNS = 0 ; WNS = 10409 ; THS = NA ; WHS = NA | Time (s): real = 0h:0m:9s ; cpu = 0h:0m:4s ; process = 0h:0m:8s | Memory (MB): curr = 376.156250 ; peak = 393.308594 | Checksum: DF6BF2A709040191
Finish routing takes 0.27 sec.
Total routing takes 5.23 sec.


Device Utilization Summary :
+----------------------------------------------------------------------------+
| Device Type                      | Used     | Available     | Util(%)     
+----------------------------------------------------------------------------+
| CLMA                             | 284      | 592           | 48          
| + FF                             | 628      | 3552          | 18          
| + LUT                            | 759      | 2368          | 33          
|   + LUT as Logic                 | 652      |               |             
|   + LUT as Const                 | 91       |               |             
|   + LUT as Bypass                | 16       |               |             
| CLMS                             | 393      | 888           | 45          
| + FF                             | 897      | 5328          | 17          
| + LUT                            | 988      | 3552          | 28          
|   + LUT as Logic                 | 860      |               |             
|   + LUT as Memory                | 0        |               |             
|     + LUT as Distributed RAM     | 0        |               |             
|   + LUT as Const                 | 110      |               |             
|   + LUT as Bypass                | 18       |               |             
| IO                               | 287      | 336           | 86          
| + IOBD                           | 19       | 21            | 91          
| + IOBR                           | 37       | 42            | 89          
| + IOBS                           | 231      | 273           | 85          
| BKCL                             | 6        | 6             | 100         
| CCS                              | 1        | 1             | 100         
| CLKDIV                           | 0        | 4             | 0           
| CLKDLY                           | 0        | 8             | 0           
| DLL                              | 0        | 2             | 0           
| DRM                              | 0        | 26            | 0           
| HARD0N1                          | 78       | 936           | 9           
| IOCKBRG                          | 0        | 2             | 0           
| IOCKGATE                         | 0        | 4             | 0           
| + IOCKGATE as Bypass             | 0        |               |             
| IOLDLYS                          | 131      | 252           | 52          
| IOLDLY                           | 44       | 84            | 53          
| IOL                              | 287      | 336           | 86          
| ISERDES                          | 0        | 21            | 0           
| LDO                              | 0        | 2             | 0           
| OSC                              | 0        | 1             | 0           
| OSERDES                          | 0        | 21            | 0           
| PLLINMUXD                        | 1        | 2             | 50          
| + PLLINMUXD as Bypass            | 0        |               |             
| PLL                              | 1        | 2             | 50          
| USCMDC                           | 1        | 8             | 13          
| + USCMDC as Bypass               | 0        |               |             
| USCMD                            | 0        | 2             | 0           
| + USCMD as Bypass                | 0        |               |             
| USSMBUF                          | 0        | 8             | 0           
| + USSMBUF as Bypass              | 0        |               |             
+----------------------------------------------------------------------------+

Finished routing. (CPU time elapsed 0h:00m:07s)
Design 'Tieta_Feiteng_2001_top' has been routed successfully.
Saving design to DB.
Action route: Export DB successfully.
Action route: Real time elapsed is 0h:0m:11s
Action route: CPU time elapsed is 0h:0m:8s
Action route: Process CPU time elapsed is 0h:0m:9s
Action route: Peak memory pool usage is 393 MB

Current time: Tue Apr 21 13:49:43 2026
