#Build: Fabric Compiler 2024.2-SP1.2, Build 187561, May 22 18:16 2025
#Install: C:\studyware\pango\PDS_2024.2-SP1.2-ads\bin
#Application name: pds_shell.exe
#OS: Windows 10 10.0.18363
#Hostname: z02665mj
Generated by Fabric Compiler (version 2024.2-SP1.2 build 187561) at Fri Mar 27 18:21:02 2026
Parameters for debugging are loaded as follows:
Compiling verification operator library.
Compiling common defs.
Compiling prim grid devices.
Compiling place grid timing.
Compiling gate devices.
Compiling gate operators.
Building architecture model.
Loading device packaging model.
Building architecture floorplan logic view.
Elaborate the liberty model.
I: Multithreading enabled for Timing using a maximum of 4 processes.

Routing started.
Build routing arch for double attribute device.
Enter timing driven router mode.
I: Multithreading enabled for route using a maximum of 1 processes.
W: Route-4027: Cannot find permit_rougth_thru_units.json file in working directory.
Building routing graph takes 0.32 sec.
Enable Recovery Analysis in Routing
Init coarse delay table.
Read place coarse delay table takes 0.05 sec.
build place dedicate switch graph takes 0.17 sec
Setup STE netlist take 522 msec.
Slack Weight : 90
CE/RS signal series limit : 500
Dispose control chain take 59 msec.
Collect const net info take 19 msec.
Total nets for routing: 2242.
Total loads for routing: 10487.
Direct connect net size: 1099
Build all design net take 140 msec.
Processing design graph takes 0.74 sec.
Delay table total memory: 4.79386520 MB
Route graph total memory: 10.70563507 MB
Route design total memory: 3.60961533 MB
The remaining process takes 0.04 sec.
Stage: after context initialize | Performance: TNS = 0 ; WNS = 11258 ; THS = NA ; WHS = NA | Time (s): real = 0h:0m:5s ; cpu = 0h:0m:3s ; process = 0h:0m:4s | Memory (MB): curr = 331.609375 ; peak = 353.812500 | Checksum: EDE1B90EA0B6525C
Global routing takes 0.00 sec.
Pin Cost Increasing Speed 300
Unrouted clock nets at iteration 0 (0.006 sec): 0
Stage: after clock route | Performance: TNS = 0 ; WNS = 11258 ; THS = NA ; WHS = NA | Time (s): real = 0h:0m:5s ; cpu = 0h:0m:3s ; process = 0h:0m:4s | Memory (MB): curr = 332.558594 ; peak = 353.812500 | Checksum: 6B8AF2ACEFD4DDA2
Total route nets size: 2237
I: Start printing congestion info.
I: Finish printing congestion info.
Pre route takes 0.593 sec
Stage: after pre route | Performance: TNS = 0 ; WNS = 11576 ; THS = 0 ; WHS = 256 | Time (s): real = 0h:0m:6s ; cpu = 0h:0m:3s ; process = 0h:0m:5s | Memory (MB): curr = 379.789063 ; peak = 383.707031 | Checksum: F41A2F1465BAF17E
Unrouted general nets at iteration 2 (MT total route time: 0.338 sec): 1824(overused: 10198)
Unrouted general nets at iteration 3 (MT total route time: 0.321 sec): 1622(overused: 6407)
Unrouted general nets at iteration 4 (MT total route time: 0.315 sec): 1410(overused: 5049)
Unrouted general nets at iteration 5 (MT total route time: 0.168 sec): 1287(overused: 4115)
Unrouted general nets at iteration 6 (MT total route time: 0.141 sec): 1179(overused: 3515)
Unrouted general nets at iteration 7 (MT total route time: 0.113 sec): 747(overused: 2447)
Unrouted general nets at iteration 8 (MT total route time: 0.098 sec): 585(overused: 1651)
Unrouted general nets at iteration 9 (MT total route time: 0.078 sec): 460(overused: 1338)
Unrouted general nets at iteration 10 (MT total route time: 0.069 sec): 394(overused: 1041)
Unrouted general nets at iteration 11 (MT total route time: 0.054 sec): 338(overused: 849)
Unrouted general nets at iteration 12 (MT total route time: 0.047 sec): 282(overused: 639)
Unrouted general nets at iteration 13 (MT total route time: 0.042 sec): 252(overused: 580)
Unrouted general nets at iteration 14 (MT total route time: 0.037 sec): 200(overused: 448)
Unrouted general nets at iteration 15 (MT total route time: 0.027 sec): 165(overused: 388)
Unrouted general nets at iteration 16 (MT total route time: 0.026 sec): 132(overused: 288)
Unrouted general nets at iteration 17 (MT total route time: 0.024 sec): 127(overused: 256)
Unrouted general nets at iteration 18 (MT total route time: 0.021 sec): 105(overused: 240)
Unrouted general nets at iteration 19 (MT total route time: 0.023 sec): 89(overused: 194)
Unrouted general nets at iteration 20 (MT total route time: 0.015 sec): 78(overused: 144)
Unrouted general nets at iteration 21 (MT total route time: 0.010 sec): 52(overused: 62)
Unrouted general nets at iteration 22 (MT total route time: 0.010 sec): 44(overused: 66)
Unrouted general nets at iteration 23 (MT total route time: 0.009 sec): 31(overused: 56)
Unrouted general nets at iteration 24 (MT total route time: 0.011 sec): 39(overused: 82)
Unrouted general nets at iteration 25 (MT total route time: 0.008 sec): 22(overused: 46)
Unrouted general nets at iteration 26 (MT total route time: 0.006 sec): 19(overused: 40)
Unrouted general nets at iteration 27 (MT total route time: 0.006 sec): 11(overused: 18)
Unrouted general nets at iteration 28 (MT total route time: 0.005 sec): 8(overused: 18)
Unrouted general nets at iteration 29 (MT total route time: 0.005 sec): 8(overused: 20)
Unrouted general nets at iteration 30 (MT total route time: 0.004 sec): 11(overused: 26)
Unrouted general nets at iteration 31 (MT total route time: 0.004 sec): 10(overused: 20)
Unrouted general nets at iteration 32 (MT total route time: 0.005 sec): 7(overused: 8)
Unrouted general nets at iteration 33 (MT total route time: 0.006 sec): 4(overused: 6)
Unrouted general nets at iteration 34 (MT total route time: 0.008 sec): 2(overused: 2)
Unrouted general nets at iteration 35 (MT total route time: 0.005 sec): 2(overused: 4)
Unrouted general nets at iteration 36 (MT total route time: 0.004 sec): 2(overused: 2)
Unrouted general nets at iteration 37 (MT total route time: 0.004 sec): 0(overused: 0)
----General net take 0.005 sec(route net take 0.000 sec, inc cost take 0.002 sec, iter times: 1)
----const net route take 0.005 sec
Unrouted nets at iteration 38 (0.010 sec): 0
Stage: after detail route | Performance: TNS = 0 ; WNS = 10382 ; THS = NA ; WHS = NA | Time (s): real = 0h:0m:8s ; cpu = 0h:0m:3s ; process = 0h:0m:7s | Memory (MB): curr = 386.332031 ; peak = 387.195313 | Checksum: 910350223993C0E6
Begin rip-up and reroute:
Rip-up and reroute takes 0.08 sec.
Stage: after ripup & reroute | Performance: TNS = 0 ; WNS = 10386 ; THS = NA ; WHS = NA | Time (s): real = 0h:0m:9s ; cpu = 0h:0m:4s ; process = 0h:0m:8s | Memory (MB): curr = 389.742188 ; peak = 389.796875 | Checksum: 17F9F45A50308C6E
Detailed routing takes 3.14 sec.
I: Design net nt_i_CLK_C42_IN_25M is routed by general path.
C: Route-2036: The clock path from i_CLK_C42_IN_25M_ibuf/opit_1:OUT to pll_inst/u_pll_e2/goppllinmuxd:CLK_IN[0] is routed by SRB.
Sort Original Nets take 0.000 sec
Check HPIO div result take 0.000 sec
Total net: 2242, route succeed net: 2242
Generate routing result take 0.006 sec
Handle PERMUX permutation take 0.073 sec
Handle const net take 0.005 sec
Handle route through take 0.023 sec
Used SRB routing arc is 18031.
Stage: after finish route | Performance: TNS = 0 ; WNS = 10386 ; THS = NA ; WHS = NA | Time (s): real = 0h:0m:9s ; cpu = 0h:0m:4s ; process = 0h:0m:8s | Memory (MB): curr = 370.574219 ; peak = 389.796875 | Checksum: 7D7B17EE390C0C6F
Finish routing takes 0.16 sec.
Total routing takes 4.48 sec.


Device Utilization Summary :
+----------------------------------------------------------------------------+
| Device Type                      | Used     | Available     | Util(%)     
+----------------------------------------------------------------------------+
| CLMA                             | 286      | 592           | 49          
| + FF                             | 585      | 3552          | 17          
| + LUT                            | 741      | 2368          | 32          
|   + LUT as Logic                 | 595      |               |             
|   + LUT as Const                 | 128      |               |             
|   + LUT as Bypass                | 18       |               |             
| CLMS                             | 391      | 888           | 45          
| + FF                             | 940      | 5328          | 18          
| + LUT                            | 1011     | 3552          | 29          
|   + LUT as Logic                 | 916      |               |             
|   + LUT as Memory                | 0        |               |             
|     + LUT as Distributed RAM     | 0        |               |             
|   + LUT as Const                 | 85       |               |             
|   + LUT as Bypass                | 10       |               |             
| IO                               | 287      | 336           | 86          
| + IOBD                           | 19       | 21            | 91          
| + IOBR                           | 37       | 42            | 89          
| + IOBS                           | 231      | 273           | 85          
| BKCL                             | 6        | 6             | 100         
| CCS                              | 1        | 1             | 100         
| CLKDIV                           | 0        | 4             | 0           
| CLKDLY                           | 0        | 8             | 0           
| DLL                              | 0        | 2             | 0           
| DRM                              | 0        | 26            | 0           
| HARD0N1                          | 71       | 936           | 8           
| IOCKBRG                          | 0        | 2             | 0           
| IOCKGATE                         | 0        | 4             | 0           
| + IOCKGATE as Bypass             | 0        |               |             
| IOLDLYS                          | 132      | 252           | 53          
| IOLDLY                           | 43       | 84            | 52          
| IOL                              | 287      | 336           | 86          
| ISERDES                          | 0        | 21            | 0           
| LDO                              | 0        | 2             | 0           
| OSC                              | 0        | 1             | 0           
| OSERDES                          | 0        | 21            | 0           
| PLLINMUXD                        | 1        | 2             | 50          
| + PLLINMUXD as Bypass            | 0        |               |             
| PLL                              | 1        | 2             | 50          
| USCMDC                           | 1        | 8             | 13          
| + USCMDC as Bypass               | 0        |               |             
| USCMD                            | 0        | 2             | 0           
| + USCMD as Bypass                | 0        |               |             
| USSMBUF                          | 0        | 8             | 0           
| + USSMBUF as Bypass              | 0        |               |             
+----------------------------------------------------------------------------+

Finished routing. (CPU time elapsed 0h:00m:06s)
Design 'Tieta_Feiteng_2001_top' has been routed successfully.
Saving design to DB.
Action route: Export DB successfully.
Action route: Real time elapsed is 0h:0m:10s
Action route: CPU time elapsed is 0h:0m:7s
Action route: Process CPU time elapsed is 0h:0m:9s
Action route: Peak memory pool usage is 389 MB

Current time: Fri Mar 27 18:21:10 2026
