#Build: Fabric Compiler 2024.2-SP1.2, Build 187561, May 22 18:16 2025
#Install: C:\studyware\pango\PDS_2024.2-SP1.2-ads\bin
#Application name: pds_shell.exe
#OS: Windows 10 10.0.18363
#Hostname: z02665mj
Generated by Fabric Compiler (version 2024.2-SP1.2 build 187561) at Sat Mar 14 13:57:12 2026
Parameters for debugging are loaded as follows:
Compiling verification operator library.
Compiling common defs.
Compiling prim grid devices.
Compiling place grid timing.
Compiling gate devices.
Compiling gate operators.
Building architecture model.
Loading device packaging model.
Building architecture floorplan logic view.
Elaborate the liberty model.
I: Multithreading enabled for Timing using a maximum of 4 processes.

Route Optimize started.
Build routing arch for double attribute device.
Enter timing driven router mode.
I: Multithreading enabled for route using a maximum of 1 processes.
I: Column Clock Check close.
W: Route-4027: Cannot find permit_rougth_thru_units.json file in working directory.
Building routing graph takes 0.31 sec.
Total nets for routing: 2247.
Total loads for routing: 9311.
Direct connect net size: 1085
Build all design net take 147 msec.
Processing design graph takes 0.15 sec.
Delay table total memory: 4.79386520 MB
Route graph total memory: 10.64496613 MB
Route design total memory: 3.38203049 MB
The remaining process takes 0.07 sec.
Stage: after context initialize in post route | Performance: TNS = NA ; WNS = NA ; THS = NA ; WHS = NA | Time (s): real = 0h:0m:4s ; cpu = 0h:0m:3s ; process = 0h:0m:4s | Memory (MB): curr = 285.023438 ; peak = 303.687500 | Checksum: 4D8BCFB47A449E46
Load route result takes 0.02 sec
Fix Hold Violation Threshold For Clock Path Cross SRB(ps) : 200
Fix Hold Violation Threshold For Clock Path On Clock Tree(ps) : 100
Hold fix to no violation.
Hold fix to threshold
Stage: after hold fix | Performance: TNS = 0 ; WNS = 12256 ; THS = 0 ; WHS = 255 | Time (s): real = 0h:0m:5s ; cpu = 0h:0m:3s ; process = 0h:0m:4s | Memory (MB): curr = 346.046875 ; peak = 346.050781 | Checksum: BFB896498B2A27F5
Hold Violation Fix in router takes 0.31 sec.
Sort Original Nets take 0.000 sec
Total net: 2247, route succeed net: 2247
Generate routing result take 0.005 sec
Handle PERMUX permutation take 0.006 sec
Handle const net take 0.000 sec
Handle route through take 0.028 sec
Used SRB routing arc is 16236.
Stage: after finish post route | Performance: TNS = 0 ; WNS = 12256 ; THS = NA ; WHS = NA | Time (s): real = 0h:0m:5s ; cpu = 0h:0m:3s ; process = 0h:0m:4s | Memory (MB): curr = 334.367188 ; peak = 346.058594 | Checksum: 291497AD0AA6F0DF
Finish post route takes 0.15 sec.
Total post route takes 1.02 sec.


Device Utilization Summary :
+----------------------------------------------------------------------------+
| Device Type                      | Used     | Available     | Util(%)     
+----------------------------------------------------------------------------+
| CLMA                             | 274      | 592           | 47          
| + FF                             | 581      | 3552          | 17          
| + LUT                            | 686      | 2368          | 29          
|   + LUT as Logic                 | 544      |               |             
|   + LUT as Const                 | 118      |               |             
|   + LUT as Bypass                | 24       |               |             
| CLMS                             | 328      | 888           | 37          
| + FF                             | 790      | 5328          | 15          
| + LUT                            | 833      | 3552          | 24          
|   + LUT as Logic                 | 760      |               |             
|   + LUT as Memory                | 0        |               |             
|     + LUT as Distributed RAM     | 0        |               |             
|   + LUT as Const                 | 63       |               |             
|   + LUT as Bypass                | 10       |               |             
| IO                               | 289      | 336           | 87          
| + IOBD                           | 19       | 21            | 91          
| + IOBR                           | 37       | 42            | 89          
| + IOBS                           | 233      | 273           | 86          
| BKCL                             | 6        | 6             | 100         
| CCS                              | 1        | 1             | 100         
| CLKDIV                           | 0        | 4             | 0           
| CLKDLY                           | 0        | 8             | 0           
| DLL                              | 0        | 2             | 0           
| DRM                              | 0        | 26            | 0           
| HARD0N1                          | 58       | 936           | 7           
| IOCKBRG                          | 0        | 2             | 0           
| IOCKGATE                         | 0        | 4             | 0           
| + IOCKGATE as Bypass             | 0        |               |             
| IOLDLYS                          | 134      | 252           | 54          
| IOLDLY                           | 43       | 84            | 52          
| IOL                              | 289      | 336           | 87          
| ISERDES                          | 0        | 21            | 0           
| LDO                              | 0        | 2             | 0           
| OSC                              | 0        | 1             | 0           
| OSERDES                          | 0        | 21            | 0           
| PLLINMUXD                        | 1        | 2             | 50          
| + PLLINMUXD as Bypass            | 0        |               |             
| PLL                              | 1        | 2             | 50          
| USCMDC                           | 1        | 8             | 13          
| + USCMDC as Bypass               | 0        |               |             
| USCMD                            | 0        | 2             | 0           
| + USCMD as Bypass                | 0        |               |             
| USSMBUF                          | 0        | 8             | 0           
| + USSMBUF as Bypass              | 0        |               |             
+----------------------------------------------------------------------------+

Finished route optimize. (CPU time elapsed 0h:00m:03s)
Design 'Tieta_Feiteng_2001_top' has been routed successfully.
Saving design to DB.
Action route_optimize: Export DB successfully.
Action route_optimize: Real time elapsed is 0h:0m:6s
Action route_optimize: CPU time elapsed is 0h:0m:4s
Action route_optimize: Process CPU time elapsed is 0h:0m:5s
Action route_optimize: Peak memory pool usage is 347 MB

Current time: Sat Mar 14 13:57:16 2026
