#Build: Fabric Compiler 2024.2-SP1.2, Build 187561, May 22 18:16 2025
#Install: C:\studyware\pango\PDS_2024.2-SP1.2-ads\bin
#Application name: pds_shell.exe
#OS: Windows 10 10.0.18363
#Hostname: z02665mj
Generated by Fabric Compiler (version 2024.2-SP1.2 build 187561) at Sat Mar 14 13:57:03 2026
Parameters for debugging are loaded as follows:
Compiling verification operator library.
Compiling common defs.
Compiling prim grid devices.
Compiling place grid timing.
Compiling gate devices.
Compiling gate operators.
Building architecture model.
Loading device packaging model.
Building architecture floorplan logic view.
Elaborate the liberty model.
I: Multithreading enabled for Timing using a maximum of 4 processes.

Routing started.
Build routing arch for double attribute device.
Enter timing driven router mode.
I: Multithreading enabled for route using a maximum of 1 processes.
W: Route-4027: Cannot find permit_rougth_thru_units.json file in working directory.
Building routing graph takes 0.34 sec.
Enable Recovery Analysis in Routing
Init coarse delay table.
Read place coarse delay table takes 0.03 sec.
build place dedicate switch graph takes 0.16 sec
Setup STE netlist take 416 msec.
Slack Weight : 90
CE/RS signal series limit : 500
Dispose control chain take 56 msec.
Collect const net info take 20 msec.
Total nets for routing: 2008.
Total loads for routing: 9311.
Direct connect net size: 1085
Build all design net take 117 msec.
Processing design graph takes 0.61 sec.
Delay table total memory: 4.79386520 MB
Route graph total memory: 10.61727142 MB
Route design total memory: 3.40897751 MB
The remaining process takes 0.03 sec.
Stage: after context initialize | Performance: TNS = 0 ; WNS = 12727 ; THS = NA ; WHS = NA | Time (s): real = 0h:0m:5s ; cpu = 0h:0m:3s ; process = 0h:0m:4s | Memory (MB): curr = 328.921875 ; peak = 347.843750 | Checksum: C7FEDF2C59E628C8
Global routing takes 0.00 sec.
Pin Cost Increasing Speed 300
Unrouted clock nets at iteration 0 (0.005 sec): 0
Stage: after clock route | Performance: TNS = 0 ; WNS = 12727 ; THS = NA ; WHS = NA | Time (s): real = 0h:0m:5s ; cpu = 0h:0m:3s ; process = 0h:0m:4s | Memory (MB): curr = 329.753906 ; peak = 347.843750 | Checksum: 241FF462150A97E1
Total route nets size: 2003
I: Start printing congestion info.
I: Finish printing congestion info.
Pre route takes 0.558 sec
Stage: after pre route | Performance: TNS = 0 ; WNS = 12725 ; THS = 0 ; WHS = 257 | Time (s): real = 0h:0m:6s ; cpu = 0h:0m:3s ; process = 0h:0m:5s | Memory (MB): curr = 365.253906 ; peak = 370.382813 | Checksum: D56E26C9A2230C3
Unrouted general nets at iteration 2 (MT total route time: 0.384 sec): 1659(overused: 9777)
Unrouted general nets at iteration 3 (MT total route time: 0.278 sec): 1451(overused: 6155)
Unrouted general nets at iteration 4 (MT total route time: 0.260 sec): 1295(overused: 4916)
Unrouted general nets at iteration 5 (MT total route time: 0.264 sec): 1184(overused: 4047)
Unrouted general nets at iteration 6 (MT total route time: 0.164 sec): 1065(overused: 3428)
Unrouted general nets at iteration 7 (MT total route time: 0.129 sec): 688(overused: 2457)
Unrouted general nets at iteration 8 (MT total route time: 0.098 sec): 533(overused: 1611)
Unrouted general nets at iteration 9 (MT total route time: 0.076 sec): 433(overused: 1269)
Unrouted general nets at iteration 10 (MT total route time: 0.070 sec): 362(overused: 1013)
Unrouted general nets at iteration 11 (MT total route time: 0.052 sec): 306(overused: 776)
Unrouted general nets at iteration 12 (MT total route time: 0.057 sec): 292(overused: 704)
Unrouted general nets at iteration 13 (MT total route time: 0.041 sec): 251(overused: 632)
Unrouted general nets at iteration 14 (MT total route time: 0.037 sec): 192(overused: 469)
Unrouted general nets at iteration 15 (MT total route time: 0.032 sec): 167(overused: 422)
Unrouted general nets at iteration 16 (MT total route time: 0.028 sec): 134(overused: 316)
Unrouted general nets at iteration 17 (MT total route time: 0.023 sec): 117(overused: 278)
Unrouted general nets at iteration 18 (MT total route time: 0.020 sec): 98(overused: 200)
Unrouted general nets at iteration 19 (MT total route time: 0.018 sec): 83(overused: 180)
Unrouted general nets at iteration 20 (MT total route time: 0.017 sec): 68(overused: 154)
Unrouted general nets at iteration 21 (MT total route time: 0.014 sec): 64(overused: 126)
Unrouted general nets at iteration 22 (MT total route time: 0.011 sec): 59(overused: 94)
Unrouted general nets at iteration 23 (MT total route time: 0.010 sec): 36(overused: 54)
Unrouted general nets at iteration 24 (MT total route time: 0.010 sec): 47(overused: 88)
Unrouted general nets at iteration 25 (MT total route time: 0.011 sec): 39(overused: 66)
Unrouted general nets at iteration 26 (MT total route time: 0.006 sec): 18(overused: 34)
Unrouted general nets at iteration 27 (MT total route time: 0.005 sec): 10(overused: 14)
Unrouted general nets at iteration 28 (MT total route time: 0.004 sec): 13(overused: 20)
Unrouted general nets at iteration 29 (MT total route time: 0.004 sec): 11(overused: 20)
Unrouted general nets at iteration 30 (MT total route time: 0.004 sec): 6(overused: 8)
Unrouted general nets at iteration 31 (MT total route time: 0.004 sec): 7(overused: 10)
Unrouted general nets at iteration 32 (MT total route time: 0.006 sec): 13(overused: 28)
Unrouted general nets at iteration 33 (MT total route time: 0.006 sec): 13(overused: 28)
Unrouted general nets at iteration 34 (MT total route time: 0.004 sec): 11(overused: 22)
Unrouted general nets at iteration 35 (MT total route time: 0.004 sec): 11(overused: 18)
Unrouted general nets at iteration 36 (MT total route time: 0.004 sec): 7(overused: 16)
Unrouted general nets at iteration 37 (MT total route time: 0.003 sec): 7(overused: 18)
Unrouted general nets at iteration 38 (MT total route time: 0.004 sec): 9(overused: 18)
Unrouted general nets at iteration 39 (MT total route time: 0.004 sec): 7(overused: 18)
Unrouted general nets at iteration 40 (MT total route time: 0.004 sec): 6(overused: 12)
Unrouted general nets at iteration 41 (MT total route time: 0.004 sec): 6(overused: 12)
Unrouted general nets at iteration 42 (MT total route time: 0.004 sec): 6(overused: 10)
Unrouted general nets at iteration 43 (MT total route time: 0.004 sec): 6(overused: 12)
Unrouted general nets at iteration 44 (MT total route time: 0.004 sec): 4(overused: 4)
Unrouted general nets at iteration 45 (MT total route time: 0.004 sec): 4(overused: 8)
Unrouted general nets at iteration 46 (MT total route time: 0.004 sec): 4(overused: 6)
Unrouted general nets at iteration 47 (MT total route time: 0.003 sec): 2(overused: 4)
Unrouted general nets at iteration 48 (MT total route time: 0.003 sec): 0(overused: 0)
----General net take 0.004 sec(route net take 0.000 sec, inc cost take 0.001 sec, iter times: 1)
----const net route take 0.004 sec
Unrouted nets at iteration 49 (0.009 sec): 0
Stage: after detail route | Performance: TNS = 0 ; WNS = 12260 ; THS = NA ; WHS = NA | Time (s): real = 0h:0m:8s ; cpu = 0h:0m:4s ; process = 0h:0m:8s | Memory (MB): curr = 372.562500 ; peak = 372.566406 | Checksum: 9E1C3A9135A8839B
Begin rip-up and reroute:
Rip-up and reroute takes 0.07 sec.
Stage: after ripup & reroute | Performance: TNS = 0 ; WNS = 12258 ; THS = NA ; WHS = NA | Time (s): real = 0h:0m:8s ; cpu = 0h:0m:4s ; process = 0h:0m:8s | Memory (MB): curr = 376.265625 ; peak = 376.312500 | Checksum: F4CDD4A90BF5BB38
Detailed routing takes 3.30 sec.
I: Design net nt_i_CLK_C42_IN_25M is routed by general path.
C: Route-2036: The clock path from i_CLK_C42_IN_25M_ibuf/opit_1:OUT to pll_inst/u_pll_e2/goppllinmuxd:CLK_IN[0] is routed by SRB.
Sort Original Nets take 0.000 sec
Check HPIO div result take 0.000 sec
Total net: 2008, route succeed net: 2008
Generate routing result take 0.006 sec
Handle PERMUX permutation take 0.071 sec
Handle const net take 0.004 sec
Handle route through take 0.024 sec
Used SRB routing arc is 16236.
Stage: after finish route | Performance: TNS = 0 ; WNS = 12258 ; THS = NA ; WHS = NA | Time (s): real = 0h:0m:8s ; cpu = 0h:0m:4s ; process = 0h:0m:8s | Memory (MB): curr = 360.789063 ; peak = 376.312500 | Checksum: 483A589778209C03
Finish routing takes 0.15 sec.
Total routing takes 4.52 sec.


Device Utilization Summary :
+----------------------------------------------------------------------------+
| Device Type                      | Used     | Available     | Util(%)     
+----------------------------------------------------------------------------+
| CLMA                             | 274      | 592           | 47          
| + FF                             | 581      | 3552          | 17          
| + LUT                            | 686      | 2368          | 29          
|   + LUT as Logic                 | 544      |               |             
|   + LUT as Const                 | 118      |               |             
|   + LUT as Bypass                | 24       |               |             
| CLMS                             | 328      | 888           | 37          
| + FF                             | 790      | 5328          | 15          
| + LUT                            | 833      | 3552          | 24          
|   + LUT as Logic                 | 760      |               |             
|   + LUT as Memory                | 0        |               |             
|     + LUT as Distributed RAM     | 0        |               |             
|   + LUT as Const                 | 63       |               |             
|   + LUT as Bypass                | 10       |               |             
| IO                               | 289      | 336           | 87          
| + IOBD                           | 19       | 21            | 91          
| + IOBR                           | 37       | 42            | 89          
| + IOBS                           | 233      | 273           | 86          
| BKCL                             | 6        | 6             | 100         
| CCS                              | 1        | 1             | 100         
| CLKDIV                           | 0        | 4             | 0           
| CLKDLY                           | 0        | 8             | 0           
| DLL                              | 0        | 2             | 0           
| DRM                              | 0        | 26            | 0           
| HARD0N1                          | 58       | 936           | 7           
| IOCKBRG                          | 0        | 2             | 0           
| IOCKGATE                         | 0        | 4             | 0           
| + IOCKGATE as Bypass             | 0        |               |             
| IOLDLYS                          | 134      | 252           | 54          
| IOLDLY                           | 43       | 84            | 52          
| IOL                              | 289      | 336           | 87          
| ISERDES                          | 0        | 21            | 0           
| LDO                              | 0        | 2             | 0           
| OSC                              | 0        | 1             | 0           
| OSERDES                          | 0        | 21            | 0           
| PLLINMUXD                        | 1        | 2             | 50          
| + PLLINMUXD as Bypass            | 0        |               |             
| PLL                              | 1        | 2             | 50          
| USCMDC                           | 1        | 8             | 13          
| + USCMDC as Bypass               | 0        |               |             
| USCMD                            | 0        | 2             | 0           
| + USCMD as Bypass                | 0        |               |             
| USSMBUF                          | 0        | 8             | 0           
| + USSMBUF as Bypass              | 0        |               |             
+----------------------------------------------------------------------------+

Finished routing. (CPU time elapsed 0h:00m:07s)
Design 'Tieta_Feiteng_2001_top' has been routed successfully.
Saving design to DB.
Action route: Export DB successfully.
Action route: Real time elapsed is 0h:0m:9s
Action route: CPU time elapsed is 0h:0m:7s
Action route: Process CPU time elapsed is 0h:0m:9s
Action route: Peak memory pool usage is 376 MB

Current time: Sat Mar 14 13:57:10 2026
