#Build: Fabric Compiler 2024.2-SP1.2, Build 187561, May 22 18:16 2025
#Install: C:\studyware\pango\PDS_2024.2-SP1.2-ads\bin
#Application name: pds_shell.exe
#OS: Windows 10 10.0.18363
#Hostname: z02665mj
Generated by Fabric Compiler (version 2024.2-SP1.2 build 187561) at Tue Apr 21 10:45:10 2026
Parameters for debugging are loaded as follows:
Compiling verification operator library.
Compiling common defs.
Compiling prim grid devices.
Compiling place grid timing.
Compiling gate devices.
Compiling gate operators.
Building architecture model.
Loading device packaging model.
Building architecture floorplan logic view.
Elaborate the liberty model.
I: Multithreading enabled for Timing using a maximum of 4 processes.

Routing started.
Build routing arch for double attribute device.
Enter timing driven router mode.
I: Multithreading enabled for route using a maximum of 1 processes.
W: Route-4027: Cannot find permit_rougth_thru_units.json file in working directory.
Building routing graph takes 0.67 sec.
Enable Recovery Analysis in Routing
Init coarse delay table.
Read place coarse delay table takes 0.05 sec.
build place dedicate switch graph takes 0.31 sec
Setup STE netlist take 1459 msec.
Slack Weight : 90
CE/RS signal series limit : 500
Dispose control chain take 1038 msec.
Collect const net info take 82 msec.
Total nets for routing: 2254.
Total loads for routing: 10524.
Direct connect net size: 1087
Build all design net take 314 msec.
Processing design graph takes 2.90 sec.
Delay table total memory: 4.79386520 MB
Route graph total memory: 10.70870972 MB
Route design total memory: 3.61206436 MB
The remaining process takes 0.06 sec.
Stage: after context initialize | Performance: TNS = 0 ; WNS = 11999 ; THS = NA ; WHS = NA | Time (s): real = 0h:0m:14s ; cpu = 0h:0m:5s ; process = 0h:0m:7s | Memory (MB): curr = 331.562500 ; peak = 351.652344 | Checksum: 99A5E97F86C7DC01
Global routing takes 0.00 sec.
Pin Cost Increasing Speed 300
Unrouted clock nets at iteration 0 (0.011 sec): 0
Stage: after clock route | Performance: TNS = 0 ; WNS = 11999 ; THS = NA ; WHS = NA | Time (s): real = 0h:0m:14s ; cpu = 0h:0m:5s ; process = 0h:0m:7s | Memory (MB): curr = 332.210938 ; peak = 351.652344 | Checksum: C08164632B8B8B81
Total route nets size: 2249
I: Start printing congestion info.
I: Finish printing congestion info.
Pre route takes 1.792 sec
Stage: after pre route | Performance: TNS = 0 ; WNS = 11840 ; THS = 0 ; WHS = 273 | Time (s): real = 0h:0m:16s ; cpu = 0h:0m:6s ; process = 0h:0m:9s | Memory (MB): curr = 382.640625 ; peak = 387.378906 | Checksum: E20756E2FF1D8AD8
Unrouted general nets at iteration 2 (MT total route time: 0.709 sec): 1859(overused: 10505)
Unrouted general nets at iteration 3 (MT total route time: 0.997 sec): 1604(overused: 6516)
Unrouted general nets at iteration 4 (MT total route time: 0.561 sec): 1406(overused: 5030)
Unrouted general nets at iteration 5 (MT total route time: 1.665 sec): 1286(overused: 4077)
Unrouted general nets at iteration 6 (MT total route time: 0.709 sec): 1179(overused: 3588)
Unrouted general nets at iteration 7 (MT total route time: 0.844 sec): 761(overused: 2458)
Unrouted general nets at iteration 8 (MT total route time: 0.527 sec): 586(overused: 1697)
Unrouted general nets at iteration 9 (MT total route time: 0.607 sec): 455(overused: 1180)
Unrouted general nets at iteration 10 (MT total route time: 0.522 sec): 361(overused: 911)
Unrouted general nets at iteration 11 (MT total route time: 0.658 sec): 304(overused: 729)
Unrouted general nets at iteration 12 (MT total route time: 0.426 sec): 271(overused: 673)
Unrouted general nets at iteration 13 (MT total route time: 0.114 sec): 225(overused: 541)
Unrouted general nets at iteration 14 (MT total route time: 0.057 sec): 195(overused: 416)
Unrouted general nets at iteration 15 (MT total route time: 0.180 sec): 201(overused: 425)
Unrouted general nets at iteration 16 (MT total route time: 0.392 sec): 166(overused: 401)
Unrouted general nets at iteration 17 (MT total route time: 0.574 sec): 137(overused: 288)
Unrouted general nets at iteration 18 (MT total route time: 0.166 sec): 108(overused: 204)
Unrouted general nets at iteration 19 (MT total route time: 0.170 sec): 98(overused: 174)
Unrouted general nets at iteration 20 (MT total route time: 0.026 sec): 73(overused: 138)
Unrouted general nets at iteration 21 (MT total route time: 0.022 sec): 61(overused: 100)
Unrouted general nets at iteration 22 (MT total route time: 0.069 sec): 44(overused: 62)
Unrouted general nets at iteration 23 (MT total route time: 0.014 sec): 32(overused: 54)
Unrouted general nets at iteration 24 (MT total route time: 0.010 sec): 30(overused: 46)
Unrouted general nets at iteration 25 (MT total route time: 0.011 sec): 20(overused: 30)
Unrouted general nets at iteration 26 (MT total route time: 0.015 sec): 19(overused: 22)
Unrouted general nets at iteration 27 (MT total route time: 0.070 sec): 17(overused: 28)
Unrouted general nets at iteration 28 (MT total route time: 0.020 sec): 16(overused: 26)
Unrouted general nets at iteration 29 (MT total route time: 0.010 sec): 14(overused: 22)
Unrouted general nets at iteration 30 (MT total route time: 0.012 sec): 11(overused: 18)
Unrouted general nets at iteration 31 (MT total route time: 0.039 sec): 8(overused: 14)
Unrouted general nets at iteration 32 (MT total route time: 0.010 sec): 9(overused: 12)
Unrouted general nets at iteration 33 (MT total route time: 0.008 sec): 6(overused: 8)
Unrouted general nets at iteration 34 (MT total route time: 0.008 sec): 4(overused: 6)
Unrouted general nets at iteration 35 (MT total route time: 0.007 sec): 4(overused: 4)
Unrouted general nets at iteration 36 (MT total route time: 0.037 sec): 4(overused: 6)
Unrouted general nets at iteration 37 (MT total route time: 0.012 sec): 16(overused: 26)
Unrouted general nets at iteration 38 (MT total route time: 0.010 sec): 19(overused: 30)
Unrouted general nets at iteration 39 (MT total route time: 0.009 sec): 13(overused: 20)
Unrouted general nets at iteration 40 (MT total route time: 0.008 sec): 15(overused: 28)
Unrouted general nets at iteration 41 (MT total route time: 0.009 sec): 13(overused: 16)
Unrouted general nets at iteration 42 (MT total route time: 0.009 sec): 6(overused: 8)
Unrouted general nets at iteration 43 (MT total route time: 0.009 sec): 4(overused: 6)
Unrouted general nets at iteration 44 (MT total route time: 0.014 sec): 5(overused: 10)
Unrouted general nets at iteration 45 (MT total route time: 0.039 sec): 2(overused: 4)
Unrouted general nets at iteration 46 (MT total route time: 0.008 sec): 2(overused: 4)
Unrouted general nets at iteration 47 (MT total route time: 0.008 sec): 2(overused: 4)
Unrouted general nets at iteration 48 (MT total route time: 0.036 sec): 0(overused: 0)
----General net take 0.011 sec(route net take 0.000 sec, inc cost take 0.006 sec, iter times: 1)
----const net route take 0.032 sec
Unrouted nets at iteration 49 (0.044 sec): 0
Stage: after detail route | Performance: TNS = 0 ; WNS = 11933 ; THS = NA ; WHS = NA | Time (s): real = 0h:0m:28s ; cpu = 0h:0m:7s ; process = 0h:0m:16s | Memory (MB): curr = 389.589844 ; peak = 389.593750 | Checksum: 2CC9F244FA88C0A6
Begin rip-up and reroute:
Rip-up and reroute takes 0.14 sec.
Stage: after ripup & reroute | Performance: TNS = 0 ; WNS = 11937 ; THS = NA ; WHS = NA | Time (s): real = 0h:0m:28s ; cpu = 0h:0m:7s ; process = 0h:0m:17s | Memory (MB): curr = 393.003906 ; peak = 393.050781 | Checksum: B6EEBDAB6FF188F1
Detailed routing takes 14.00 sec.
I: Design net nt_i_CLK_C42_IN_25M is routed by general path.
C: Route-2036: The clock path from i_CLK_C42_IN_25M_ibuf/opit_1:OUT to pll_inst/u_pll_e2/goppllinmuxd:CLK_IN[0] is routed by SRB.
Sort Original Nets take 0.001 sec
Check HPIO div result take 0.000 sec
Total net: 2254, route succeed net: 2254
Generate routing result take 0.011 sec
Handle PERMUX permutation take 0.174 sec
Handle const net take 0.007 sec
Handle route through take 0.037 sec
Used SRB routing arc is 18110.
Stage: after finish route | Performance: TNS = 0 ; WNS = 11937 ; THS = NA ; WHS = NA | Time (s): real = 0h:0m:29s ; cpu = 0h:0m:7s ; process = 0h:0m:17s | Memory (MB): curr = 375.148438 ; peak = 393.050781 | Checksum: 803D4A850868AF31
Finish routing takes 0.33 sec.
Total routing takes 18.14 sec.


Device Utilization Summary :
+----------------------------------------------------------------------------+
| Device Type                      | Used     | Available     | Util(%)     
+----------------------------------------------------------------------------+
| CLMA                             | 285      | 592           | 49          
| + FF                             | 625      | 3552          | 18          
| + LUT                            | 724      | 2368          | 31          
|   + LUT as Logic                 | 605      |               |             
|   + LUT as Const                 | 101      |               |             
|   + LUT as Bypass                | 18       |               |             
| CLMS                             | 387      | 888           | 44          
| + FF                             | 900      | 5328          | 17          
| + LUT                            | 1008     | 3552          | 29          
|   + LUT as Logic                 | 907      |               |             
|   + LUT as Memory                | 0        |               |             
|     + LUT as Distributed RAM     | 0        |               |             
|   + LUT as Const                 | 93       |               |             
|   + LUT as Bypass                | 8        |               |             
| IO                               | 287      | 336           | 86          
| + IOBD                           | 19       | 21            | 91          
| + IOBR                           | 37       | 42            | 89          
| + IOBS                           | 231      | 273           | 85          
| BKCL                             | 6        | 6             | 100         
| CCS                              | 1        | 1             | 100         
| CLKDIV                           | 0        | 4             | 0           
| CLKDLY                           | 0        | 8             | 0           
| DLL                              | 0        | 2             | 0           
| DRM                              | 0        | 26            | 0           
| HARD0N1                          | 80       | 936           | 9           
| IOCKBRG                          | 0        | 2             | 0           
| IOCKGATE                         | 0        | 4             | 0           
| + IOCKGATE as Bypass             | 0        |               |             
| IOLDLYS                          | 132      | 252           | 53          
| IOLDLY                           | 43       | 84            | 52          
| IOL                              | 287      | 336           | 86          
| ISERDES                          | 0        | 21            | 0           
| LDO                              | 0        | 2             | 0           
| OSC                              | 0        | 1             | 0           
| OSERDES                          | 0        | 21            | 0           
| PLLINMUXD                        | 1        | 2             | 50          
| + PLLINMUXD as Bypass            | 0        |               |             
| PLL                              | 1        | 2             | 50          
| USCMDC                           | 1        | 8             | 13          
| + USCMDC as Bypass               | 0        |               |             
| USCMD                            | 0        | 2             | 0           
| + USCMD as Bypass                | 0        |               |             
| USSMBUF                          | 0        | 8             | 0           
| + USSMBUF as Bypass              | 0        |               |             
+----------------------------------------------------------------------------+

Finished routing. (CPU time elapsed 0h:00m:15s)
Design 'Tieta_Feiteng_2001_top' has been routed successfully.
Saving design to DB.
Action route: Export DB successfully.
Action route: Real time elapsed is 0h:0m:31s
Action route: CPU time elapsed is 0h:0m:16s
Action route: Process CPU time elapsed is 0h:0m:18s
Action route: Peak memory pool usage is 393 MB

Current time: Tue Apr 21 10:45:35 2026
