#Build: Fabric Compiler 2024.2-SP1.2, Build 187561, May 22 18:16 2025
#Install: C:\studyware\pango\PDS_2024.2-SP1.2-ads\bin
#Application name: pds_shell.exe
#OS: Windows 10 10.0.18363
#Hostname: z02665mj
Generated by Fabric Compiler (version 2024.2-SP1.2 build 187561) at Fri Mar  6 13:50:41 2026
Parameters for debugging are loaded as follows:
Compiling verification operator library.
Compiling common defs.
Compiling prim grid devices.
Compiling place grid timing.
Compiling gate devices.
Compiling gate operators.
Building architecture model.
Loading device packaging model.
Building architecture floorplan logic view.
Elaborate the liberty model.
I: Multithreading enabled for Timing using a maximum of 4 processes.

Routing started.
Build routing arch for double attribute device.
Enter timing driven router mode.
I: Multithreading enabled for route using a maximum of 1 processes.
W: Route-4027: Cannot find permit_rougth_thru_units.json file in working directory.
Building routing graph takes 0.42 sec.
Enable Recovery Analysis in Routing
Init coarse delay table.
Read place coarse delay table takes 0.05 sec.
build place dedicate switch graph takes 0.16 sec
Setup STE netlist take 471 msec.
Slack Weight : 90
CE/RS signal series limit : 500
Dispose control chain take 71 msec.
Collect const net info take 23 msec.
Total nets for routing: 2589.
Total loads for routing: 12114.
Direct connect net size: 1185
Build all design net take 153 msec.
Processing design graph takes 0.72 sec.
Delay table total memory: 4.79386520 MB
Route graph total memory: 10.90494156 MB
Route design total memory: 3.95488358 MB
The remaining process takes 0.05 sec.
Stage: after context initialize | Performance: TNS = 0 ; WNS = 9403 ; THS = NA ; WHS = NA | Time (s): real = 0h:0m:5s ; cpu = 0h:0m:3s ; process = 0h:0m:4s | Memory (MB): curr = 346.781250 ; peak = 369.339844 | Checksum: 485217BF1355FAF5
Global routing takes 0.00 sec.
Pin Cost Increasing Speed 300
Unrouted clock nets at iteration 0 (0.010 sec): 0
Stage: after clock route | Performance: TNS = 0 ; WNS = 9403 ; THS = NA ; WHS = NA | Time (s): real = 0h:0m:6s ; cpu = 0h:0m:3s ; process = 0h:0m:4s | Memory (MB): curr = 348.027344 ; peak = 369.339844 | Checksum: 5541D97881FFD0B0
Total route nets size: 2581
I: Start printing congestion info.
I: Finish printing congestion info.
Pre route takes 0.722 sec
Stage: after pre route | Performance: TNS = 0 ; WNS = 10297 ; THS = 0 ; WHS = 273 | Time (s): real = 0h:0m:6s ; cpu = 0h:0m:4s ; process = 0h:0m:5s | Memory (MB): curr = 402.097656 ; peak = 407.128906 | Checksum: 9E82EC93702E792
Unrouted general nets at iteration 2 (MT total route time: 0.432 sec): 2223(overused: 12120)
Unrouted general nets at iteration 3 (MT total route time: 0.336 sec): 1881(overused: 7628)
Unrouted general nets at iteration 4 (MT total route time: 0.257 sec): 1645(overused: 5897)
Unrouted general nets at iteration 5 (MT total route time: 0.219 sec): 1510(overused: 4773)
Unrouted general nets at iteration 6 (MT total route time: 0.186 sec): 1337(overused: 4063)
Unrouted general nets at iteration 7 (MT total route time: 0.149 sec): 972(overused: 3026)
Unrouted general nets at iteration 8 (MT total route time: 0.130 sec): 728(overused: 2009)
Unrouted general nets at iteration 9 (MT total route time: 0.107 sec): 586(overused: 1570)
Unrouted general nets at iteration 10 (MT total route time: 0.088 sec): 482(overused: 1229)
Unrouted general nets at iteration 11 (MT total route time: 0.076 sec): 428(overused: 988)
Unrouted general nets at iteration 12 (MT total route time: 0.061 sec): 340(overused: 828)
Unrouted general nets at iteration 13 (MT total route time: 0.053 sec): 259(overused: 572)
Unrouted general nets at iteration 14 (MT total route time: 0.050 sec): 236(overused: 543)
Unrouted general nets at iteration 15 (MT total route time: 0.043 sec): 217(overused: 452)
Unrouted general nets at iteration 16 (MT total route time: 0.034 sec): 172(overused: 355)
Unrouted general nets at iteration 17 (MT total route time: 0.027 sec): 152(overused: 303)
Unrouted general nets at iteration 18 (MT total route time: 0.032 sec): 154(overused: 348)
Unrouted general nets at iteration 19 (MT total route time: 0.033 sec): 130(overused: 299)
Unrouted general nets at iteration 20 (MT total route time: 0.031 sec): 119(overused: 242)
Unrouted general nets at iteration 21 (MT total route time: 0.026 sec): 107(overused: 210)
Unrouted general nets at iteration 22 (MT total route time: 0.022 sec): 101(overused: 214)
Unrouted general nets at iteration 23 (MT total route time: 0.020 sec): 79(overused: 140)
Unrouted general nets at iteration 24 (MT total route time: 0.017 sec): 72(overused: 124)
Unrouted general nets at iteration 25 (MT total route time: 0.015 sec): 61(overused: 100)
Unrouted general nets at iteration 26 (MT total route time: 0.017 sec): 52(overused: 104)
Unrouted general nets at iteration 27 (MT total route time: 0.020 sec): 54(overused: 98)
Unrouted general nets at iteration 28 (MT total route time: 0.017 sec): 43(overused: 80)
Unrouted general nets at iteration 29 (MT total route time: 0.018 sec): 42(overused: 102)
Unrouted general nets at iteration 30 (MT total route time: 0.014 sec): 56(overused: 124)
Unrouted general nets at iteration 31 (MT total route time: 0.012 sec): 47(overused: 83)
Unrouted general nets at iteration 32 (MT total route time: 0.015 sec): 53(overused: 140)
Unrouted general nets at iteration 33 (MT total route time: 0.015 sec): 45(overused: 90)
Unrouted general nets at iteration 34 (MT total route time: 0.014 sec): 33(overused: 66)
Unrouted general nets at iteration 35 (MT total route time: 0.016 sec): 32(overused: 71)
Unrouted general nets at iteration 36 (MT total route time: 0.014 sec): 27(overused: 52)
Unrouted general nets at iteration 37 (MT total route time: 0.015 sec): 30(overused: 62)
Unrouted general nets at iteration 38 (MT total route time: 0.014 sec): 21(overused: 44)
Unrouted general nets at iteration 39 (MT total route time: 0.011 sec): 12(overused: 20)
Unrouted general nets at iteration 40 (MT total route time: 0.009 sec): 12(overused: 24)
Unrouted general nets at iteration 41 (MT total route time: 0.009 sec): 10(overused: 24)
Unrouted general nets at iteration 42 (MT total route time: 0.010 sec): 4(overused: 4)
Unrouted general nets at iteration 43 (MT total route time: 0.008 sec): 2(overused: 2)
Unrouted general nets at iteration 44 (MT total route time: 0.007 sec): 2(overused: 2)
Unrouted general nets at iteration 45 (MT total route time: 0.007 sec): 0(overused: 0)
----General net take 0.008 sec(route net take 0.000 sec, inc cost take 0.003 sec, iter times: 1)
----const net route take 0.009 sec
Unrouted nets at iteration 46 (0.018 sec): 0
Stage: after detail route | Performance: TNS = 0 ; WNS = 9250 ; THS = NA ; WHS = NA | Time (s): real = 0h:0m:9s ; cpu = 0h:0m:4s ; process = 0h:0m:9s | Memory (MB): curr = 409.703125 ; peak = 410.421875 | Checksum: 22427E0044043B25
Begin rip-up and reroute:
Rip-up and reroute takes 0.14 sec.
Stage: after ripup & reroute | Performance: TNS = 0 ; WNS = 9250 ; THS = NA ; WHS = NA | Time (s): real = 0h:0m:10s ; cpu = 0h:0m:4s ; process = 0h:0m:9s | Memory (MB): curr = 413.410156 ; peak = 414.496094 | Checksum: 799D9D390C3DBCB2
Detailed routing takes 4.16 sec.
I: Design net genblk1[0].fan_pwm_tach_m/w_clk_1s_pos is routed by general path.
C: Route-2036: The clock path from genblk1[0].fan_pwm_tach_m/Edge_Detect_u1/N0/gateop:Z to clkbufgs_6:CLKIN is routed by SRB.
I: Design net nt_i_CLK_PAL_IN_25M is routed by general path.
C: Route-2036: The clock path from i_CLK_PAL_IN_25M_ibuf/opit_1:OUT to pll_inst/u_pll_e2/goppllinmuxd:CLK_IN[0] is routed by SRB.
Sort Original Nets take 0.002 sec
Check HPIO div result take 0.000 sec
Total net: 2589, route succeed net: 2589
Generate routing result take 0.008 sec
Handle PERMUX permutation take 0.118 sec
Handle const net take 0.011 sec
Handle route through take 0.035 sec
Used SRB routing arc is 20559.
Stage: after finish route | Performance: TNS = 0 ; WNS = 9250 ; THS = NA ; WHS = NA | Time (s): real = 0h:0m:10s ; cpu = 0h:0m:4s ; process = 0h:0m:9s | Memory (MB): curr = 394.246094 ; peak = 414.496094 | Checksum: 798EB6EE8D451189
Finish routing takes 0.25 sec.
Total routing takes 5.71 sec.


Device Utilization Summary :
+----------------------------------------------------------------------------+
| Device Type                      | Used     | Available     | Util(%)     
+----------------------------------------------------------------------------+
| CLMA                             | 338      | 592           | 58          
| + FF                             | 660      | 3552          | 19          
| + LUT                            | 953      | 2368          | 41          
|   + LUT as Logic                 | 768      |               |             
|   + LUT as Const                 | 181      |               |             
|   + LUT as Bypass                | 4        |               |             
| CLMS                             | 452      | 888           | 51          
| + FF                             | 1012     | 5328          | 19          
| + LUT                            | 1271     | 3552          | 36          
|   + LUT as Logic                 | 1140     |               |             
|   + LUT as Memory                | 0        |               |             
|     + LUT as Distributed RAM     | 0        |               |             
|   + LUT as Const                 | 117      |               |             
|   + LUT as Bypass                | 14       |               |             
| IO                               | 308      | 336           | 92          
| + IOBD                           | 21       | 21            | 100         
| + IOBR                           | 40       | 42            | 96          
| + IOBS                           | 247      | 273           | 91          
| BKCL                             | 6        | 6             | 100         
| CCS                              | 1        | 1             | 100         
| CLKDIV                           | 0        | 4             | 0           
| CLKDLY                           | 0        | 8             | 0           
| DLL                              | 0        | 2             | 0           
| DRM                              | 0        | 26            | 0           
| HARD0N1                          | 142      | 936           | 16          
| IOCKBRG                          | 0        | 2             | 0           
| IOCKGATE                         | 0        | 4             | 0           
| + IOCKGATE as Bypass             | 0        |               |             
| IOLDLYS                          | 138      | 252           | 55          
| IOLDLY                           | 57       | 84            | 68          
| IOL                              | 308      | 336           | 92          
| ISERDES                          | 0        | 21            | 0           
| LDO                              | 0        | 2             | 0           
| OSC                              | 0        | 1             | 0           
| OSERDES                          | 0        | 21            | 0           
| PLLINMUXD                        | 1        | 2             | 50          
| + PLLINMUXD as Bypass            | 0        |               |             
| PLL                              | 1        | 2             | 50          
| USCMDC                           | 2        | 8             | 25          
| + USCMDC as Bypass               | 0        |               |             
| USCMD                            | 0        | 2             | 0           
| + USCMD as Bypass                | 0        |               |             
| USSMBUF                          | 1        | 8             | 13          
| + USSMBUF as Bypass              | 0        |               |             
+----------------------------------------------------------------------------+

Finished routing. (CPU time elapsed 0h:00m:08s)
Design 'Tieta_Feiteng_1001_top' has been routed successfully.
Saving design to DB.
Action route: Export DB successfully.
Action route: Real time elapsed is 0h:0m:11s
Action route: CPU time elapsed is 0h:0m:9s
Action route: Process CPU time elapsed is 0h:0m:10s
Action route: Peak memory pool usage is 414 MB

Current time: Fri Mar  6 13:50:50 2026
