#Build: Fabric Compiler 2024.2-SP1.2, Build 187561, May 22 18:16 2025
#Install: C:\studyware\pango\PDS_2024.2-SP1.2-ads\bin
#Application name: pds_shell.exe
#OS: Windows 10 10.0.18363
#Hostname: z02665mj
Generated by Fabric Compiler (version 2024.2-SP1.2 build 187561) at Thu Mar 26 19:45:04 2026
Parameters for debugging are loaded as follows:
Compiling verification operator library.
Compiling common defs.
Compiling prim grid devices.
Compiling place grid timing.
Compiling gate devices.
Compiling gate operators.
Building architecture model.
Loading device packaging model.
Building architecture floorplan logic view.
Elaborate the liberty model.
I: Multithreading enabled for Timing using a maximum of 4 processes.

Routing started.
Build routing arch for double attribute device.
Enter timing driven router mode.
I: Multithreading enabled for route using a maximum of 1 processes.
W: Route-4027: Cannot find permit_rougth_thru_units.json file in working directory.
Building routing graph takes 0.29 sec.
Enable Recovery Analysis in Routing
Init coarse delay table.
Read place coarse delay table takes 0.03 sec.
build place dedicate switch graph takes 0.19 sec
Setup STE netlist take 708 msec.
Slack Weight : 90
CE/RS signal series limit : 500
Dispose control chain take 84 msec.
Collect const net info take 26 msec.
Total nets for routing: 3141.
Total loads for routing: 14802.
Direct connect net size: 1252
Build all design net take 189 msec.
Processing design graph takes 1.01 sec.
Delay table total memory: 4.79386520 MB
Route graph total memory: 11.33881760 MB
Route design total memory: 4.23903275 MB
The remaining process takes 0.07 sec.
Stage: after context initialize | Performance: TNS = 0 ; WNS = 8655 ; THS = NA ; WHS = NA | Time (s): real = 0h:0m:5s ; cpu = 0h:0m:3s ; process = 0h:0m:5s | Memory (MB): curr = 355.765625 ; peak = 382.667969 | Checksum: 4599D19829A199D1
Global routing takes 0.00 sec.
Pin Cost Increasing Speed 300
Unrouted clock nets at iteration 0 (0.010 sec): 0
Stage: after clock route | Performance: TNS = 0 ; WNS = 8655 ; THS = NA ; WHS = NA | Time (s): real = 0h:0m:6s ; cpu = 0h:0m:4s ; process = 0h:0m:5s | Memory (MB): curr = 357.164063 ; peak = 382.667969 | Checksum: 4C759291CA69F1C2
Total route nets size: 3133
I: Start printing congestion info.
I: Finish printing congestion info.
Pre route takes 1.003 sec
Stage: after pre route | Performance: TNS = 0 ; WNS = 10028 ; THS = 0 ; WHS = 67 | Time (s): real = 0h:0m:7s ; cpu = 0h:0m:4s ; process = 0h:0m:6s | Memory (MB): curr = 421.390625 ; peak = 426.464844 | Checksum: E1FA19B6E865D1D5
Unrouted general nets at iteration 2 (MT total route time: 1.136 sec): 2754(overused: 14870)
Unrouted general nets at iteration 3 (MT total route time: 0.457 sec): 2339(overused: 9416)
Unrouted general nets at iteration 4 (MT total route time: 0.338 sec): 2062(overused: 7343)
Unrouted general nets at iteration 5 (MT total route time: 0.286 sec): 1870(overused: 5987)
Unrouted general nets at iteration 6 (MT total route time: 0.228 sec): 1678(overused: 5032)
Unrouted general nets at iteration 7 (MT total route time: 0.181 sec): 1271(overused: 3753)
Unrouted general nets at iteration 8 (MT total route time: 0.161 sec): 968(overused: 2546)
Unrouted general nets at iteration 9 (MT total route time: 0.204 sec): 805(overused: 1911)
Unrouted general nets at iteration 10 (MT total route time: 0.172 sec): 633(overused: 1473)
Unrouted general nets at iteration 11 (MT total route time: 0.149 sec): 568(overused: 1291)
Unrouted general nets at iteration 12 (MT total route time: 0.142 sec): 456(overused: 1004)
Unrouted general nets at iteration 13 (MT total route time: 0.074 sec): 376(overused: 883)
Unrouted general nets at iteration 14 (MT total route time: 0.067 sec): 330(overused: 718)
Unrouted general nets at iteration 15 (MT total route time: 0.066 sec): 282(overused: 659)
Unrouted general nets at iteration 16 (MT total route time: 0.058 sec): 238(overused: 554)
Unrouted general nets at iteration 17 (MT total route time: 0.049 sec): 222(overused: 474)
Unrouted general nets at iteration 18 (MT total route time: 0.044 sec): 215(overused: 444)
Unrouted general nets at iteration 19 (MT total route time: 0.036 sec): 196(overused: 366)
Unrouted general nets at iteration 20 (MT total route time: 0.030 sec): 125(overused: 254)
Unrouted general nets at iteration 21 (MT total route time: 0.026 sec): 108(overused: 209)
Unrouted general nets at iteration 22 (MT total route time: 0.022 sec): 90(overused: 164)
Unrouted general nets at iteration 23 (MT total route time: 0.021 sec): 89(overused: 150)
Unrouted general nets at iteration 24 (MT total route time: 0.019 sec): 71(overused: 102)
Unrouted general nets at iteration 25 (MT total route time: 0.015 sec): 65(overused: 110)
Unrouted general nets at iteration 26 (MT total route time: 0.013 sec): 45(overused: 88)
Unrouted general nets at iteration 27 (MT total route time: 0.014 sec): 38(overused: 78)
Unrouted general nets at iteration 28 (MT total route time: 0.011 sec): 24(overused: 38)
Unrouted general nets at iteration 29 (MT total route time: 0.012 sec): 16(overused: 28)
Unrouted general nets at iteration 30 (MT total route time: 0.009 sec): 12(overused: 18)
Unrouted general nets at iteration 31 (MT total route time: 0.009 sec): 7(overused: 10)
Unrouted general nets at iteration 32 (MT total route time: 0.010 sec): 6(overused: 8)
Unrouted general nets at iteration 33 (MT total route time: 0.009 sec): 4(overused: 4)
Unrouted general nets at iteration 34 (MT total route time: 0.008 sec): 2(overused: 2)
Unrouted general nets at iteration 35 (MT total route time: 0.007 sec): 3(overused: 4)
Unrouted general nets at iteration 36 (MT total route time: 0.009 sec): 2(overused: 2)
Unrouted general nets at iteration 37 (MT total route time: 0.009 sec): 3(overused: 4)
Unrouted general nets at iteration 38 (MT total route time: 0.009 sec): 5(overused: 6)
Unrouted general nets at iteration 39 (MT total route time: 0.010 sec): 3(overused: 4)
Unrouted general nets at iteration 40 (MT total route time: 0.009 sec): 2(overused: 2)
Unrouted general nets at iteration 41 (MT total route time: 0.008 sec): 2(overused: 2)
Unrouted general nets at iteration 42 (MT total route time: 0.008 sec): 2(overused: 2)
Unrouted general nets at iteration 43 (MT total route time: 0.007 sec): 3(overused: 4)
Unrouted general nets at iteration 44 (MT total route time: 0.008 sec): 5(overused: 12)
Unrouted general nets at iteration 45 (MT total route time: 0.008 sec): 0(overused: 0)
----General net take 0.007 sec(route net take 0.000 sec, inc cost take 0.003 sec, iter times: 1)
----const net route take 0.009 sec
Unrouted nets at iteration 46 (0.017 sec): 0
Stage: after detail route | Performance: TNS = 0 ; WNS = 9111 ; THS = NA ; WHS = NA | Time (s): real = 0h:0m:11s ; cpu = 0h:0m:4s ; process = 0h:0m:11s | Memory (MB): curr = 431.253906 ; peak = 431.257813 | Checksum: C8B90B87071B0558
Begin rip-up and reroute:
Rip-up and reroute takes 0.12 sec.
Stage: after ripup & reroute | Performance: TNS = 0 ; WNS = 9111 ; THS = NA ; WHS = NA | Time (s): real = 0h:0m:12s ; cpu = 0h:0m:4s ; process = 0h:0m:11s | Memory (MB): curr = 436.140625 ; peak = 436.199219 | Checksum: 60FB5150466CA130
Detailed routing takes 6.05 sec.
I: Design net genblk1[0].fan_pwm_tach_m/w_clk_1s_pos is routed by general path.
C: Route-2036: The clock path from genblk1[0].fan_pwm_tach_m/Edge_Detect_u1/N0/gateop:Z to clkbufgs_6:CLKIN is routed by SRB.
I: Design net nt_i_CLK_PAL_IN_25M is routed by general path.
C: Route-2036: The clock path from i_CLK_PAL_IN_25M_ibuf/opit_1:OUT to pll_inst/u_pll_e2/goppllinmuxd:CLK_IN[0] is routed by SRB.
Sort Original Nets take 0.002 sec
Check HPIO div result take 0.000 sec
Total net: 3141, route succeed net: 3141
Generate routing result take 0.007 sec
Handle PERMUX permutation take 0.111 sec
Handle const net take 0.010 sec
Handle route through take 0.034 sec
Used SRB routing arc is 25324.
Stage: after finish route | Performance: TNS = 0 ; WNS = 9111 ; THS = NA ; WHS = NA | Time (s): real = 0h:0m:12s ; cpu = 0h:0m:5s ; process = 0h:0m:12s | Memory (MB): curr = 412.253906 ; peak = 436.199219 | Checksum: F2F9E01FF44E2E13
Finish routing takes 0.24 sec.
Total routing takes 7.76 sec.


Device Utilization Summary :
+----------------------------------------------------------------------------+
| Device Type                      | Used     | Available     | Util(%)     
+----------------------------------------------------------------------------+
| CLMA                             | 400      | 592           | 68          
| + FF                             | 825      | 3552          | 24          
| + LUT                            | 1166     | 2368          | 50          
|   + LUT as Logic                 | 938      |               |             
|   + LUT as Const                 | 212      |               |             
|   + LUT as Bypass                | 16       |               |             
| CLMS                             | 544      | 888           | 62          
| + FF                             | 1245     | 5328          | 24          
| + LUT                            | 1564     | 3552          | 45          
|   + LUT as Logic                 | 1395     |               |             
|   + LUT as Memory                | 0        |               |             
|     + LUT as Distributed RAM     | 0        |               |             
|   + LUT as Const                 | 149      |               |             
|   + LUT as Bypass                | 20       |               |             
| IO                               | 296      | 336           | 89          
| + IOBD                           | 21       | 21            | 100         
| + IOBR                           | 32       | 42            | 77          
| + IOBS                           | 243      | 273           | 90          
| BKCL                             | 6        | 6             | 100         
| CCS                              | 1        | 1             | 100         
| CLKDIV                           | 0        | 4             | 0           
| CLKDLY                           | 0        | 8             | 0           
| DLL                              | 0        | 2             | 0           
| DRM                              | 0        | 26            | 0           
| HARD0N1                          | 197      | 936           | 22          
| IOCKBRG                          | 0        | 2             | 0           
| IOCKGATE                         | 0        | 4             | 0           
| + IOCKGATE as Bypass             | 0        |               |             
| IOLDLYS                          | 138      | 252           | 55          
| IOLDLY                           | 40       | 84            | 48          
| IOL                              | 296      | 336           | 89          
| ISERDES                          | 0        | 21            | 0           
| LDO                              | 0        | 2             | 0           
| OSC                              | 0        | 1             | 0           
| OSERDES                          | 0        | 21            | 0           
| PLLINMUXD                        | 1        | 2             | 50          
| + PLLINMUXD as Bypass            | 0        |               |             
| PLL                              | 1        | 2             | 50          
| USCMDC                           | 2        | 8             | 25          
| + USCMDC as Bypass               | 0        |               |             
| USCMD                            | 0        | 2             | 0           
| + USCMD as Bypass                | 0        |               |             
| USSMBUF                          | 1        | 8             | 13          
| + USSMBUF as Bypass              | 0        |               |             
+----------------------------------------------------------------------------+

Finished routing. (CPU time elapsed 0h:00m:10s)
Design 'Tieta_Feiteng_1001_top' has been routed successfully.
Saving design to DB.
Action route: Export DB successfully.
Action route: Real time elapsed is 0h:0m:13s
Action route: CPU time elapsed is 0h:0m:11s
Action route: Process CPU time elapsed is 0h:0m:13s
Action route: Peak memory pool usage is 436 MB

Current time: Thu Mar 26 19:45:16 2026
