#Build: Fabric Compiler 2024.2-SP1.2, Build 187561, May 22 18:16 2025
#Install: C:\studyware\pango\PDS_2024.2-SP1.2-ads\bin
#Application name: pds_shell.exe
#OS: Windows 10 10.0.18363
#Hostname: z02665mj
Generated by Fabric Compiler (version 2024.2-SP1.2 build 187561) at Mon Mar 23 16:45:33 2026
Parameters for debugging are loaded as follows:
Compiling verification operator library.
Compiling common defs.
Compiling prim grid devices.
Compiling place grid timing.
Compiling gate devices.
Compiling gate operators.
Building architecture model.
Loading device packaging model.
Building architecture floorplan logic view.
Elaborate the liberty model.
I: Multithreading enabled for Timing using a maximum of 4 processes.

Routing started.
Build routing arch for double attribute device.
Enter timing driven router mode.
I: Multithreading enabled for route using a maximum of 1 processes.
W: Route-4027: Cannot find permit_rougth_thru_units.json file in working directory.
Building routing graph takes 0.54 sec.
Enable Recovery Analysis in Routing
Init coarse delay table.
Read place coarse delay table takes 0.02 sec.
build place dedicate switch graph takes 0.38 sec
Setup STE netlist take 936 msec.
Slack Weight : 90
CE/RS signal series limit : 500
Dispose control chain take 60 msec.
Collect const net info take 20 msec.
Total nets for routing: 1998.
Total loads for routing: 9301.
Direct connect net size: 1063
Build all design net take 205 msec.
Processing design graph takes 1.23 sec.
Delay table total memory: 4.79386520 MB
Route graph total memory: 10.61887741 MB
Route design total memory: 3.40722275 MB
The remaining process takes 0.13 sec.
Stage: after context initialize | Performance: TNS = 0 ; WNS = 11736 ; THS = NA ; WHS = NA | Time (s): real = 0h:0m:8s ; cpu = 0h:0m:4s ; process = 0h:0m:5s | Memory (MB): curr = 328.937500 ; peak = 345.957031 | Checksum: D802E070DB790092
Global routing takes 0.00 sec.
Pin Cost Increasing Speed 300
Unrouted clock nets at iteration 0 (0.056 sec): 0
Stage: after clock route | Performance: TNS = 0 ; WNS = 11736 ; THS = NA ; WHS = NA | Time (s): real = 0h:0m:8s ; cpu = 0h:0m:4s ; process = 0h:0m:5s | Memory (MB): curr = 329.707031 ; peak = 345.957031 | Checksum: 400E399EABC5F34E
Total route nets size: 1993
I: Start printing congestion info.
I: Finish printing congestion info.
Pre route takes 0.757 sec
Stage: after pre route | Performance: TNS = 0 ; WNS = 12212 ; THS = 0 ; WHS = 269 | Time (s): real = 0h:0m:9s ; cpu = 0h:0m:4s ; process = 0h:0m:6s | Memory (MB): curr = 370.878906 ; peak = 375.996094 | Checksum: E847545F3DA9C1C9
Unrouted general nets at iteration 2 (MT total route time: 0.498 sec): 1601(overused: 9445)
Unrouted general nets at iteration 3 (MT total route time: 0.487 sec): 1424(overused: 5937)
Unrouted general nets at iteration 4 (MT total route time: 1.043 sec): 1283(overused: 4779)
Unrouted general nets at iteration 5 (MT total route time: 0.436 sec): 1155(overused: 3867)
Unrouted general nets at iteration 6 (MT total route time: 0.322 sec): 1064(overused: 3305)
Unrouted general nets at iteration 7 (MT total route time: 0.184 sec): 698(overused: 2427)
Unrouted general nets at iteration 8 (MT total route time: 0.168 sec): 520(overused: 1610)
Unrouted general nets at iteration 9 (MT total route time: 0.131 sec): 444(overused: 1266)
Unrouted general nets at iteration 10 (MT total route time: 0.093 sec): 348(overused: 953)
Unrouted general nets at iteration 11 (MT total route time: 0.076 sec): 304(overused: 846)
Unrouted general nets at iteration 12 (MT total route time: 0.073 sec): 278(overused: 674)
Unrouted general nets at iteration 13 (MT total route time: 0.053 sec): 230(overused: 572)
Unrouted general nets at iteration 14 (MT total route time: 0.045 sec): 208(overused: 486)
Unrouted general nets at iteration 15 (MT total route time: 0.041 sec): 174(overused: 425)
Unrouted general nets at iteration 16 (MT total route time: 0.036 sec): 148(overused: 350)
Unrouted general nets at iteration 17 (MT total route time: 0.033 sec): 110(overused: 260)
Unrouted general nets at iteration 18 (MT total route time: 0.032 sec): 95(overused: 198)
Unrouted general nets at iteration 19 (MT total route time: 0.028 sec): 75(overused: 158)
Unrouted general nets at iteration 20 (MT total route time: 0.020 sec): 54(overused: 106)
Unrouted general nets at iteration 21 (MT total route time: 0.016 sec): 44(overused: 76)
Unrouted general nets at iteration 22 (MT total route time: 0.013 sec): 36(overused: 66)
Unrouted general nets at iteration 23 (MT total route time: 0.009 sec): 26(overused: 44)
Unrouted general nets at iteration 24 (MT total route time: 0.006 sec): 17(overused: 32)
Unrouted general nets at iteration 25 (MT total route time: 0.007 sec): 23(overused: 40)
Unrouted general nets at iteration 26 (MT total route time: 0.008 sec): 17(overused: 28)
Unrouted general nets at iteration 27 (MT total route time: 0.007 sec): 16(overused: 36)
Unrouted general nets at iteration 28 (MT total route time: 0.006 sec): 11(overused: 20)
Unrouted general nets at iteration 29 (MT total route time: 0.005 sec): 13(overused: 24)
Unrouted general nets at iteration 30 (MT total route time: 0.006 sec): 11(overused: 16)
Unrouted general nets at iteration 31 (MT total route time: 0.007 sec): 8(overused: 16)
Unrouted general nets at iteration 32 (MT total route time: 0.005 sec): 6(overused: 8)
Unrouted general nets at iteration 33 (MT total route time: 0.006 sec): 6(overused: 8)
Unrouted general nets at iteration 34 (MT total route time: 0.006 sec): 4(overused: 4)
Unrouted general nets at iteration 35 (MT total route time: 0.006 sec): 4(overused: 6)
Unrouted general nets at iteration 36 (MT total route time: 0.006 sec): 4(overused: 6)
Unrouted general nets at iteration 37 (MT total route time: 0.005 sec): 5(overused: 8)
Unrouted general nets at iteration 38 (MT total route time: 0.008 sec): 6(overused: 10)
Unrouted general nets at iteration 39 (MT total route time: 0.010 sec): 4(overused: 4)
Unrouted general nets at iteration 40 (MT total route time: 0.007 sec): 2(overused: 2)
Unrouted general nets at iteration 41 (MT total route time: 0.005 sec): 3(overused: 4)
Unrouted general nets at iteration 42 (MT total route time: 0.008 sec): 7(overused: 12)
Unrouted general nets at iteration 43 (MT total route time: 0.007 sec): 5(overused: 8)
Unrouted general nets at iteration 44 (MT total route time: 0.007 sec): 6(overused: 8)
Unrouted general nets at iteration 45 (MT total route time: 0.006 sec): 4(overused: 4)
Unrouted general nets at iteration 46 (MT total route time: 0.005 sec): 4(overused: 6)
Unrouted general nets at iteration 47 (MT total route time: 0.004 sec): 5(overused: 8)
Unrouted general nets at iteration 48 (MT total route time: 0.004 sec): 8(overused: 14)
Unrouted general nets at iteration 49 (MT total route time: 0.004 sec): 8(overused: 10)
Unrouted general nets at iteration 50 (MT total route time: 0.004 sec): 6(overused: 10)
Unrouted general nets at iteration 51 (MT total route time: 0.004 sec): 4(overused: 8)
Unrouted general nets at iteration 52 (MT total route time: 0.005 sec): 2(overused: 2)
Unrouted general nets at iteration 53 (MT total route time: 0.005 sec): 2(overused: 4)
Unrouted general nets at iteration 54 (MT total route time: 0.006 sec): 0(overused: 0)
----General net take 0.005 sec(route net take 0.000 sec, inc cost take 0.002 sec, iter times: 1)
----const net route take 0.004 sec
Unrouted nets at iteration 55 (0.010 sec): 0
Stage: after detail route | Performance: TNS = 0 ; WNS = 11348 ; THS = NA ; WHS = NA | Time (s): real = 0h:0m:13s ; cpu = 0h:0m:5s ; process = 0h:0m:10s | Memory (MB): curr = 377.414063 ; peak = 378.242188 | Checksum: 92CF728A28FC8E13
Begin rip-up and reroute:
Rip-up and reroute takes 0.09 sec.
Stage: after ripup & reroute | Performance: TNS = 0 ; WNS = 11350 ; THS = NA ; WHS = NA | Time (s): real = 0h:0m:13s ; cpu = 0h:0m:5s ; process = 0h:0m:10s | Memory (MB): curr = 379.929688 ; peak = 381.570313 | Checksum: 6DE4B109EF133394
Detailed routing takes 5.54 sec.
I: Design net nt_i_CLK_C42_IN_25M is routed by general path.
C: Route-2036: The clock path from i_CLK_C42_IN_25M_ibuf/opit_1:OUT to pll_inst/u_pll_e2/goppllinmuxd:CLK_IN[0] is routed by SRB.
Sort Original Nets take 0.001 sec
Check HPIO div result take 0.000 sec
Total net: 1998, route succeed net: 1998
Generate routing result take 0.007 sec
Handle PERMUX permutation take 0.086 sec
Handle const net take 0.005 sec
Handle route through take 0.032 sec
Used SRB routing arc is 16077.
Stage: after finish route | Performance: TNS = 0 ; WNS = 11350 ; THS = NA ; WHS = NA | Time (s): real = 0h:0m:14s ; cpu = 0h:0m:5s ; process = 0h:0m:10s | Memory (MB): curr = 364.476563 ; peak = 381.570313 | Checksum: 610C682FC07E7D69
Finish routing takes 0.18 sec.
Total routing takes 7.72 sec.


Device Utilization Summary :
+----------------------------------------------------------------------------+
| Device Type                      | Used     | Available     | Util(%)     
+----------------------------------------------------------------------------+
| CLMA                             | 267      | 592           | 46          
| + FF                             | 588      | 3552          | 17          
| + LUT                            | 652      | 2368          | 28          
|   + LUT as Logic                 | 538      |               |             
|   + LUT as Const                 | 96       |               |             
|   + LUT as Bypass                | 18       |               |             
| CLMS                             | 343      | 888           | 39          
| + FF                             | 776      | 5328          | 15          
| + LUT                            | 849      | 3552          | 24          
|   + LUT as Logic                 | 763      |               |             
|   + LUT as Memory                | 0        |               |             
|     + LUT as Distributed RAM     | 0        |               |             
|   + LUT as Const                 | 72       |               |             
|   + LUT as Bypass                | 14       |               |             
| IO                               | 287      | 336           | 86          
| + IOBD                           | 19       | 21            | 91          
| + IOBR                           | 37       | 42            | 89          
| + IOBS                           | 231      | 273           | 85          
| BKCL                             | 6        | 6             | 100         
| CCS                              | 1        | 1             | 100         
| CLKDIV                           | 0        | 4             | 0           
| CLKDLY                           | 0        | 8             | 0           
| DLL                              | 0        | 2             | 0           
| DRM                              | 0        | 26            | 0           
| HARD0N1                          | 64       | 936           | 7           
| IOCKBRG                          | 0        | 2             | 0           
| IOCKGATE                         | 0        | 4             | 0           
| + IOCKGATE as Bypass             | 0        |               |             
| IOLDLYS                          | 132      | 252           | 53          
| IOLDLY                           | 43       | 84            | 52          
| IOL                              | 287      | 336           | 86          
| ISERDES                          | 0        | 21            | 0           
| LDO                              | 0        | 2             | 0           
| OSC                              | 0        | 1             | 0           
| OSERDES                          | 0        | 21            | 0           
| PLLINMUXD                        | 1        | 2             | 50          
| + PLLINMUXD as Bypass            | 0        |               |             
| PLL                              | 1        | 2             | 50          
| USCMDC                           | 1        | 8             | 13          
| + USCMDC as Bypass               | 0        |               |             
| USCMD                            | 0        | 2             | 0           
| + USCMD as Bypass                | 0        |               |             
| USSMBUF                          | 0        | 8             | 0           
| + USSMBUF as Bypass              | 0        |               |             
+----------------------------------------------------------------------------+

Finished routing. (CPU time elapsed 0h:00m:09s)
Design 'Tieta_Feiteng_2001_top' has been routed successfully.
Saving design to DB.
Action route: Export DB successfully.
Action route: Real time elapsed is 0h:0m:15s
Action route: CPU time elapsed is 0h:0m:10s
Action route: Process CPU time elapsed is 0h:0m:11s
Action route: Peak memory pool usage is 381 MB

Current time: Mon Mar 23 16:45:46 2026
