#Build: Fabric Compiler 2024.2-SP1.2, Build 187561, May 22 18:16 2025
#Install: C:\studyware\pango\PDS_2024.2-SP1.2-ads\bin
#Application name: pds_shell.exe
#OS: Windows 10 10.0.18363
#Hostname: z02665mj
Generated by Fabric Compiler (version 2024.2-SP1.2 build 187561) at Wed Mar 25 16:41:07 2026
Parameters for debugging are loaded as follows:
Compiling verification operator library.
Compiling common defs.
Compiling prim grid devices.
Compiling place grid timing.
Compiling gate devices.
Compiling gate operators.
Building architecture model.
Loading device packaging model.
Building architecture floorplan logic view.
Elaborate the liberty model.
I: Multithreading enabled for Timing using a maximum of 4 processes.

Routing started.
Build routing arch for double attribute device.
Enter timing driven router mode.
I: Multithreading enabled for route using a maximum of 1 processes.
W: Route-4027: Cannot find permit_rougth_thru_units.json file in working directory.
Building routing graph takes 0.31 sec.
Enable Recovery Analysis in Routing
Init coarse delay table.
Read place coarse delay table takes 0.05 sec.
build place dedicate switch graph takes 0.36 sec
Setup STE netlist take 1131 msec.
Slack Weight : 90
CE/RS signal series limit : 500
Dispose control chain take 136 msec.
Collect const net info take 31 msec.
Total nets for routing: 3018.
Total loads for routing: 14264.
Direct connect net size: 1266
Build all design net take 220 msec.
Processing design graph takes 1.52 sec.
Delay table total memory: 4.79386520 MB
Route graph total memory: 11.27074432 MB
Route design total memory: 4.22244644 MB
The remaining process takes 0.07 sec.
Stage: after context initialize | Performance: TNS = 0 ; WNS = 8591 ; THS = NA ; WHS = NA | Time (s): real = 0h:0m:6s ; cpu = 0h:0m:4s ; process = 0h:0m:5s | Memory (MB): curr = 353.132813 ; peak = 378.312500 | Checksum: 8088B1478B50EC09
Global routing takes 0.00 sec.
Pin Cost Increasing Speed 300
Unrouted clock nets at iteration 0 (0.012 sec): 0
Stage: after clock route | Performance: TNS = 0 ; WNS = 8591 ; THS = NA ; WHS = NA | Time (s): real = 0h:0m:6s ; cpu = 0h:0m:4s ; process = 0h:0m:5s | Memory (MB): curr = 354.246094 ; peak = 378.312500 | Checksum: 4C64F93A24C95AF5
Total route nets size: 3010
I: Start printing congestion info.
I: Finish printing congestion info.
Pre route takes 1.565 sec
Stage: after pre route | Performance: TNS = 0 ; WNS = 9889 ; THS = 0 ; WHS = 74 | Time (s): real = 0h:0m:8s ; cpu = 0h:0m:4s ; process = 0h:0m:7s | Memory (MB): curr = 415.878906 ; peak = 421.054688 | Checksum: 6431387C777B16E0
Unrouted general nets at iteration 2 (MT total route time: 0.620 sec): 2625(overused: 14303)
Unrouted general nets at iteration 3 (MT total route time: 0.481 sec): 2218(overused: 8672)
Unrouted general nets at iteration 4 (MT total route time: 0.397 sec): 1987(overused: 6796)
Unrouted general nets at iteration 5 (MT total route time: 0.352 sec): 1756(overused: 5582)
Unrouted general nets at iteration 6 (MT total route time: 0.306 sec): 1564(overused: 4566)
Unrouted general nets at iteration 7 (MT total route time: 0.235 sec): 1179(overused: 3395)
Unrouted general nets at iteration 8 (MT total route time: 0.166 sec): 904(overused: 2400)
Unrouted general nets at iteration 9 (MT total route time: 0.133 sec): 733(overused: 1787)
Unrouted general nets at iteration 10 (MT total route time: 0.134 sec): 570(overused: 1331)
Unrouted general nets at iteration 11 (MT total route time: 0.100 sec): 501(overused: 1119)
Unrouted general nets at iteration 12 (MT total route time: 0.118 sec): 380(overused: 827)
Unrouted general nets at iteration 13 (MT total route time: 0.131 sec): 313(overused: 650)
Unrouted general nets at iteration 14 (MT total route time: 0.124 sec): 283(overused: 599)
Unrouted general nets at iteration 15 (MT total route time: 0.133 sec): 255(overused: 522)
Unrouted general nets at iteration 16 (MT total route time: 0.040 sec): 221(overused: 387)
Unrouted general nets at iteration 17 (MT total route time: 0.040 sec): 178(overused: 366)
Unrouted general nets at iteration 18 (MT total route time: 0.065 sec): 158(overused: 340)
Unrouted general nets at iteration 19 (MT total route time: 0.066 sec): 143(overused: 314)
Unrouted general nets at iteration 20 (MT total route time: 0.035 sec): 121(overused: 269)
Unrouted general nets at iteration 21 (MT total route time: 0.027 sec): 105(overused: 218)
Unrouted general nets at iteration 22 (MT total route time: 0.030 sec): 116(overused: 236)
Unrouted general nets at iteration 23 (MT total route time: 0.052 sec): 110(overused: 205)
Unrouted general nets at iteration 24 (MT total route time: 0.120 sec): 95(overused: 158)
Unrouted general nets at iteration 25 (MT total route time: 0.027 sec): 81(overused: 150)
Unrouted general nets at iteration 26 (MT total route time: 0.019 sec): 71(overused: 108)
Unrouted general nets at iteration 27 (MT total route time: 0.015 sec): 46(overused: 76)
Unrouted general nets at iteration 28 (MT total route time: 0.017 sec): 55(overused: 94)
Unrouted general nets at iteration 29 (MT total route time: 0.015 sec): 51(overused: 74)
Unrouted general nets at iteration 30 (MT total route time: 0.012 sec): 36(overused: 56)
Unrouted general nets at iteration 31 (MT total route time: 0.010 sec): 20(overused: 32)
Unrouted general nets at iteration 32 (MT total route time: 0.011 sec): 16(overused: 26)
Unrouted general nets at iteration 33 (MT total route time: 0.014 sec): 10(overused: 16)
Unrouted general nets at iteration 34 (MT total route time: 0.009 sec): 10(overused: 14)
Unrouted general nets at iteration 35 (MT total route time: 0.021 sec): 8(overused: 16)
Unrouted general nets at iteration 36 (MT total route time: 0.008 sec): 9(overused: 18)
Unrouted general nets at iteration 37 (MT total route time: 0.008 sec): 4(overused: 8)
Unrouted general nets at iteration 38 (MT total route time: 0.008 sec): 2(overused: 2)
Unrouted general nets at iteration 39 (MT total route time: 0.010 sec): 3(overused: 6)
Unrouted general nets at iteration 40 (MT total route time: 0.014 sec): 4(overused: 6)
Unrouted general nets at iteration 41 (MT total route time: 0.011 sec): 2(overused: 2)
Unrouted general nets at iteration 42 (MT total route time: 0.011 sec): 2(overused: 2)
Unrouted general nets at iteration 43 (MT total route time: 0.019 sec): 2(overused: 2)
Unrouted general nets at iteration 44 (MT total route time: 0.008 sec): 2(overused: 2)
Unrouted general nets at iteration 45 (MT total route time: 0.008 sec): 0(overused: 0)
----General net take 0.009 sec(route net take 0.000 sec, inc cost take 0.004 sec, iter times: 1)
----const net route take 0.009 sec
Unrouted nets at iteration 46 (0.019 sec): 0
Stage: after detail route | Performance: TNS = 0 ; WNS = 8863 ; THS = NA ; WHS = NA | Time (s): real = 0h:0m:13s ; cpu = 0h:0m:5s ; process = 0h:0m:12s | Memory (MB): curr = 424.125000 ; peak = 424.128906 | Checksum: 803E804DD77CAE17
Begin rip-up and reroute:
Rip-up and reroute takes 0.11 sec.
Stage: after ripup & reroute | Performance: TNS = 0 ; WNS = 8863 ; THS = NA ; WHS = NA | Time (s): real = 0h:0m:13s ; cpu = 0h:0m:5s ; process = 0h:0m:12s | Memory (MB): curr = 427.457031 ; peak = 429.390625 | Checksum: E4BD35055AD0CE05
Detailed routing takes 6.88 sec.
I: Design net genblk1[0].fan_pwm_tach_m/w_clk_1s_pos is routed by general path.
C: Route-2036: The clock path from genblk1[0].fan_pwm_tach_m/Edge_Detect_u1/N0/gateop:Z to clkbufgs_6:CLKIN is routed by SRB.
I: Design net nt_i_CLK_PAL_IN_25M is routed by general path.
C: Route-2036: The clock path from i_CLK_PAL_IN_25M_ibuf/opit_1:OUT to pll_inst/u_pll_e2/goppllinmuxd:CLK_IN[0] is routed by SRB.
Sort Original Nets take 0.002 sec
Check HPIO div result take 0.000 sec
Total net: 3018, route succeed net: 3018
Generate routing result take 0.007 sec
Handle PERMUX permutation take 0.113 sec
Handle const net take 0.010 sec
Handle route through take 0.041 sec
Used SRB routing arc is 24290.
Stage: after finish route | Performance: TNS = 0 ; WNS = 8863 ; THS = NA ; WHS = NA | Time (s): real = 0h:0m:13s ; cpu = 0h:0m:5s ; process = 0h:0m:13s | Memory (MB): curr = 404.500000 ; peak = 429.390625 | Checksum: FD242C04DAD98B67
Finish routing takes 0.28 sec.
Total routing takes 9.22 sec.


Device Utilization Summary :
+----------------------------------------------------------------------------+
| Device Type                      | Used     | Available     | Util(%)     
+----------------------------------------------------------------------------+
| CLMA                             | 378      | 592           | 64          
| + FF                             | 746      | 3552          | 22          
| + LUT                            | 1106     | 2368          | 47          
|   + LUT as Logic                 | 902      |               |             
|   + LUT as Const                 | 192      |               |             
|   + LUT as Bypass                | 12       |               |             
| CLMS                             | 534      | 888           | 61          
| + FF                             | 1259     | 5328          | 24          
| + LUT                            | 1504     | 3552          | 43          
|   + LUT as Logic                 | 1320     |               |             
|   + LUT as Memory                | 0        |               |             
|     + LUT as Distributed RAM     | 0        |               |             
|   + LUT as Const                 | 152      |               |             
|   + LUT as Bypass                | 32       |               |             
| IO                               | 308      | 336           | 92          
| + IOBD                           | 21       | 21            | 100         
| + IOBR                           | 40       | 42            | 96          
| + IOBS                           | 247      | 273           | 91          
| BKCL                             | 6        | 6             | 100         
| CCS                              | 1        | 1             | 100         
| CLKDIV                           | 0        | 4             | 0           
| CLKDLY                           | 0        | 8             | 0           
| DLL                              | 0        | 2             | 0           
| DRM                              | 0        | 26            | 0           
| HARD0N1                          | 170      | 936           | 19          
| IOCKBRG                          | 0        | 2             | 0           
| IOCKGATE                         | 0        | 4             | 0           
| + IOCKGATE as Bypass             | 0        |               |             
| IOLDLYS                          | 138      | 252           | 55          
| IOLDLY                           | 57       | 84            | 68          
| IOL                              | 308      | 336           | 92          
| ISERDES                          | 0        | 21            | 0           
| LDO                              | 0        | 2             | 0           
| OSC                              | 0        | 1             | 0           
| OSERDES                          | 0        | 21            | 0           
| PLLINMUXD                        | 1        | 2             | 50          
| + PLLINMUXD as Bypass            | 0        |               |             
| PLL                              | 1        | 2             | 50          
| USCMDC                           | 2        | 8             | 25          
| + USCMDC as Bypass               | 0        |               |             
| USCMD                            | 0        | 2             | 0           
| + USCMD as Bypass                | 0        |               |             
| USSMBUF                          | 1        | 8             | 13          
| + USSMBUF as Bypass              | 0        |               |             
+----------------------------------------------------------------------------+

Finished routing. (CPU time elapsed 0h:00m:11s)
Design 'Tieta_Feiteng_1001_top' has been routed successfully.
Saving design to DB.
Action route: Export DB successfully.
Action route: Real time elapsed is 0h:0m:15s
Action route: CPU time elapsed is 0h:0m:12s
Action route: Process CPU time elapsed is 0h:0m:14s
Action route: Peak memory pool usage is 429 MB

Current time: Wed Mar 25 16:41:20 2026
