#Build: Fabric Compiler 2024.2-SP1.2, Build 187561, May 22 18:16 2025
#Install: C:\studyware\pango\PDS_2024.2-SP1.2-ads\bin
#Application name: pds_shell.exe
#OS: Windows 10 10.0.18363
#Hostname: z02665mj
Generated by Fabric Compiler (version 2024.2-SP1.2 build 187561) at Sat Mar  7 16:56:38 2026
Parameters for debugging are loaded as follows:
Compiling verification operator library.
Compiling common defs.
Compiling prim grid devices.
Compiling place grid timing.
Compiling gate devices.
Compiling gate operators.
Building architecture model.
Loading device packaging model.
Building architecture floorplan logic view.
Elaborate the liberty model.
I: Multithreading enabled for Timing using a maximum of 4 processes.

Routing started.
Build routing arch for double attribute device.
Enter timing driven router mode.
I: Multithreading enabled for route using a maximum of 1 processes.
W: Route-4027: Cannot find permit_rougth_thru_units.json file in working directory.
Building routing graph takes 0.31 sec.
Enable Recovery Analysis in Routing
Init coarse delay table.
Read place coarse delay table takes 0.05 sec.
build place dedicate switch graph takes 0.16 sec
Setup STE netlist take 521 msec.
Slack Weight : 90
CE/RS signal series limit : 500
Dispose control chain take 72 msec.
Collect const net info take 33 msec.
Total nets for routing: 2622.
Total loads for routing: 12341.
Direct connect net size: 1193
Build all design net take 152 msec.
Processing design graph takes 0.78 sec.
Delay table total memory: 4.79386520 MB
Route graph total memory: 10.92471695 MB
Route design total memory: 3.96511459 MB
The remaining process takes 0.05 sec.
Stage: after context initialize | Performance: TNS = 0 ; WNS = 8856 ; THS = NA ; WHS = NA | Time (s): real = 0h:0m:5s ; cpu = 0h:0m:3s ; process = 0h:0m:4s | Memory (MB): curr = 347.160156 ; peak = 369.023438 | Checksum: C1D756484201B344
Global routing takes 0.00 sec.
Pin Cost Increasing Speed 300
Unrouted clock nets at iteration 0 (0.009 sec): 0
Stage: after clock route | Performance: TNS = 0 ; WNS = 8856 ; THS = NA ; WHS = NA | Time (s): real = 0h:0m:5s ; cpu = 0h:0m:3s ; process = 0h:0m:4s | Memory (MB): curr = 348.335938 ; peak = 369.023438 | Checksum: D008CDA490BFEF0A
Total route nets size: 2614
I: Start printing congestion info.
I: Finish printing congestion info.
Pre route takes 0.739 sec
Stage: after pre route | Performance: TNS = 0 ; WNS = 10156 ; THS = 0 ; WHS = 258 | Time (s): real = 0h:0m:6s ; cpu = 0h:0m:3s ; process = 0h:0m:5s | Memory (MB): curr = 403.812500 ; peak = 408.054688 | Checksum: CC88F2A61901CA7B
Unrouted general nets at iteration 2 (MT total route time: 0.432 sec): 2246(overused: 12416)
Unrouted general nets at iteration 3 (MT total route time: 0.347 sec): 1906(overused: 7736)
Unrouted general nets at iteration 4 (MT total route time: 0.274 sec): 1689(overused: 6156)
Unrouted general nets at iteration 5 (MT total route time: 0.227 sec): 1469(overused: 4854)
Unrouted general nets at iteration 6 (MT total route time: 0.189 sec): 1311(overused: 4139)
Unrouted general nets at iteration 7 (MT total route time: 0.152 sec): 946(overused: 2905)
Unrouted general nets at iteration 8 (MT total route time: 0.127 sec): 713(overused: 1988)
Unrouted general nets at iteration 9 (MT total route time: 0.102 sec): 566(overused: 1479)
Unrouted general nets at iteration 10 (MT total route time: 0.081 sec): 435(overused: 1084)
Unrouted general nets at iteration 11 (MT total route time: 0.069 sec): 364(overused: 875)
Unrouted general nets at iteration 12 (MT total route time: 0.054 sec): 320(overused: 736)
Unrouted general nets at iteration 13 (MT total route time: 0.047 sec): 282(overused: 622)
Unrouted general nets at iteration 14 (MT total route time: 0.052 sec): 261(overused: 549)
Unrouted general nets at iteration 15 (MT total route time: 0.043 sec): 204(overused: 423)
Unrouted general nets at iteration 16 (MT total route time: 0.035 sec): 167(overused: 327)
Unrouted general nets at iteration 17 (MT total route time: 0.024 sec): 159(overused: 281)
Unrouted general nets at iteration 18 (MT total route time: 0.026 sec): 149(overused: 277)
Unrouted general nets at iteration 19 (MT total route time: 0.024 sec): 124(overused: 261)
Unrouted general nets at iteration 20 (MT total route time: 0.024 sec): 122(overused: 232)
Unrouted general nets at iteration 21 (MT total route time: 0.028 sec): 96(overused: 174)
Unrouted general nets at iteration 22 (MT total route time: 0.019 sec): 76(overused: 146)
Unrouted general nets at iteration 23 (MT total route time: 0.015 sec): 66(overused: 124)
Unrouted general nets at iteration 24 (MT total route time: 0.015 sec): 58(overused: 104)
Unrouted general nets at iteration 25 (MT total route time: 0.014 sec): 55(overused: 113)
Unrouted general nets at iteration 26 (MT total route time: 0.021 sec): 85(overused: 180)
Unrouted general nets at iteration 27 (MT total route time: 0.022 sec): 79(overused: 174)
Unrouted general nets at iteration 28 (MT total route time: 0.020 sec): 65(overused: 144)
Unrouted general nets at iteration 29 (MT total route time: 0.017 sec): 58(overused: 112)
Unrouted general nets at iteration 30 (MT total route time: 0.015 sec): 44(overused: 88)
Unrouted general nets at iteration 31 (MT total route time: 0.014 sec): 42(overused: 78)
Unrouted general nets at iteration 32 (MT total route time: 0.015 sec): 24(overused: 42)
Unrouted general nets at iteration 33 (MT total route time: 0.012 sec): 22(overused: 44)
Unrouted general nets at iteration 34 (MT total route time: 0.012 sec): 26(overused: 44)
Unrouted general nets at iteration 35 (MT total route time: 0.011 sec): 20(overused: 30)
Unrouted general nets at iteration 36 (MT total route time: 0.014 sec): 12(overused: 14)
Unrouted general nets at iteration 37 (MT total route time: 0.014 sec): 9(overused: 12)
Unrouted general nets at iteration 38 (MT total route time: 0.013 sec): 10(overused: 16)
Unrouted general nets at iteration 39 (MT total route time: 0.010 sec): 9(overused: 10)
Unrouted general nets at iteration 40 (MT total route time: 0.009 sec): 8(overused: 12)
Unrouted general nets at iteration 41 (MT total route time: 0.008 sec): 6(overused: 10)
Unrouted general nets at iteration 42 (MT total route time: 0.012 sec): 4(overused: 4)
Unrouted general nets at iteration 43 (MT total route time: 0.009 sec): 2(overused: 4)
Unrouted general nets at iteration 44 (MT total route time: 0.009 sec): 2(overused: 4)
Unrouted general nets at iteration 45 (MT total route time: 0.009 sec): 2(overused: 2)
Unrouted general nets at iteration 46 (MT total route time: 0.007 sec): 2(overused: 4)
Unrouted general nets at iteration 47 (MT total route time: 0.009 sec): 2(overused: 2)
Unrouted general nets at iteration 48 (MT total route time: 0.007 sec): 2(overused: 4)
Unrouted general nets at iteration 49 (MT total route time: 0.007 sec): 2(overused: 4)
Unrouted general nets at iteration 50 (MT total route time: 0.009 sec): 2(overused: 4)
Unrouted general nets at iteration 51 (MT total route time: 0.008 sec): 2(overused: 4)
Unrouted general nets at iteration 52 (MT total route time: 0.009 sec): 2(overused: 2)
Unrouted general nets at iteration 53 (MT total route time: 0.008 sec): 2(overused: 2)
Unrouted general nets at iteration 54 (MT total route time: 0.010 sec): 0(overused: 0)
----General net take 0.009 sec(route net take 0.000 sec, inc cost take 0.004 sec, iter times: 1)
----const net route take 0.009 sec
Unrouted nets at iteration 55 (0.019 sec): 0
Stage: after detail route | Performance: TNS = 0 ; WNS = 9444 ; THS = NA ; WHS = NA | Time (s): real = 0h:0m:9s ; cpu = 0h:0m:4s ; process = 0h:0m:9s | Memory (MB): curr = 412.921875 ; peak = 412.925781 | Checksum: 693F7311A32DC9E9
Begin rip-up and reroute:
Rip-up and reroute takes 0.14 sec.
Stage: after ripup & reroute | Performance: TNS = 0 ; WNS = 9444 ; THS = NA ; WHS = NA | Time (s): real = 0h:0m:9s ; cpu = 0h:0m:4s ; process = 0h:0m:9s | Memory (MB): curr = 417.828125 ; peak = 417.878906 | Checksum: CAC2CF16196ECD87
Detailed routing takes 4.33 sec.
I: Design net genblk1[0].fan_pwm_tach_m/w_clk_1s_pos is routed by general path.
C: Route-2036: The clock path from genblk1[0].fan_pwm_tach_m/Edge_Detect_u1/N0/gateop:Z to clkbufgs_6:CLKIN is routed by SRB.
I: Design net nt_i_CLK_PAL_IN_25M is routed by general path.
C: Route-2036: The clock path from i_CLK_PAL_IN_25M_ibuf/opit_1:OUT to pll_inst/u_pll_e2/goppllinmuxd:CLK_IN[0] is routed by SRB.
Sort Original Nets take 0.003 sec
Check HPIO div result take 0.000 sec
Total net: 2622, route succeed net: 2622
Generate routing result take 0.012 sec
Handle PERMUX permutation take 0.129 sec
Handle const net take 0.009 sec
Handle route through take 0.029 sec
Used SRB routing arc is 20854.
Stage: after finish route | Performance: TNS = 0 ; WNS = 9444 ; THS = NA ; WHS = NA | Time (s): real = 0h:0m:9s ; cpu = 0h:0m:4s ; process = 0h:0m:9s | Memory (MB): curr = 396.058594 ; peak = 417.878906 | Checksum: CEF6902815DC34B7
Finish routing takes 0.25 sec.
Total routing takes 5.81 sec.


Device Utilization Summary :
+----------------------------------------------------------------------------+
| Device Type                      | Used     | Available     | Util(%)     
+----------------------------------------------------------------------------+
| CLMA                             | 354      | 592           | 60          
| + FF                             | 669      | 3552          | 19          
| + LUT                            | 983      | 2368          | 42          
|   + LUT as Logic                 | 783      |               |             
|   + LUT as Const                 | 192      |               |             
|   + LUT as Bypass                | 8        |               |             
| CLMS                             | 466      | 888           | 53          
| + FF                             | 1027     | 5328          | 20          
| + LUT                            | 1304     | 3552          | 37          
|   + LUT as Logic                 | 1166     |               |             
|   + LUT as Memory                | 0        |               |             
|     + LUT as Distributed RAM     | 0        |               |             
|   + LUT as Const                 | 116      |               |             
|   + LUT as Bypass                | 22       |               |             
| IO                               | 308      | 336           | 92          
| + IOBD                           | 21       | 21            | 100         
| + IOBR                           | 40       | 42            | 96          
| + IOBS                           | 247      | 273           | 91          
| BKCL                             | 6        | 6             | 100         
| CCS                              | 1        | 1             | 100         
| CLKDIV                           | 0        | 4             | 0           
| CLKDLY                           | 0        | 8             | 0           
| DLL                              | 0        | 2             | 0           
| DRM                              | 0        | 26            | 0           
| HARD0N1                          | 142      | 936           | 16          
| IOCKBRG                          | 0        | 2             | 0           
| IOCKGATE                         | 0        | 4             | 0           
| + IOCKGATE as Bypass             | 0        |               |             
| IOLDLYS                          | 138      | 252           | 55          
| IOLDLY                           | 57       | 84            | 68          
| IOL                              | 308      | 336           | 92          
| ISERDES                          | 0        | 21            | 0           
| LDO                              | 0        | 2             | 0           
| OSC                              | 0        | 1             | 0           
| OSERDES                          | 0        | 21            | 0           
| PLLINMUXD                        | 1        | 2             | 50          
| + PLLINMUXD as Bypass            | 0        |               |             
| PLL                              | 1        | 2             | 50          
| USCMDC                           | 2        | 8             | 25          
| + USCMDC as Bypass               | 0        |               |             
| USCMD                            | 0        | 2             | 0           
| + USCMD as Bypass                | 0        |               |             
| USSMBUF                          | 1        | 8             | 13          
| + USSMBUF as Bypass              | 0        |               |             
+----------------------------------------------------------------------------+

Finished routing. (CPU time elapsed 0h:00m:08s)
Design 'Tieta_Feiteng_1001_top' has been routed successfully.
Saving design to DB.
Action route: Export DB successfully.
Action route: Real time elapsed is 0h:0m:10s
Action route: CPU time elapsed is 0h:0m:9s
Action route: Process CPU time elapsed is 0h:0m:10s
Action route: Peak memory pool usage is 417 MB

Current time: Sat Mar  7 16:56:47 2026
