#Build: Fabric Compiler 2024.2-SP1.2, Build 187561, May 22 18:16 2025
#Install: C:\studyware\pango\PDS_2024.2-SP1.2-ads\bin
#Application name: pds_shell.exe
#OS: Windows 10 10.0.18363
#Hostname: z02665mj
Generated by Fabric Compiler (version 2024.2-SP1.2 build 187561) at Mon Mar  2 17:17:57 2026
Parameters for debugging are loaded as follows:
Compiling verification operator library.
Compiling common defs.
Compiling prim grid devices.
Compiling place grid timing.
Compiling gate devices.
Compiling gate operators.
Building architecture model.
Loading device packaging model.
Building architecture floorplan logic view.
Elaborate the liberty model.
I: Multithreading enabled for Timing using a maximum of 4 processes.

Routing started.
Build routing arch for double attribute device.
Enter timing driven router mode.
I: Multithreading enabled for route using a maximum of 1 processes.
W: Route-4027: Cannot find permit_rougth_thru_units.json file in working directory.
Building routing graph takes 0.36 sec.
Enable Recovery Analysis in Routing
Init coarse delay table.
Read place coarse delay table takes 0.05 sec.
build place dedicate switch graph takes 0.17 sec
Setup STE netlist take 537 msec.
Slack Weight : 90
CE/RS signal series limit : 500
Dispose control chain take 77 msec.
Collect const net info take 33 msec.
Total nets for routing: 1826.
Total loads for routing: 8580.
Direct connect net size: 1037
Build all design net take 133 msec.
Processing design graph takes 0.78 sec.
Delay table total memory: 4.79386520 MB
Route graph total memory: 10.53503799 MB
Route design total memory: 3.36439896 MB
The remaining process takes 0.04 sec.
Stage: after context initialize | Performance: TNS = 0 ; WNS = 12783 ; THS = NA ; WHS = NA | Time (s): real = 0h:0m:7s ; cpu = 0h:0m:4s ; process = 0h:0m:5s | Memory (MB): curr = 327.812500 ; peak = 343.121094 | Checksum: CE87BDD64D1E2815
Global routing takes 0.00 sec.
Pin Cost Increasing Speed 300
Unrouted clock nets at iteration 0 (0.005 sec): 0
Stage: after clock route | Performance: TNS = 0 ; WNS = 12783 ; THS = NA ; WHS = NA | Time (s): real = 0h:0m:7s ; cpu = 0h:0m:4s ; process = 0h:0m:5s | Memory (MB): curr = 328.765625 ; peak = 343.121094 | Checksum: 6A6850DCAF333761
Total route nets size: 1821
I: Start printing congestion info.
I: Finish printing congestion info.
Pre route takes 1.501 sec
Stage: after pre route | Performance: TNS = 0 ; WNS = 12804 ; THS = 0 ; WHS = 255 | Time (s): real = 0h:0m:8s ; cpu = 0h:0m:4s ; process = 0h:0m:6s | Memory (MB): curr = 364.757813 ; peak = 370.164063 | Checksum: DC61283FEC5469F1
Unrouted general nets at iteration 2 (MT total route time: 0.803 sec): 1448(overused: 8814)
Unrouted general nets at iteration 3 (MT total route time: 0.261 sec): 1305(overused: 5661)
Unrouted general nets at iteration 4 (MT total route time: 0.204 sec): 1196(overused: 4552)
Unrouted general nets at iteration 5 (MT total route time: 0.178 sec): 1132(overused: 3883)
Unrouted general nets at iteration 6 (MT total route time: 0.152 sec): 1030(overused: 3356)
Unrouted general nets at iteration 7 (MT total route time: 0.144 sec): 683(overused: 2453)
Unrouted general nets at iteration 8 (MT total route time: 0.101 sec): 508(overused: 1599)
Unrouted general nets at iteration 9 (MT total route time: 0.074 sec): 388(overused: 1169)
Unrouted general nets at iteration 10 (MT total route time: 0.065 sec): 344(overused: 903)
Unrouted general nets at iteration 11 (MT total route time: 0.054 sec): 276(overused: 714)
Unrouted general nets at iteration 12 (MT total route time: 0.050 sec): 252(overused: 648)
Unrouted general nets at iteration 13 (MT total route time: 0.041 sec): 238(overused: 570)
Unrouted general nets at iteration 14 (MT total route time: 0.040 sec): 197(overused: 466)
Unrouted general nets at iteration 15 (MT total route time: 0.032 sec): 161(overused: 368)
Unrouted general nets at iteration 16 (MT total route time: 0.026 sec): 143(overused: 290)
Unrouted general nets at iteration 17 (MT total route time: 0.019 sec): 100(overused: 210)
Unrouted general nets at iteration 18 (MT total route time: 0.021 sec): 84(overused: 180)
Unrouted general nets at iteration 19 (MT total route time: 0.013 sec): 71(overused: 144)
Unrouted general nets at iteration 20 (MT total route time: 0.015 sec): 50(overused: 82)
Unrouted general nets at iteration 21 (MT total route time: 0.012 sec): 47(overused: 76)
Unrouted general nets at iteration 22 (MT total route time: 0.011 sec): 35(overused: 64)
Unrouted general nets at iteration 23 (MT total route time: 0.008 sec): 32(overused: 56)
Unrouted general nets at iteration 24 (MT total route time: 0.007 sec): 27(overused: 46)
Unrouted general nets at iteration 25 (MT total route time: 0.008 sec): 14(overused: 28)
Unrouted general nets at iteration 26 (MT total route time: 0.012 sec): 21(overused: 40)
Unrouted general nets at iteration 27 (MT total route time: 0.009 sec): 20(overused: 38)
Unrouted general nets at iteration 28 (MT total route time: 0.009 sec): 16(overused: 36)
Unrouted general nets at iteration 29 (MT total route time: 0.008 sec): 9(overused: 20)
Unrouted general nets at iteration 30 (MT total route time: 0.011 sec): 11(overused: 16)
Unrouted general nets at iteration 31 (MT total route time: 0.010 sec): 5(overused: 12)
Unrouted general nets at iteration 32 (MT total route time: 0.010 sec): 2(overused: 8)
Unrouted general nets at iteration 33 (MT total route time: 0.005 sec): 4(overused: 6)
Unrouted general nets at iteration 34 (MT total route time: 0.005 sec): 0(overused: 0)
----General net take 0.004 sec(route net take 0.000 sec, inc cost take 0.002 sec, iter times: 1)
----const net route take 0.004 sec
Unrouted nets at iteration 35 (0.008 sec): 0
Stage: after detail route | Performance: TNS = 0 ; WNS = 11623 ; THS = NA ; WHS = NA | Time (s): real = 0h:0m:11s ; cpu = 0h:0m:4s ; process = 0h:0m:8s | Memory (MB): curr = 371.562500 ; peak = 371.894531 | Checksum: F9FF5AC81CB0529B
Begin rip-up and reroute:
Rip-up and reroute takes 0.09 sec.
Stage: after ripup & reroute | Performance: TNS = 0 ; WNS = 11621 ; THS = NA ; WHS = NA | Time (s): real = 0h:0m:11s ; cpu = 0h:0m:4s ; process = 0h:0m:9s | Memory (MB): curr = 375.593750 ; peak = 375.656250 | Checksum: ED32DCDEA47F327
Detailed routing takes 4.42 sec.
I: Design net nt_i_CLK_C42_IN_25M is routed by general path.
C: Route-2036: The clock path from i_CLK_C42_IN_25M_ibuf/opit_1:OUT to pll_inst/u_pll_e2/goppllinmuxd:CLK_IN[0] is routed by SRB.
Sort Original Nets take 0.000 sec
Check HPIO div result take 0.000 sec
Total net: 1826, route succeed net: 1826
Generate routing result take 0.006 sec
Handle PERMUX permutation take 0.093 sec
Handle const net take 0.006 sec
Handle route through take 0.032 sec
Used SRB routing arc is 15022.
Stage: after finish route | Performance: TNS = 0 ; WNS = 11621 ; THS = NA ; WHS = NA | Time (s): real = 0h:0m:12s ; cpu = 0h:0m:5s ; process = 0h:0m:9s | Memory (MB): curr = 361.972656 ; peak = 375.656250 | Checksum: 7B90065A1715131A
Finish routing takes 0.21 sec.
Total routing takes 5.94 sec.


Device Utilization Summary :
+----------------------------------------------------------------------------+
| Device Type                      | Used     | Available     | Util(%)     
+----------------------------------------------------------------------------+
| CLMA                             | 238      | 592           | 41          
| + FF                             | 513      | 3552          | 15          
| + LUT                            | 596      | 2368          | 26          
|   + LUT as Logic                 | 496      |               |             
|   + LUT as Const                 | 94       |               |             
|   + LUT as Bypass                | 6        |               |             
| CLMS                             | 328      | 888           | 37          
| + FF                             | 739      | 5328          | 14          
| + LUT                            | 803      | 3552          | 23          
|   + LUT as Logic                 | 696      |               |             
|   + LUT as Memory                | 0        |               |             
|     + LUT as Distributed RAM     | 0        |               |             
|   + LUT as Const                 | 99       |               |             
|   + LUT as Bypass                | 8        |               |             
| IO                               | 287      | 336           | 86          
| + IOBD                           | 19       | 21            | 91          
| + IOBR                           | 37       | 42            | 89          
| + IOBS                           | 231      | 273           | 85          
| BKCL                             | 6        | 6             | 100         
| CCS                              | 1        | 1             | 100         
| CLKDIV                           | 0        | 4             | 0           
| CLKDLY                           | 0        | 8             | 0           
| DLL                              | 0        | 2             | 0           
| DRM                              | 0        | 26            | 0           
| HARD0N1                          | 45       | 936           | 5           
| IOCKBRG                          | 0        | 2             | 0           
| IOCKGATE                         | 0        | 4             | 0           
| + IOCKGATE as Bypass             | 0        |               |             
| IOLDLYS                          | 131      | 252           | 52          
| IOLDLY                           | 38       | 84            | 46          
| IOL                              | 287      | 336           | 86          
| ISERDES                          | 0        | 21            | 0           
| LDO                              | 0        | 2             | 0           
| OSC                              | 0        | 1             | 0           
| OSERDES                          | 0        | 21            | 0           
| PLLINMUXD                        | 1        | 2             | 50          
| + PLLINMUXD as Bypass            | 0        |               |             
| PLL                              | 1        | 2             | 50          
| USCMDC                           | 1        | 8             | 13          
| + USCMDC as Bypass               | 0        |               |             
| USCMD                            | 0        | 2             | 0           
| + USCMD as Bypass                | 0        |               |             
| USSMBUF                          | 0        | 8             | 0           
| + USSMBUF as Bypass              | 0        |               |             
+----------------------------------------------------------------------------+

Finished routing. (CPU time elapsed 0h:00m:08s)
Design 'Tieta_Feiteng_2001_top' has been routed successfully.
Saving design to DB.
Action route: Export DB successfully.
Action route: Real time elapsed is 0h:0m:12s
Action route: CPU time elapsed is 0h:0m:8s
Action route: Process CPU time elapsed is 0h:0m:10s
Action route: Peak memory pool usage is 375 MB

Current time: Mon Mar  2 17:18:06 2026
