#Build: Fabric Compiler 2024.2-SP1.2, Build 187561, May 22 18:16 2025
#Install: C:\studyware\pango\PDS_2024.2-SP1.2-ads\bin
#Application name: pds_shell.exe
#OS: Windows 10 10.0.18363
#Hostname: z02665mj
Generated by Fabric Compiler (version 2024.2-SP1.2 build 187561) at Fri Mar 27 14:12:32 2026
Parameters for debugging are loaded as follows:
Compiling verification operator library.
Compiling common defs.
Compiling prim grid devices.
Compiling place grid timing.
Compiling gate devices.
Compiling gate operators.
Building architecture model.
Loading device packaging model.
Building architecture floorplan logic view.
Elaborate the liberty model.
I: Multithreading enabled for Timing using a maximum of 4 processes.

Routing started.
Build routing arch for double attribute device.
Enter timing driven router mode.
I: Multithreading enabled for route using a maximum of 1 processes.
W: Route-4027: Cannot find permit_rougth_thru_units.json file in working directory.
Building routing graph takes 0.53 sec.
Enable Recovery Analysis in Routing
Init coarse delay table.
Read place coarse delay table takes 0.05 sec.
build place dedicate switch graph takes 0.14 sec
Setup STE netlist take 547 msec.
Slack Weight : 90
CE/RS signal series limit : 500
Dispose control chain take 95 msec.
Collect const net info take 28 msec.
Total nets for routing: 3145.
Total loads for routing: 14782.
Direct connect net size: 1293
Build all design net take 194 msec.
Processing design graph takes 0.87 sec.
Delay table total memory: 4.79386520 MB
Route graph total memory: 11.33750916 MB
Route design total memory: 4.23918533 MB
The remaining process takes 0.06 sec.
Stage: after context initialize | Performance: TNS = 0 ; WNS = 8853 ; THS = NA ; WHS = NA | Time (s): real = 0h:0m:6s ; cpu = 0h:0m:4s ; process = 0h:0m:5s | Memory (MB): curr = 355.789063 ; peak = 382.371094 | Checksum: 297321B90EF399E8
Global routing takes 0.00 sec.
Pin Cost Increasing Speed 300
Unrouted clock nets at iteration 0 (0.009 sec): 0
Stage: after clock route | Performance: TNS = 0 ; WNS = 8853 ; THS = NA ; WHS = NA | Time (s): real = 0h:0m:6s ; cpu = 0h:0m:4s ; process = 0h:0m:5s | Memory (MB): curr = 357.386719 ; peak = 382.371094 | Checksum: D64FE1D2AB74AF6E
Total route nets size: 3137
I: Start printing congestion info.
I: Finish printing congestion info.
Pre route takes 0.867 sec
Stage: after pre route | Performance: TNS = 0 ; WNS = 10292 ; THS = -35 ; WHS = -25 | Time (s): real = 0h:0m:7s ; cpu = 0h:0m:4s ; process = 0h:0m:6s | Memory (MB): curr = 421.550781 ; peak = 426.746094 | Checksum: 175E835443995E69
Unrouted general nets at iteration 2 (MT total route time: 0.933 sec): 2733(overused: 15028)
Unrouted general nets at iteration 3 (MT total route time: 0.524 sec): 2336(overused: 9397)
Unrouted general nets at iteration 4 (MT total route time: 0.335 sec): 2047(overused: 7483)
Unrouted general nets at iteration 5 (MT total route time: 0.303 sec): 1807(overused: 5947)
Unrouted general nets at iteration 6 (MT total route time: 0.239 sec): 1655(overused: 5043)
Unrouted general nets at iteration 7 (MT total route time: 0.186 sec): 1277(overused: 3666)
Unrouted general nets at iteration 8 (MT total route time: 0.156 sec): 985(overused: 2707)
Unrouted general nets at iteration 9 (MT total route time: 0.149 sec): 809(overused: 2081)
Unrouted general nets at iteration 10 (MT total route time: 0.193 sec): 648(overused: 1596)
Unrouted general nets at iteration 11 (MT total route time: 0.170 sec): 549(overused: 1378)
Unrouted general nets at iteration 12 (MT total route time: 0.160 sec): 449(overused: 1109)
Unrouted general nets at iteration 13 (MT total route time: 0.122 sec): 402(overused: 931)
Unrouted general nets at iteration 14 (MT total route time: 0.070 sec): 336(overused: 727)
Unrouted general nets at iteration 15 (MT total route time: 0.066 sec): 273(overused: 593)
Unrouted general nets at iteration 16 (MT total route time: 0.049 sec): 256(overused: 469)
Unrouted general nets at iteration 17 (MT total route time: 0.046 sec): 202(overused: 403)
Unrouted general nets at iteration 18 (MT total route time: 0.047 sec): 200(overused: 446)
Unrouted general nets at iteration 19 (MT total route time: 0.044 sec): 189(overused: 421)
Unrouted general nets at iteration 20 (MT total route time: 0.038 sec): 176(overused: 363)
Unrouted general nets at iteration 21 (MT total route time: 0.038 sec): 152(overused: 335)
Unrouted general nets at iteration 22 (MT total route time: 0.038 sec): 153(overused: 324)
Unrouted general nets at iteration 23 (MT total route time: 0.031 sec): 121(overused: 224)
Unrouted general nets at iteration 24 (MT total route time: 0.023 sec): 93(overused: 178)
Unrouted general nets at iteration 25 (MT total route time: 0.021 sec): 71(overused: 116)
Unrouted general nets at iteration 26 (MT total route time: 0.016 sec): 64(overused: 108)
Unrouted general nets at iteration 27 (MT total route time: 0.024 sec): 60(overused: 114)
Unrouted general nets at iteration 28 (MT total route time: 0.018 sec): 49(overused: 86)
Unrouted general nets at iteration 29 (MT total route time: 0.016 sec): 44(overused: 84)
Unrouted general nets at iteration 30 (MT total route time: 0.014 sec): 49(overused: 88)
Unrouted general nets at iteration 31 (MT total route time: 0.013 sec): 43(overused: 74)
Unrouted general nets at iteration 32 (MT total route time: 0.013 sec): 28(overused: 54)
Unrouted general nets at iteration 33 (MT total route time: 0.023 sec): 27(overused: 48)
Unrouted general nets at iteration 34 (MT total route time: 0.017 sec): 19(overused: 26)
Unrouted general nets at iteration 35 (MT total route time: 0.013 sec): 22(overused: 34)
Unrouted general nets at iteration 36 (MT total route time: 0.013 sec): 17(overused: 24)
Unrouted general nets at iteration 37 (MT total route time: 0.013 sec): 21(overused: 40)
Unrouted general nets at iteration 38 (MT total route time: 0.012 sec): 18(overused: 22)
Unrouted general nets at iteration 39 (MT total route time: 0.010 sec): 8(overused: 10)
Unrouted general nets at iteration 40 (MT total route time: 0.009 sec): 7(overused: 12)
Unrouted general nets at iteration 41 (MT total route time: 0.007 sec): 4(overused: 6)
Unrouted general nets at iteration 42 (MT total route time: 0.007 sec): 2(overused: 4)
Unrouted general nets at iteration 43 (MT total route time: 0.007 sec): 2(overused: 4)
Unrouted general nets at iteration 44 (MT total route time: 0.007 sec): 0(overused: 0)
----General net take 0.009 sec(route net take 0.000 sec, inc cost take 0.003 sec, iter times: 1)
----const net route take 0.010 sec
Unrouted nets at iteration 45 (0.020 sec): 0
Stage: after detail route | Performance: TNS = 0 ; WNS = 8141 ; THS = NA ; WHS = NA | Time (s): real = 0h:0m:12s ; cpu = 0h:0m:4s ; process = 0h:0m:11s | Memory (MB): curr = 429.875000 ; peak = 430.031250 | Checksum: 2F78B0659ADCBC27
Begin rip-up and reroute:
Rip-up and reroute takes 0.12 sec.
Stage: after ripup & reroute | Performance: TNS = 0 ; WNS = 8140 ; THS = NA ; WHS = NA | Time (s): real = 0h:0m:12s ; cpu = 0h:0m:4s ; process = 0h:0m:11s | Memory (MB): curr = 435.937500 ; peak = 435.988281 | Checksum: F4718B7A33C818A8
Detailed routing takes 6.07 sec.
I: Design net genblk1[0].fan_pwm_tach_m/w_clk_1s_pos is routed by general path.
C: Route-2036: The clock path from genblk1[0].fan_pwm_tach_m/Edge_Detect_u1/N0/gateop:Z to clkbufgs_6:CLKIN is routed by SRB.
I: Design net nt_i_CLK_PAL_IN_25M is routed by general path.
C: Route-2036: The clock path from i_CLK_PAL_IN_25M_ibuf/opit_1:OUT to pll_inst/u_pll_e2/goppllinmuxd:CLK_IN[0] is routed by SRB.
Sort Original Nets take 0.002 sec
Check HPIO div result take 0.000 sec
Total net: 3145, route succeed net: 3145
Generate routing result take 0.006 sec
Handle PERMUX permutation take 0.114 sec
Handle const net take 0.010 sec
Handle route through take 0.034 sec
Used SRB routing arc is 25312.
Stage: after finish route | Performance: TNS = 0 ; WNS = 8140 ; THS = NA ; WHS = NA | Time (s): real = 0h:0m:12s ; cpu = 0h:0m:5s ; process = 0h:0m:12s | Memory (MB): curr = 410.351563 ; peak = 435.988281 | Checksum: 7F69C3BE3B1DCDC8
Finish routing takes 0.25 sec.
Total routing takes 7.87 sec.


Device Utilization Summary :
+----------------------------------------------------------------------------+
| Device Type                      | Used     | Available     | Util(%)     
+----------------------------------------------------------------------------+
| CLMA                             | 381      | 592           | 65          
| + FF                             | 812      | 3552          | 23          
| + LUT                            | 1123     | 2368          | 48          
|   + LUT as Logic                 | 922      |               |             
|   + LUT as Const                 | 191      |               |             
|   + LUT as Bypass                | 10       |               |             
| CLMS                             | 543      | 888           | 62          
| + FF                             | 1262     | 5328          | 24          
| + LUT                            | 1581     | 3552          | 45          
|   + LUT as Logic                 | 1414     |               |             
|   + LUT as Memory                | 0        |               |             
|     + LUT as Distributed RAM     | 0        |               |             
|   + LUT as Const                 | 143      |               |             
|   + LUT as Bypass                | 24       |               |             
| IO                               | 306      | 336           | 92          
| + IOBD                           | 21       | 21            | 100         
| + IOBR                           | 40       | 42            | 96          
| + IOBS                           | 245      | 273           | 90          
| BKCL                             | 6        | 6             | 100         
| CCS                              | 1        | 1             | 100         
| CLKDIV                           | 0        | 4             | 0           
| CLKDLY                           | 0        | 8             | 0           
| DLL                              | 0        | 2             | 0           
| DRM                              | 0        | 26            | 0           
| HARD0N1                          | 189      | 936           | 21          
| IOCKBRG                          | 0        | 2             | 0           
| IOCKGATE                         | 0        | 4             | 0           
| + IOCKGATE as Bypass             | 0        |               |             
| IOLDLYS                          | 138      | 252           | 55          
| IOLDLY                           | 52       | 84            | 62          
| IOL                              | 306      | 336           | 92          
| ISERDES                          | 0        | 21            | 0           
| LDO                              | 0        | 2             | 0           
| OSC                              | 0        | 1             | 0           
| OSERDES                          | 0        | 21            | 0           
| PLLINMUXD                        | 1        | 2             | 50          
| + PLLINMUXD as Bypass            | 0        |               |             
| PLL                              | 1        | 2             | 50          
| USCMDC                           | 2        | 8             | 25          
| + USCMDC as Bypass               | 0        |               |             
| USCMD                            | 0        | 2             | 0           
| + USCMD as Bypass                | 0        |               |             
| USSMBUF                          | 1        | 8             | 13          
| + USSMBUF as Bypass              | 0        |               |             
+----------------------------------------------------------------------------+

Finished routing. (CPU time elapsed 0h:00m:10s)
Design 'Tieta_Feiteng_1001_top' has been routed successfully.
Saving design to DB.
Action route: Export DB successfully.
Action route: Real time elapsed is 0h:0m:14s
Action route: CPU time elapsed is 0h:0m:11s
Action route: Process CPU time elapsed is 0h:0m:13s
Action route: Peak memory pool usage is 435 MB

Current time: Fri Mar 27 14:12:44 2026
