#Build: Fabric Compiler 2024.2-SP1.2, Build 187561, May 22 18:16 2025
#Install: C:\studyware\pango\PDS_2024.2-SP1.2-ads\bin
#Application name: pds_shell.exe
#OS: Windows 10 10.0.18363
#Hostname: z02665mj
Generated by Fabric Compiler (version 2024.2-SP1.2 build 187561) at Thu Mar 26 16:56:24 2026
Parameters for debugging are loaded as follows:
Compiling verification operator library.
Compiling common defs.
Compiling prim grid devices.
Compiling place grid timing.
Compiling gate devices.
Compiling gate operators.
Building architecture model.
Loading device packaging model.
Building architecture floorplan logic view.
Elaborate the liberty model.
I: Multithreading enabled for Timing using a maximum of 4 processes.

Routing started.
Build routing arch for double attribute device.
Enter timing driven router mode.
I: Multithreading enabled for route using a maximum of 1 processes.
W: Route-4027: Cannot find permit_rougth_thru_units.json file in working directory.
Building routing graph takes 0.40 sec.
Enable Recovery Analysis in Routing
Init coarse delay table.
Read place coarse delay table takes 0.05 sec.
build place dedicate switch graph takes 0.17 sec
Setup STE netlist take 592 msec.
Slack Weight : 90
CE/RS signal series limit : 500
Dispose control chain take 95 msec.
Collect const net info take 25 msec.
Total nets for routing: 3138.
Total loads for routing: 14736.
Direct connect net size: 1298
Build all design net take 173 msec.
Processing design graph takes 0.89 sec.
Delay table total memory: 4.79386520 MB
Route graph total memory: 11.33599091 MB
Route design total memory: 4.23706436 MB
The remaining process takes 0.06 sec.
Stage: after context initialize | Performance: TNS = 0 ; WNS = 8919 ; THS = NA ; WHS = NA | Time (s): real = 0h:0m:5s ; cpu = 0h:0m:4s ; process = 0h:0m:5s | Memory (MB): curr = 354.953125 ; peak = 381.546875 | Checksum: F7C8972ADB706390
Global routing takes 0.00 sec.
Pin Cost Increasing Speed 300
Unrouted clock nets at iteration 0 (0.009 sec): 0
Stage: after clock route | Performance: TNS = 0 ; WNS = 8919 ; THS = NA ; WHS = NA | Time (s): real = 0h:0m:5s ; cpu = 0h:0m:4s ; process = 0h:0m:5s | Memory (MB): curr = 356.296875 ; peak = 381.546875 | Checksum: 6D5D83BDD8BF4B45
Total route nets size: 3130
I: Start printing congestion info.
I: Finish printing congestion info.
Pre route takes 0.852 sec
Stage: after pre route | Performance: TNS = 0 ; WNS = 10343 ; THS = -172 ; WHS = -108 | Time (s): real = 0h:0m:6s ; cpu = 0h:0m:4s ; process = 0h:0m:6s | Memory (MB): curr = 420.816406 ; peak = 425.750000 | Checksum: 2AE0CBA82794CA37
Unrouted general nets at iteration 2 (MT total route time: 0.719 sec): 2727(overused: 14948)
Unrouted general nets at iteration 3 (MT total route time: 0.559 sec): 2322(overused: 9386)
Unrouted general nets at iteration 4 (MT total route time: 0.331 sec): 2043(overused: 7384)
Unrouted general nets at iteration 5 (MT total route time: 0.282 sec): 1804(overused: 5877)
Unrouted general nets at iteration 6 (MT total route time: 0.230 sec): 1669(overused: 4995)
Unrouted general nets at iteration 7 (MT total route time: 0.196 sec): 1246(overused: 3762)
Unrouted general nets at iteration 8 (MT total route time: 0.157 sec): 963(overused: 2566)
Unrouted general nets at iteration 9 (MT total route time: 0.134 sec): 756(overused: 2029)
Unrouted general nets at iteration 10 (MT total route time: 0.105 sec): 648(overused: 1638)
Unrouted general nets at iteration 11 (MT total route time: 0.101 sec): 524(overused: 1299)
Unrouted general nets at iteration 12 (MT total route time: 0.121 sec): 464(overused: 1162)
Unrouted general nets at iteration 13 (MT total route time: 0.157 sec): 402(overused: 930)
Unrouted general nets at iteration 14 (MT total route time: 0.100 sec): 348(overused: 756)
Unrouted general nets at iteration 15 (MT total route time: 0.086 sec): 285(overused: 671)
Unrouted general nets at iteration 16 (MT total route time: 0.066 sec): 217(overused: 456)
Unrouted general nets at iteration 17 (MT total route time: 0.061 sec): 192(overused: 421)
Unrouted general nets at iteration 18 (MT total route time: 0.060 sec): 191(overused: 401)
Unrouted general nets at iteration 19 (MT total route time: 0.049 sec): 159(overused: 327)
Unrouted general nets at iteration 20 (MT total route time: 0.035 sec): 143(overused: 274)
Unrouted general nets at iteration 21 (MT total route time: 0.037 sec): 129(overused: 231)
Unrouted general nets at iteration 22 (MT total route time: 0.028 sec): 109(overused: 194)
Unrouted general nets at iteration 23 (MT total route time: 0.024 sec): 95(overused: 172)
Unrouted general nets at iteration 24 (MT total route time: 0.020 sec): 80(overused: 140)
Unrouted general nets at iteration 25 (MT total route time: 0.021 sec): 76(overused: 124)
Unrouted general nets at iteration 26 (MT total route time: 0.019 sec): 81(overused: 146)
Unrouted general nets at iteration 27 (MT total route time: 0.019 sec): 73(overused: 96)
Unrouted general nets at iteration 28 (MT total route time: 0.019 sec): 63(overused: 114)
Unrouted general nets at iteration 29 (MT total route time: 0.017 sec): 56(overused: 110)
Unrouted general nets at iteration 30 (MT total route time: 0.017 sec): 55(overused: 92)
Unrouted general nets at iteration 31 (MT total route time: 0.020 sec): 54(overused: 115)
Unrouted general nets at iteration 32 (MT total route time: 0.019 sec): 51(overused: 84)
Unrouted general nets at iteration 33 (MT total route time: 0.015 sec): 46(overused: 85)
Unrouted general nets at iteration 34 (MT total route time: 0.021 sec): 40(overused: 68)
Unrouted general nets at iteration 35 (MT total route time: 0.019 sec): 47(overused: 88)
Unrouted general nets at iteration 36 (MT total route time: 0.019 sec): 40(overused: 70)
Unrouted general nets at iteration 37 (MT total route time: 0.017 sec): 38(overused: 60)
Unrouted general nets at iteration 38 (MT total route time: 0.013 sec): 26(overused: 40)
Unrouted general nets at iteration 39 (MT total route time: 0.011 sec): 20(overused: 30)
Unrouted general nets at iteration 40 (MT total route time: 0.010 sec): 15(overused: 22)
Unrouted general nets at iteration 41 (MT total route time: 0.009 sec): 10(overused: 14)
Unrouted general nets at iteration 42 (MT total route time: 0.009 sec): 9(overused: 12)
Unrouted general nets at iteration 43 (MT total route time: 0.008 sec): 10(overused: 16)
Unrouted general nets at iteration 44 (MT total route time: 0.009 sec): 9(overused: 14)
Unrouted general nets at iteration 45 (MT total route time: 0.009 sec): 12(overused: 16)
Unrouted general nets at iteration 46 (MT total route time: 0.010 sec): 10(overused: 14)
Unrouted general nets at iteration 47 (MT total route time: 0.008 sec): 2(overused: 2)
Unrouted general nets at iteration 48 (MT total route time: 0.008 sec): 2(overused: 4)
Unrouted general nets at iteration 49 (MT total route time: 0.007 sec): 0(overused: 0)
----General net take 0.008 sec(route net take 0.000 sec, inc cost take 0.003 sec, iter times: 1)
----const net route take 0.010 sec
Unrouted nets at iteration 50 (0.019 sec): 0
Stage: after detail route | Performance: TNS = 0 ; WNS = 9310 ; THS = NA ; WHS = NA | Time (s): real = 0h:0m:11s ; cpu = 0h:0m:4s ; process = 0h:0m:11s | Memory (MB): curr = 430.101563 ; peak = 430.105469 | Checksum: A0E7BB5B833AE2F1
Begin rip-up and reroute:
Rip-up and reroute takes 0.13 sec.
Stage: after ripup & reroute | Performance: TNS = 0 ; WNS = 9311 ; THS = NA ; WHS = NA | Time (s): real = 0h:0m:11s ; cpu = 0h:0m:5s ; process = 0h:0m:12s | Memory (MB): curr = 433.210938 ; peak = 434.281250 | Checksum: 6F06D80A5F157540
Detailed routing takes 5.80 sec.
I: Design net genblk1[0].fan_pwm_tach_m/w_clk_1s_pos is routed by general path.
C: Route-2036: The clock path from genblk1[0].fan_pwm_tach_m/Edge_Detect_u1/N0/gateop:Z to clkbufgs_6:CLKIN is routed by SRB.
I: Design net nt_i_CLK_PAL_IN_25M is routed by general path.
C: Route-2036: The clock path from i_CLK_PAL_IN_25M_ibuf/opit_1:OUT to pll_inst/u_pll_e2/goppllinmuxd:CLK_IN[0] is routed by SRB.
Sort Original Nets take 0.002 sec
Check HPIO div result take 0.000 sec
Total net: 3138, route succeed net: 3138
Generate routing result take 0.007 sec
Handle PERMUX permutation take 0.116 sec
Handle const net take 0.012 sec
Handle route through take 0.037 sec
Used SRB routing arc is 25334.
Stage: after finish route | Performance: TNS = 0 ; WNS = 9311 ; THS = NA ; WHS = NA | Time (s): real = 0h:0m:11s ; cpu = 0h:0m:5s ; process = 0h:0m:12s | Memory (MB): curr = 409.128906 ; peak = 434.281250 | Checksum: B1C956F7BB74904
Finish routing takes 0.25 sec.
Total routing takes 7.50 sec.


Device Utilization Summary :
+----------------------------------------------------------------------------+
| Device Type                      | Used     | Available     | Util(%)     
+----------------------------------------------------------------------------+
| CLMA                             | 385      | 592           | 66          
| + FF                             | 808      | 3552          | 23          
| + LUT                            | 1120     | 2368          | 48          
|   + LUT as Logic                 | 892      |               |             
|   + LUT as Const                 | 206      |               |             
|   + LUT as Bypass                | 22       |               |             
| CLMS                             | 543      | 888           | 62          
| + FF                             | 1261     | 5328          | 24          
| + LUT                            | 1612     | 3552          | 46          
|   + LUT as Logic                 | 1439     |               |             
|   + LUT as Memory                | 0        |               |             
|     + LUT as Distributed RAM     | 0        |               |             
|   + LUT as Const                 | 149      |               |             
|   + LUT as Bypass                | 24       |               |             
| IO                               | 308      | 336           | 92          
| + IOBD                           | 21       | 21            | 100         
| + IOBR                           | 39       | 42            | 93          
| + IOBS                           | 248      | 273           | 91          
| BKCL                             | 6        | 6             | 100         
| CCS                              | 1        | 1             | 100         
| CLKDIV                           | 0        | 4             | 0           
| CLKDLY                           | 0        | 8             | 0           
| DLL                              | 0        | 2             | 0           
| DRM                              | 0        | 26            | 0           
| HARD0N1                          | 196      | 936           | 21          
| IOCKBRG                          | 0        | 2             | 0           
| IOCKGATE                         | 0        | 4             | 0           
| + IOCKGATE as Bypass             | 0        |               |             
| IOLDLYS                          | 138      | 252           | 55          
| IOLDLY                           | 55       | 84            | 66          
| IOL                              | 308      | 336           | 92          
| ISERDES                          | 0        | 21            | 0           
| LDO                              | 0        | 2             | 0           
| OSC                              | 0        | 1             | 0           
| OSERDES                          | 0        | 21            | 0           
| PLLINMUXD                        | 1        | 2             | 50          
| + PLLINMUXD as Bypass            | 0        |               |             
| PLL                              | 1        | 2             | 50          
| USCMDC                           | 2        | 8             | 25          
| + USCMDC as Bypass               | 0        |               |             
| USCMD                            | 0        | 2             | 0           
| + USCMD as Bypass                | 0        |               |             
| USSMBUF                          | 1        | 8             | 13          
| + USSMBUF as Bypass              | 0        |               |             
+----------------------------------------------------------------------------+

Finished routing. (CPU time elapsed 0h:00m:10s)
Design 'Tieta_Feiteng_1001_top' has been routed successfully.
Saving design to DB.
Action route: Export DB successfully.
Action route: Real time elapsed is 0h:0m:13s
Action route: CPU time elapsed is 0h:0m:11s
Action route: Process CPU time elapsed is 0h:0m:13s
Action route: Peak memory pool usage is 434 MB

Current time: Thu Mar 26 16:56:35 2026
