#Build: Fabric Compiler 2024.2-SP1.2, Build 187561, May 22 18:16 2025
#Install: C:\studyware\pango\PDS_2024.2-SP1.2-ads\bin
#Application name: pds_shell.exe
#OS: Windows 10 10.0.18363
#Hostname: z02665mj
Generated by Fabric Compiler (version 2024.2-SP1.2 build 187561) at Sat Mar  7 18:52:36 2026
Parameters for debugging are loaded as follows:
Compiling verification operator library.
Compiling common defs.
Compiling prim grid devices.
Compiling place grid timing.
Compiling gate devices.
Compiling gate operators.
Building architecture model.
Loading device packaging model.
Building architecture floorplan logic view.
Elaborate the liberty model.
I: Multithreading enabled for Timing using a maximum of 4 processes.

Route Optimize started.
Build routing arch for double attribute device.
Enter timing driven router mode.
I: Multithreading enabled for route using a maximum of 1 processes.
I: Column Clock Check close.
W: Route-4027: Cannot find permit_rougth_thru_units.json file in working directory.
Building routing graph takes 0.31 sec.
Total nets for routing: 2052.
Total loads for routing: 8531.
Direct connect net size: 1050
Build all design net take 129 msec.
Processing design graph takes 0.13 sec.
Delay table total memory: 4.79386520 MB
Route graph total memory: 10.55849838 MB
Route design total memory: 3.25812912 MB
The remaining process takes 0.04 sec.
Stage: after context initialize in post route | Performance: TNS = NA ; WNS = NA ; THS = NA ; WHS = NA | Time (s): real = 0h:0m:4s ; cpu = 0h:0m:3s ; process = 0h:0m:3s | Memory (MB): curr = 280.828125 ; peak = 300.070313 | Checksum: 67E8C4E872275C53
Load route result takes 0.02 sec
Fix Hold Violation Threshold For Clock Path Cross SRB(ps) : 200
Fix Hold Violation Threshold For Clock Path On Clock Tree(ps) : 100
Hold fix to no violation.
Hold fix to threshold
Stage: after hold fix | Performance: TNS = 0 ; WNS = 11972 ; THS = 0 ; WHS = 256 | Time (s): real = 0h:0m:5s ; cpu = 0h:0m:3s ; process = 0h:0m:4s | Memory (MB): curr = 338.125000 ; peak = 338.128906 | Checksum: B6492D675AACC740
Hold Violation Fix in router takes 0.29 sec.
Sort Original Nets take 0.000 sec
Total net: 2052, route succeed net: 2052
Generate routing result take 0.005 sec
Handle PERMUX permutation take 0.006 sec
Handle const net take 0.000 sec
Handle route through take 0.019 sec
Used SRB routing arc is 14964.
Stage: after finish post route | Performance: TNS = 0 ; WNS = 11972 ; THS = NA ; WHS = NA | Time (s): real = 0h:0m:5s ; cpu = 0h:0m:3s ; process = 0h:0m:4s | Memory (MB): curr = 327.160156 ; peak = 338.136719 | Checksum: FF771558BF3E89C1
Finish post route takes 0.07 sec.
Total post route takes 0.88 sec.


Device Utilization Summary :
+----------------------------------------------------------------------------+
| Device Type                      | Used     | Available     | Util(%)     
+----------------------------------------------------------------------------+
| CLMA                             | 240      | 592           | 41          
| + FF                             | 488      | 3552          | 14          
| + LUT                            | 581      | 2368          | 25          
|   + LUT as Logic                 | 465      |               |             
|   + LUT as Const                 | 106      |               |             
|   + LUT as Bypass                | 10       |               |             
| CLMS                             | 312      | 888           | 36          
| + FF                             | 765      | 5328          | 15          
| + LUT                            | 805      | 3552          | 23          
|   + LUT as Logic                 | 725      |               |             
|   + LUT as Memory                | 0        |               |             
|     + LUT as Distributed RAM     | 0        |               |             
|   + LUT as Const                 | 70       |               |             
|   + LUT as Bypass                | 10       |               |             
| IO                               | 287      | 336           | 86          
| + IOBD                           | 19       | 21            | 91          
| + IOBR                           | 37       | 42            | 89          
| + IOBS                           | 231      | 273           | 85          
| BKCL                             | 6        | 6             | 100         
| CCS                              | 1        | 1             | 100         
| CLKDIV                           | 0        | 4             | 0           
| CLKDLY                           | 0        | 8             | 0           
| DLL                              | 0        | 2             | 0           
| DRM                              | 0        | 26            | 0           
| HARD0N1                          | 51       | 936           | 6           
| IOCKBRG                          | 0        | 2             | 0           
| IOCKGATE                         | 0        | 4             | 0           
| + IOCKGATE as Bypass             | 0        |               |             
| IOLDLYS                          | 131      | 252           | 52          
| IOLDLY                           | 38       | 84            | 46          
| IOL                              | 287      | 336           | 86          
| ISERDES                          | 0        | 21            | 0           
| LDO                              | 0        | 2             | 0           
| OSC                              | 0        | 1             | 0           
| OSERDES                          | 0        | 21            | 0           
| PLLINMUXD                        | 1        | 2             | 50          
| + PLLINMUXD as Bypass            | 0        |               |             
| PLL                              | 1        | 2             | 50          
| USCMDC                           | 1        | 8             | 13          
| + USCMDC as Bypass               | 0        |               |             
| USCMD                            | 0        | 2             | 0           
| + USCMD as Bypass                | 0        |               |             
| USSMBUF                          | 0        | 8             | 0           
| + USSMBUF as Bypass              | 0        |               |             
+----------------------------------------------------------------------------+

Finished route optimize. (CPU time elapsed 0h:00m:03s)
Design 'Tieta_Feiteng_2001_top' has been routed successfully.
Saving design to DB.
Action route_optimize: Export DB successfully.
Action route_optimize: Real time elapsed is 0h:0m:5s
Action route_optimize: CPU time elapsed is 0h:0m:4s
Action route_optimize: Process CPU time elapsed is 0h:0m:5s
Action route_optimize: Peak memory pool usage is 338 MB

Current time: Sat Mar  7 18:52:39 2026
