#Build: Fabric Compiler 2024.2-SP1.2, Build 187561, May 22 18:16 2025
#Install: C:\studyware\pango\PDS_2024.2-SP1.2-ads\bin
#Application name: pds_shell.exe
#OS: Windows 10 10.0.18363
#Hostname: z02665mj
Generated by Fabric Compiler (version 2024.2-SP1.2 build 187561) at Thu Mar  5 22:26:52 2026
Parameters for debugging are loaded as follows:
Compiling verification operator library.
Compiling common defs.
Compiling prim grid devices.
Compiling place grid timing.
Compiling gate devices.
Compiling gate operators.
Building architecture model.
Loading device packaging model.
Building architecture floorplan logic view.
Elaborate the liberty model.
I: Multithreading enabled for Timing using a maximum of 4 processes.

Routing started.
Build routing arch for double attribute device.
Enter timing driven router mode.
I: Multithreading enabled for route using a maximum of 1 processes.
W: Route-4027: Cannot find permit_rougth_thru_units.json file in working directory.
Building routing graph takes 0.31 sec.
Enable Recovery Analysis in Routing
Init coarse delay table.
Read place coarse delay table takes 0.05 sec.
build place dedicate switch graph takes 0.17 sec
Setup STE netlist take 510 msec.
Slack Weight : 90
CE/RS signal series limit : 500
Dispose control chain take 66 msec.
Collect const net info take 23 msec.
Total nets for routing: 2562.
Total loads for routing: 12056.
Direct connect net size: 1175
Build all design net take 160 msec.
Processing design graph takes 0.76 sec.
Delay table total memory: 4.79386520 MB
Route graph total memory: 10.89928055 MB
Route design total memory: 3.94943619 MB
The remaining process takes 0.05 sec.
Stage: after context initialize | Performance: TNS = 0 ; WNS = 9009 ; THS = NA ; WHS = NA | Time (s): real = 0h:0m:5s ; cpu = 0h:0m:3s ; process = 0h:0m:4s | Memory (MB): curr = 346.949219 ; peak = 369.828125 | Checksum: 107D11EEE6209D02
Global routing takes 0.00 sec.
Pin Cost Increasing Speed 300
Unrouted clock nets at iteration 0 (0.008 sec): 0
Stage: after clock route | Performance: TNS = 0 ; WNS = 9009 ; THS = NA ; WHS = NA | Time (s): real = 0h:0m:5s ; cpu = 0h:0m:3s ; process = 0h:0m:4s | Memory (MB): curr = 347.906250 ; peak = 369.828125 | Checksum: F36550F433AC0256
Total route nets size: 2554
I: Start printing congestion info.
I: Finish printing congestion info.
Pre route takes 0.690 sec
Stage: after pre route | Performance: TNS = 0 ; WNS = 10319 ; THS = 0 ; WHS = 256 | Time (s): real = 0h:0m:6s ; cpu = 0h:0m:3s ; process = 0h:0m:5s | Memory (MB): curr = 398.347656 ; peak = 403.394531 | Checksum: 6066FB14CA791444
Unrouted general nets at iteration 2 (MT total route time: 0.430 sec): 2226(overused: 12317)
Unrouted general nets at iteration 3 (MT total route time: 0.337 sec): 1881(overused: 7683)
Unrouted general nets at iteration 4 (MT total route time: 0.250 sec): 1668(overused: 5978)
Unrouted general nets at iteration 5 (MT total route time: 0.222 sec): 1479(overused: 4867)
Unrouted general nets at iteration 6 (MT total route time: 0.182 sec): 1305(overused: 4187)
Unrouted general nets at iteration 7 (MT total route time: 0.151 sec): 982(overused: 2964)
Unrouted general nets at iteration 8 (MT total route time: 0.132 sec): 717(overused: 2008)
Unrouted general nets at iteration 9 (MT total route time: 0.106 sec): 575(overused: 1536)
Unrouted general nets at iteration 10 (MT total route time: 0.090 sec): 486(overused: 1298)
Unrouted general nets at iteration 11 (MT total route time: 0.076 sec): 366(overused: 955)
Unrouted general nets at iteration 12 (MT total route time: 0.057 sec): 318(overused: 805)
Unrouted general nets at iteration 13 (MT total route time: 0.050 sec): 254(overused: 638)
Unrouted general nets at iteration 14 (MT total route time: 0.053 sec): 264(overused: 653)
Unrouted general nets at iteration 15 (MT total route time: 0.045 sec): 210(overused: 517)
Unrouted general nets at iteration 16 (MT total route time: 0.038 sec): 163(overused: 408)
Unrouted general nets at iteration 17 (MT total route time: 0.038 sec): 174(overused: 368)
Unrouted general nets at iteration 18 (MT total route time: 0.033 sec): 136(overused: 266)
Unrouted general nets at iteration 19 (MT total route time: 0.032 sec): 127(overused: 284)
Unrouted general nets at iteration 20 (MT total route time: 0.028 sec): 107(overused: 244)
Unrouted general nets at iteration 21 (MT total route time: 0.024 sec): 92(overused: 182)
Unrouted general nets at iteration 22 (MT total route time: 0.018 sec): 75(overused: 146)
Unrouted general nets at iteration 23 (MT total route time: 0.025 sec): 73(overused: 120)
Unrouted general nets at iteration 24 (MT total route time: 0.014 sec): 43(overused: 72)
Unrouted general nets at iteration 25 (MT total route time: 0.013 sec): 47(overused: 70)
Unrouted general nets at iteration 26 (MT total route time: 0.010 sec): 28(overused: 32)
Unrouted general nets at iteration 27 (MT total route time: 0.012 sec): 22(overused: 28)
Unrouted general nets at iteration 28 (MT total route time: 0.008 sec): 22(overused: 26)
Unrouted general nets at iteration 29 (MT total route time: 0.008 sec): 18(overused: 24)
Unrouted general nets at iteration 30 (MT total route time: 0.008 sec): 13(overused: 20)
Unrouted general nets at iteration 31 (MT total route time: 0.009 sec): 14(overused: 30)
Unrouted general nets at iteration 32 (MT total route time: 0.007 sec): 8(overused: 12)
Unrouted general nets at iteration 33 (MT total route time: 0.007 sec): 6(overused: 10)
Unrouted general nets at iteration 34 (MT total route time: 0.008 sec): 6(overused: 10)
Unrouted general nets at iteration 35 (MT total route time: 0.008 sec): 6(overused: 10)
Unrouted general nets at iteration 36 (MT total route time: 0.007 sec): 6(overused: 10)
Unrouted general nets at iteration 37 (MT total route time: 0.009 sec): 6(overused: 10)
Unrouted general nets at iteration 38 (MT total route time: 0.006 sec): 4(overused: 6)
Unrouted general nets at iteration 39 (MT total route time: 0.006 sec): 4(overused: 8)
Unrouted general nets at iteration 40 (MT total route time: 0.009 sec): 4(overused: 6)
Unrouted general nets at iteration 41 (MT total route time: 0.008 sec): 4(overused: 6)
Unrouted general nets at iteration 42 (MT total route time: 0.009 sec): 4(overused: 6)
Unrouted general nets at iteration 43 (MT total route time: 0.006 sec): 4(overused: 4)
Unrouted general nets at iteration 44 (MT total route time: 0.008 sec): 4(overused: 8)
Unrouted general nets at iteration 45 (MT total route time: 0.006 sec): 4(overused: 6)
Unrouted general nets at iteration 46 (MT total route time: 0.007 sec): 4(overused: 8)
Unrouted general nets at iteration 47 (MT total route time: 0.006 sec): 2(overused: 4)
Unrouted general nets at iteration 48 (MT total route time: 0.008 sec): 2(overused: 4)
Unrouted general nets at iteration 49 (MT total route time: 0.007 sec): 2(overused: 4)
Unrouted general nets at iteration 50 (MT total route time: 0.006 sec): 2(overused: 4)
Unrouted general nets at iteration 51 (MT total route time: 0.006 sec): 0(overused: 0)
----General net take 0.007 sec(route net take 0.000 sec, inc cost take 0.003 sec, iter times: 1)
----const net route take 0.008 sec
Unrouted nets at iteration 52 (0.017 sec): 0
Stage: after detail route | Performance: TNS = 0 ; WNS = 9763 ; THS = NA ; WHS = NA | Time (s): real = 0h:0m:9s ; cpu = 0h:0m:4s ; process = 0h:0m:8s | Memory (MB): curr = 407.246094 ; peak = 407.250000 | Checksum: 4650D51EDCD642C2
Begin rip-up and reroute:
Rip-up and reroute takes 0.14 sec.
Stage: after ripup & reroute | Performance: TNS = 0 ; WNS = 9761 ; THS = NA ; WHS = NA | Time (s): real = 0h:0m:9s ; cpu = 0h:0m:4s ; process = 0h:0m:9s | Memory (MB): curr = 410.957031 ; peak = 411.011719 | Checksum: 84D1528D19174606
Detailed routing takes 4.02 sec.
I: Design net genblk1[0].fan_pwm_tach_m/w_clk_1s_pos is routed by general path.
C: Route-2036: The clock path from genblk1[0].fan_pwm_tach_m/Edge_Detect_u1/N0/gateop:Z to clkbufgs_6:CLKIN is routed by SRB.
I: Design net nt_i_CLK_PAL_IN_25M is routed by general path.
C: Route-2036: The clock path from i_CLK_PAL_IN_25M_ibuf/opit_1:OUT to pll_inst/u_pll_e2/goppllinmuxd:CLK_IN[0] is routed by SRB.
Sort Original Nets take 0.002 sec
Check HPIO div result take 0.000 sec
Total net: 2562, route succeed net: 2562
Generate routing result take 0.008 sec
Handle PERMUX permutation take 0.120 sec
Handle const net take 0.015 sec
Handle route through take 0.036 sec
Used SRB routing arc is 20326.
Stage: after finish route | Performance: TNS = 0 ; WNS = 9761 ; THS = NA ; WHS = NA | Time (s): real = 0h:0m:9s ; cpu = 0h:0m:4s ; process = 0h:0m:9s | Memory (MB): curr = 389.523438 ; peak = 411.011719 | Checksum: BB795840D1032FF1
Finish routing takes 0.25 sec.
Total routing takes 5.49 sec.


Device Utilization Summary :
+----------------------------------------------------------------------------+
| Device Type                      | Used     | Available     | Util(%)     
+----------------------------------------------------------------------------+
| CLMA                             | 324      | 592           | 55          
| + FF                             | 677      | 3552          | 20          
| + LUT                            | 944      | 2368          | 40          
|   + LUT as Logic                 | 769      |               |             
|   + LUT as Const                 | 167      |               |             
|   + LUT as Bypass                | 8        |               |             
| CLMS                             | 455      | 888           | 52          
| + FF                             | 977      | 5328          | 19          
| + LUT                            | 1258     | 3552          | 36          
|   + LUT as Logic                 | 1126     |               |             
|   + LUT as Memory                | 0        |               |             
|     + LUT as Distributed RAM     | 0        |               |             
|   + LUT as Const                 | 118      |               |             
|   + LUT as Bypass                | 14       |               |             
| IO                               | 308      | 336           | 92          
| + IOBD                           | 21       | 21            | 100         
| + IOBR                           | 40       | 42            | 96          
| + IOBS                           | 247      | 273           | 91          
| BKCL                             | 6        | 6             | 100         
| CCS                              | 1        | 1             | 100         
| CLKDIV                           | 0        | 4             | 0           
| CLKDLY                           | 0        | 8             | 0           
| DLL                              | 0        | 2             | 0           
| DRM                              | 0        | 26            | 0           
| HARD0N1                          | 141      | 936           | 16          
| IOCKBRG                          | 0        | 2             | 0           
| IOCKGATE                         | 0        | 4             | 0           
| + IOCKGATE as Bypass             | 0        |               |             
| IOLDLYS                          | 138      | 252           | 55          
| IOLDLY                           | 57       | 84            | 68          
| IOL                              | 308      | 336           | 92          
| ISERDES                          | 0        | 21            | 0           
| LDO                              | 0        | 2             | 0           
| OSC                              | 0        | 1             | 0           
| OSERDES                          | 0        | 21            | 0           
| PLLINMUXD                        | 1        | 2             | 50          
| + PLLINMUXD as Bypass            | 0        |               |             
| PLL                              | 1        | 2             | 50          
| USCMDC                           | 2        | 8             | 25          
| + USCMDC as Bypass               | 0        |               |             
| USCMD                            | 0        | 2             | 0           
| + USCMD as Bypass                | 0        |               |             
| USSMBUF                          | 2        | 8             | 25          
| + USSMBUF as Bypass              | 1        |               |             
+----------------------------------------------------------------------------+

Finished routing. (CPU time elapsed 0h:00m:07s)
Design 'Tieta_Feiteng_1001_top' has been routed successfully.
Saving design to DB.
Action route: Export DB successfully.
Action route: Real time elapsed is 0h:0m:10s
Action route: CPU time elapsed is 0h:0m:8s
Action route: Process CPU time elapsed is 0h:0m:10s
Action route: Peak memory pool usage is 411 MB

Current time: Thu Mar  5 22:27:00 2026
