#Build: Fabric Compiler 2024.2-SP1.2, Build 187561, May 22 18:16 2025
#Install: C:\studyware\pango\PDS_2024.2-SP1.2-ads\bin
#Application name: pds_shell.exe
#OS: Windows 10 10.0.18363
#Hostname: z02665mj
Generated by Fabric Compiler (version 2024.2-SP1.2 build 187561) at Fri Mar 27 11:32:41 2026
Parameters for debugging are loaded as follows:
Compiling verification operator library.
Compiling common defs.
Compiling prim grid devices.
Compiling place grid timing.
Compiling gate devices.
Compiling gate operators.
Building architecture model.
Loading device packaging model.
Building architecture floorplan logic view.
Elaborate the liberty model.
I: Multithreading enabled for Timing using a maximum of 4 processes.

Routing started.
Build routing arch for double attribute device.
Enter timing driven router mode.
I: Multithreading enabled for route using a maximum of 1 processes.
W: Route-4027: Cannot find permit_rougth_thru_units.json file in working directory.
Building routing graph takes 0.43 sec.
Enable Recovery Analysis in Routing
Init coarse delay table.
Read place coarse delay table takes 0.03 sec.
build place dedicate switch graph takes 0.16 sec
Setup STE netlist take 641 msec.
Slack Weight : 90
CE/RS signal series limit : 500
Dispose control chain take 82 msec.
Collect const net info take 26 msec.
Total nets for routing: 3129.
Total loads for routing: 14750.
Direct connect net size: 1254
Build all design net take 172 msec.
Processing design graph takes 0.93 sec.
Delay table total memory: 4.79386520 MB
Route graph total memory: 11.33343124 MB
Route design total memory: 4.23601151 MB
The remaining process takes 0.06 sec.
Stage: after context initialize | Performance: TNS = 0 ; WNS = 8566 ; THS = NA ; WHS = NA | Time (s): real = 0h:0m:5s ; cpu = 0h:0m:3s ; process = 0h:0m:4s | Memory (MB): curr = 356.574219 ; peak = 381.988281 | Checksum: 7C320917D9CD626E
Global routing takes 0.00 sec.
Pin Cost Increasing Speed 300
Unrouted clock nets at iteration 0 (0.010 sec): 0
Stage: after clock route | Performance: TNS = 0 ; WNS = 8566 ; THS = NA ; WHS = NA | Time (s): real = 0h:0m:5s ; cpu = 0h:0m:3s ; process = 0h:0m:4s | Memory (MB): curr = 357.539063 ; peak = 381.988281 | Checksum: 384AF3945E39D6B1
Total route nets size: 3121
I: Start printing congestion info.
I: Finish printing congestion info.
Pre route takes 0.844 sec
Stage: after pre route | Performance: TNS = 0 ; WNS = 9847 ; THS = -155 ; WHS = -91 | Time (s): real = 0h:0m:6s ; cpu = 0h:0m:3s ; process = 0h:0m:6s | Memory (MB): curr = 422.007813 ; peak = 427.187500 | Checksum: 55067A4BCB37257
Unrouted general nets at iteration 2 (MT total route time: 0.694 sec): 2709(overused: 14833)
Unrouted general nets at iteration 3 (MT total route time: 0.576 sec): 2303(overused: 9339)
Unrouted general nets at iteration 4 (MT total route time: 0.334 sec): 2031(overused: 7260)
Unrouted general nets at iteration 5 (MT total route time: 0.270 sec): 1831(overused: 5969)
Unrouted general nets at iteration 6 (MT total route time: 0.237 sec): 1649(overused: 4983)
Unrouted general nets at iteration 7 (MT total route time: 0.177 sec): 1255(overused: 3619)
Unrouted general nets at iteration 8 (MT total route time: 0.164 sec): 1005(overused: 2692)
Unrouted general nets at iteration 9 (MT total route time: 0.140 sec): 782(overused: 2040)
Unrouted general nets at iteration 10 (MT total route time: 0.105 sec): 643(overused: 1585)
Unrouted general nets at iteration 11 (MT total route time: 0.088 sec): 553(overused: 1292)
Unrouted general nets at iteration 12 (MT total route time: 0.121 sec): 498(overused: 1200)
Unrouted general nets at iteration 13 (MT total route time: 0.151 sec): 426(overused: 1014)
Unrouted general nets at iteration 14 (MT total route time: 0.126 sec): 350(overused: 800)
Unrouted general nets at iteration 15 (MT total route time: 0.131 sec): 317(overused: 686)
Unrouted general nets at iteration 16 (MT total route time: 0.112 sec): 308(overused: 706)
Unrouted general nets at iteration 17 (MT total route time: 0.056 sec): 266(overused: 568)
Unrouted general nets at iteration 18 (MT total route time: 0.056 sec): 237(overused: 513)
Unrouted general nets at iteration 19 (MT total route time: 0.046 sec): 209(overused: 420)
Unrouted general nets at iteration 20 (MT total route time: 0.035 sec): 158(overused: 310)
Unrouted general nets at iteration 21 (MT total route time: 0.034 sec): 123(overused: 255)
Unrouted general nets at iteration 22 (MT total route time: 0.030 sec): 103(overused: 184)
Unrouted general nets at iteration 23 (MT total route time: 0.031 sec): 91(overused: 152)
Unrouted general nets at iteration 24 (MT total route time: 0.021 sec): 77(overused: 128)
Unrouted general nets at iteration 25 (MT total route time: 0.020 sec): 77(overused: 130)
Unrouted general nets at iteration 26 (MT total route time: 0.016 sec): 61(overused: 98)
Unrouted general nets at iteration 27 (MT total route time: 0.014 sec): 52(overused: 80)
Unrouted general nets at iteration 28 (MT total route time: 0.012 sec): 50(overused: 78)
Unrouted general nets at iteration 29 (MT total route time: 0.013 sec): 45(overused: 74)
Unrouted general nets at iteration 30 (MT total route time: 0.014 sec): 48(overused: 76)
Unrouted general nets at iteration 31 (MT total route time: 0.012 sec): 39(overused: 52)
Unrouted general nets at iteration 32 (MT total route time: 0.013 sec): 25(overused: 36)
Unrouted general nets at iteration 33 (MT total route time: 0.010 sec): 16(overused: 26)
Unrouted general nets at iteration 34 (MT total route time: 0.009 sec): 17(overused: 32)
Unrouted general nets at iteration 35 (MT total route time: 0.011 sec): 12(overused: 20)
Unrouted general nets at iteration 36 (MT total route time: 0.013 sec): 8(overused: 12)
Unrouted general nets at iteration 37 (MT total route time: 0.012 sec): 4(overused: 8)
Unrouted general nets at iteration 38 (MT total route time: 0.008 sec): 0(overused: 0)
----General net take 0.007 sec(route net take 0.000 sec, inc cost take 0.002 sec, iter times: 1)
----const net route take 0.009 sec
Unrouted nets at iteration 39 (0.018 sec): 0
Stage: after detail route | Performance: TNS = 0 ; WNS = 7839 ; THS = NA ; WHS = NA | Time (s): real = 0h:0m:11s ; cpu = 0h:0m:4s ; process = 0h:0m:10s | Memory (MB): curr = 430.929688 ; peak = 430.933594 | Checksum: B649787133DEC708
Begin rip-up and reroute:
Rip-up and reroute takes 0.12 sec.
Stage: after ripup & reroute | Performance: TNS = 0 ; WNS = 7837 ; THS = NA ; WHS = NA | Time (s): real = 0h:0m:11s ; cpu = 0h:0m:4s ; process = 0h:0m:11s | Memory (MB): curr = 435.007813 ; peak = 435.058594 | Checksum: 6F138DEDA853837A
Detailed routing takes 5.60 sec.
I: Design net genblk1[0].fan_pwm_tach_m/w_clk_1s_pos is routed by general path.
C: Route-2036: The clock path from genblk1[0].fan_pwm_tach_m/Edge_Detect_u1/N0/gateop:Z to clkbufgs_6:CLKIN is routed by SRB.
I: Design net nt_i_CLK_PAL_IN_25M is routed by general path.
C: Route-2036: The clock path from i_CLK_PAL_IN_25M_ibuf/opit_1:OUT to pll_inst/u_pll_e2/goppllinmuxd:CLK_IN[0] is routed by SRB.
Sort Original Nets take 0.002 sec
Check HPIO div result take 0.000 sec
Total net: 3129, route succeed net: 3129
Generate routing result take 0.006 sec
Handle PERMUX permutation take 0.112 sec
Handle const net take 0.010 sec
Handle route through take 0.033 sec
Used SRB routing arc is 25155.
Stage: after finish route | Performance: TNS = 0 ; WNS = 7837 ; THS = NA ; WHS = NA | Time (s): real = 0h:0m:11s ; cpu = 0h:0m:4s ; process = 0h:0m:11s | Memory (MB): curr = 411.621094 ; peak = 435.058594 | Checksum: B6CB462BDE79ADCB
Finish routing takes 0.24 sec.
Total routing takes 7.35 sec.


Device Utilization Summary :
+----------------------------------------------------------------------------+
| Device Type                      | Used     | Available     | Util(%)     
+----------------------------------------------------------------------------+
| CLMA                             | 384      | 592           | 65          
| + FF                             | 778      | 3552          | 22          
| + LUT                            | 1134     | 2368          | 48          
|   + LUT as Logic                 | 911      |               |             
|   + LUT as Const                 | 213      |               |             
|   + LUT as Bypass                | 10       |               |             
| CLMS                             | 542      | 888           | 62          
| + FF                             | 1284     | 5328          | 25          
| + LUT                            | 1564     | 3552          | 45          
|   + LUT as Logic                 | 1413     |               |             
|   + LUT as Memory                | 0        |               |             
|     + LUT as Distributed RAM     | 0        |               |             
|   + LUT as Const                 | 133      |               |             
|   + LUT as Bypass                | 18       |               |             
| IO                               | 297      | 336           | 89          
| + IOBD                           | 21       | 21            | 100         
| + IOBR                           | 32       | 42            | 77          
| + IOBS                           | 244      | 273           | 90          
| BKCL                             | 6        | 6             | 100         
| CCS                              | 1        | 1             | 100         
| CLKDIV                           | 0        | 4             | 0           
| CLKDLY                           | 0        | 8             | 0           
| DLL                              | 0        | 2             | 0           
| DRM                              | 0        | 26            | 0           
| HARD0N1                          | 204      | 936           | 22          
| IOCKBRG                          | 0        | 2             | 0           
| IOCKGATE                         | 0        | 4             | 0           
| + IOCKGATE as Bypass             | 0        |               |             
| IOLDLYS                          | 138      | 252           | 55          
| IOLDLY                           | 41       | 84            | 49          
| IOL                              | 297      | 336           | 89          
| ISERDES                          | 0        | 21            | 0           
| LDO                              | 0        | 2             | 0           
| OSC                              | 0        | 1             | 0           
| OSERDES                          | 0        | 21            | 0           
| PLLINMUXD                        | 1        | 2             | 50          
| + PLLINMUXD as Bypass            | 0        |               |             
| PLL                              | 1        | 2             | 50          
| USCMDC                           | 2        | 8             | 25          
| + USCMDC as Bypass               | 0        |               |             
| USCMD                            | 0        | 2             | 0           
| + USCMD as Bypass                | 0        |               |             
| USSMBUF                          | 1        | 8             | 13          
| + USSMBUF as Bypass              | 0        |               |             
+----------------------------------------------------------------------------+

Finished routing. (CPU time elapsed 0h:00m:09s)
Design 'Tieta_Feiteng_1001_top' has been routed successfully.
Saving design to DB.
Action route: Export DB successfully.
Action route: Real time elapsed is 0h:0m:12s
Action route: CPU time elapsed is 0h:0m:10s
Action route: Process CPU time elapsed is 0h:0m:12s
Action route: Peak memory pool usage is 435 MB

Current time: Fri Mar 27 11:32:51 2026
