#Build: Fabric Compiler 2024.2-SP1.2, Build 187561, May 22 18:16 2025
#Install: C:\studyware\pango\PDS_2024.2-SP1.2-ads\bin
#Application name: pds_shell.exe
#OS: Windows 10 10.0.18363
#Hostname: z02665mj
Generated by Fabric Compiler (version 2024.2-SP1.2 build 187561) at Thu Mar 26 16:59:56 2026
Parameters for debugging are loaded as follows:
Compiling verification operator library.
Compiling common defs.
Compiling prim grid devices.
Compiling place grid timing.
Compiling gate devices.
Compiling gate operators.
Building architecture model.
Loading device packaging model.
Building architecture floorplan logic view.
Elaborate the liberty model.
I: Multithreading enabled for Timing using a maximum of 4 processes.

Route Optimize started.
Build routing arch for double attribute device.
Enter timing driven router mode.
I: Multithreading enabled for route using a maximum of 1 processes.
I: Column Clock Check close.
W: Route-4027: Cannot find permit_rougth_thru_units.json file in working directory.
Building routing graph takes 0.27 sec.
Total nets for routing: 3689.
Total loads for routing: 14756.
Direct connect net size: 1292
Build all design net take 191 msec.
Processing design graph takes 0.19 sec.
Delay table total memory: 4.79386520 MB
Route graph total memory: 11.43225098 MB
Route design total memory: 4.35889053 MB
The remaining process takes 0.13 sec.
Stage: after context initialize in post route | Performance: TNS = NA ; WNS = NA ; THS = NA ; WHS = NA | Time (s): real = 0h:0m:5s ; cpu = 0h:0m:4s ; process = 0h:0m:4s | Memory (MB): curr = 304.867188 ; peak = 318.820313 | Checksum: F7BA4FD93CF942E6
Load route result takes 0.11 sec
Fix Hold Violation Threshold For Clock Path Cross SRB(ps) : 200
Fix Hold Violation Threshold For Clock Path On Clock Tree(ps) : 100
Hold fix to no violation.
Hold fix to threshold
    Fix hold iteration 0 takes 0.05 sec
    Fix hold iteration 1 takes 0.03 sec
    Fix hold iteration 2 takes 0.03 sec
    Fix hold iteration 3 takes 0.03 sec
    Fix hold iteration 4 takes 0.05 sec
    Fix hold iteration 5 takes 0.03 sec
    Fix hold iteration 6 takes 0.03 sec
    Step 2.1 finish
    Fix hold iteration 0 takes 0.03 sec
    Fix hold iteration 1 takes 0.03 sec
    Fix hold iteration 2 takes 0.05 sec
    Fix hold iteration 3 takes 0.03 sec
    Fix hold iteration 4 takes 0.05 sec
    Fix hold iteration 5 takes 0.05 sec
    Fix hold iteration 6 takes 0.03 sec
    Step 2.2 finish
Stage: after hold fix | Performance: TNS = 0 ; WNS = 8831 ; THS = 0 ; WHS = 187 | Time (s): real = 0h:0m:7s ; cpu = 0h:0m:4s ; process = 0h:0m:6s | Memory (MB): curr = 393.781250 ; peak = 393.785156 | Checksum: 4A16040B22202853
Hold Violation Fix in router takes 1.13 sec.
Sort Original Nets take 0.001 sec
Total net: 3689, route succeed net: 3689
Generate routing result take 0.008 sec
Handle PERMUX permutation take 0.011 sec
Handle const net take 0.000 sec
Handle route through take 0.031 sec
Used SRB routing arc is 25356.
Stage: after finish post route | Performance: TNS = 0 ; WNS = 8831 ; THS = NA ; WHS = NA | Time (s): real = 0h:0m:7s ; cpu = 0h:0m:4s ; process = 0h:0m:6s | Memory (MB): curr = 372.597656 ; peak = 393.789063 | Checksum: A59826D0BD4D7433
Finish post route takes 0.10 sec.
Total post route takes 1.96 sec.


Device Utilization Summary :
+----------------------------------------------------------------------------+
| Device Type                      | Used     | Available     | Util(%)     
+----------------------------------------------------------------------------+
| CLMA                             | 402      | 592           | 68          
| + FF                             | 837      | 3552          | 24          
| + LUT                            | 1163     | 2368          | 50          
|   + LUT as Logic                 | 940      |               |             
|   + LUT as Const                 | 205      |               |             
|   + LUT as Bypass                | 18       |               |             
| CLMS                             | 547      | 888           | 62          
| + FF                             | 1232     | 5328          | 24          
| + LUT                            | 1579     | 3552          | 45          
|   + LUT as Logic                 | 1391     |               |             
|   + LUT as Memory                | 0        |               |             
|     + LUT as Distributed RAM     | 0        |               |             
|   + LUT as Const                 | 158      |               |             
|   + LUT as Bypass                | 30       |               |             
| IO                               | 308      | 336           | 92          
| + IOBD                           | 21       | 21            | 100         
| + IOBR                           | 40       | 42            | 96          
| + IOBS                           | 247      | 273           | 91          
| BKCL                             | 6        | 6             | 100         
| CCS                              | 1        | 1             | 100         
| CLKDIV                           | 0        | 4             | 0           
| CLKDLY                           | 0        | 8             | 0           
| DLL                              | 0        | 2             | 0           
| DRM                              | 0        | 26            | 0           
| HARD0N1                          | 187      | 936           | 20          
| IOCKBRG                          | 0        | 2             | 0           
| IOCKGATE                         | 0        | 4             | 0           
| + IOCKGATE as Bypass             | 0        |               |             
| IOLDLYS                          | 138      | 252           | 55          
| IOLDLY                           | 55       | 84            | 66          
| IOL                              | 308      | 336           | 92          
| ISERDES                          | 0        | 21            | 0           
| LDO                              | 0        | 2             | 0           
| OSC                              | 0        | 1             | 0           
| OSERDES                          | 0        | 21            | 0           
| PLLINMUXD                        | 1        | 2             | 50          
| + PLLINMUXD as Bypass            | 0        |               |             
| PLL                              | 1        | 2             | 50          
| USCMDC                           | 2        | 8             | 25          
| + USCMDC as Bypass               | 0        |               |             
| USCMD                            | 0        | 2             | 0           
| + USCMD as Bypass                | 0        |               |             
| USSMBUF                          | 1        | 8             | 13          
| + USSMBUF as Bypass              | 0        |               |             
+----------------------------------------------------------------------------+

Finished route optimize. (CPU time elapsed 0h:00m:05s)
Design 'Tieta_Feiteng_1001_top' has been routed successfully.
Saving design to DB.
Action route_optimize: Export DB successfully.
Action route_optimize: Real time elapsed is 0h:0m:8s
Action route_optimize: CPU time elapsed is 0h:0m:6s
Action route_optimize: Process CPU time elapsed is 0h:0m:7s
Action route_optimize: Peak memory pool usage is 393 MB

Current time: Thu Mar 26 17:00:02 2026
