#Build: Fabric Compiler 2024.2-SP1.2, Build 187561, May 22 18:16 2025
#Install: C:\studyware\pango\PDS_2024.2-SP1.2-ads\bin
#Application name: pds_shell.exe
#OS: Windows 10 10.0.18363
#Hostname: z02665mj
Generated by Fabric Compiler (version 2024.2-SP1.2 build 187561) at Mon Mar  2 22:39:59 2026
Parameters for debugging are loaded as follows:
Compiling verification operator library.
Compiling common defs.
Compiling prim grid devices.
Compiling place grid timing.
Compiling gate devices.
Compiling gate operators.
Building architecture model.
Loading device packaging model.
Building architecture floorplan logic view.
Elaborate the liberty model.
I: Multithreading enabled for Timing using a maximum of 4 processes.

Routing started.
Build routing arch for double attribute device.
Enter timing driven router mode.
I: Multithreading enabled for route using a maximum of 1 processes.
W: Route-4027: Cannot find permit_rougth_thru_units.json file in working directory.
Building routing graph takes 0.29 sec.
Enable Recovery Analysis in Routing
Init coarse delay table.
Read place coarse delay table takes 0.05 sec.
build place dedicate switch graph takes 0.17 sec
Setup STE netlist take 499 msec.
Slack Weight : 90
CE/RS signal series limit : 500
Dispose control chain take 88 msec.
Collect const net info take 25 msec.
Total nets for routing: 2479.
Total loads for routing: 11591.
Direct connect net size: 1172
Build all design net take 136 msec.
Processing design graph takes 0.75 sec.
Delay table total memory: 4.79386520 MB
Route graph total memory: 10.83796692 MB
Route design total memory: 3.92383957 MB
The remaining process takes 0.04 sec.
Stage: after context initialize | Performance: TNS = 0 ; WNS = 8979 ; THS = NA ; WHS = NA | Time (s): real = 0h:0m:5s ; cpu = 0h:0m:3s ; process = 0h:0m:4s | Memory (MB): curr = 345.761719 ; peak = 368.320313 | Checksum: 42B4F0C28FFDBC2F
Global routing takes 0.00 sec.
Pin Cost Increasing Speed 300
Unrouted clock nets at iteration 0 (0.008 sec): 0
Stage: after clock route | Performance: TNS = 0 ; WNS = 8979 ; THS = NA ; WHS = NA | Time (s): real = 0h:0m:5s ; cpu = 0h:0m:3s ; process = 0h:0m:4s | Memory (MB): curr = 347.281250 ; peak = 368.320313 | Checksum: E6AE563FEDBDB6C8
Total route nets size: 2471
I: Start printing congestion info.
I: Finish printing congestion info.
Pre route takes 0.794 sec
Stage: after pre route | Performance: TNS = 0 ; WNS = 10382 ; THS = 0 ; WHS = 256 | Time (s): real = 0h:0m:6s ; cpu = 0h:0m:3s ; process = 0h:0m:5s | Memory (MB): curr = 392.535156 ; peak = 397.406250 | Checksum: 768F69DB7497490A
Unrouted general nets at iteration 2 (MT total route time: 0.484 sec): 2123(overused: 11621)
Unrouted general nets at iteration 3 (MT total route time: 0.376 sec): 1775(overused: 7226)
Unrouted general nets at iteration 4 (MT total route time: 0.280 sec): 1585(overused: 5758)
Unrouted general nets at iteration 5 (MT total route time: 0.213 sec): 1411(overused: 4602)
Unrouted general nets at iteration 6 (MT total route time: 0.201 sec): 1272(overused: 3865)
Unrouted general nets at iteration 7 (MT total route time: 0.277 sec): 912(overused: 2779)
Unrouted general nets at iteration 8 (MT total route time: 0.175 sec): 698(overused: 1930)
Unrouted general nets at iteration 9 (MT total route time: 0.111 sec): 552(overused: 1430)
Unrouted general nets at iteration 10 (MT total route time: 0.096 sec): 480(overused: 1170)
Unrouted general nets at iteration 11 (MT total route time: 0.097 sec): 413(overused: 935)
Unrouted general nets at iteration 12 (MT total route time: 0.076 sec): 320(overused: 748)
Unrouted general nets at iteration 13 (MT total route time: 0.052 sec): 279(overused: 636)
Unrouted general nets at iteration 14 (MT total route time: 0.043 sec): 244(overused: 562)
Unrouted general nets at iteration 15 (MT total route time: 0.047 sec): 210(overused: 487)
Unrouted general nets at iteration 16 (MT total route time: 0.042 sec): 184(overused: 389)
Unrouted general nets at iteration 17 (MT total route time: 0.033 sec): 150(overused: 312)
Unrouted general nets at iteration 18 (MT total route time: 0.028 sec): 126(overused: 268)
Unrouted general nets at iteration 19 (MT total route time: 0.021 sec): 88(overused: 205)
Unrouted general nets at iteration 20 (MT total route time: 0.018 sec): 70(overused: 144)
Unrouted general nets at iteration 21 (MT total route time: 0.013 sec): 53(overused: 104)
Unrouted general nets at iteration 22 (MT total route time: 0.014 sec): 58(overused: 118)
Unrouted general nets at iteration 23 (MT total route time: 0.023 sec): 51(overused: 90)
Unrouted general nets at iteration 24 (MT total route time: 0.019 sec): 48(overused: 92)
Unrouted general nets at iteration 25 (MT total route time: 0.022 sec): 52(overused: 72)
Unrouted general nets at iteration 26 (MT total route time: 0.016 sec): 32(overused: 46)
Unrouted general nets at iteration 27 (MT total route time: 0.012 sec): 22(overused: 34)
Unrouted general nets at iteration 28 (MT total route time: 0.011 sec): 21(overused: 40)
Unrouted general nets at iteration 29 (MT total route time: 0.016 sec): 21(overused: 34)
Unrouted general nets at iteration 30 (MT total route time: 0.016 sec): 16(overused: 26)
Unrouted general nets at iteration 31 (MT total route time: 0.011 sec): 12(overused: 20)
Unrouted general nets at iteration 32 (MT total route time: 0.012 sec): 11(overused: 14)
Unrouted general nets at iteration 33 (MT total route time: 0.012 sec): 10(overused: 14)
Unrouted general nets at iteration 34 (MT total route time: 0.008 sec): 4(overused: 6)
Unrouted general nets at iteration 35 (MT total route time: 0.011 sec): 5(overused: 8)
Unrouted general nets at iteration 36 (MT total route time: 0.008 sec): 5(overused: 6)
Unrouted general nets at iteration 37 (MT total route time: 0.010 sec): 5(overused: 6)
Unrouted general nets at iteration 38 (MT total route time: 0.010 sec): 5(overused: 8)
Unrouted general nets at iteration 39 (MT total route time: 0.009 sec): 4(overused: 6)
Unrouted general nets at iteration 40 (MT total route time: 0.008 sec): 4(overused: 6)
Unrouted general nets at iteration 41 (MT total route time: 0.008 sec): 4(overused: 6)
Unrouted general nets at iteration 42 (MT total route time: 0.008 sec): 4(overused: 6)
Unrouted general nets at iteration 43 (MT total route time: 0.007 sec): 2(overused: 4)
Unrouted general nets at iteration 44 (MT total route time: 0.010 sec): 2(overused: 4)
Unrouted general nets at iteration 45 (MT total route time: 0.006 sec): 2(overused: 4)
Unrouted general nets at iteration 46 (MT total route time: 0.006 sec): 0(overused: 0)
----General net take 0.007 sec(route net take 0.000 sec, inc cost take 0.004 sec, iter times: 1)
----const net route take 0.008 sec
Unrouted nets at iteration 47 (0.016 sec): 0
Stage: after detail route | Performance: TNS = 0 ; WNS = 10141 ; THS = NA ; WHS = NA | Time (s): real = 0h:0m:9s ; cpu = 0h:0m:4s ; process = 0h:0m:9s | Memory (MB): curr = 399.210938 ; peak = 399.589844 | Checksum: 4C7F42D182D4BFDF
Begin rip-up and reroute:
Rip-up and reroute takes 0.11 sec.
Stage: after ripup & reroute | Performance: TNS = 0 ; WNS = 10141 ; THS = NA ; WHS = NA | Time (s): real = 0h:0m:10s ; cpu = 0h:0m:4s ; process = 0h:0m:9s | Memory (MB): curr = 403.386719 ; peak = 403.441406 | Checksum: EC67A680BA11A1C4
Detailed routing takes 4.53 sec.
I: Design net genblk1[0].fan_pwm_tach_m/w_clk_1s_pos is routed by general path.
C: Route-2036: The clock path from genblk1[0].fan_pwm_tach_m/Edge_Detect_u1/N0/gateop:Z to clkbufgs_6:CLKIN is routed by SRB.
I: Design net nt_i_CLK_PAL_IN_25M is routed by general path.
C: Route-2036: The clock path from i_CLK_PAL_IN_25M_ibuf/opit_1:OUT to pll_inst/u_pll_e2/goppllinmuxd:CLK_IN[0] is routed by SRB.
Sort Original Nets take 0.001 sec
Check HPIO div result take 0.000 sec
Total net: 2479, route succeed net: 2479
Generate routing result take 0.012 sec
Handle PERMUX permutation take 0.128 sec
Handle const net take 0.009 sec
Handle route through take 0.033 sec
Used SRB routing arc is 19708.
Stage: after finish route | Performance: TNS = 0 ; WNS = 10141 ; THS = NA ; WHS = NA | Time (s): real = 0h:0m:10s ; cpu = 0h:0m:4s ; process = 0h:0m:9s | Memory (MB): curr = 383.152344 ; peak = 403.441406 | Checksum: 5B54BF90CBE0BD49
Finish routing takes 0.28 sec.
Total routing takes 5.98 sec.


Device Utilization Summary :
+----------------------------------------------------------------------------+
| Device Type                      | Used     | Available     | Util(%)     
+----------------------------------------------------------------------------+
| CLMA                             | 309      | 592           | 53          
| + FF                             | 637      | 3552          | 18          
| + LUT                            | 909      | 2368          | 39          
|   + LUT as Logic                 | 744      |               |             
|   + LUT as Const                 | 159      |               |             
|   + LUT as Bypass                | 6        |               |             
| CLMS                             | 430      | 888           | 49          
| + FF                             | 963      | 5328          | 19          
| + LUT                            | 1230     | 3552          | 35          
|   + LUT as Logic                 | 1083     |               |             
|   + LUT as Memory                | 0        |               |             
|     + LUT as Distributed RAM     | 0        |               |             
|   + LUT as Const                 | 129      |               |             
|   + LUT as Bypass                | 18       |               |             
| IO                               | 308      | 336           | 92          
| + IOBD                           | 21       | 21            | 100         
| + IOBR                           | 40       | 42            | 96          
| + IOBS                           | 247      | 273           | 91          
| BKCL                             | 6        | 6             | 100         
| CCS                              | 1        | 1             | 100         
| CLKDIV                           | 0        | 4             | 0           
| CLKDLY                           | 0        | 8             | 0           
| DLL                              | 0        | 2             | 0           
| DRM                              | 0        | 26            | 0           
| HARD0N1                          | 131      | 936           | 14          
| IOCKBRG                          | 0        | 2             | 0           
| IOCKGATE                         | 0        | 4             | 0           
| + IOCKGATE as Bypass             | 0        |               |             
| IOLDLYS                          | 138      | 252           | 55          
| IOLDLY                           | 41       | 84            | 49          
| IOL                              | 308      | 336           | 92          
| ISERDES                          | 0        | 21            | 0           
| LDO                              | 0        | 2             | 0           
| OSC                              | 0        | 1             | 0           
| OSERDES                          | 0        | 21            | 0           
| PLLINMUXD                        | 1        | 2             | 50          
| + PLLINMUXD as Bypass            | 0        |               |             
| PLL                              | 1        | 2             | 50          
| USCMDC                           | 2        | 8             | 25          
| + USCMDC as Bypass               | 0        |               |             
| USCMD                            | 0        | 2             | 0           
| + USCMD as Bypass                | 0        |               |             
| USSMBUF                          | 1        | 8             | 13          
| + USSMBUF as Bypass              | 0        |               |             
+----------------------------------------------------------------------------+

Finished routing. (CPU time elapsed 0h:00m:08s)
Design 'Tieta_Feiteng_1001_top' has been routed successfully.
Saving design to DB.
Action route: Export DB successfully.
Action route: Real time elapsed is 0h:0m:11s
Action route: CPU time elapsed is 0h:0m:9s
Action route: Process CPU time elapsed is 0h:0m:10s
Action route: Peak memory pool usage is 403 MB

Current time: Mon Mar  2 22:40:08 2026
