#Build: Fabric Compiler 2024.2-SP1.2, Build 187561, May 22 18:16 2025
#Install: C:\studyware\pango\PDS_2024.2-SP1.2-ads\bin
#Application name: pds_shell.exe
#OS: Windows 10 10.0.18363
#Hostname: z02665mj
Generated by Fabric Compiler (version 2024.2-SP1.2 build 187561) at Fri Mar 27 20:07:39 2026
Parameters for debugging are loaded as follows:
Compiling verification operator library.
Compiling common defs.
Compiling prim grid devices.
Compiling place grid timing.
Compiling gate devices.
Compiling gate operators.
Building architecture model.
Loading device packaging model.
Building architecture floorplan logic view.
Elaborate the liberty model.
I: Multithreading enabled for Timing using a maximum of 4 processes.

Routing started.
Build routing arch for double attribute device.
Enter timing driven router mode.
I: Multithreading enabled for route using a maximum of 1 processes.
W: Route-4027: Cannot find permit_rougth_thru_units.json file in working directory.
Building routing graph takes 0.28 sec.
Enable Recovery Analysis in Routing
Init coarse delay table.
Read place coarse delay table takes 0.05 sec.
build place dedicate switch graph takes 0.17 sec
Setup STE netlist take 559 msec.
Slack Weight : 90
CE/RS signal series limit : 500
Dispose control chain take 86 msec.
Collect const net info take 26 msec.
Total nets for routing: 3156.
Total loads for routing: 14792.
Direct connect net size: 1309
Build all design net take 184 msec.
Processing design graph takes 0.86 sec.
Delay table total memory: 4.79386520 MB
Route graph total memory: 11.34127045 MB
Route design total memory: 4.24094009 MB
The remaining process takes 0.06 sec.
Stage: after context initialize | Performance: TNS = 0 ; WNS = 9004 ; THS = NA ; WHS = NA | Time (s): real = 0h:0m:6s ; cpu = 0h:0m:3s ; process = 0h:0m:5s | Memory (MB): curr = 356.222656 ; peak = 383.125000 | Checksum: AD250FA8DF40F55
Global routing takes 0.00 sec.
Pin Cost Increasing Speed 300
Unrouted clock nets at iteration 0 (0.011 sec): 0
Stage: after clock route | Performance: TNS = 0 ; WNS = 9004 ; THS = NA ; WHS = NA | Time (s): real = 0h:0m:6s ; cpu = 0h:0m:3s ; process = 0h:0m:5s | Memory (MB): curr = 357.859375 ; peak = 383.125000 | Checksum: FB56F534ABD2E4B4
Total route nets size: 3148
I: Start printing congestion info.
I: Finish printing congestion info.
Pre route takes 0.843 sec
Stage: after pre route | Performance: TNS = 0 ; WNS = 10250 ; THS = -39 ; WHS = -21 | Time (s): real = 0h:0m:7s ; cpu = 0h:0m:4s ; process = 0h:0m:6s | Memory (MB): curr = 423.140625 ; peak = 428.101563 | Checksum: F5D6B24C36B9E9FE
Unrouted general nets at iteration 2 (MT total route time: 0.560 sec): 2742(overused: 14935)
Unrouted general nets at iteration 3 (MT total route time: 0.421 sec): 2369(overused: 9498)
Unrouted general nets at iteration 4 (MT total route time: 0.326 sec): 2044(overused: 7386)
Unrouted general nets at iteration 5 (MT total route time: 0.282 sec): 1836(overused: 5898)
Unrouted general nets at iteration 6 (MT total route time: 0.240 sec): 1686(overused: 5094)
Unrouted general nets at iteration 7 (MT total route time: 0.216 sec): 1253(overused: 3720)
Unrouted general nets at iteration 8 (MT total route time: 0.166 sec): 941(overused: 2530)
Unrouted general nets at iteration 9 (MT total route time: 0.169 sec): 745(overused: 1871)
Unrouted general nets at iteration 10 (MT total route time: 0.128 sec): 601(overused: 1403)
Unrouted general nets at iteration 11 (MT total route time: 0.096 sec): 485(overused: 1157)
Unrouted general nets at iteration 12 (MT total route time: 0.097 sec): 451(overused: 1078)
Unrouted general nets at iteration 13 (MT total route time: 0.097 sec): 390(overused: 869)
Unrouted general nets at iteration 14 (MT total route time: 0.137 sec): 339(overused: 707)
Unrouted general nets at iteration 15 (MT total route time: 0.094 sec): 298(overused: 669)
Unrouted general nets at iteration 16 (MT total route time: 0.074 sec): 267(overused: 582)
Unrouted general nets at iteration 17 (MT total route time: 0.073 sec): 258(overused: 539)
Unrouted general nets at iteration 18 (MT total route time: 0.067 sec): 200(overused: 411)
Unrouted general nets at iteration 19 (MT total route time: 0.062 sec): 172(overused: 344)
Unrouted general nets at iteration 20 (MT total route time: 0.044 sec): 152(overused: 339)
Unrouted general nets at iteration 21 (MT total route time: 0.094 sec): 148(overused: 325)
Unrouted general nets at iteration 22 (MT total route time: 0.078 sec): 135(overused: 283)
Unrouted general nets at iteration 23 (MT total route time: 0.028 sec): 90(overused: 190)
Unrouted general nets at iteration 24 (MT total route time: 0.021 sec): 75(overused: 136)
Unrouted general nets at iteration 25 (MT total route time: 0.020 sec): 67(overused: 122)
Unrouted general nets at iteration 26 (MT total route time: 0.020 sec): 57(overused: 92)
Unrouted general nets at iteration 27 (MT total route time: 0.017 sec): 63(overused: 140)
Unrouted general nets at iteration 28 (MT total route time: 0.023 sec): 65(overused: 132)
Unrouted general nets at iteration 29 (MT total route time: 0.020 sec): 59(overused: 116)
Unrouted general nets at iteration 30 (MT total route time: 0.017 sec): 39(overused: 76)
Unrouted general nets at iteration 31 (MT total route time: 0.014 sec): 31(overused: 52)
Unrouted general nets at iteration 32 (MT total route time: 0.015 sec): 21(overused: 40)
Unrouted general nets at iteration 33 (MT total route time: 0.013 sec): 20(overused: 38)
Unrouted general nets at iteration 34 (MT total route time: 0.009 sec): 7(overused: 12)
Unrouted general nets at iteration 35 (MT total route time: 0.010 sec): 2(overused: 2)
Unrouted general nets at iteration 36 (MT total route time: 0.008 sec): 2(overused: 2)
Unrouted general nets at iteration 37 (MT total route time: 0.016 sec): 0(overused: 0)
----General net take 0.011 sec(route net take 0.000 sec, inc cost take 0.005 sec, iter times: 1)
----const net route take 0.013 sec
Unrouted nets at iteration 38 (0.025 sec): 0
Stage: after detail route | Performance: TNS = 0 ; WNS = 8563 ; THS = NA ; WHS = NA | Time (s): real = 0h:0m:11s ; cpu = 0h:0m:4s ; process = 0h:0m:10s | Memory (MB): curr = 433.183594 ; peak = 433.187500 | Checksum: 851DAF53727CA600
Begin rip-up and reroute:
Rip-up and reroute takes 0.18 sec.
Stage: after ripup & reroute | Performance: TNS = 0 ; WNS = 8515 ; THS = NA ; WHS = NA | Time (s): real = 0h:0m:11s ; cpu = 0h:0m:4s ; process = 0h:0m:10s | Memory (MB): curr = 437.210938 ; peak = 437.246094 | Checksum: E5CC0E8C976AA0A4
Detailed routing takes 5.43 sec.
I: Design net genblk1[0].fan_pwm_tach_m/w_clk_1s_pos is routed by general path.
C: Route-2036: The clock path from genblk1[0].fan_pwm_tach_m/Edge_Detect_u1/N0/gateop:Z to clkbufgs_6:CLKIN is routed by SRB.
I: Design net nt_i_CLK_PAL_IN_25M is routed by general path.
C: Route-2036: The clock path from i_CLK_PAL_IN_25M_ibuf/opit_1:OUT to pll_inst/u_pll_e2/goppllinmuxd:CLK_IN[0] is routed by SRB.
Sort Original Nets take 0.003 sec
Check HPIO div result take 0.000 sec
Total net: 3156, route succeed net: 3156
Generate routing result take 0.009 sec
Handle PERMUX permutation take 0.136 sec
Handle const net take 0.011 sec
Handle route through take 0.043 sec
Used SRB routing arc is 25295.
Stage: after finish route | Performance: TNS = 0 ; WNS = 8515 ; THS = NA ; WHS = NA | Time (s): real = 0h:0m:11s ; cpu = 0h:0m:4s ; process = 0h:0m:11s | Memory (MB): curr = 412.667969 ; peak = 437.246094 | Checksum: FD0CAA3CC890A97E
Finish routing takes 0.29 sec.
Total routing takes 7.03 sec.


Device Utilization Summary :
+----------------------------------------------------------------------------+
| Device Type                      | Used     | Available     | Util(%)     
+----------------------------------------------------------------------------+
| CLMA                             | 393      | 592           | 67          
| + FF                             | 807      | 3552          | 23          
| + LUT                            | 1146     | 2368          | 49          
|   + LUT as Logic                 | 933      |               |             
|   + LUT as Const                 | 197      |               |             
|   + LUT as Bypass                | 16       |               |             
| CLMS                             | 551      | 888           | 63          
| + FF                             | 1275     | 5328          | 24          
| + LUT                            | 1574     | 3552          | 45          
|   + LUT as Logic                 | 1410     |               |             
|   + LUT as Memory                | 0        |               |             
|     + LUT as Distributed RAM     | 0        |               |             
|   + LUT as Const                 | 150      |               |             
|   + LUT as Bypass                | 14       |               |             
| IO                               | 308      | 336           | 92          
| + IOBD                           | 21       | 21            | 100         
| + IOBR                           | 40       | 42            | 96          
| + IOBS                           | 247      | 273           | 91          
| BKCL                             | 6        | 6             | 100         
| CCS                              | 1        | 1             | 100         
| CLKDIV                           | 0        | 4             | 0           
| CLKDLY                           | 0        | 8             | 0           
| DLL                              | 0        | 2             | 0           
| DRM                              | 0        | 26            | 0           
| HARD0N1                          | 186      | 936           | 20          
| IOCKBRG                          | 0        | 2             | 0           
| IOCKGATE                         | 0        | 4             | 0           
| + IOCKGATE as Bypass             | 0        |               |             
| IOLDLYS                          | 138      | 252           | 55          
| IOLDLY                           | 57       | 84            | 68          
| IOL                              | 308      | 336           | 92          
| ISERDES                          | 0        | 21            | 0           
| LDO                              | 0        | 2             | 0           
| OSC                              | 0        | 1             | 0           
| OSERDES                          | 0        | 21            | 0           
| PLLINMUXD                        | 1        | 2             | 50          
| + PLLINMUXD as Bypass            | 0        |               |             
| PLL                              | 1        | 2             | 50          
| USCMDC                           | 2        | 8             | 25          
| + USCMDC as Bypass               | 0        |               |             
| USCMD                            | 0        | 2             | 0           
| + USCMD as Bypass                | 0        |               |             
| USSMBUF                          | 1        | 8             | 13          
| + USSMBUF as Bypass              | 0        |               |             
+----------------------------------------------------------------------------+

Finished routing. (CPU time elapsed 0h:00m:09s)
Design 'Tieta_Feiteng_1001_top' has been routed successfully.
Saving design to DB.
Action route: Export DB successfully.
Action route: Real time elapsed is 0h:0m:13s
Action route: CPU time elapsed is 0h:0m:10s
Action route: Process CPU time elapsed is 0h:0m:12s
Action route: Peak memory pool usage is 437 MB

Current time: Fri Mar 27 20:07:50 2026
