#Build: Fabric Compiler 2024.2-SP1.2, Build 187561, May 22 18:16 2025
#Install: C:\studyware\pango\PDS_2024.2-SP1.2-ads\bin
#Application name: pds_shell.exe
#OS: Windows 10 10.0.18363
#Hostname: z02665mj
Generated by Fabric Compiler (version 2024.2-SP1.2 build 187561) at Sat Mar  7 10:20:23 2026
Parameters for debugging are loaded as follows:
Compiling verification operator library.
Compiling common defs.
Compiling prim grid devices.
Compiling place grid timing.
Compiling gate devices.
Compiling gate operators.
Building architecture model.
Loading device packaging model.
Building architecture floorplan logic view.
Elaborate the liberty model.
I: Multithreading enabled for Timing using a maximum of 4 processes.

Routing started.
Build routing arch for double attribute device.
Enter timing driven router mode.
I: Multithreading enabled for route using a maximum of 1 processes.
W: Route-4027: Cannot find permit_rougth_thru_units.json file in working directory.
Building routing graph takes 0.40 sec.
Enable Recovery Analysis in Routing
Init coarse delay table.
Read place coarse delay table takes 0.03 sec.
build place dedicate switch graph takes 0.22 sec
Setup STE netlist take 564 msec.
Slack Weight : 90
CE/RS signal series limit : 500
Dispose control chain take 80 msec.
Collect const net info take 43 msec.
Total nets for routing: 1814.
Total loads for routing: 8578.
Direct connect net size: 1029
Build all design net take 166 msec.
Processing design graph takes 0.86 sec.
Delay table total memory: 4.79386520 MB
Route graph total memory: 10.53377914 MB
Route design total memory: 3.36267471 MB
The remaining process takes 0.05 sec.
Stage: after context initialize | Performance: TNS = 0 ; WNS = 12654 ; THS = NA ; WHS = NA | Time (s): real = 0h:0m:6s ; cpu = 0h:0m:4s ; process = 0h:0m:5s | Memory (MB): curr = 327.113281 ; peak = 344.136719 | Checksum: C301445CC8E4CEB8
Global routing takes 0.00 sec.
Pin Cost Increasing Speed 300
Unrouted clock nets at iteration 0 (0.006 sec): 0
Stage: after clock route | Performance: TNS = 0 ; WNS = 12654 ; THS = NA ; WHS = NA | Time (s): real = 0h:0m:6s ; cpu = 0h:0m:4s ; process = 0h:0m:5s | Memory (MB): curr = 328.281250 ; peak = 344.136719 | Checksum: 3789010DA6463AB5
Total route nets size: 1809
I: Start printing congestion info.
I: Finish printing congestion info.
Pre route takes 0.706 sec
Stage: after pre route | Performance: TNS = 0 ; WNS = 12616 ; THS = 0 ; WHS = 255 | Time (s): real = 0h:0m:7s ; cpu = 0h:0m:4s ; process = 0h:0m:6s | Memory (MB): curr = 366.972656 ; peak = 371.523438 | Checksum: E355CF6BE99CD40B
Unrouted general nets at iteration 2 (MT total route time: 0.391 sec): 1497(overused: 8662)
Unrouted general nets at iteration 3 (MT total route time: 0.295 sec): 1345(overused: 5636)
Unrouted general nets at iteration 4 (MT total route time: 0.272 sec): 1192(overused: 4498)
Unrouted general nets at iteration 5 (MT total route time: 0.204 sec): 1118(overused: 3854)
Unrouted general nets at iteration 6 (MT total route time: 0.188 sec): 1026(overused: 3309)
Unrouted general nets at iteration 7 (MT total route time: 0.187 sec): 699(overused: 2350)
Unrouted general nets at iteration 8 (MT total route time: 0.118 sec): 537(overused: 1632)
Unrouted general nets at iteration 9 (MT total route time: 0.095 sec): 424(overused: 1091)
Unrouted general nets at iteration 10 (MT total route time: 0.077 sec): 313(overused: 854)
Unrouted general nets at iteration 11 (MT total route time: 0.091 sec): 283(overused: 729)
Unrouted general nets at iteration 12 (MT total route time: 0.057 sec): 231(overused: 610)
Unrouted general nets at iteration 13 (MT total route time: 0.040 sec): 185(overused: 468)
Unrouted general nets at iteration 14 (MT total route time: 0.038 sec): 159(overused: 387)
Unrouted general nets at iteration 15 (MT total route time: 0.034 sec): 119(overused: 282)
Unrouted general nets at iteration 16 (MT total route time: 0.026 sec): 94(overused: 223)
Unrouted general nets at iteration 17 (MT total route time: 0.018 sec): 76(overused: 150)
Unrouted general nets at iteration 18 (MT total route time: 0.016 sec): 57(overused: 112)
Unrouted general nets at iteration 19 (MT total route time: 0.012 sec): 63(overused: 114)
Unrouted general nets at iteration 20 (MT total route time: 0.012 sec): 49(overused: 86)
Unrouted general nets at iteration 21 (MT total route time: 0.012 sec): 40(overused: 78)
Unrouted general nets at iteration 22 (MT total route time: 0.013 sec): 37(overused: 66)
Unrouted general nets at iteration 23 (MT total route time: 0.012 sec): 27(overused: 58)
Unrouted general nets at iteration 24 (MT total route time: 0.013 sec): 33(overused: 54)
Unrouted general nets at iteration 25 (MT total route time: 0.016 sec): 28(overused: 44)
Unrouted general nets at iteration 26 (MT total route time: 0.015 sec): 26(overused: 36)
Unrouted general nets at iteration 27 (MT total route time: 0.011 sec): 27(overused: 62)
Unrouted general nets at iteration 28 (MT total route time: 0.020 sec): 19(overused: 32)
Unrouted general nets at iteration 29 (MT total route time: 0.011 sec): 20(overused: 30)
Unrouted general nets at iteration 30 (MT total route time: 0.012 sec): 18(overused: 30)
Unrouted general nets at iteration 31 (MT total route time: 0.008 sec): 15(overused: 20)
Unrouted general nets at iteration 32 (MT total route time: 0.011 sec): 14(overused: 20)
Unrouted general nets at iteration 33 (MT total route time: 0.008 sec): 15(overused: 32)
Unrouted general nets at iteration 34 (MT total route time: 0.010 sec): 19(overused: 30)
Unrouted general nets at iteration 35 (MT total route time: 0.021 sec): 20(overused: 36)
Unrouted general nets at iteration 36 (MT total route time: 0.011 sec): 14(overused: 18)
Unrouted general nets at iteration 37 (MT total route time: 0.009 sec): 13(overused: 24)
Unrouted general nets at iteration 38 (MT total route time: 0.010 sec): 10(overused: 20)
Unrouted general nets at iteration 39 (MT total route time: 0.010 sec): 6(overused: 10)
Unrouted general nets at iteration 40 (MT total route time: 0.008 sec): 4(overused: 6)
Unrouted general nets at iteration 41 (MT total route time: 0.011 sec): 4(overused: 8)
Unrouted general nets at iteration 42 (MT total route time: 0.007 sec): 4(overused: 8)
Unrouted general nets at iteration 43 (MT total route time: 0.008 sec): 2(overused: 4)
Unrouted general nets at iteration 44 (MT total route time: 0.010 sec): 2(overused: 2)
Unrouted general nets at iteration 45 (MT total route time: 0.007 sec): 3(overused: 6)
Unrouted general nets at iteration 46 (MT total route time: 0.006 sec): 0(overused: 0)
----General net take 0.005 sec(route net take 0.000 sec, inc cost take 0.001 sec, iter times: 1)
----const net route take 0.006 sec
Unrouted nets at iteration 47 (0.012 sec): 0
Stage: after detail route | Performance: TNS = 0 ; WNS = 12407 ; THS = NA ; WHS = NA | Time (s): real = 0h:0m:10s ; cpu = 0h:0m:4s ; process = 0h:0m:8s | Memory (MB): curr = 374.394531 ; peak = 374.398438 | Checksum: AF25074D552BE7BD
Begin rip-up and reroute:
Rip-up and reroute takes 0.12 sec.
Stage: after ripup & reroute | Performance: TNS = 0 ; WNS = 12414 ; THS = NA ; WHS = NA | Time (s): real = 0h:0m:10s ; cpu = 0h:0m:4s ; process = 0h:0m:9s | Memory (MB): curr = 377.753906 ; peak = 377.804688 | Checksum: 6351DECED7D6A3D8
Detailed routing takes 3.88 sec.
I: Design net nt_i_CLK_C42_IN_25M is routed by general path.
C: Route-2036: The clock path from i_CLK_C42_IN_25M_ibuf/opit_1:OUT to pll_inst/u_pll_e2/goppllinmuxd:CLK_IN[0] is routed by SRB.
Sort Original Nets take 0.000 sec
Check HPIO div result take 0.000 sec
Total net: 1814, route succeed net: 1814
Generate routing result take 0.012 sec
Handle PERMUX permutation take 0.122 sec
Handle const net take 0.005 sec
Handle route through take 0.030 sec
Used SRB routing arc is 15070.
Stage: after finish route | Performance: TNS = 0 ; WNS = 12414 ; THS = NA ; WHS = NA | Time (s): real = 0h:0m:10s ; cpu = 0h:0m:5s ; process = 0h:0m:9s | Memory (MB): curr = 363.648438 ; peak = 377.804688 | Checksum: 809D287712826BC5
Finish routing takes 0.23 sec.
Total routing takes 5.51 sec.


Device Utilization Summary :
+----------------------------------------------------------------------------+
| Device Type                      | Used     | Available     | Util(%)     
+----------------------------------------------------------------------------+
| CLMA                             | 246      | 592           | 42          
| + FF                             | 509      | 3552          | 15          
| + LUT                            | 610      | 2368          | 26          
|   + LUT as Logic                 | 483      |               |             
|   + LUT as Const                 | 109      |               |             
|   + LUT as Bypass                | 18       |               |             
| CLMS                             | 318      | 888           | 36          
| + FF                             | 741      | 5328          | 14          
| + LUT                            | 807      | 3552          | 23          
|   + LUT as Logic                 | 707      |               |             
|   + LUT as Memory                | 0        |               |             
|     + LUT as Distributed RAM     | 0        |               |             
|   + LUT as Const                 | 88       |               |             
|   + LUT as Bypass                | 12       |               |             
| IO                               | 287      | 336           | 86          
| + IOBD                           | 19       | 21            | 91          
| + IOBR                           | 37       | 42            | 89          
| + IOBS                           | 231      | 273           | 85          
| BKCL                             | 6        | 6             | 100         
| CCS                              | 1        | 1             | 100         
| CLKDIV                           | 0        | 4             | 0           
| CLKDLY                           | 0        | 8             | 0           
| DLL                              | 0        | 2             | 0           
| DRM                              | 0        | 26            | 0           
| HARD0N1                          | 45       | 936           | 5           
| IOCKBRG                          | 0        | 2             | 0           
| IOCKGATE                         | 0        | 4             | 0           
| + IOCKGATE as Bypass             | 0        |               |             
| IOLDLYS                          | 131      | 252           | 52          
| IOLDLY                           | 38       | 84            | 46          
| IOL                              | 287      | 336           | 86          
| ISERDES                          | 0        | 21            | 0           
| LDO                              | 0        | 2             | 0           
| OSC                              | 0        | 1             | 0           
| OSERDES                          | 0        | 21            | 0           
| PLLINMUXD                        | 1        | 2             | 50          
| + PLLINMUXD as Bypass            | 0        |               |             
| PLL                              | 1        | 2             | 50          
| USCMDC                           | 1        | 8             | 13          
| + USCMDC as Bypass               | 0        |               |             
| USCMD                            | 0        | 2             | 0           
| + USCMD as Bypass                | 0        |               |             
| USSMBUF                          | 0        | 8             | 0           
| + USSMBUF as Bypass              | 0        |               |             
+----------------------------------------------------------------------------+

Finished routing. (CPU time elapsed 0h:00m:08s)
Design 'Tieta_Feiteng_2001_top' has been routed successfully.
Saving design to DB.
Action route: Export DB successfully.
Action route: Real time elapsed is 0h:0m:11s
Action route: CPU time elapsed is 0h:0m:8s
Action route: Process CPU time elapsed is 0h:0m:10s
Action route: Peak memory pool usage is 377 MB

Current time: Sat Mar  7 10:20:32 2026
