#Build: Fabric Compiler 2024.2-SP1.2, Build 187561, May 22 18:16 2025
#Install: C:\studyware\pango\PDS_2024.2-SP1.2-ads\bin
#Application name: pds_shell.exe
#OS: Windows 10 10.0.18363
#Hostname: z02665mj
Generated by Fabric Compiler (version 2024.2-SP1.2 build 187561) at Thu Mar 26 14:18:18 2026
Parameters for debugging are loaded as follows:
Compiling verification operator library.
Compiling common defs.
Compiling prim grid devices.
Compiling place grid timing.
Compiling gate devices.
Compiling gate operators.
Building architecture model.
Loading device packaging model.
Building architecture floorplan logic view.
Elaborate the liberty model.
I: Multithreading enabled for Timing using a maximum of 4 processes.

Routing started.
Build routing arch for double attribute device.
Enter timing driven router mode.
I: Multithreading enabled for route using a maximum of 1 processes.
W: Route-4027: Cannot find permit_rougth_thru_units.json file in working directory.
Building routing graph takes 0.34 sec.
Enable Recovery Analysis in Routing
Init coarse delay table.
Read place coarse delay table takes 0.03 sec.
build place dedicate switch graph takes 0.16 sec
Setup STE netlist take 603 msec.
Slack Weight : 90
CE/RS signal series limit : 500
Dispose control chain take 78 msec.
Collect const net info take 25 msec.
Total nets for routing: 3015.
Total loads for routing: 14177.
Direct connect net size: 1284
Build all design net take 170 msec.
Processing design graph takes 0.88 sec.
Delay table total memory: 4.79386520 MB
Route graph total memory: 11.26734161 MB
Route design total memory: 4.22076035 MB
The remaining process takes 0.06 sec.
Stage: after context initialize | Performance: TNS = 0 ; WNS = 9056 ; THS = NA ; WHS = NA | Time (s): real = 0h:0m:5s ; cpu = 0h:0m:3s ; process = 0h:0m:5s | Memory (MB): curr = 354.617188 ; peak = 378.339844 | Checksum: 1B85943F51976C1E
Global routing takes 0.00 sec.
Pin Cost Increasing Speed 300
Unrouted clock nets at iteration 0 (0.010 sec): 0
Stage: after clock route | Performance: TNS = 0 ; WNS = 9056 ; THS = NA ; WHS = NA | Time (s): real = 0h:0m:5s ; cpu = 0h:0m:3s ; process = 0h:0m:5s | Memory (MB): curr = 356.292969 ; peak = 378.339844 | Checksum: 287DEC185E70B263
Total route nets size: 3007
I: Start printing congestion info.
I: Finish printing congestion info.
Pre route takes 0.799 sec
Stage: after pre route | Performance: TNS = 0 ; WNS = 10195 ; THS = 0 ; WHS = 71 | Time (s): real = 0h:0m:6s ; cpu = 0h:0m:4s ; process = 0h:0m:6s | Memory (MB): curr = 416.171875 ; peak = 421.312500 | Checksum: E1C32A907DAA5DE4
Unrouted general nets at iteration 2 (MT total route time: 0.501 sec): 2616(overused: 14317)
Unrouted general nets at iteration 3 (MT total route time: 0.394 sec): 2255(overused: 8921)
Unrouted general nets at iteration 4 (MT total route time: 0.299 sec): 1992(overused: 6804)
Unrouted general nets at iteration 5 (MT total route time: 0.247 sec): 1775(overused: 5649)
Unrouted general nets at iteration 6 (MT total route time: 0.207 sec): 1619(overused: 4759)
Unrouted general nets at iteration 7 (MT total route time: 0.184 sec): 1193(overused: 3437)
Unrouted general nets at iteration 8 (MT total route time: 0.150 sec): 918(overused: 2466)
Unrouted general nets at iteration 9 (MT total route time: 0.128 sec): 751(overused: 1906)
Unrouted general nets at iteration 10 (MT total route time: 0.116 sec): 606(overused: 1483)
Unrouted general nets at iteration 11 (MT total route time: 0.096 sec): 532(overused: 1233)
Unrouted general nets at iteration 12 (MT total route time: 0.074 sec): 408(overused: 945)
Unrouted general nets at iteration 13 (MT total route time: 0.063 sec): 371(overused: 803)
Unrouted general nets at iteration 14 (MT total route time: 0.061 sec): 317(overused: 715)
Unrouted general nets at iteration 15 (MT total route time: 0.067 sec): 301(overused: 649)
Unrouted general nets at iteration 16 (MT total route time: 0.059 sec): 235(overused: 519)
Unrouted general nets at iteration 17 (MT total route time: 0.059 sec): 190(overused: 440)
Unrouted general nets at iteration 18 (MT total route time: 0.051 sec): 175(overused: 356)
Unrouted general nets at iteration 19 (MT total route time: 0.049 sec): 158(overused: 317)
Unrouted general nets at iteration 20 (MT total route time: 0.046 sec): 129(overused: 262)
Unrouted general nets at iteration 21 (MT total route time: 0.036 sec): 123(overused: 261)
Unrouted general nets at iteration 22 (MT total route time: 0.051 sec): 131(overused: 262)
Unrouted general nets at iteration 23 (MT total route time: 0.039 sec): 115(overused: 240)
Unrouted general nets at iteration 24 (MT total route time: 0.046 sec): 118(overused: 239)
Unrouted general nets at iteration 25 (MT total route time: 0.052 sec): 102(overused: 204)
Unrouted general nets at iteration 26 (MT total route time: 0.034 sec): 102(overused: 202)
Unrouted general nets at iteration 27 (MT total route time: 0.029 sec): 82(overused: 172)
Unrouted general nets at iteration 28 (MT total route time: 0.029 sec): 72(overused: 140)
Unrouted general nets at iteration 29 (MT total route time: 0.022 sec): 69(overused: 116)
Unrouted general nets at iteration 30 (MT total route time: 0.025 sec): 68(overused: 118)
Unrouted general nets at iteration 31 (MT total route time: 0.048 sec): 67(overused: 130)
Unrouted general nets at iteration 32 (MT total route time: 0.020 sec): 42(overused: 66)
Unrouted general nets at iteration 33 (MT total route time: 0.012 sec): 37(overused: 68)
Unrouted general nets at iteration 34 (MT total route time: 0.013 sec): 26(overused: 40)
Unrouted general nets at iteration 35 (MT total route time: 0.011 sec): 26(overused: 46)
Unrouted general nets at iteration 36 (MT total route time: 0.010 sec): 27(overused: 50)
Unrouted general nets at iteration 37 (MT total route time: 0.019 sec): 34(overused: 66)
Unrouted general nets at iteration 38 (MT total route time: 0.015 sec): 36(overused: 60)
Unrouted general nets at iteration 39 (MT total route time: 0.011 sec): 29(overused: 42)
Unrouted general nets at iteration 40 (MT total route time: 0.009 sec): 18(overused: 24)
Unrouted general nets at iteration 41 (MT total route time: 0.011 sec): 15(overused: 26)
Unrouted general nets at iteration 42 (MT total route time: 0.011 sec): 8(overused: 14)
Unrouted general nets at iteration 43 (MT total route time: 0.010 sec): 10(overused: 22)
Unrouted general nets at iteration 44 (MT total route time: 0.014 sec): 6(overused: 10)
Unrouted general nets at iteration 45 (MT total route time: 0.012 sec): 4(overused: 6)
Unrouted general nets at iteration 46 (MT total route time: 0.010 sec): 3(overused: 6)
Unrouted general nets at iteration 47 (MT total route time: 0.008 sec): 2(overused: 4)
Unrouted general nets at iteration 48 (MT total route time: 0.007 sec): 2(overused: 4)
Unrouted general nets at iteration 49 (MT total route time: 0.007 sec): 3(overused: 6)
Unrouted general nets at iteration 50 (MT total route time: 0.007 sec): 4(overused: 8)
Unrouted general nets at iteration 51 (MT total route time: 0.008 sec): 2(overused: 2)
Unrouted general nets at iteration 52 (MT total route time: 0.008 sec): 0(overused: 0)
----General net take 0.008 sec(route net take 0.000 sec, inc cost take 0.003 sec, iter times: 1)
----const net route take 0.009 sec
Unrouted nets at iteration 53 (0.018 sec): 0
Stage: after detail route | Performance: TNS = 0 ; WNS = 8714 ; THS = NA ; WHS = NA | Time (s): real = 0h:0m:10s ; cpu = 0h:0m:4s ; process = 0h:0m:10s | Memory (MB): curr = 425.210938 ; peak = 425.214844 | Checksum: 45E64D1C3638F214
Begin rip-up and reroute:
Rip-up and reroute takes 0.12 sec.
Stage: after ripup & reroute | Performance: TNS = 0 ; WNS = 8714 ; THS = NA ; WHS = NA | Time (s): real = 0h:0m:11s ; cpu = 0h:0m:4s ; process = 0h:0m:10s | Memory (MB): curr = 427.511719 ; peak = 429.187500 | Checksum: FE98A76B263E06D0
Detailed routing takes 5.27 sec.
I: Design net genblk1[0].fan_pwm_tach_m/w_clk_1s_pos is routed by general path.
C: Route-2036: The clock path from genblk1[0].fan_pwm_tach_m/Edge_Detect_u1/N0/gateop:Z to clkbufgs_6:CLKIN is routed by SRB.
I: Design net nt_i_CLK_PAL_IN_25M is routed by general path.
C: Route-2036: The clock path from i_CLK_PAL_IN_25M_ibuf/opit_1:OUT to pll_inst/u_pll_e2/goppllinmuxd:CLK_IN[0] is routed by SRB.
Sort Original Nets take 0.002 sec
Check HPIO div result take 0.000 sec
Total net: 3015, route succeed net: 3015
Generate routing result take 0.007 sec
Handle PERMUX permutation take 0.126 sec
Handle const net take 0.011 sec
Handle route through take 0.034 sec
Used SRB routing arc is 24133.
Stage: after finish route | Performance: TNS = 0 ; WNS = 8714 ; THS = NA ; WHS = NA | Time (s): real = 0h:0m:11s ; cpu = 0h:0m:5s ; process = 0h:0m:11s | Memory (MB): curr = 405.875000 ; peak = 429.187500 | Checksum: 99949A0BE7C39B21
Finish routing takes 0.25 sec.
Total routing takes 6.90 sec.


Device Utilization Summary :
+----------------------------------------------------------------------------+
| Device Type                      | Used     | Available     | Util(%)     
+----------------------------------------------------------------------------+
| CLMA                             | 384      | 592           | 65          
| + FF                             | 822      | 3552          | 24          
| + LUT                            | 1118     | 2368          | 48          
|   + LUT as Logic                 | 933      |               |             
|   + LUT as Const                 | 173      |               |             
|   + LUT as Bypass                | 12       |               |             
| CLMS                             | 522      | 888           | 59          
| + FF                             | 1180     | 5328          | 23          
| + LUT                            | 1469     | 3552          | 42          
|   + LUT as Logic                 | 1285     |               |             
|   + LUT as Memory                | 0        |               |             
|     + LUT as Distributed RAM     | 0        |               |             
|   + LUT as Const                 | 164      |               |             
|   + LUT as Bypass                | 20       |               |             
| IO                               | 308      | 336           | 92          
| + IOBD                           | 21       | 21            | 100         
| + IOBR                           | 40       | 42            | 96          
| + IOBS                           | 247      | 273           | 91          
| BKCL                             | 6        | 6             | 100         
| CCS                              | 1        | 1             | 100         
| CLKDIV                           | 0        | 4             | 0           
| CLKDLY                           | 0        | 8             | 0           
| DLL                              | 0        | 2             | 0           
| DRM                              | 0        | 26            | 0           
| HARD0N1                          | 178      | 936           | 20          
| IOCKBRG                          | 0        | 2             | 0           
| IOCKGATE                         | 0        | 4             | 0           
| + IOCKGATE as Bypass             | 0        |               |             
| IOLDLYS                          | 138      | 252           | 55          
| IOLDLY                           | 57       | 84            | 68          
| IOL                              | 308      | 336           | 92          
| ISERDES                          | 0        | 21            | 0           
| LDO                              | 0        | 2             | 0           
| OSC                              | 0        | 1             | 0           
| OSERDES                          | 0        | 21            | 0           
| PLLINMUXD                        | 1        | 2             | 50          
| + PLLINMUXD as Bypass            | 0        |               |             
| PLL                              | 1        | 2             | 50          
| USCMDC                           | 2        | 8             | 25          
| + USCMDC as Bypass               | 0        |               |             
| USCMD                            | 0        | 2             | 0           
| + USCMD as Bypass                | 0        |               |             
| USSMBUF                          | 1        | 8             | 13          
| + USSMBUF as Bypass              | 0        |               |             
+----------------------------------------------------------------------------+

Finished routing. (CPU time elapsed 0h:00m:09s)
Design 'Tieta_Feiteng_1001_top' has been routed successfully.
Saving design to DB.
Action route: Export DB successfully.
Action route: Real time elapsed is 0h:0m:12s
Action route: CPU time elapsed is 0h:0m:10s
Action route: Process CPU time elapsed is 0h:0m:12s
Action route: Peak memory pool usage is 429 MB

Current time: Thu Mar 26 14:18:28 2026
