#Build: Fabric Compiler 2024.2-SP1.2, Build 187561, May 22 18:16 2025
#Install: C:\studyware\pango\PDS_2024.2-SP1.2-ads\bin
#Application name: pds_shell.exe
#OS: Windows 10 10.0.18363
#Hostname: z02665mj
Generated by Fabric Compiler (version 2024.2-SP1.2 build 187561) at Mon Mar  2 21:49:18 2026
Parameters for debugging are loaded as follows:
Compiling verification operator library.
Compiling common defs.
Compiling prim grid devices.
Compiling place grid timing.
Compiling gate devices.
Compiling gate operators.
Building architecture model.
Loading device packaging model.
Building architecture floorplan logic view.
Elaborate the liberty model.
I: Multithreading enabled for Timing using a maximum of 4 processes.

Routing started.
Build routing arch for double attribute device.
Enter timing driven router mode.
I: Multithreading enabled for route using a maximum of 1 processes.
W: Route-4027: Cannot find permit_rougth_thru_units.json file in working directory.
Building routing graph takes 0.27 sec.
Enable Recovery Analysis in Routing
Init coarse delay table.
Read place coarse delay table takes 0.03 sec.
build place dedicate switch graph takes 0.17 sec
Setup STE netlist take 493 msec.
Slack Weight : 90
CE/RS signal series limit : 500
Dispose control chain take 87 msec.
Collect const net info take 26 msec.
Total nets for routing: 2426.
Total loads for routing: 11367.
Direct connect net size: 1160
Build all design net take 167 msec.
Processing design graph takes 0.78 sec.
Delay table total memory: 4.79386520 MB
Route graph total memory: 10.82360458 MB
Route design total memory: 3.90963364 MB
The remaining process takes 0.05 sec.
Stage: after context initialize | Performance: TNS = 0 ; WNS = 10974 ; THS = NA ; WHS = NA | Time (s): real = 0h:0m:5s ; cpu = 0h:0m:3s ; process = 0h:0m:4s | Memory (MB): curr = 344.464844 ; peak = 367.457031 | Checksum: CF4E5D357219BA4E
Global routing takes 0.00 sec.
Pin Cost Increasing Speed 300
Unrouted clock nets at iteration 0 (0.008 sec): 0
Stage: after clock route | Performance: TNS = 0 ; WNS = 10974 ; THS = NA ; WHS = NA | Time (s): real = 0h:0m:5s ; cpu = 0h:0m:3s ; process = 0h:0m:4s | Memory (MB): curr = 345.832031 ; peak = 367.457031 | Checksum: 2A605F8DC0F2A05E
Total route nets size: 2418
I: Start printing congestion info.
I: Finish printing congestion info.
Pre route takes 0.876 sec
Stage: after pre route | Performance: TNS = 0 ; WNS = 11436 ; THS = 0 ; WHS = 259 | Time (s): real = 0h:0m:6s ; cpu = 0h:0m:4s ; process = 0h:0m:6s | Memory (MB): curr = 397.253906 ; peak = 401.832031 | Checksum: 7657168FD6EFBBB6
Unrouted general nets at iteration 2 (MT total route time: 0.417 sec): 2081(overused: 11489)
Unrouted general nets at iteration 3 (MT total route time: 0.323 sec): 1815(overused: 7156)
Unrouted general nets at iteration 4 (MT total route time: 0.241 sec): 1578(overused: 5413)
Unrouted general nets at iteration 5 (MT total route time: 0.193 sec): 1419(overused: 4375)
Unrouted general nets at iteration 6 (MT total route time: 0.168 sec): 1325(overused: 3795)
Unrouted general nets at iteration 7 (MT total route time: 0.138 sec): 915(overused: 2789)
Unrouted general nets at iteration 8 (MT total route time: 0.126 sec): 716(overused: 1891)
Unrouted general nets at iteration 9 (MT total route time: 0.110 sec): 565(overused: 1537)
Unrouted general nets at iteration 10 (MT total route time: 0.092 sec): 469(overused: 1177)
Unrouted general nets at iteration 11 (MT total route time: 0.073 sec): 380(overused: 973)
Unrouted general nets at iteration 12 (MT total route time: 0.060 sec): 324(overused: 804)
Unrouted general nets at iteration 13 (MT total route time: 0.052 sec): 263(overused: 629)
Unrouted general nets at iteration 14 (MT total route time: 0.067 sec): 257(overused: 619)
Unrouted general nets at iteration 15 (MT total route time: 0.054 sec): 202(overused: 475)
Unrouted general nets at iteration 16 (MT total route time: 0.040 sec): 190(overused: 414)
Unrouted general nets at iteration 17 (MT total route time: 0.034 sec): 173(overused: 384)
Unrouted general nets at iteration 18 (MT total route time: 0.029 sec): 133(overused: 260)
Unrouted general nets at iteration 19 (MT total route time: 0.027 sec): 120(overused: 243)
Unrouted general nets at iteration 20 (MT total route time: 0.027 sec): 113(overused: 236)
Unrouted general nets at iteration 21 (MT total route time: 0.021 sec): 98(overused: 179)
Unrouted general nets at iteration 22 (MT total route time: 0.018 sec): 89(overused: 172)
Unrouted general nets at iteration 23 (MT total route time: 0.022 sec): 84(overused: 162)
Unrouted general nets at iteration 24 (MT total route time: 0.022 sec): 61(overused: 122)
Unrouted general nets at iteration 25 (MT total route time: 0.018 sec): 45(overused: 86)
Unrouted general nets at iteration 26 (MT total route time: 0.013 sec): 37(overused: 72)
Unrouted general nets at iteration 27 (MT total route time: 0.014 sec): 26(overused: 52)
Unrouted general nets at iteration 28 (MT total route time: 0.014 sec): 20(overused: 36)
Unrouted general nets at iteration 29 (MT total route time: 0.011 sec): 14(overused: 26)
Unrouted general nets at iteration 30 (MT total route time: 0.010 sec): 10(overused: 20)
Unrouted general nets at iteration 31 (MT total route time: 0.012 sec): 8(overused: 14)
Unrouted general nets at iteration 32 (MT total route time: 0.012 sec): 6(overused: 10)
Unrouted general nets at iteration 33 (MT total route time: 0.007 sec): 10(overused: 14)
Unrouted general nets at iteration 34 (MT total route time: 0.007 sec): 6(overused: 8)
Unrouted general nets at iteration 35 (MT total route time: 0.006 sec): 6(overused: 8)
Unrouted general nets at iteration 36 (MT total route time: 0.007 sec): 6(overused: 6)
Unrouted general nets at iteration 37 (MT total route time: 0.006 sec): 5(overused: 6)
Unrouted general nets at iteration 38 (MT total route time: 0.010 sec): 7(overused: 12)
Unrouted general nets at iteration 39 (MT total route time: 0.019 sec): 5(overused: 6)
Unrouted general nets at iteration 40 (MT total route time: 0.012 sec): 9(overused: 14)
Unrouted general nets at iteration 41 (MT total route time: 0.011 sec): 9(overused: 12)
Unrouted general nets at iteration 42 (MT total route time: 0.006 sec): 9(overused: 12)
Unrouted general nets at iteration 43 (MT total route time: 0.007 sec): 7(overused: 12)
Unrouted general nets at iteration 44 (MT total route time: 0.009 sec): 12(overused: 16)
Unrouted general nets at iteration 45 (MT total route time: 0.008 sec): 10(overused: 16)
Unrouted general nets at iteration 46 (MT total route time: 0.008 sec): 8(overused: 8)
Unrouted general nets at iteration 47 (MT total route time: 0.007 sec): 4(overused: 4)
Unrouted general nets at iteration 48 (MT total route time: 0.005 sec): 3(overused: 4)
Unrouted general nets at iteration 49 (MT total route time: 0.008 sec): 4(overused: 4)
Unrouted general nets at iteration 50 (MT total route time: 0.006 sec): 9(overused: 22)
Unrouted general nets at iteration 51 (MT total route time: 0.009 sec): 14(overused: 22)
Unrouted general nets at iteration 52 (MT total route time: 0.010 sec): 14(overused: 20)
Unrouted general nets at iteration 53 (MT total route time: 0.008 sec): 12(overused: 20)
Unrouted general nets at iteration 54 (MT total route time: 0.006 sec): 11(overused: 22)
Unrouted general nets at iteration 55 (MT total route time: 0.006 sec): 11(overused: 18)
Unrouted general nets at iteration 56 (MT total route time: 0.009 sec): 7(overused: 16)
Unrouted general nets at iteration 57 (MT total route time: 0.005 sec): 2(overused: 4)
Unrouted general nets at iteration 58 (MT total route time: 0.007 sec): 2(overused: 4)
Unrouted general nets at iteration 59 (MT total route time: 0.007 sec): 2(overused: 2)
Unrouted general nets at iteration 60 (MT total route time: 0.009 sec): 2(overused: 4)
Unrouted general nets at iteration 61 (MT total route time: 0.013 sec): 2(overused: 2)
Unrouted general nets at iteration 62 (MT total route time: 0.014 sec): 0(overused: 0)
----General net take 0.006 sec(route net take 0.000 sec, inc cost take 0.002 sec, iter times: 1)
----const net route take 0.009 sec
Unrouted nets at iteration 63 (0.016 sec): 0
Stage: after detail route | Performance: TNS = 0 ; WNS = 9918 ; THS = NA ; WHS = NA | Time (s): real = 0h:0m:9s ; cpu = 0h:0m:4s ; process = 0h:0m:9s | Memory (MB): curr = 405.953125 ; peak = 405.957031 | Checksum: 6F258033A70A3A56
Begin rip-up and reroute:
Rip-up and reroute takes 0.10 sec.
Stage: after ripup & reroute | Performance: TNS = 0 ; WNS = 9923 ; THS = NA ; WHS = NA | Time (s): real = 0h:0m:9s ; cpu = 0h:0m:4s ; process = 0h:0m:9s | Memory (MB): curr = 408.675781 ; peak = 408.718750 | Checksum: 460877D310DDCBD6
Detailed routing takes 4.37 sec.
I: Design net genblk1[0].fan_pwm_tach_m/w_clk_1s_pos is routed by general path.
C: Route-2036: The clock path from genblk1[0].fan_pwm_tach_m/Edge_Detect_u1/N0/gateop:Z to clkbufgs_6:CLKIN is routed by SRB.
I: Design net nt_i_CLK_PAL_IN_25M is routed by general path.
C: Route-2036: The clock path from i_CLK_PAL_IN_25M_ibuf/opit_1:OUT to pll_inst/u_pll_e2/goppllinmuxd:CLK_IN[0] is routed by SRB.
Sort Original Nets take 0.001 sec
Check HPIO div result take 0.000 sec
Total net: 2426, route succeed net: 2426
Generate routing result take 0.009 sec
Handle PERMUX permutation take 0.097 sec
Handle const net take 0.009 sec
Handle route through take 0.037 sec
Used SRB routing arc is 19302.
Stage: after finish route | Performance: TNS = 0 ; WNS = 9923 ; THS = NA ; WHS = NA | Time (s): real = 0h:0m:10s ; cpu = 0h:0m:4s ; process = 0h:0m:10s | Memory (MB): curr = 390.152344 ; peak = 408.718750 | Checksum: B08A4676215111F2
Finish routing takes 0.25 sec.
Total routing takes 5.84 sec.


Device Utilization Summary :
+----------------------------------------------------------------------------+
| Device Type                      | Used     | Available     | Util(%)     
+----------------------------------------------------------------------------+
| CLMA                             | 308      | 592           | 53          
| + FF                             | 575      | 3552          | 17          
| + LUT                            | 880      | 2368          | 38          
|   + LUT as Logic                 | 719      |               |             
|   + LUT as Const                 | 145      |               |             
|   + LUT as Bypass                | 16       |               |             
| CLMS                             | 427      | 888           | 49          
| + FF                             | 993      | 5328          | 19          
| + LUT                            | 1196     | 3552          | 34          
|   + LUT as Logic                 | 1055     |               |             
|   + LUT as Memory                | 0        |               |             
|     + LUT as Distributed RAM     | 0        |               |             
|   + LUT as Const                 | 127      |               |             
|   + LUT as Bypass                | 14       |               |             
| IO                               | 308      | 336           | 92          
| + IOBD                           | 21       | 21            | 100         
| + IOBR                           | 40       | 42            | 96          
| + IOBS                           | 247      | 273           | 91          
| BKCL                             | 6        | 6             | 100         
| CCS                              | 1        | 1             | 100         
| CLKDIV                           | 0        | 4             | 0           
| CLKDLY                           | 0        | 8             | 0           
| DLL                              | 0        | 2             | 0           
| DRM                              | 0        | 26            | 0           
| HARD0N1                          | 127      | 936           | 14          
| IOCKBRG                          | 0        | 2             | 0           
| IOCKGATE                         | 0        | 4             | 0           
| + IOCKGATE as Bypass             | 0        |               |             
| IOLDLYS                          | 138      | 252           | 55          
| IOLDLY                           | 41       | 84            | 49          
| IOL                              | 308      | 336           | 92          
| ISERDES                          | 0        | 21            | 0           
| LDO                              | 0        | 2             | 0           
| OSC                              | 0        | 1             | 0           
| OSERDES                          | 0        | 21            | 0           
| PLLINMUXD                        | 1        | 2             | 50          
| + PLLINMUXD as Bypass            | 0        |               |             
| PLL                              | 1        | 2             | 50          
| USCMDC                           | 2        | 8             | 25          
| + USCMDC as Bypass               | 0        |               |             
| USCMD                            | 0        | 2             | 0           
| + USCMD as Bypass                | 0        |               |             
| USSMBUF                          | 2        | 8             | 25          
| + USSMBUF as Bypass              | 1        |               |             
+----------------------------------------------------------------------------+

Finished routing. (CPU time elapsed 0h:00m:08s)
Design 'Tieta_Feiteng_1001_top' has been routed successfully.
Saving design to DB.
Action route: Export DB successfully.
Action route: Real time elapsed is 0h:0m:11s
Action route: CPU time elapsed is 0h:0m:9s
Action route: Process CPU time elapsed is 0h:0m:11s
Action route: Peak memory pool usage is 408 MB

Current time: Mon Mar  2 21:49:27 2026
