#Build: Fabric Compiler 2024.2-SP1.2, Build 187561, May 22 18:16 2025
#Install: C:\studyware\pango\PDS_2024.2-SP1.2-ads\bin
#Application name: pds_shell.exe
#OS: Windows 10 10.0.18363
#Hostname: z02665mj
Generated by Fabric Compiler (version 2024.2-SP1.2 build 187561) at Sat Mar  7 11:49:00 2026
Parameters for debugging are loaded as follows:
Compiling verification operator library.
Compiling common defs.
Compiling prim grid devices.
Compiling place grid timing.
Compiling gate devices.
Compiling gate operators.
Building architecture model.
Loading device packaging model.
Building architecture floorplan logic view.
Elaborate the liberty model.
I: Multithreading enabled for Timing using a maximum of 4 processes.

Routing started.
Build routing arch for double attribute device.
Enter timing driven router mode.
I: Multithreading enabled for route using a maximum of 1 processes.
W: Route-4027: Cannot find permit_rougth_thru_units.json file in working directory.
Building routing graph takes 0.29 sec.
Enable Recovery Analysis in Routing
Init coarse delay table.
Read place coarse delay table takes 0.03 sec.
build place dedicate switch graph takes 0.14 sec
Setup STE netlist take 511 msec.
Slack Weight : 90
CE/RS signal series limit : 500
Dispose control chain take 75 msec.
Collect const net info take 28 msec.
Total nets for routing: 2602.
Total loads for routing: 12208.
Direct connect net size: 1200
Build all design net take 151 msec.
Processing design graph takes 0.77 sec.
Delay table total memory: 4.79386520 MB
Route graph total memory: 10.91463089 MB
Route design total memory: 3.95901871 MB
The remaining process takes 0.05 sec.
Stage: after context initialize | Performance: TNS = 0 ; WNS = 9558 ; THS = NA ; WHS = NA | Time (s): real = 0h:0m:5s ; cpu = 0h:0m:3s ; process = 0h:0m:4s | Memory (MB): curr = 347.585938 ; peak = 370.125000 | Checksum: 11BAE8A66387FB96
Global routing takes 0.00 sec.
Pin Cost Increasing Speed 300
Unrouted clock nets at iteration 0 (0.009 sec): 0
Stage: after clock route | Performance: TNS = 0 ; WNS = 9558 ; THS = NA ; WHS = NA | Time (s): real = 0h:0m:5s ; cpu = 0h:0m:3s ; process = 0h:0m:4s | Memory (MB): curr = 349.136719 ; peak = 370.125000 | Checksum: 6544ACEEEDB10164
Total route nets size: 2594
I: Start printing congestion info.
I: Finish printing congestion info.
Pre route takes 0.730 sec
Stage: after pre route | Performance: TNS = 0 ; WNS = 10707 ; THS = 0 ; WHS = 257 | Time (s): real = 0h:0m:6s ; cpu = 0h:0m:3s ; process = 0h:0m:5s | Memory (MB): curr = 402.496094 ; peak = 406.945313 | Checksum: 323F15850CFCD5F2
Unrouted general nets at iteration 2 (MT total route time: 0.434 sec): 2230(overused: 12295)
Unrouted general nets at iteration 3 (MT total route time: 0.351 sec): 1884(overused: 7621)
Unrouted general nets at iteration 4 (MT total route time: 0.274 sec): 1647(overused: 6023)
Unrouted general nets at iteration 5 (MT total route time: 0.217 sec): 1460(overused: 4880)
Unrouted general nets at iteration 6 (MT total route time: 0.195 sec): 1271(overused: 4067)
Unrouted general nets at iteration 7 (MT total route time: 0.145 sec): 948(overused: 2881)
Unrouted general nets at iteration 8 (MT total route time: 0.126 sec): 776(overused: 2193)
Unrouted general nets at iteration 9 (MT total route time: 0.105 sec): 611(overused: 1696)
Unrouted general nets at iteration 10 (MT total route time: 0.096 sec): 515(overused: 1328)
Unrouted general nets at iteration 11 (MT total route time: 0.079 sec): 427(overused: 1052)
Unrouted general nets at iteration 12 (MT total route time: 0.072 sec): 380(overused: 938)
Unrouted general nets at iteration 13 (MT total route time: 0.066 sec): 322(overused: 841)
Unrouted general nets at iteration 14 (MT total route time: 0.057 sec): 304(overused: 731)
Unrouted general nets at iteration 15 (MT total route time: 0.055 sec): 259(overused: 599)
Unrouted general nets at iteration 16 (MT total route time: 0.061 sec): 225(overused: 461)
Unrouted general nets at iteration 17 (MT total route time: 0.046 sec): 195(overused: 395)
Unrouted general nets at iteration 18 (MT total route time: 0.035 sec): 173(overused: 338)
Unrouted general nets at iteration 19 (MT total route time: 0.026 sec): 140(overused: 250)
Unrouted general nets at iteration 20 (MT total route time: 0.024 sec): 114(overused: 240)
Unrouted general nets at iteration 21 (MT total route time: 0.021 sec): 101(overused: 178)
Unrouted general nets at iteration 22 (MT total route time: 0.020 sec): 76(overused: 150)
Unrouted general nets at iteration 23 (MT total route time: 0.016 sec): 58(overused: 122)
Unrouted general nets at iteration 24 (MT total route time: 0.015 sec): 44(overused: 82)
Unrouted general nets at iteration 25 (MT total route time: 0.015 sec): 30(overused: 52)
Unrouted general nets at iteration 26 (MT total route time: 0.016 sec): 24(overused: 40)
Unrouted general nets at iteration 27 (MT total route time: 0.013 sec): 19(overused: 24)
Unrouted general nets at iteration 28 (MT total route time: 0.009 sec): 12(overused: 14)
Unrouted general nets at iteration 29 (MT total route time: 0.008 sec): 6(overused: 8)
Unrouted general nets at iteration 30 (MT total route time: 0.009 sec): 6(overused: 10)
Unrouted general nets at iteration 31 (MT total route time: 0.010 sec): 4(overused: 6)
Unrouted general nets at iteration 32 (MT total route time: 0.008 sec): 2(overused: 4)
Unrouted general nets at iteration 33 (MT total route time: 0.007 sec): 2(overused: 4)
Unrouted general nets at iteration 34 (MT total route time: 0.008 sec): 2(overused: 4)
Unrouted general nets at iteration 35 (MT total route time: 0.008 sec): 2(overused: 2)
Unrouted general nets at iteration 36 (MT total route time: 0.007 sec): 0(overused: 0)
----General net take 0.011 sec(route net take 0.000 sec, inc cost take 0.006 sec, iter times: 1)
----const net route take 0.009 sec
Unrouted nets at iteration 37 (0.021 sec): 0
Stage: after detail route | Performance: TNS = 0 ; WNS = 10240 ; THS = NA ; WHS = NA | Time (s): real = 0h:0m:9s ; cpu = 0h:0m:4s ; process = 0h:0m:8s | Memory (MB): curr = 410.574219 ; peak = 410.578125 | Checksum: E1F5E00C3912487F
Begin rip-up and reroute:
Rip-up and reroute takes 0.13 sec.
Stage: after ripup & reroute | Performance: TNS = 0 ; WNS = 10241 ; THS = NA ; WHS = NA | Time (s): real = 0h:0m:9s ; cpu = 0h:0m:4s ; process = 0h:0m:9s | Memory (MB): curr = 414.125000 ; peak = 414.160156 | Checksum: 699488B386CB845A
Detailed routing takes 4.04 sec.
I: Design net genblk1[0].fan_pwm_tach_m/w_clk_1s_pos is routed by general path.
C: Route-2036: The clock path from genblk1[0].fan_pwm_tach_m/Edge_Detect_u1/N0/gateop:Z to clkbufgs_6:CLKIN is routed by SRB.
I: Design net nt_i_CLK_PAL_IN_25M is routed by general path.
C: Route-2036: The clock path from i_CLK_PAL_IN_25M_ibuf/opit_1:OUT to pll_inst/u_pll_e2/goppllinmuxd:CLK_IN[0] is routed by SRB.
Sort Original Nets take 0.004 sec
Check HPIO div result take 0.000 sec
Total net: 2602, route succeed net: 2602
Generate routing result take 0.008 sec
Handle PERMUX permutation take 0.133 sec
Handle const net take 0.009 sec
Handle route through take 0.048 sec
Used SRB routing arc is 20742.
Stage: after finish route | Performance: TNS = 0 ; WNS = 10241 ; THS = NA ; WHS = NA | Time (s): real = 0h:0m:10s ; cpu = 0h:0m:4s ; process = 0h:0m:9s | Memory (MB): curr = 393.527344 ; peak = 414.160156 | Checksum: 7434333F5AE7A86C
Finish routing takes 0.29 sec.
Total routing takes 5.54 sec.


Device Utilization Summary :
+----------------------------------------------------------------------------+
| Device Type                      | Used     | Available     | Util(%)     
+----------------------------------------------------------------------------+
| CLMA                             | 333      | 592           | 57          
| + FF                             | 667      | 3552          | 19          
| + LUT                            | 957      | 2368          | 41          
|   + LUT as Logic                 | 784      |               |             
|   + LUT as Const                 | 169      |               |             
|   + LUT as Bypass                | 4        |               |             
| CLMS                             | 461      | 888           | 52          
| + FF                             | 1014     | 5328          | 20          
| + LUT                            | 1303     | 3552          | 37          
|   + LUT as Logic                 | 1149     |               |             
|   + LUT as Memory                | 0        |               |             
|     + LUT as Distributed RAM     | 0        |               |             
|   + LUT as Const                 | 134      |               |             
|   + LUT as Bypass                | 20       |               |             
| IO                               | 308      | 336           | 92          
| + IOBD                           | 21       | 21            | 100         
| + IOBR                           | 40       | 42            | 96          
| + IOBS                           | 247      | 273           | 91          
| BKCL                             | 6        | 6             | 100         
| CCS                              | 1        | 1             | 100         
| CLKDIV                           | 0        | 4             | 0           
| CLKDLY                           | 0        | 8             | 0           
| DLL                              | 0        | 2             | 0           
| DRM                              | 0        | 26            | 0           
| HARD0N1                          | 149      | 936           | 16          
| IOCKBRG                          | 0        | 2             | 0           
| IOCKGATE                         | 0        | 4             | 0           
| + IOCKGATE as Bypass             | 0        |               |             
| IOLDLYS                          | 138      | 252           | 55          
| IOLDLY                           | 57       | 84            | 68          
| IOL                              | 308      | 336           | 92          
| ISERDES                          | 0        | 21            | 0           
| LDO                              | 0        | 2             | 0           
| OSC                              | 0        | 1             | 0           
| OSERDES                          | 0        | 21            | 0           
| PLLINMUXD                        | 1        | 2             | 50          
| + PLLINMUXD as Bypass            | 0        |               |             
| PLL                              | 1        | 2             | 50          
| USCMDC                           | 2        | 8             | 25          
| + USCMDC as Bypass               | 0        |               |             
| USCMD                            | 0        | 2             | 0           
| + USCMD as Bypass                | 0        |               |             
| USSMBUF                          | 1        | 8             | 13          
| + USSMBUF as Bypass              | 0        |               |             
+----------------------------------------------------------------------------+

Finished routing. (CPU time elapsed 0h:00m:08s)
Design 'Tieta_Feiteng_1001_top' has been routed successfully.
Saving design to DB.
Action route: Export DB successfully.
Action route: Real time elapsed is 0h:0m:11s
Action route: CPU time elapsed is 0h:0m:9s
Action route: Process CPU time elapsed is 0h:0m:10s
Action route: Peak memory pool usage is 414 MB

Current time: Sat Mar  7 11:49:09 2026
