Designs:
1. C:/CPLD/pango/2_Tieta_Feiteng/Tieta_Feiteng_1001_PGC7KD69MBG400/rtl/source/Tieta_Feiteng_1001_top.v
Size: 356053bytes
Last modified time: 2026/03/27 20:06:30
2. C:/CPLD/pango/2_Tieta_Feiteng/Tieta_Feiteng_1001_PGC7KD69MBG400/rtl/include/pwrseq_define.v
Size: 1528bytes
Last modified time: 2026/02/09 19:29:17
3. C:/CPLD/pango/2_Tieta_Feiteng/Tieta_Feiteng_1001_PGC7KD69MBG400/rtl/include/tpm_define.v
Size: 10145bytes
Last modified time: 2017/01/05 17:34:00
4. C:/CPLD/pango/2_Tieta_Feiteng/Tieta_Feiteng_1001_PGC7KD69MBG400/rtl/source/button_ctrl/power_button.v
Size: 5850bytes
Last modified time: 2026/03/25 14:30:18
5. C:/CPLD/pango/2_Tieta_Feiteng/Tieta_Feiteng_1001_PGC7KD69MBG400/rtl/source/common/edge_delay.v
Size: 2517bytes
Last modified time: 2026/03/25 14:30:36
6. C:/CPLD/pango/2_Tieta_Feiteng/Tieta_Feiteng_1001_PGC7KD69MBG400/rtl/source/common/edge_detect.v
Size: 2215bytes
Last modified time: 2022/12/01 22:01:13
7. C:/CPLD/pango/2_Tieta_Feiteng/Tieta_Feiteng_1001_PGC7KD69MBG400/rtl/source/common/Edge_Detect1.v
Size: 2216bytes
Last modified time: 2024/04/02 16:43:14
8. C:/CPLD/pango/2_Tieta_Feiteng/Tieta_Feiteng_1001_PGC7KD69MBG400/rtl/source/common/edge_sync.v
Size: 2897bytes
Last modified time: 2026/03/25 14:30:51
9. C:/CPLD/pango/2_Tieta_Feiteng/Tieta_Feiteng_1001_PGC7KD69MBG400/rtl/source/common/led_blink_code.v
Size: 7457bytes
Last modified time: 2026/03/25 14:31:03
10. C:/CPLD/pango/2_Tieta_Feiteng/Tieta_Feiteng_1001_PGC7KD69MBG400/rtl/source/common/pon_reset.v
Size: 6186bytes
Last modified time: 2025/12/30 10:28:06
11. C:/CPLD/pango/2_Tieta_Feiteng/Tieta_Feiteng_1001_PGC7KD69MBG400/rtl/source/common/post_leds.v
Size: 3976bytes
Last modified time: 2026/03/25 14:31:31
12. C:/CPLD/pango/2_Tieta_Feiteng/Tieta_Feiteng_1001_PGC7KD69MBG400/rtl/source/common/synclib.v
Size: 21485bytes
Last modified time: 2026/03/25 14:33:51
13. C:/CPLD/pango/2_Tieta_Feiteng/Tieta_Feiteng_1001_PGC7KD69MBG400/rtl/source/common/system_reset.v
Size: 13707bytes
Last modified time: 2026/03/25 14:34:03
14. C:/CPLD/pango/2_Tieta_Feiteng/Tieta_Feiteng_1001_PGC7KD69MBG400/rtl/source/common/thermal.v
Size: 6677bytes
Last modified time: 2026/03/25 14:34:38
15. C:/CPLD/pango/2_Tieta_Feiteng/Tieta_Feiteng_1001_PGC7KD69MBG400/rtl/source/common/UID_Function.v
Size: 12846bytes
Last modified time: 2024/08/02 09:47:56
16. C:/CPLD/pango/2_Tieta_Feiteng/Tieta_Feiteng_1001_PGC7KD69MBG400/rtl/source/communication/p2s_master.v
Size: 2074bytes
Last modified time: 2018/07/05 16:26:48
17. C:/CPLD/pango/2_Tieta_Feiteng/Tieta_Feiteng_1001_PGC7KD69MBG400/rtl/source/communication/p2s_slave.v
Size: 2770bytes
Last modified time: 2018/07/05 16:26:48
18. C:/CPLD/pango/2_Tieta_Feiteng/Tieta_Feiteng_1001_PGC7KD69MBG400/rtl/source/communication/s2p_master.v
Size: 3081bytes
Last modified time: 2018/07/05 16:26:48
19. C:/CPLD/pango/2_Tieta_Feiteng/Tieta_Feiteng_1001_PGC7KD69MBG400/rtl/source/communication/s2p_slave.v
Size: 2727bytes
Last modified time: 2018/08/13 11:11:54
20. C:/CPLD/pango/2_Tieta_Feiteng/Tieta_Feiteng_1001_PGC7KD69MBG400/rtl/source/communication/uart_master.v
Size: 7640bytes
Last modified time: 2024/04/25 20:52:56
21. C:/CPLD/pango/2_Tieta_Feiteng/Tieta_Feiteng_1001_PGC7KD69MBG400/rtl/source/fan_ctrl/fan_counter.v
Size: 1970bytes
Last modified time: 2021/02/10 09:29:54
22. C:/CPLD/pango/2_Tieta_Feiteng/Tieta_Feiteng_1001_PGC7KD69MBG400/rtl/source/fan_ctrl/fan_pwm_tach.v
Size: 8743bytes
Last modified time: 2025/09/02 21:32:58
23. C:/CPLD/pango/2_Tieta_Feiteng/Tieta_Feiteng_1001_PGC7KD69MBG400/rtl/source/i2c/bmc_cpld_i2c_ram.v
Size: 56057bytes
Last modified time: 2026/03/25 16:40:00
24. C:/CPLD/pango/2_Tieta_Feiteng/Tieta_Feiteng_1001_PGC7KD69MBG400/rtl/source/pwrseq/psu.v
Size: 12207bytes
Last modified time: 2026/03/25 14:35:17
25. C:/CPLD/pango/2_Tieta_Feiteng/Tieta_Feiteng_1001_PGC7KD69MBG400/rtl/source/pwrseq/pwrcap.v
Size: 9822bytes
Last modified time: 2026/03/25 14:35:27
26. C:/CPLD/pango/2_Tieta_Feiteng/Tieta_Feiteng_1001_PGC7KD69MBG400/rtl/source/pwrseq/pwrseq_master.v
Size: 44738bytes
Last modified time: 2026/03/10 19:26:07
27. C:/CPLD/pango/2_Tieta_Feiteng/Tieta_Feiteng_1001_PGC7KD69MBG400/rtl/source/pwrseq/pwrseq_slave.v
Size: 80955bytes
Last modified time: 2026/03/26 16:48:54
28. C:/CPLD/pango/2_Tieta_Feiteng/Tieta_Feiteng_1001_PGC7KD69MBG400/rtl/source/common/timer_gen_50mhz.v
Size: 5716bytes
Last modified time: 2026/03/25 14:34:48
29. C:/CPLD/pango/2_Tieta_Feiteng/Tieta_Feiteng_1001_PGC7KD69MBG400/rtl/source/common/pme_filter.v
Size: 1652bytes
Last modified time: 2026/03/25 14:31:13
30. C:/CPLD/pango/2_Tieta_Feiteng/Tieta_Feiteng_1001_PGC7KD69MBG400/rtl/source/pwrseq/fault_detectB_chklive.v
Size: 3236bytes
Last modified time: 2026/03/25 14:35:08
31. C:/CPLD/pango/2_Tieta_Feiteng/Tieta_Feiteng_1001_PGC7KD69MBG400/rtl/source/pwrseq/pwrseq_slave_dev.v
Size: 3548bytes
Last modified time: 2026/03/25 14:35:38
32. C:/CPLD/pango/2_Tieta_Feiteng/Tieta_Feiteng_1001_PGC7KD69MBG400/rtl/source/common/lowpass_filter.v
Size: 2909bytes
Last modified time: 2022/09/13 13:55:57
33. C:/CPLD/pango/2_Tieta_Feiteng/Tieta_Feiteng_1001_PGC7KD69MBG400/rtl/source/pwrseq/edge_detect.v
Size: 2075bytes
Last modified time: 2026/03/25 14:34:57
34. C:/CPLD/pango/2_Tieta_Feiteng/Tieta_Feiteng_1001_PGC7KD69MBG400/rtl/source/common/pwrcap_pwrbtn_led.v
Size: 3895bytes
Last modified time: 2026/03/25 14:31:42
35. C:/CPLD/pango/2_Tieta_Feiteng/Tieta_Feiteng_1001_PGC7KD69MBG400/rtl/source/common/delay_timer.v
Size: 2453bytes
Last modified time: 2026/03/25 14:27:34
36. C:/CPLD/pango/2_Tieta_Feiteng/Tieta_Feiteng_1001_PGC7KD69MBG400/rtl/source/i2c/i2c_slave_bmc.v
Size: 4905bytes
Last modified time: 2022/09/09 17:01:31
37. C:/CPLD/pango/2_Tieta_Feiteng/Tieta_Feiteng_1001_PGC7KD69MBG400/rtl/source/i2c/i2c_slave_basic0.v
Size: 18773bytes
Last modified time: 2026/02/11 11:11:20
38. C:/CPLD/pango/2_Tieta_Feiteng/Tieta_Feiteng_1001_PGC7KD69MBG400/rtl/source/i2c_updata/apb_mux.v
Size: 5786bytes
Last modified time: 2026/01/12 11:12:04
39. C:/CPLD/pango/2_Tieta_Feiteng/Tieta_Feiteng_1001_PGC7KD69MBG400/rtl/source/i2c_updata/apb_top.v
Size: 5684bytes
Last modified time: 2026/01/12 11:12:04
40. C:/CPLD/pango/2_Tieta_Feiteng/Tieta_Feiteng_1001_PGC7KD69MBG400/rtl/source/i2c_updata/bar_top.v
Size: 10067bytes
Last modified time: 2026/01/12 11:12:04
41. C:/CPLD/pango/2_Tieta_Feiteng/Tieta_Feiteng_1001_PGC7KD69MBG400/rtl/source/i2c_updata/iic_slave_CPU.v
Size: 11057bytes
Last modified time: 2026/01/12 11:12:04
42. C:/CPLD/pango/2_Tieta_Feiteng/Tieta_Feiteng_1001_PGC7KD69MBG400/rtl/source/i2c_updata/iic2apb_ctrl.v
Size: 25133bytes
Last modified time: 2026/01/12 11:12:04

IPs:
1. C:/CPLD/pango/2_Tieta_Feiteng/Tieta_Feiteng_1001_PGC7KD69MBG400/prj/Tieta_M/ipcore/pll_i25M_o50M_o25M/pll_i25M_o50M_o25M.idf
Size: 25677bytes
Last modified time: 2025/12/30 10:07:31

Constraints:
1. C:/CPLD/pango/2_Tieta_Feiteng/Tieta_Feiteng_1001_PGC7KD69MBG400/prj/Tieta_M/Tieta_M.fdc
Size: 105461bytes
Last modified time: 2026/03/27 19:19:32

Physical Constraint Editor (Post-Map):
1. C:/CPLD/pango/2_Tieta_Feiteng/Tieta_Feiteng_1001_PGC7KD69MBG400/prj/Tieta_M/device_map/Tieta_Feiteng_1001_top.pcf
Size: 24991bytes
Last modified time: 2026/03/27 20:00:37

