#Build: Fabric Compiler 2024.2-SP1.2, Build 187561, May 22 18:16 2025
#Install: C:\studyware\pango\PDS_2024.2-SP1.2-ads\bin
#Application name: pds_shell.exe
#OS: Windows 10 10.0.18363
#Hostname: z02665mj
Generated by Fabric Compiler (version 2024.2-SP1.2 build 187561) at Thu Mar 26 14:17:34 2026
Parameters for debugging are loaded as follows:
Compiling verification operator library.
Compiling common defs.
Compiling prim grid devices.
Compiling place grid timing.
Compiling gate devices.
Compiling gate operators.
Building architecture model.
Loading device packaging model.
Building architecture floorplan logic view.
Elaborate the liberty model.
I: Multithreading enabled for Timing using a maximum of 4 processes.

Routing started.
Build routing arch for double attribute device.
Enter timing driven router mode.
I: Multithreading enabled for route using a maximum of 1 processes.
W: Route-4027: Cannot find permit_rougth_thru_units.json file in working directory.
Building routing graph takes 0.39 sec.
Enable Recovery Analysis in Routing
Init coarse delay table.
Read place coarse delay table takes 0.05 sec.
build place dedicate switch graph takes 0.22 sec
Setup STE netlist take 699 msec.
Slack Weight : 90
CE/RS signal series limit : 500
Dispose control chain take 94 msec.
Collect const net info take 31 msec.
Total nets for routing: 2234.
Total loads for routing: 10438.
Direct connect net size: 1095
Build all design net take 216 msec.
Processing design graph takes 1.04 sec.
Delay table total memory: 4.79386520 MB
Route graph total memory: 10.70166016 MB
Route design total memory: 3.53097916 MB
The remaining process takes 0.07 sec.
Stage: after context initialize | Performance: TNS = 0 ; WNS = 11734 ; THS = NA ; WHS = NA | Time (s): real = 0h:0m:6s ; cpu = 0h:0m:4s ; process = 0h:0m:5s | Memory (MB): curr = 331.562500 ; peak = 351.980469 | Checksum: EBBE31E0FE5C580E
Global routing takes 0.00 sec.
Pin Cost Increasing Speed 300
Unrouted clock nets at iteration 0 (0.009 sec): 0
Stage: after clock route | Performance: TNS = 0 ; WNS = 11734 ; THS = NA ; WHS = NA | Time (s): real = 0h:0m:6s ; cpu = 0h:0m:4s ; process = 0h:0m:5s | Memory (MB): curr = 332.558594 ; peak = 351.980469 | Checksum: 5475BA9C490307BA
Total route nets size: 2229
I: Start printing congestion info.
I: Finish printing congestion info.
Pre route takes 0.898 sec
Stage: after pre route | Performance: TNS = 0 ; WNS = 12022 ; THS = 0 ; WHS = 259 | Time (s): real = 0h:0m:7s ; cpu = 0h:0m:4s ; process = 0h:0m:6s | Memory (MB): curr = 379.503906 ; peak = 384.285156 | Checksum: 5AB738D5FA610B60
Unrouted general nets at iteration 2 (MT total route time: 0.648 sec): 1837(overused: 10290)
Unrouted general nets at iteration 3 (MT total route time: 0.542 sec): 1599(overused: 6381)
Unrouted general nets at iteration 4 (MT total route time: 0.318 sec): 1443(overused: 5234)
Unrouted general nets at iteration 5 (MT total route time: 0.254 sec): 1311(overused: 4237)
Unrouted general nets at iteration 6 (MT total route time: 0.232 sec): 1178(overused: 3564)
Unrouted general nets at iteration 7 (MT total route time: 0.160 sec): 773(overused: 2546)
Unrouted general nets at iteration 8 (MT total route time: 0.147 sec): 595(overused: 1722)
Unrouted general nets at iteration 9 (MT total route time: 0.109 sec): 465(overused: 1218)
Unrouted general nets at iteration 10 (MT total route time: 0.106 sec): 383(overused: 902)
Unrouted general nets at iteration 11 (MT total route time: 0.067 sec): 287(overused: 651)
Unrouted general nets at iteration 12 (MT total route time: 0.059 sec): 247(overused: 554)
Unrouted general nets at iteration 13 (MT total route time: 0.089 sec): 200(overused: 430)
Unrouted general nets at iteration 14 (MT total route time: 0.321 sec): 179(overused: 406)
Unrouted general nets at iteration 15 (MT total route time: 0.236 sec): 127(overused: 292)
Unrouted general nets at iteration 16 (MT total route time: 0.150 sec): 96(overused: 228)
Unrouted general nets at iteration 17 (MT total route time: 0.043 sec): 83(overused: 168)
Unrouted general nets at iteration 18 (MT total route time: 0.036 sec): 77(overused: 170)
Unrouted general nets at iteration 19 (MT total route time: 0.034 sec): 73(overused: 156)
Unrouted general nets at iteration 20 (MT total route time: 0.020 sec): 70(overused: 130)
Unrouted general nets at iteration 21 (MT total route time: 0.019 sec): 55(overused: 94)
Unrouted general nets at iteration 22 (MT total route time: 0.017 sec): 52(overused: 78)
Unrouted general nets at iteration 23 (MT total route time: 0.011 sec): 38(overused: 64)
Unrouted general nets at iteration 24 (MT total route time: 0.018 sec): 29(overused: 42)
Unrouted general nets at iteration 25 (MT total route time: 0.008 sec): 21(overused: 36)
Unrouted general nets at iteration 26 (MT total route time: 0.015 sec): 18(overused: 34)
Unrouted general nets at iteration 27 (MT total route time: 0.006 sec): 11(overused: 20)
Unrouted general nets at iteration 28 (MT total route time: 0.007 sec): 7(overused: 12)
Unrouted general nets at iteration 29 (MT total route time: 0.006 sec): 7(overused: 12)
Unrouted general nets at iteration 30 (MT total route time: 0.008 sec): 7(overused: 8)
Unrouted general nets at iteration 31 (MT total route time: 0.007 sec): 6(overused: 6)
Unrouted general nets at iteration 32 (MT total route time: 0.012 sec): 6(overused: 6)
Unrouted general nets at iteration 33 (MT total route time: 0.009 sec): 8(overused: 8)
Unrouted general nets at iteration 34 (MT total route time: 0.009 sec): 9(overused: 10)
Unrouted general nets at iteration 35 (MT total route time: 0.009 sec): 7(overused: 8)
Unrouted general nets at iteration 36 (MT total route time: 0.007 sec): 3(overused: 4)
Unrouted general nets at iteration 37 (MT total route time: 0.012 sec): 2(overused: 2)
Unrouted general nets at iteration 38 (MT total route time: 0.011 sec): 2(overused: 2)
Unrouted general nets at iteration 39 (MT total route time: 0.008 sec): 0(overused: 0)
----General net take 0.005 sec(route net take 0.000 sec, inc cost take 0.002 sec, iter times: 1)
----const net route take 0.006 sec
Unrouted nets at iteration 40 (0.013 sec): 0
Stage: after detail route | Performance: TNS = 0 ; WNS = 11203 ; THS = NA ; WHS = NA | Time (s): real = 0h:0m:12s ; cpu = 0h:0m:5s ; process = 0h:0m:10s | Memory (MB): curr = 387.210938 ; peak = 387.390625 | Checksum: C94E418CB2B62393
Begin rip-up and reroute:
Rip-up and reroute takes 0.09 sec.
Stage: after ripup & reroute | Performance: TNS = 0 ; WNS = 11203 ; THS = NA ; WHS = NA | Time (s): real = 0h:0m:12s ; cpu = 0h:0m:5s ; process = 0h:0m:11s | Memory (MB): curr = 391.722656 ; peak = 391.773438 | Checksum: 8A27D221EA681E51
Detailed routing takes 5.38 sec.
I: Design net nt_i_CLK_C42_IN_25M is routed by general path.
C: Route-2036: The clock path from i_CLK_C42_IN_25M_ibuf/opit_1:OUT to pll_inst/u_pll_e2/goppllinmuxd:CLK_IN[0] is routed by SRB.
Sort Original Nets take 0.003 sec
Check HPIO div result take 0.000 sec
Total net: 2234, route succeed net: 2234
Generate routing result take 0.006 sec
Handle PERMUX permutation take 0.087 sec
Handle const net take 0.006 sec
Handle route through take 0.027 sec
Used SRB routing arc is 17876.
Stage: after finish route | Performance: TNS = 0 ; WNS = 11203 ; THS = NA ; WHS = NA | Time (s): real = 0h:0m:12s ; cpu = 0h:0m:5s ; process = 0h:0m:11s | Memory (MB): curr = 375.570313 ; peak = 391.773438 | Checksum: 30D696D8134AE15
Finish routing takes 0.19 sec.
Total routing takes 7.19 sec.


Device Utilization Summary :
+----------------------------------------------------------------------------+
| Device Type                      | Used     | Available     | Util(%)     
+----------------------------------------------------------------------------+
| CLMA                             | 285      | 592           | 49          
| + FF                             | 619      | 3552          | 18          
| + LUT                            | 757      | 2368          | 32          
|   + LUT as Logic                 | 624      |               |             
|   + LUT as Const                 | 121      |               |             
|   + LUT as Bypass                | 12       |               |             
| CLMS                             | 378      | 888           | 43          
| + FF                             | 897      | 5328          | 17          
| + LUT                            | 986      | 3552          | 28          
|   + LUT as Logic                 | 881      |               |             
|   + LUT as Memory                | 0        |               |             
|     + LUT as Distributed RAM     | 0        |               |             
|   + LUT as Const                 | 91       |               |             
|   + LUT as Bypass                | 14       |               |             
| IO                               | 287      | 336           | 86          
| + IOBD                           | 19       | 21            | 91          
| + IOBR                           | 37       | 42            | 89          
| + IOBS                           | 231      | 273           | 85          
| BKCL                             | 6        | 6             | 100         
| CCS                              | 1        | 1             | 100         
| CLKDIV                           | 0        | 4             | 0           
| CLKDLY                           | 0        | 8             | 0           
| DLL                              | 0        | 2             | 0           
| DRM                              | 0        | 26            | 0           
| HARD0N1                          | 84       | 936           | 9           
| IOCKBRG                          | 0        | 2             | 0           
| IOCKGATE                         | 0        | 4             | 0           
| + IOCKGATE as Bypass             | 0        |               |             
| IOLDLYS                          | 132      | 252           | 53          
| IOLDLY                           | 43       | 84            | 52          
| IOL                              | 287      | 336           | 86          
| ISERDES                          | 0        | 21            | 0           
| LDO                              | 0        | 2             | 0           
| OSC                              | 0        | 1             | 0           
| OSERDES                          | 0        | 21            | 0           
| PLLINMUXD                        | 1        | 2             | 50          
| + PLLINMUXD as Bypass            | 0        |               |             
| PLL                              | 1        | 2             | 50          
| USCMDC                           | 1        | 8             | 13          
| + USCMDC as Bypass               | 0        |               |             
| USCMD                            | 0        | 2             | 0           
| + USCMD as Bypass                | 0        |               |             
| USSMBUF                          | 0        | 8             | 0           
| + USSMBUF as Bypass              | 0        |               |             
+----------------------------------------------------------------------------+

Finished routing. (CPU time elapsed 0h:00m:09s)
Design 'Tieta_Feiteng_2001_top' has been routed successfully.
Saving design to DB.
Action route: Export DB successfully.
Action route: Real time elapsed is 0h:0m:13s
Action route: CPU time elapsed is 0h:0m:10s
Action route: Process CPU time elapsed is 0h:0m:12s
Action route: Peak memory pool usage is 391 MB

Current time: Thu Mar 26 14:17:45 2026
