#Build: Fabric Compiler 2024.2-SP1.2, Build 187561, May 22 18:16 2025
#Install: C:\studyware\pango\PDS_2024.2-SP1.2-ads\bin
#Application name: pds_shell.exe
#OS: Windows 10 10.0.18363
#Hostname: z02665mj
Generated by Fabric Compiler (version 2024.2-SP1.2 build 187561) at Mon Apr 20 10:50:51 2026
Parameters for debugging are loaded as follows:
Compiling verification operator library.
Compiling common defs.
Compiling prim grid devices.
Compiling place grid timing.
Compiling gate devices.
Compiling gate operators.
Building architecture model.
Loading device packaging model.
Building architecture floorplan logic view.
Elaborate the liberty model.
I: Multithreading enabled for Timing using a maximum of 4 processes.

Routing started.
Build routing arch for double attribute device.
Enter timing driven router mode.
I: Multithreading enabled for route using a maximum of 1 processes.
W: Route-4027: Cannot find permit_rougth_thru_units.json file in working directory.
Building routing graph takes 0.60 sec.
Enable Recovery Analysis in Routing
Init coarse delay table.
Read place coarse delay table takes 0.05 sec.
build place dedicate switch graph takes 0.23 sec
Setup STE netlist take 805 msec.
Slack Weight : 90
CE/RS signal series limit : 500
Dispose control chain take 103 msec.
Collect const net info take 26 msec.
Total nets for routing: 2255.
Total loads for routing: 10432.
Direct connect net size: 1112
Build all design net take 248 msec.
Processing design graph takes 1.19 sec.
Delay table total memory: 4.79386520 MB
Route graph total memory: 10.70494843 MB
Route design total memory: 3.60988235 MB
The remaining process takes 0.06 sec.
Stage: after context initialize | Performance: TNS = 0 ; WNS = 11451 ; THS = NA ; WHS = NA | Time (s): real = 0h:0m:7s ; cpu = 0h:0m:4s ; process = 0h:0m:5s | Memory (MB): curr = 331.269531 ; peak = 352.164063 | Checksum: 56C84ADB677BBD2F
Global routing takes 0.00 sec.
Pin Cost Increasing Speed 300
Unrouted clock nets at iteration 0 (0.007 sec): 0
Stage: after clock route | Performance: TNS = 0 ; WNS = 11451 ; THS = NA ; WHS = NA | Time (s): real = 0h:0m:7s ; cpu = 0h:0m:4s ; process = 0h:0m:5s | Memory (MB): curr = 332.371094 ; peak = 352.164063 | Checksum: E46936DC25ECD50B
Total route nets size: 2250
I: Start printing congestion info.
I: Finish printing congestion info.
Pre route takes 1.024 sec
Stage: after pre route | Performance: TNS = 0 ; WNS = 11859 ; THS = 0 ; WHS = 256 | Time (s): real = 0h:0m:8s ; cpu = 0h:0m:4s ; process = 0h:0m:6s | Memory (MB): curr = 377.460938 ; peak = 382.320313 | Checksum: 586A6C668BF016E0
Unrouted general nets at iteration 2 (MT total route time: 0.830 sec): 1855(overused: 10443)
Unrouted general nets at iteration 3 (MT total route time: 0.459 sec): 1654(overused: 6742)
Unrouted general nets at iteration 4 (MT total route time: 0.377 sec): 1459(overused: 5277)
Unrouted general nets at iteration 5 (MT total route time: 0.270 sec): 1329(overused: 4336)
Unrouted general nets at iteration 6 (MT total route time: 0.204 sec): 1257(overused: 3917)
Unrouted general nets at iteration 7 (MT total route time: 0.174 sec): 813(overused: 2709)
Unrouted general nets at iteration 8 (MT total route time: 0.169 sec): 623(overused: 1882)
Unrouted general nets at iteration 9 (MT total route time: 0.117 sec): 506(overused: 1364)
Unrouted general nets at iteration 10 (MT total route time: 0.117 sec): 402(overused: 1046)
Unrouted general nets at iteration 11 (MT total route time: 0.075 sec): 330(overused: 793)
Unrouted general nets at iteration 12 (MT total route time: 0.071 sec): 285(overused: 584)
Unrouted general nets at iteration 13 (MT total route time: 0.053 sec): 218(overused: 452)
Unrouted general nets at iteration 14 (MT total route time: 0.068 sec): 207(overused: 424)
Unrouted general nets at iteration 15 (MT total route time: 0.044 sec): 166(overused: 327)
Unrouted general nets at iteration 16 (MT total route time: 0.035 sec): 149(overused: 312)
Unrouted general nets at iteration 17 (MT total route time: 0.036 sec): 116(overused: 241)
Unrouted general nets at iteration 18 (MT total route time: 0.029 sec): 107(overused: 210)
Unrouted general nets at iteration 19 (MT total route time: 0.024 sec): 77(overused: 134)
Unrouted general nets at iteration 20 (MT total route time: 0.024 sec): 75(overused: 120)
Unrouted general nets at iteration 21 (MT total route time: 0.024 sec): 62(overused: 118)
Unrouted general nets at iteration 22 (MT total route time: 0.025 sec): 56(overused: 116)
Unrouted general nets at iteration 23 (MT total route time: 0.032 sec): 41(overused: 82)
Unrouted general nets at iteration 24 (MT total route time: 0.020 sec): 32(overused: 66)
Unrouted general nets at iteration 25 (MT total route time: 0.019 sec): 33(overused: 70)
Unrouted general nets at iteration 26 (MT total route time: 0.021 sec): 25(overused: 36)
Unrouted general nets at iteration 27 (MT total route time: 0.013 sec): 20(overused: 46)
Unrouted general nets at iteration 28 (MT total route time: 0.016 sec): 17(overused: 30)
Unrouted general nets at iteration 29 (MT total route time: 0.009 sec): 18(overused: 22)
Unrouted general nets at iteration 30 (MT total route time: 0.011 sec): 24(overused: 40)
Unrouted general nets at iteration 31 (MT total route time: 0.013 sec): 18(overused: 24)
Unrouted general nets at iteration 32 (MT total route time: 0.011 sec): 20(overused: 30)
Unrouted general nets at iteration 33 (MT total route time: 0.033 sec): 16(overused: 22)
Unrouted general nets at iteration 34 (MT total route time: 0.010 sec): 14(overused: 20)
Unrouted general nets at iteration 35 (MT total route time: 0.017 sec): 16(overused: 20)
Unrouted general nets at iteration 36 (MT total route time: 0.017 sec): 13(overused: 22)
Unrouted general nets at iteration 37 (MT total route time: 0.014 sec): 13(overused: 32)
Unrouted general nets at iteration 38 (MT total route time: 0.014 sec): 13(overused: 14)
Unrouted general nets at iteration 39 (MT total route time: 0.021 sec): 14(overused: 18)
Unrouted general nets at iteration 40 (MT total route time: 0.023 sec): 15(overused: 22)
Unrouted general nets at iteration 41 (MT total route time: 0.036 sec): 11(overused: 14)
Unrouted general nets at iteration 42 (MT total route time: 0.024 sec): 8(overused: 12)
Unrouted general nets at iteration 43 (MT total route time: 0.021 sec): 9(overused: 10)
Unrouted general nets at iteration 44 (MT total route time: 0.032 sec): 11(overused: 14)
Unrouted general nets at iteration 45 (MT total route time: 0.021 sec): 5(overused: 6)
Unrouted general nets at iteration 46 (MT total route time: 0.040 sec): 7(overused: 14)
Unrouted general nets at iteration 47 (MT total route time: 0.026 sec): 5(overused: 8)
Unrouted general nets at iteration 48 (MT total route time: 0.013 sec): 4(overused: 6)
Unrouted general nets at iteration 49 (MT total route time: 0.010 sec): 5(overused: 10)
Unrouted general nets at iteration 50 (MT total route time: 0.008 sec): 7(overused: 16)
Unrouted general nets at iteration 51 (MT total route time: 0.008 sec): 4(overused: 8)
Unrouted general nets at iteration 52 (MT total route time: 0.009 sec): 2(overused: 2)
Unrouted general nets at iteration 53 (MT total route time: 0.008 sec): 2(overused: 2)
Unrouted general nets at iteration 54 (MT total route time: 0.007 sec): 2(overused: 4)
Unrouted general nets at iteration 55 (MT total route time: 0.011 sec): 2(overused: 4)
Unrouted general nets at iteration 56 (MT total route time: 0.008 sec): 0(overused: 0)
----General net take 0.008 sec(route net take 0.000 sec, inc cost take 0.003 sec, iter times: 1)
----const net route take 0.008 sec
Unrouted nets at iteration 57 (0.017 sec): 0
Stage: after detail route | Performance: TNS = 0 ; WNS = 11019 ; THS = NA ; WHS = NA | Time (s): real = 0h:0m:13s ; cpu = 0h:0m:5s ; process = 0h:0m:11s | Memory (MB): curr = 386.109375 ; peak = 386.113281 | Checksum: B86444E6BBD2106D
Begin rip-up and reroute:
Rip-up and reroute takes 0.11 sec.
Stage: after ripup & reroute | Performance: TNS = 0 ; WNS = 11022 ; THS = NA ; WHS = NA | Time (s): real = 0h:0m:13s ; cpu = 0h:0m:5s ; process = 0h:0m:11s | Memory (MB): curr = 390.003906 ; peak = 390.062500 | Checksum: 25259FB7EAA5AAFB
Detailed routing takes 6.10 sec.
I: Design net nt_i_CLK_C42_IN_25M is routed by general path.
C: Route-2036: The clock path from i_CLK_C42_IN_25M_ibuf/opit_1:OUT to pll_inst/u_pll_e2/goppllinmuxd:CLK_IN[0] is routed by SRB.
Sort Original Nets take 0.001 sec
Check HPIO div result take 0.000 sec
Total net: 2255, route succeed net: 2255
Generate routing result take 0.005 sec
Handle PERMUX permutation take 0.099 sec
Handle const net take 0.023 sec
Handle route through take 0.050 sec
Used SRB routing arc is 18178.
Stage: after finish route | Performance: TNS = 0 ; WNS = 11022 ; THS = NA ; WHS = NA | Time (s): real = 0h:0m:13s ; cpu = 0h:0m:5s ; process = 0h:0m:11s | Memory (MB): curr = 370.734375 ; peak = 390.062500 | Checksum: 18B6C6B6FC5FC8DE
Finish routing takes 0.29 sec.
Total routing takes 8.35 sec.


Device Utilization Summary :
+----------------------------------------------------------------------------+
| Device Type                      | Used     | Available     | Util(%)     
+----------------------------------------------------------------------------+
| CLMA                             | 280      | 592           | 48          
| + FF                             | 632      | 3552          | 18          
| + LUT                            | 715      | 2368          | 31          
|   + LUT as Logic                 | 611      |               |             
|   + LUT as Const                 | 84       |               |             
|   + LUT as Bypass                | 20       |               |             
| CLMS                             | 388      | 888           | 44          
| + FF                             | 893      | 5328          | 17          
| + LUT                            | 1024     | 3552          | 29          
|   + LUT as Logic                 | 901      |               |             
|   + LUT as Memory                | 0        |               |             
|     + LUT as Distributed RAM     | 0        |               |             
|   + LUT as Const                 | 103      |               |             
|   + LUT as Bypass                | 20       |               |             
| IO                               | 287      | 336           | 86          
| + IOBD                           | 19       | 21            | 91          
| + IOBR                           | 37       | 42            | 89          
| + IOBS                           | 231      | 273           | 85          
| BKCL                             | 6        | 6             | 100         
| CCS                              | 1        | 1             | 100         
| CLKDIV                           | 0        | 4             | 0           
| CLKDLY                           | 0        | 8             | 0           
| DLL                              | 0        | 2             | 0           
| DRM                              | 0        | 26            | 0           
| HARD0N1                          | 80       | 936           | 9           
| IOCKBRG                          | 0        | 2             | 0           
| IOCKGATE                         | 0        | 4             | 0           
| + IOCKGATE as Bypass             | 0        |               |             
| IOLDLYS                          | 131      | 252           | 52          
| IOLDLY                           | 44       | 84            | 53          
| IOL                              | 287      | 336           | 86          
| ISERDES                          | 0        | 21            | 0           
| LDO                              | 0        | 2             | 0           
| OSC                              | 0        | 1             | 0           
| OSERDES                          | 0        | 21            | 0           
| PLLINMUXD                        | 1        | 2             | 50          
| + PLLINMUXD as Bypass            | 0        |               |             
| PLL                              | 1        | 2             | 50          
| USCMDC                           | 1        | 8             | 13          
| + USCMDC as Bypass               | 0        |               |             
| USCMD                            | 0        | 2             | 0           
| + USCMD as Bypass                | 0        |               |             
| USSMBUF                          | 0        | 8             | 0           
| + USSMBUF as Bypass              | 0        |               |             
+----------------------------------------------------------------------------+

Finished routing. (CPU time elapsed 0h:00m:10s)
Design 'Tieta_Feiteng_2001_top' has been routed successfully.
Saving design to DB.
Action route: Export DB successfully.
Action route: Real time elapsed is 0h:0m:14s
Action route: CPU time elapsed is 0h:0m:11s
Action route: Process CPU time elapsed is 0h:0m:12s
Action route: Peak memory pool usage is 390 MB

Current time: Mon Apr 20 10:51:03 2026
