#Build: Fabric Compiler 2024.2-SP1.2, Build 187561, May 22 18:16 2025
#Install: C:\studyware\pango\PDS_2024.2-SP1.2-ads\bin
#Application name: pds_shell.exe
#OS: Windows 10 10.0.18363
#Hostname: z02665mj
Generated by Fabric Compiler (version 2024.2-SP1.2 build 187561) at Thu Mar 26 16:27:27 2026
Parameters for debugging are loaded as follows:
Compiling verification operator library.
Compiling common defs.
Compiling prim grid devices.
Compiling place grid timing.
Compiling gate devices.
Compiling gate operators.
Building architecture model.
Loading device packaging model.
Building architecture floorplan logic view.
Elaborate the liberty model.
I: Multithreading enabled for Timing using a maximum of 4 processes.

Routing started.
Build routing arch for double attribute device.
Enter timing driven router mode.
I: Multithreading enabled for route using a maximum of 1 processes.
W: Route-4027: Cannot find permit_rougth_thru_units.json file in working directory.
Building routing graph takes 0.36 sec.
Enable Recovery Analysis in Routing
Init coarse delay table.
Read place coarse delay table takes 0.05 sec.
build place dedicate switch graph takes 0.16 sec
Setup STE netlist take 543 msec.
Slack Weight : 90
CE/RS signal series limit : 500
Dispose control chain take 60 msec.
Collect const net info take 20 msec.
Total nets for routing: 2237.
Total loads for routing: 10433.
Direct connect net size: 1111
Build all design net take 139 msec.
Processing design graph takes 0.77 sec.
Delay table total memory: 4.79386520 MB
Route graph total memory: 10.70212936 MB
Route design total memory: 3.60754013 MB
The remaining process takes 0.04 sec.
Stage: after context initialize | Performance: TNS = 0 ; WNS = 11355 ; THS = NA ; WHS = NA | Time (s): real = 0h:0m:5s ; cpu = 0h:0m:3s ; process = 0h:0m:4s | Memory (MB): curr = 332.058594 ; peak = 352.988281 | Checksum: D8635C8DCABDEB01
Global routing takes 0.00 sec.
Pin Cost Increasing Speed 300
Unrouted clock nets at iteration 0 (0.006 sec): 0
Stage: after clock route | Performance: TNS = 0 ; WNS = 11355 ; THS = NA ; WHS = NA | Time (s): real = 0h:0m:5s ; cpu = 0h:0m:3s ; process = 0h:0m:4s | Memory (MB): curr = 333.898438 ; peak = 352.988281 | Checksum: B991FB54C51B775D
Total route nets size: 2232
I: Start printing congestion info.
I: Finish printing congestion info.
Pre route takes 0.605 sec
Stage: after pre route | Performance: TNS = 0 ; WNS = 11205 ; THS = 0 ; WHS = 257 | Time (s): real = 0h:0m:5s ; cpu = 0h:0m:3s ; process = 0h:0m:5s | Memory (MB): curr = 379.234375 ; peak = 384.082031 | Checksum: 122BA580C2E9521B
Unrouted general nets at iteration 2 (MT total route time: 0.347 sec): 1834(overused: 10384)
Unrouted general nets at iteration 3 (MT total route time: 0.280 sec): 1624(overused: 6448)
Unrouted general nets at iteration 4 (MT total route time: 0.209 sec): 1438(overused: 5159)
Unrouted general nets at iteration 5 (MT total route time: 0.169 sec): 1305(overused: 4158)
Unrouted general nets at iteration 6 (MT total route time: 0.151 sec): 1175(overused: 3554)
Unrouted general nets at iteration 7 (MT total route time: 0.119 sec): 786(overused: 2610)
Unrouted general nets at iteration 8 (MT total route time: 0.101 sec): 611(overused: 1683)
Unrouted general nets at iteration 9 (MT total route time: 0.083 sec): 491(overused: 1315)
Unrouted general nets at iteration 10 (MT total route time: 0.097 sec): 387(overused: 1040)
Unrouted general nets at iteration 11 (MT total route time: 0.060 sec): 283(overused: 711)
Unrouted general nets at iteration 12 (MT total route time: 0.046 sec): 251(overused: 570)
Unrouted general nets at iteration 13 (MT total route time: 0.033 sec): 205(overused: 433)
Unrouted general nets at iteration 14 (MT total route time: 0.029 sec): 172(overused: 378)
Unrouted general nets at iteration 15 (MT total route time: 0.028 sec): 157(overused: 336)
Unrouted general nets at iteration 16 (MT total route time: 0.021 sec): 119(overused: 238)
Unrouted general nets at iteration 17 (MT total route time: 0.020 sec): 105(overused: 210)
Unrouted general nets at iteration 18 (MT total route time: 0.018 sec): 88(overused: 182)
Unrouted general nets at iteration 19 (MT total route time: 0.015 sec): 73(overused: 122)
Unrouted general nets at iteration 20 (MT total route time: 0.016 sec): 54(overused: 98)
Unrouted general nets at iteration 21 (MT total route time: 0.014 sec): 56(overused: 80)
Unrouted general nets at iteration 22 (MT total route time: 0.017 sec): 56(overused: 100)
Unrouted general nets at iteration 23 (MT total route time: 0.014 sec): 48(overused: 86)
Unrouted general nets at iteration 24 (MT total route time: 0.017 sec): 41(overused: 70)
Unrouted general nets at iteration 25 (MT total route time: 0.010 sec): 27(overused: 40)
Unrouted general nets at iteration 26 (MT total route time: 0.012 sec): 24(overused: 38)
Unrouted general nets at iteration 27 (MT total route time: 0.007 sec): 18(overused: 26)
Unrouted general nets at iteration 28 (MT total route time: 0.008 sec): 19(overused: 26)
Unrouted general nets at iteration 29 (MT total route time: 0.007 sec): 22(overused: 30)
Unrouted general nets at iteration 30 (MT total route time: 0.007 sec): 22(overused: 30)
Unrouted general nets at iteration 31 (MT total route time: 0.006 sec): 12(overused: 14)
Unrouted general nets at iteration 32 (MT total route time: 0.006 sec): 8(overused: 10)
Unrouted general nets at iteration 33 (MT total route time: 0.005 sec): 4(overused: 4)
Unrouted general nets at iteration 34 (MT total route time: 0.004 sec): 2(overused: 2)
Unrouted general nets at iteration 35 (MT total route time: 0.004 sec): 2(overused: 2)
Unrouted general nets at iteration 36 (MT total route time: 0.006 sec): 0(overused: 0)
----General net take 0.004 sec(route net take 0.000 sec, inc cost take 0.001 sec, iter times: 1)
----const net route take 0.005 sec
Unrouted nets at iteration 37 (0.010 sec): 0
Stage: after detail route | Performance: TNS = 0 ; WNS = 10736 ; THS = NA ; WHS = NA | Time (s): real = 0h:0m:8s ; cpu = 0h:0m:4s ; process = 0h:0m:8s | Memory (MB): curr = 387.839844 ; peak = 387.843750 | Checksum: 206124BA4AC82E0A
Begin rip-up and reroute:
Rip-up and reroute takes 0.08 sec.
Stage: after ripup & reroute | Performance: TNS = 0 ; WNS = 10743 ; THS = NA ; WHS = NA | Time (s): real = 0h:0m:8s ; cpu = 0h:0m:4s ; process = 0h:0m:8s | Memory (MB): curr = 390.691406 ; peak = 390.929688 | Checksum: 83A8E1C82D011791
Detailed routing takes 3.07 sec.
I: Design net nt_i_CLK_C42_IN_25M is routed by general path.
C: Route-2036: The clock path from i_CLK_C42_IN_25M_ibuf/opit_1:OUT to pll_inst/u_pll_e2/goppllinmuxd:CLK_IN[0] is routed by SRB.
Sort Original Nets take 0.001 sec
Check HPIO div result take 0.000 sec
Total net: 2237, route succeed net: 2237
Generate routing result take 0.005 sec
Handle PERMUX permutation take 0.078 sec
Handle const net take 0.007 sec
Handle route through take 0.027 sec
Used SRB routing arc is 17974.
Stage: after finish route | Performance: TNS = 0 ; WNS = 10743 ; THS = NA ; WHS = NA | Time (s): real = 0h:0m:8s ; cpu = 0h:0m:4s ; process = 0h:0m:8s | Memory (MB): curr = 373.257813 ; peak = 390.929688 | Checksum: CE92DF7C7156CC24
Finish routing takes 0.18 sec.
Total routing takes 4.49 sec.


Device Utilization Summary :
+----------------------------------------------------------------------------+
| Device Type                      | Used     | Available     | Util(%)     
+----------------------------------------------------------------------------+
| CLMA                             | 284      | 592           | 48          
| + FF                             | 624      | 3552          | 18          
| + LUT                            | 754      | 2368          | 32          
|   + LUT as Logic                 | 605      |               |             
|   + LUT as Const                 | 135      |               |             
|   + LUT as Bypass                | 14       |               |             
| CLMS                             | 382      | 888           | 44          
| + FF                             | 895      | 5328          | 17          
| + LUT                            | 996      | 3552          | 29          
|   + LUT as Logic                 | 902      |               |             
|   + LUT as Memory                | 0        |               |             
|     + LUT as Distributed RAM     | 0        |               |             
|   + LUT as Const                 | 80       |               |             
|   + LUT as Bypass                | 14       |               |             
| IO                               | 287      | 336           | 86          
| + IOBD                           | 19       | 21            | 91          
| + IOBR                           | 37       | 42            | 89          
| + IOBS                           | 231      | 273           | 85          
| BKCL                             | 6        | 6             | 100         
| CCS                              | 1        | 1             | 100         
| CLKDIV                           | 0        | 4             | 0           
| CLKDLY                           | 0        | 8             | 0           
| DLL                              | 0        | 2             | 0           
| DRM                              | 0        | 26            | 0           
| HARD0N1                          | 78       | 936           | 9           
| IOCKBRG                          | 0        | 2             | 0           
| IOCKGATE                         | 0        | 4             | 0           
| + IOCKGATE as Bypass             | 0        |               |             
| IOLDLYS                          | 132      | 252           | 53          
| IOLDLY                           | 43       | 84            | 52          
| IOL                              | 287      | 336           | 86          
| ISERDES                          | 0        | 21            | 0           
| LDO                              | 0        | 2             | 0           
| OSC                              | 0        | 1             | 0           
| OSERDES                          | 0        | 21            | 0           
| PLLINMUXD                        | 1        | 2             | 50          
| + PLLINMUXD as Bypass            | 0        |               |             
| PLL                              | 1        | 2             | 50          
| USCMDC                           | 1        | 8             | 13          
| + USCMDC as Bypass               | 0        |               |             
| USCMD                            | 0        | 2             | 0           
| + USCMD as Bypass                | 0        |               |             
| USSMBUF                          | 0        | 8             | 0           
| + USSMBUF as Bypass              | 0        |               |             
+----------------------------------------------------------------------------+

Finished routing. (CPU time elapsed 0h:00m:07s)
Design 'Tieta_Feiteng_2001_top' has been routed successfully.
Saving design to DB.
Action route: Export DB successfully.
Action route: Real time elapsed is 0h:0m:9s
Action route: CPU time elapsed is 0h:0m:8s
Action route: Process CPU time elapsed is 0h:0m:9s
Action route: Peak memory pool usage is 390 MB

Current time: Thu Mar 26 16:27:34 2026
