#Build: Fabric Compiler 2024.2-SP1.2, Build 187561, May 22 18:16 2025
#Install: C:\studyware\pango\PDS_2024.2-SP1.2-ads\bin
#Application name: pds_shell.exe
#OS: Windows 10 10.0.18363
#Hostname: z02665mj
Generated by Fabric Compiler (version 2024.2-SP1.2 build 187561) at Thu Mar 12 19:15:10 2026
Parameters for debugging are loaded as follows:
Compiling verification operator library.
Compiling common defs.
Compiling prim grid devices.
Compiling place grid timing.
Compiling gate devices.
Compiling gate operators.
Building architecture model.
Loading device packaging model.
Building architecture floorplan logic view.
Elaborate the liberty model.
I: Multithreading enabled for Timing using a maximum of 4 processes.

Routing started.
Build routing arch for double attribute device.
Enter timing driven router mode.
I: Multithreading enabled for route using a maximum of 1 processes.
W: Route-4027: Cannot find permit_rougth_thru_units.json file in working directory.
Building routing graph takes 0.36 sec.
Enable Recovery Analysis in Routing
Init coarse delay table.
Read place coarse delay table takes 0.05 sec.
build place dedicate switch graph takes 0.20 sec
Setup STE netlist take 511 msec.
Slack Weight : 90
CE/RS signal series limit : 500
Dispose control chain take 71 msec.
Collect const net info take 24 msec.
Total nets for routing: 2008.
Total loads for routing: 9311.
Direct connect net size: 1085
Build all design net take 156 msec.
Processing design graph takes 0.77 sec.
Delay table total memory: 4.79386520 MB
Route graph total memory: 10.61727142 MB
Route design total memory: 3.40897751 MB
The remaining process takes 0.04 sec.
Stage: after context initialize | Performance: TNS = 0 ; WNS = 12727 ; THS = NA ; WHS = NA | Time (s): real = 0h:0m:5s ; cpu = 0h:0m:3s ; process = 0h:0m:4s | Memory (MB): curr = 328.828125 ; peak = 347.328125 | Checksum: 1A21D16ED7EBE8CC
Global routing takes 0.00 sec.
Pin Cost Increasing Speed 300
Unrouted clock nets at iteration 0 (0.007 sec): 0
Stage: after clock route | Performance: TNS = 0 ; WNS = 12727 ; THS = NA ; WHS = NA | Time (s): real = 0h:0m:5s ; cpu = 0h:0m:3s ; process = 0h:0m:4s | Memory (MB): curr = 329.660156 ; peak = 347.328125 | Checksum: E20435A6AEB8CD0A
Total route nets size: 2003
I: Start printing congestion info.
I: Finish printing congestion info.
Pre route takes 0.649 sec
Stage: after pre route | Performance: TNS = 0 ; WNS = 12725 ; THS = 0 ; WHS = 257 | Time (s): real = 0h:0m:6s ; cpu = 0h:0m:4s ; process = 0h:0m:5s | Memory (MB): curr = 371.019531 ; peak = 375.347656 | Checksum: 413D58F9239C9300
Unrouted general nets at iteration 2 (MT total route time: 0.340 sec): 1659(overused: 9777)
Unrouted general nets at iteration 3 (MT total route time: 0.316 sec): 1451(overused: 6155)
Unrouted general nets at iteration 4 (MT total route time: 0.258 sec): 1295(overused: 4916)
Unrouted general nets at iteration 5 (MT total route time: 0.179 sec): 1184(overused: 4047)
Unrouted general nets at iteration 6 (MT total route time: 0.148 sec): 1065(overused: 3428)
Unrouted general nets at iteration 7 (MT total route time: 0.124 sec): 688(overused: 2457)
Unrouted general nets at iteration 8 (MT total route time: 0.103 sec): 533(overused: 1611)
Unrouted general nets at iteration 9 (MT total route time: 0.080 sec): 433(overused: 1269)
Unrouted general nets at iteration 10 (MT total route time: 0.075 sec): 362(overused: 1013)
Unrouted general nets at iteration 11 (MT total route time: 0.063 sec): 306(overused: 776)
Unrouted general nets at iteration 12 (MT total route time: 0.049 sec): 292(overused: 704)
Unrouted general nets at iteration 13 (MT total route time: 0.046 sec): 251(overused: 632)
Unrouted general nets at iteration 14 (MT total route time: 0.037 sec): 192(overused: 469)
Unrouted general nets at iteration 15 (MT total route time: 0.032 sec): 167(overused: 422)
Unrouted general nets at iteration 16 (MT total route time: 0.030 sec): 134(overused: 316)
Unrouted general nets at iteration 17 (MT total route time: 0.026 sec): 117(overused: 278)
Unrouted general nets at iteration 18 (MT total route time: 0.023 sec): 98(overused: 200)
Unrouted general nets at iteration 19 (MT total route time: 0.023 sec): 83(overused: 180)
Unrouted general nets at iteration 20 (MT total route time: 0.021 sec): 68(overused: 154)
Unrouted general nets at iteration 21 (MT total route time: 0.016 sec): 64(overused: 126)
Unrouted general nets at iteration 22 (MT total route time: 0.015 sec): 59(overused: 94)
Unrouted general nets at iteration 23 (MT total route time: 0.012 sec): 36(overused: 54)
Unrouted general nets at iteration 24 (MT total route time: 0.013 sec): 47(overused: 88)
Unrouted general nets at iteration 25 (MT total route time: 0.011 sec): 39(overused: 66)
Unrouted general nets at iteration 26 (MT total route time: 0.009 sec): 18(overused: 34)
Unrouted general nets at iteration 27 (MT total route time: 0.008 sec): 10(overused: 14)
Unrouted general nets at iteration 28 (MT total route time: 0.006 sec): 13(overused: 20)
Unrouted general nets at iteration 29 (MT total route time: 0.008 sec): 11(overused: 20)
Unrouted general nets at iteration 30 (MT total route time: 0.010 sec): 6(overused: 8)
Unrouted general nets at iteration 31 (MT total route time: 0.005 sec): 7(overused: 10)
Unrouted general nets at iteration 32 (MT total route time: 0.006 sec): 13(overused: 28)
Unrouted general nets at iteration 33 (MT total route time: 0.015 sec): 13(overused: 28)
Unrouted general nets at iteration 34 (MT total route time: 0.010 sec): 11(overused: 22)
Unrouted general nets at iteration 35 (MT total route time: 0.008 sec): 11(overused: 18)
Unrouted general nets at iteration 36 (MT total route time: 0.009 sec): 7(overused: 16)
Unrouted general nets at iteration 37 (MT total route time: 0.007 sec): 7(overused: 18)
Unrouted general nets at iteration 38 (MT total route time: 0.008 sec): 9(overused: 18)
Unrouted general nets at iteration 39 (MT total route time: 0.010 sec): 7(overused: 18)
Unrouted general nets at iteration 40 (MT total route time: 0.007 sec): 6(overused: 12)
Unrouted general nets at iteration 41 (MT total route time: 0.010 sec): 6(overused: 12)
Unrouted general nets at iteration 42 (MT total route time: 0.012 sec): 6(overused: 10)
Unrouted general nets at iteration 43 (MT total route time: 0.009 sec): 6(overused: 12)
Unrouted general nets at iteration 44 (MT total route time: 0.006 sec): 4(overused: 4)
Unrouted general nets at iteration 45 (MT total route time: 0.007 sec): 4(overused: 8)
Unrouted general nets at iteration 46 (MT total route time: 0.005 sec): 4(overused: 6)
Unrouted general nets at iteration 47 (MT total route time: 0.006 sec): 2(overused: 4)
Unrouted general nets at iteration 48 (MT total route time: 0.007 sec): 0(overused: 0)
----General net take 0.007 sec(route net take 0.000 sec, inc cost take 0.003 sec, iter times: 1)
----const net route take 0.007 sec
Unrouted nets at iteration 49 (0.014 sec): 0
Stage: after detail route | Performance: TNS = 0 ; WNS = 12260 ; THS = NA ; WHS = NA | Time (s): real = 0h:0m:9s ; cpu = 0h:0m:4s ; process = 0h:0m:8s | Memory (MB): curr = 378.175781 ; peak = 378.179688 | Checksum: A9A12A52384C0AA1
Begin rip-up and reroute:
Rip-up and reroute takes 0.10 sec.
Stage: after ripup & reroute | Performance: TNS = 0 ; WNS = 12258 ; THS = NA ; WHS = NA | Time (s): real = 0h:0m:9s ; cpu = 0h:0m:4s ; process = 0h:0m:8s | Memory (MB): curr = 380.609375 ; peak = 380.664063 | Checksum: C370C46A06113202
Detailed routing takes 3.49 sec.
I: Design net nt_i_CLK_C42_IN_25M is routed by general path.
C: Route-2036: The clock path from i_CLK_C42_IN_25M_ibuf/opit_1:OUT to pll_inst/u_pll_e2/goppllinmuxd:CLK_IN[0] is routed by SRB.
Sort Original Nets take 0.000 sec
Check HPIO div result take 0.000 sec
Total net: 2008, route succeed net: 2008
Generate routing result take 0.005 sec
Handle PERMUX permutation take 0.157 sec
Handle const net take 0.007 sec
Handle route through take 0.093 sec
Used SRB routing arc is 16236.
Stage: after finish route | Performance: TNS = 0 ; WNS = 12258 ; THS = NA ; WHS = NA | Time (s): real = 0h:0m:9s ; cpu = 0h:0m:4s ; process = 0h:0m:9s | Memory (MB): curr = 367.585938 ; peak = 380.664063 | Checksum: C8DA722C0DADBD66
Finish routing takes 0.38 sec.
Total routing takes 5.16 sec.


Device Utilization Summary :
+----------------------------------------------------------------------------+
| Device Type                      | Used     | Available     | Util(%)     
+----------------------------------------------------------------------------+
| CLMA                             | 274      | 592           | 47          
| + FF                             | 581      | 3552          | 17          
| + LUT                            | 686      | 2368          | 29          
|   + LUT as Logic                 | 544      |               |             
|   + LUT as Const                 | 118      |               |             
|   + LUT as Bypass                | 24       |               |             
| CLMS                             | 328      | 888           | 37          
| + FF                             | 790      | 5328          | 15          
| + LUT                            | 833      | 3552          | 24          
|   + LUT as Logic                 | 760      |               |             
|   + LUT as Memory                | 0        |               |             
|     + LUT as Distributed RAM     | 0        |               |             
|   + LUT as Const                 | 63       |               |             
|   + LUT as Bypass                | 10       |               |             
| IO                               | 289      | 336           | 87          
| + IOBD                           | 19       | 21            | 91          
| + IOBR                           | 37       | 42            | 89          
| + IOBS                           | 233      | 273           | 86          
| BKCL                             | 6        | 6             | 100         
| CCS                              | 1        | 1             | 100         
| CLKDIV                           | 0        | 4             | 0           
| CLKDLY                           | 0        | 8             | 0           
| DLL                              | 0        | 2             | 0           
| DRM                              | 0        | 26            | 0           
| HARD0N1                          | 58       | 936           | 7           
| IOCKBRG                          | 0        | 2             | 0           
| IOCKGATE                         | 0        | 4             | 0           
| + IOCKGATE as Bypass             | 0        |               |             
| IOLDLYS                          | 134      | 252           | 54          
| IOLDLY                           | 43       | 84            | 52          
| IOL                              | 289      | 336           | 87          
| ISERDES                          | 0        | 21            | 0           
| LDO                              | 0        | 2             | 0           
| OSC                              | 0        | 1             | 0           
| OSERDES                          | 0        | 21            | 0           
| PLLINMUXD                        | 1        | 2             | 50          
| + PLLINMUXD as Bypass            | 0        |               |             
| PLL                              | 1        | 2             | 50          
| USCMDC                           | 1        | 8             | 13          
| + USCMDC as Bypass               | 0        |               |             
| USCMD                            | 0        | 2             | 0           
| + USCMD as Bypass                | 0        |               |             
| USSMBUF                          | 0        | 8             | 0           
| + USSMBUF as Bypass              | 0        |               |             
+----------------------------------------------------------------------------+

Finished routing. (CPU time elapsed 0h:00m:07s)
Design 'Tieta_Feiteng_2001_top' has been routed successfully.
Saving design to DB.
Action route: Export DB successfully.
Action route: Real time elapsed is 0h:0m:10s
Action route: CPU time elapsed is 0h:0m:8s
Action route: Process CPU time elapsed is 0h:0m:10s
Action route: Peak memory pool usage is 380 MB

Current time: Thu Mar 12 19:15:18 2026
