#Build: Fabric Compiler 2024.2-SP1.2, Build 187561, May 22 18:16 2025
#Install: C:\studyware\pango\PDS_2024.2-SP1.2-ads\bin
#Application name: pds_shell.exe
#OS: Windows 10 10.0.18363
#Hostname: z02665mj
Generated by Fabric Compiler (version 2024.2-SP1.2 build 187561) at Wed Mar 25 16:14:39 2026
Parameters for debugging are loaded as follows:
Compiling verification operator library.
Compiling common defs.
Compiling prim grid devices.
Compiling place grid timing.
Compiling gate devices.
Compiling gate operators.
Building architecture model.
Loading device packaging model.
Building architecture floorplan logic view.
Elaborate the liberty model.
I: Multithreading enabled for Timing using a maximum of 4 processes.

Routing started.
Build routing arch for double attribute device.
Enter timing driven router mode.
I: Multithreading enabled for route using a maximum of 1 processes.
W: Route-4027: Cannot find permit_rougth_thru_units.json file in working directory.
Building routing graph takes 0.31 sec.
Enable Recovery Analysis in Routing
Init coarse delay table.
Read place coarse delay table takes 0.02 sec.
build place dedicate switch graph takes 0.17 sec
Setup STE netlist take 573 msec.
Slack Weight : 90
CE/RS signal series limit : 500
Dispose control chain take 77 msec.
Collect const net info take 21 msec.
Total nets for routing: 2264.
Total loads for routing: 10499.
Direct connect net size: 1095
Build all design net take 171 msec.
Processing design graph takes 0.85 sec.
Delay table total memory: 4.79386520 MB
Route graph total memory: 10.71189880 MB
Route design total memory: 3.61332321 MB
The remaining process takes 0.05 sec.
Stage: after context initialize | Performance: TNS = 0 ; WNS = 11552 ; THS = NA ; WHS = NA | Time (s): real = 0h:0m:9s ; cpu = 0h:0m:4s ; process = 0h:0m:5s | Memory (MB): curr = 333.453125 ; peak = 353.968750 | Checksum: A7C5BA73631DE151
Global routing takes 0.00 sec.
Pin Cost Increasing Speed 300
Unrouted clock nets at iteration 0 (0.008 sec): 0
Stage: after clock route | Performance: TNS = 0 ; WNS = 11552 ; THS = NA ; WHS = NA | Time (s): real = 0h:0m:9s ; cpu = 0h:0m:4s ; process = 0h:0m:5s | Memory (MB): curr = 334.894531 ; peak = 353.968750 | Checksum: BFDFD4C99B3C0412
Total route nets size: 2259
I: Start printing congestion info.
I: Finish printing congestion info.
Pre route takes 0.694 sec
Stage: after pre route | Performance: TNS = 0 ; WNS = 11442 ; THS = 0 ; WHS = 260 | Time (s): real = 0h:0m:10s ; cpu = 0h:0m:4s ; process = 0h:0m:6s | Memory (MB): curr = 381.414063 ; peak = 386.285156 | Checksum: A446BE0C6575550A
Unrouted general nets at iteration 2 (MT total route time: 0.361 sec): 1881(overused: 10658)
Unrouted general nets at iteration 3 (MT total route time: 0.291 sec): 1649(overused: 6870)
Unrouted general nets at iteration 4 (MT total route time: 0.255 sec): 1474(overused: 5317)
Unrouted general nets at iteration 5 (MT total route time: 0.239 sec): 1339(overused: 4395)
Unrouted general nets at iteration 6 (MT total route time: 0.193 sec): 1245(overused: 3848)
Unrouted general nets at iteration 7 (MT total route time: 0.146 sec): 799(overused: 2711)
Unrouted general nets at iteration 8 (MT total route time: 0.128 sec): 637(overused: 1913)
Unrouted general nets at iteration 9 (MT total route time: 0.131 sec): 528(overused: 1481)
Unrouted general nets at iteration 10 (MT total route time: 0.092 sec): 412(overused: 1067)
Unrouted general nets at iteration 11 (MT total route time: 0.143 sec): 349(overused: 872)
Unrouted general nets at iteration 12 (MT total route time: 0.067 sec): 307(overused: 722)
Unrouted general nets at iteration 13 (MT total route time: 0.109 sec): 263(overused: 573)
Unrouted general nets at iteration 14 (MT total route time: 0.055 sec): 207(overused: 465)
Unrouted general nets at iteration 15 (MT total route time: 0.040 sec): 166(overused: 343)
Unrouted general nets at iteration 16 (MT total route time: 0.040 sec): 141(overused: 313)
Unrouted general nets at iteration 17 (MT total route time: 0.036 sec): 120(overused: 239)
Unrouted general nets at iteration 18 (MT total route time: 0.021 sec): 110(overused: 244)
Unrouted general nets at iteration 19 (MT total route time: 0.024 sec): 109(overused: 232)
Unrouted general nets at iteration 20 (MT total route time: 0.022 sec): 96(overused: 188)
Unrouted general nets at iteration 21 (MT total route time: 0.028 sec): 84(overused: 154)
Unrouted general nets at iteration 22 (MT total route time: 0.023 sec): 51(overused: 101)
Unrouted general nets at iteration 23 (MT total route time: 0.012 sec): 40(overused: 68)
Unrouted general nets at iteration 24 (MT total route time: 0.014 sec): 36(overused: 56)
Unrouted general nets at iteration 25 (MT total route time: 0.018 sec): 35(overused: 60)
Unrouted general nets at iteration 26 (MT total route time: 0.009 sec): 30(overused: 48)
Unrouted general nets at iteration 27 (MT total route time: 0.011 sec): 27(overused: 50)
Unrouted general nets at iteration 28 (MT total route time: 0.009 sec): 16(overused: 22)
Unrouted general nets at iteration 29 (MT total route time: 0.007 sec): 15(overused: 24)
Unrouted general nets at iteration 30 (MT total route time: 0.009 sec): 16(overused: 28)
Unrouted general nets at iteration 31 (MT total route time: 0.007 sec): 18(overused: 22)
Unrouted general nets at iteration 32 (MT total route time: 0.008 sec): 18(overused: 24)
Unrouted general nets at iteration 33 (MT total route time: 0.011 sec): 18(overused: 28)
Unrouted general nets at iteration 34 (MT total route time: 0.016 sec): 14(overused: 24)
Unrouted general nets at iteration 35 (MT total route time: 0.010 sec): 2(overused: 2)
Unrouted general nets at iteration 36 (MT total route time: 0.005 sec): 2(overused: 2)
Unrouted general nets at iteration 37 (MT total route time: 0.009 sec): 0(overused: 0)
----General net take 0.005 sec(route net take 0.000 sec, inc cost take 0.002 sec, iter times: 1)
----const net route take 0.005 sec
Unrouted nets at iteration 38 (0.011 sec): 0
Stage: after detail route | Performance: TNS = 0 ; WNS = 10763 ; THS = NA ; WHS = NA | Time (s): real = 0h:0m:13s ; cpu = 0h:0m:5s ; process = 0h:0m:10s | Memory (MB): curr = 389.023438 ; peak = 389.027344 | Checksum: 304E1E4EE6390839
Begin rip-up and reroute:
Rip-up and reroute takes 0.12 sec.
Stage: after ripup & reroute | Performance: TNS = 0 ; WNS = 10757 ; THS = NA ; WHS = NA | Time (s): real = 0h:0m:13s ; cpu = 0h:0m:5s ; process = 0h:0m:10s | Memory (MB): curr = 392.832031 ; peak = 392.886719 | Checksum: 9613B9AF2CB799EE
Detailed routing takes 4.03 sec.
I: Design net nt_i_CLK_C42_IN_25M is routed by general path.
C: Route-2036: The clock path from i_CLK_C42_IN_25M_ibuf/opit_1:OUT to pll_inst/u_pll_e2/goppllinmuxd:CLK_IN[0] is routed by SRB.
Sort Original Nets take 0.001 sec
Check HPIO div result take 0.000 sec
Total net: 2264, route succeed net: 2264
Generate routing result take 0.005 sec
Handle PERMUX permutation take 0.097 sec
Handle const net take 0.006 sec
Handle route through take 0.030 sec
Used SRB routing arc is 18261.
Stage: after finish route | Performance: TNS = 0 ; WNS = 10757 ; THS = NA ; WHS = NA | Time (s): real = 0h:0m:13s ; cpu = 0h:0m:5s ; process = 0h:0m:10s | Memory (MB): curr = 375.472656 ; peak = 392.886719 | Checksum: DFA8E2FE112D462C
Finish routing takes 0.20 sec.
Total routing takes 5.52 sec.


Device Utilization Summary :
+----------------------------------------------------------------------------+
| Device Type                      | Used     | Available     | Util(%)     
+----------------------------------------------------------------------------+
| CLMA                             | 281      | 592           | 48          
| + FF                             | 559      | 3552          | 16          
| + LUT                            | 724      | 2368          | 31          
|   + LUT as Logic                 | 567      |               |             
|   + LUT as Const                 | 135      |               |             
|   + LUT as Bypass                | 22       |               |             
| CLMS                             | 377      | 888           | 43          
| + FF                             | 962      | 5328          | 19          
| + LUT                            | 1042     | 3552          | 30          
|   + LUT as Logic                 | 955      |               |             
|   + LUT as Memory                | 0        |               |             
|     + LUT as Distributed RAM     | 0        |               |             
|   + LUT as Const                 | 77       |               |             
|   + LUT as Bypass                | 10       |               |             
| IO                               | 287      | 336           | 86          
| + IOBD                           | 19       | 21            | 91          
| + IOBR                           | 37       | 42            | 89          
| + IOBS                           | 231      | 273           | 85          
| BKCL                             | 6        | 6             | 100         
| CCS                              | 1        | 1             | 100         
| CLKDIV                           | 0        | 4             | 0           
| CLKDLY                           | 0        | 8             | 0           
| DLL                              | 0        | 2             | 0           
| DRM                              | 0        | 26            | 0           
| HARD0N1                          | 80       | 936           | 9           
| IOCKBRG                          | 0        | 2             | 0           
| IOCKGATE                         | 0        | 4             | 0           
| + IOCKGATE as Bypass             | 0        |               |             
| IOLDLYS                          | 132      | 252           | 53          
| IOLDLY                           | 43       | 84            | 52          
| IOL                              | 287      | 336           | 86          
| ISERDES                          | 0        | 21            | 0           
| LDO                              | 0        | 2             | 0           
| OSC                              | 0        | 1             | 0           
| OSERDES                          | 0        | 21            | 0           
| PLLINMUXD                        | 1        | 2             | 50          
| + PLLINMUXD as Bypass            | 0        |               |             
| PLL                              | 1        | 2             | 50          
| USCMDC                           | 1        | 8             | 13          
| + USCMDC as Bypass               | 0        |               |             
| USCMD                            | 0        | 2             | 0           
| + USCMD as Bypass                | 0        |               |             
| USSMBUF                          | 0        | 8             | 0           
| + USSMBUF as Bypass              | 0        |               |             
+----------------------------------------------------------------------------+

Finished routing. (CPU time elapsed 0h:00m:08s)
Design 'Tieta_Feiteng_2001_top' has been routed successfully.
Saving design to DB.
Action route: Export DB successfully.
Action route: Real time elapsed is 0h:0m:14s
Action route: CPU time elapsed is 0h:0m:9s
Action route: Process CPU time elapsed is 0h:0m:11s
Action route: Peak memory pool usage is 392 MB

Current time: Wed Mar 25 16:14:48 2026
