#Build: Fabric Compiler 2024.2-SP1.2, Build 187561, May 22 18:16 2025
#Install: C:\studyware\pango\PDS_2024.2-SP1.2-ads\bin
#Application name: pds_shell.exe
#OS: Windows 10 10.0.18363
#Hostname: z02665mj
Generated by Fabric Compiler (version 2024.2-SP1.2 build 187561) at Fri Mar 27 19:03:19 2026
Parameters for debugging are loaded as follows:
Compiling verification operator library.
Compiling common defs.
Compiling prim grid devices.
Compiling place grid timing.
Compiling gate devices.
Compiling gate operators.
Building architecture model.
Loading device packaging model.
Building architecture floorplan logic view.
Elaborate the liberty model.
I: Multithreading enabled for Timing using a maximum of 4 processes.

Routing started.
Build routing arch for double attribute device.
Enter timing driven router mode.
I: Multithreading enabled for route using a maximum of 1 processes.
W: Route-4027: Cannot find permit_rougth_thru_units.json file in working directory.
Building routing graph takes 0.30 sec.
Enable Recovery Analysis in Routing
Init coarse delay table.
Read place coarse delay table takes 0.03 sec.
build place dedicate switch graph takes 0.17 sec
Setup STE netlist take 643 msec.
Slack Weight : 90
CE/RS signal series limit : 500
Dispose control chain take 99 msec.
Collect const net info take 27 msec.
Total nets for routing: 3155.
Total loads for routing: 14845.
Direct connect net size: 1289
Build all design net take 172 msec.
Processing design graph takes 0.95 sec.
Delay table total memory: 4.79386520 MB
Route graph total memory: 11.34410095 MB
Route design total memory: 4.24215317 MB
The remaining process takes 0.05 sec.
Stage: after context initialize | Performance: TNS = 0 ; WNS = 9200 ; THS = NA ; WHS = NA | Time (s): real = 0h:0m:5s ; cpu = 0h:0m:3s ; process = 0h:0m:4s | Memory (MB): curr = 357.859375 ; peak = 382.367188 | Checksum: 41E69A4485D8EE4F
Global routing takes 0.00 sec.
Pin Cost Increasing Speed 300
Unrouted clock nets at iteration 0 (0.009 sec): 0
Stage: after clock route | Performance: TNS = 0 ; WNS = 9200 ; THS = NA ; WHS = NA | Time (s): real = 0h:0m:5s ; cpu = 0h:0m:3s ; process = 0h:0m:4s | Memory (MB): curr = 359.464844 ; peak = 382.367188 | Checksum: 6AF363419B9A4D3E
Total route nets size: 3147
I: Start printing congestion info.
I: Finish printing congestion info.
Pre route takes 0.880 sec
Stage: after pre route | Performance: TNS = 0 ; WNS = 10346 ; THS = -22 ; WHS = -22 | Time (s): real = 0h:0m:6s ; cpu = 0h:0m:3s ; process = 0h:0m:5s | Memory (MB): curr = 421.687500 ; peak = 427.328125 | Checksum: CF14015A399AF235
Unrouted general nets at iteration 2 (MT total route time: 0.508 sec): 2758(overused: 15171)
Unrouted general nets at iteration 3 (MT total route time: 0.447 sec): 2351(overused: 9480)
Unrouted general nets at iteration 4 (MT total route time: 0.316 sec): 2098(overused: 7495)
Unrouted general nets at iteration 5 (MT total route time: 0.259 sec): 1774(overused: 5649)
Unrouted general nets at iteration 6 (MT total route time: 0.226 sec): 1643(overused: 4859)
Unrouted general nets at iteration 7 (MT total route time: 0.167 sec): 1253(overused: 3678)
Unrouted general nets at iteration 8 (MT total route time: 0.147 sec): 993(overused: 2662)
Unrouted general nets at iteration 9 (MT total route time: 0.135 sec): 786(overused: 1974)
Unrouted general nets at iteration 10 (MT total route time: 0.110 sec): 665(overused: 1625)
Unrouted general nets at iteration 11 (MT total route time: 0.091 sec): 554(overused: 1330)
Unrouted general nets at iteration 12 (MT total route time: 0.091 sec): 477(overused: 1119)
Unrouted general nets at iteration 13 (MT total route time: 0.075 sec): 398(overused: 923)
Unrouted general nets at iteration 14 (MT total route time: 0.068 sec): 357(overused: 821)
Unrouted general nets at iteration 15 (MT total route time: 0.064 sec): 294(overused: 655)
Unrouted general nets at iteration 16 (MT total route time: 0.070 sec): 266(overused: 584)
Unrouted general nets at iteration 17 (MT total route time: 0.062 sec): 233(overused: 473)
Unrouted general nets at iteration 18 (MT total route time: 0.049 sec): 189(overused: 378)
Unrouted general nets at iteration 19 (MT total route time: 0.042 sec): 168(overused: 344)
Unrouted general nets at iteration 20 (MT total route time: 0.064 sec): 172(overused: 336)
Unrouted general nets at iteration 21 (MT total route time: 0.048 sec): 159(overused: 300)
Unrouted general nets at iteration 22 (MT total route time: 0.041 sec): 118(overused: 211)
Unrouted general nets at iteration 23 (MT total route time: 0.032 sec): 119(overused: 236)
Unrouted general nets at iteration 24 (MT total route time: 0.031 sec): 97(overused: 185)
Unrouted general nets at iteration 25 (MT total route time: 0.047 sec): 122(overused: 278)
Unrouted general nets at iteration 26 (MT total route time: 0.037 sec): 101(overused: 209)
Unrouted general nets at iteration 27 (MT total route time: 0.030 sec): 94(overused: 182)
Unrouted general nets at iteration 28 (MT total route time: 0.022 sec): 74(overused: 132)
Unrouted general nets at iteration 29 (MT total route time: 0.028 sec): 84(overused: 146)
Unrouted general nets at iteration 30 (MT total route time: 0.021 sec): 70(overused: 134)
Unrouted general nets at iteration 31 (MT total route time: 0.023 sec): 62(overused: 104)
