#Build: Fabric Compiler 2024.2-SP1.2, Build 187561, May 22 18:16 2025
#Install: C:\studyware\pango\PDS_2024.2-SP1.2-ads\bin
#Application name: pds_shell.exe
#OS: Windows 10 10.0.18363
#Hostname: z02665mj
Generated by Fabric Compiler (version 2024.2-SP1.2 build 187561) at Mon Mar  2 20:38:15 2026
Parameters for debugging are loaded as follows:
Compiling verification operator library.
Compiling common defs.
Compiling prim grid devices.
Compiling place grid timing.
Compiling gate devices.
Compiling gate operators.
Building architecture model.
Loading device packaging model.
Building architecture floorplan logic view.
Elaborate the liberty model.
I: Multithreading enabled for Timing using a maximum of 4 processes.

Routing started.
Build routing arch for double attribute device.
Enter timing driven router mode.
I: Multithreading enabled for route using a maximum of 1 processes.
W: Route-4027: Cannot find permit_rougth_thru_units.json file in working directory.
Building routing graph takes 0.32 sec.
Enable Recovery Analysis in Routing
Init coarse delay table.
Read place coarse delay table takes 0.03 sec.
build place dedicate switch graph takes 0.19 sec
Setup STE netlist take 483 msec.
Slack Weight : 90
CE/RS signal series limit : 500
Dispose control chain take 48 msec.
Collect const net info take 18 msec.
Total nets for routing: 1828.
Total loads for routing: 8618.
Direct connect net size: 1033
Build all design net take 112 msec.
Processing design graph takes 0.67 sec.
Delay table total memory: 4.79386520 MB
Route graph total memory: 10.53761292 MB
Route design total memory: 3.36549759 MB
The remaining process takes 0.03 sec.
Stage: after context initialize | Performance: TNS = 0 ; WNS = 12907 ; THS = NA ; WHS = NA | Time (s): real = 0h:0m:5s ; cpu = 0h:0m:3s ; process = 0h:0m:4s | Memory (MB): curr = 326.203125 ; peak = 343.210938 | Checksum: 915699C4F7D7F1C8
Global routing takes 0.00 sec.
Pin Cost Increasing Speed 300
Unrouted clock nets at iteration 0 (0.005 sec): 0
Stage: after clock route | Performance: TNS = 0 ; WNS = 12907 ; THS = NA ; WHS = NA | Time (s): real = 0h:0m:5s ; cpu = 0h:0m:3s ; process = 0h:0m:4s | Memory (MB): curr = 327.226563 ; peak = 343.210938 | Checksum: E3FB10866AD03F86
Total route nets size: 1823
I: Start printing congestion info.
I: Finish printing congestion info.
Pre route takes 0.508 sec
Stage: after pre route | Performance: TNS = 0 ; WNS = 12827 ; THS = 0 ; WHS = 255 | Time (s): real = 0h:0m:6s ; cpu = 0h:0m:3s ; process = 0h:0m:4s | Memory (MB): curr = 370.207031 ; peak = 370.890625 | Checksum: 18A83476495BF76A
Unrouted general nets at iteration 2 (MT total route time: 0.287 sec): 1481(overused: 8840)
Unrouted general nets at iteration 3 (MT total route time: 0.334 sec): 1299(overused: 5502)
Unrouted general nets at iteration 4 (MT total route time: 0.182 sec): 1183(overused: 4433)
Unrouted general nets at iteration 5 (MT total route time: 0.150 sec): 1085(overused: 3609)
Unrouted general nets at iteration 6 (MT total route time: 0.129 sec): 977(overused: 3146)
Unrouted general nets at iteration 7 (MT total route time: 0.109 sec): 652(overused: 2328)
Unrouted general nets at iteration 8 (MT total route time: 0.092 sec): 545(overused: 1581)
Unrouted general nets at iteration 9 (MT total route time: 0.084 sec): 438(overused: 1386)
Unrouted general nets at iteration 10 (MT total route time: 0.071 sec): 364(overused: 1103)
Unrouted general nets at iteration 11 (MT total route time: 0.056 sec): 311(overused: 825)
Unrouted general nets at iteration 12 (MT total route time: 0.048 sec): 249(overused: 653)
Unrouted general nets at iteration 13 (MT total route time: 0.036 sec): 196(overused: 506)
Unrouted general nets at iteration 14 (MT total route time: 0.029 sec): 155(overused: 336)
Unrouted general nets at iteration 15 (MT total route time: 0.026 sec): 145(overused: 331)
Unrouted general nets at iteration 16 (MT total route time: 0.023 sec): 128(overused: 282)
Unrouted general nets at iteration 17 (MT total route time: 0.019 sec): 110(overused: 236)
Unrouted general nets at iteration 18 (MT total route time: 0.016 sec): 82(overused: 160)
Unrouted general nets at iteration 19 (MT total route time: 0.013 sec): 73(overused: 138)
Unrouted general nets at iteration 20 (MT total route time: 0.013 sec): 64(overused: 122)
Unrouted general nets at iteration 21 (MT total route time: 0.013 sec): 58(overused: 130)
Unrouted general nets at iteration 22 (MT total route time: 0.011 sec): 46(overused: 98)
Unrouted general nets at iteration 23 (MT total route time: 0.008 sec): 32(overused: 64)
Unrouted general nets at iteration 24 (MT total route time: 0.008 sec): 29(overused: 50)
Unrouted general nets at iteration 25 (MT total route time: 0.006 sec): 17(overused: 26)
Unrouted general nets at iteration 26 (MT total route time: 0.007 sec): 13(overused: 20)
Unrouted general nets at iteration 27 (MT total route time: 0.007 sec): 10(overused: 16)
Unrouted general nets at iteration 28 (MT total route time: 0.004 sec): 6(overused: 8)
Unrouted general nets at iteration 29 (MT total route time: 0.003 sec): 7(overused: 10)
Unrouted general nets at iteration 30 (MT total route time: 0.003 sec): 4(overused: 6)
Unrouted general nets at iteration 31 (MT total route time: 0.003 sec): 2(overused: 2)
Unrouted general nets at iteration 32 (MT total route time: 0.005 sec): 2(overused: 4)
Unrouted general nets at iteration 33 (MT total route time: 0.004 sec): 2(overused: 2)
Unrouted general nets at iteration 34 (MT total route time: 0.003 sec): 2(overused: 6)
Unrouted general nets at iteration 35 (MT total route time: 0.003 sec): 0(overused: 0)
----General net take 0.004 sec(route net take 0.000 sec, inc cost take 0.002 sec, iter times: 1)
----const net route take 0.004 sec
Unrouted nets at iteration 36 (0.008 sec): 0
Stage: after detail route | Performance: TNS = 0 ; WNS = 11906 ; THS = NA ; WHS = NA | Time (s): real = 0h:0m:8s ; cpu = 0h:0m:3s ; process = 0h:0m:6s | Memory (MB): curr = 373.347656 ; peak = 373.351563 | Checksum: 77BFCB5FFDE8237E
Begin rip-up and reroute:
Rip-up and reroute takes 0.07 sec.
Stage: after ripup & reroute | Performance: TNS = 0 ; WNS = 11907 ; THS = NA ; WHS = NA | Time (s): real = 0h:0m:8s ; cpu = 0h:0m:3s ; process = 0h:0m:7s | Memory (MB): curr = 376.128906 ; peak = 376.187500 | Checksum: 3F63196DC0A63C9B
Detailed routing takes 2.73 sec.
I: Design net nt_i_CLK_C42_IN_25M is routed by general path.
C: Route-2036: The clock path from i_CLK_C42_IN_25M_ibuf/opit_1:OUT to pll_inst/u_pll_e2/goppllinmuxd:CLK_IN[0] is routed by SRB.
Sort Original Nets take 0.000 sec
Check HPIO div result take 0.000 sec
Total net: 1828, route succeed net: 1828
Generate routing result take 0.004 sec
Handle PERMUX permutation take 0.061 sec
Handle const net take 0.004 sec
Handle route through take 0.019 sec
Used SRB routing arc is 15118.
Stage: after finish route | Performance: TNS = 0 ; WNS = 11907 ; THS = NA ; WHS = NA | Time (s): real = 0h:0m:8s ; cpu = 0h:0m:3s ; process = 0h:0m:7s | Memory (MB): curr = 361.039063 ; peak = 376.187500 | Checksum: 8DDFADB2F4D914E
Finish routing takes 0.14 sec.
Total routing takes 3.95 sec.


Device Utilization Summary :
+----------------------------------------------------------------------------+
| Device Type                      | Used     | Available     | Util(%)     
+----------------------------------------------------------------------------+
| CLMA                             | 243      | 592           | 42          
| + FF                             | 509      | 3552          | 15          
| + LUT                            | 598      | 2368          | 26          
|   + LUT as Logic                 | 475      |               |             
|   + LUT as Const                 | 109      |               |             
|   + LUT as Bypass                | 14       |               |             
| CLMS                             | 317      | 888           | 36          
| + FF                             | 745      | 5328          | 14          
| + LUT                            | 804      | 3552          | 23          
|   + LUT as Logic                 | 718      |               |             
|   + LUT as Memory                | 0        |               |             
|     + LUT as Distributed RAM     | 0        |               |             
|   + LUT as Const                 | 76       |               |             
|   + LUT as Bypass                | 10       |               |             
| IO                               | 287      | 336           | 86          
| + IOBD                           | 19       | 21            | 91          
| + IOBR                           | 37       | 42            | 89          
| + IOBS                           | 231      | 273           | 85          
| BKCL                             | 6        | 6             | 100         
| CCS                              | 1        | 1             | 100         
| CLKDIV                           | 0        | 4             | 0           
| CLKDLY                           | 0        | 8             | 0           
| DLL                              | 0        | 2             | 0           
| DRM                              | 0        | 26            | 0           
| HARD0N1                          | 45       | 936           | 5           
| IOCKBRG                          | 0        | 2             | 0           
| IOCKGATE                         | 0        | 4             | 0           
| + IOCKGATE as Bypass             | 0        |               |             
| IOLDLYS                          | 131      | 252           | 52          
| IOLDLY                           | 38       | 84            | 46          
| IOL                              | 287      | 336           | 86          
| ISERDES                          | 0        | 21            | 0           
| LDO                              | 0        | 2             | 0           
| OSC                              | 0        | 1             | 0           
| OSERDES                          | 0        | 21            | 0           
| PLLINMUXD                        | 1        | 2             | 50          
| + PLLINMUXD as Bypass            | 0        |               |             
| PLL                              | 1        | 2             | 50          
| USCMDC                           | 1        | 8             | 13          
| + USCMDC as Bypass               | 0        |               |             
| USCMD                            | 0        | 2             | 0           
| + USCMD as Bypass                | 0        |               |             
| USSMBUF                          | 0        | 8             | 0           
| + USSMBUF as Bypass              | 0        |               |             
+----------------------------------------------------------------------------+

Finished routing. (CPU time elapsed 0h:00m:06s)
Design 'Tieta_Feiteng_2001_top' has been routed successfully.
Saving design to DB.
Action route: Export DB successfully.
Action route: Real time elapsed is 0h:0m:9s
Action route: CPU time elapsed is 0h:0m:6s
Action route: Process CPU time elapsed is 0h:0m:7s
Action route: Peak memory pool usage is 376 MB

Current time: Mon Mar  2 20:38:22 2026
