#Build: Fabric Compiler 2024.2-SP1.2, Build 187561, May 22 18:16 2025
#Install: C:\studyware\pango\PDS_2024.2-SP1.2-ads\bin
#Application name: pds_shell.exe
#OS: Windows 10 10.0.18363
#Hostname: z02665mj
Generated by Fabric Compiler (version 2024.2-SP1.2 build 187561) at Thu Mar 12 19:13:11 2026
Parameters for debugging are loaded as follows:
Compiling verification operator library.
Compiling common defs.
Compiling prim grid devices.
Compiling place grid timing.
Compiling gate devices.
Compiling gate operators.
Building architecture model.
Loading device packaging model.
Reading design from DB.
Elaborate the liberty model.
I: Multithreading enabled for Timing using a maximum of 4 processes.
E: ConstraintEditor-0099: Port 'io_BMC_I2C3_PAL_S_SDA_R' unspecified I/O constraint.
E: ConstraintEditor-0099: Port 'i_BMC_I2C3_PAL_S_SCL_R' unspecified I/O constraint.
Found 2 error(s), 0 critical warning(s), 0 warning(s), out of 0 constraint(s)
