#Build: Fabric Compiler 2024.2-SP1.2, Build 187561, May 22 18:16 2025
#Install: C:\studyware\pango\PDS_2024.2-SP1.2-ads\bin
#Application name: pds_shell.exe
#OS: Windows 10 10.0.18363
#Hostname: z02665mj
Generated by Fabric Compiler (version 2024.2-SP1.2 build 187561) at Thu Mar  5 16:03:24 2026
Parameters for debugging are loaded as follows:
Compiling verification operator library.
Compiling common defs.
Compiling prim grid devices.
Compiling place grid timing.
Compiling gate devices.
Compiling gate operators.
Building architecture model.
Loading device packaging model.
Reading design from DB.
Elaborate the liberty model.
I: Multithreading enabled for Timing using a maximum of 4 processes.
Start Generating Programming File...
Reading design from DB takes 0.375000 sec.
Generating architecture configuration.
The bitstream file is "C:/CPLD/pango/2_Tieta_Feiteng/Tieta_Feiteng_2001_PGC7KD69MBG400/prj/Tieta_S/generate_bitstream/Tieta_Feiteng_2001_top.sbit"
Generate programming file takes 3.531250 sec.
Generating Programming File done.
Action gen_bit_stream: Real time elapsed is 0h:0m:7s
Action gen_bit_stream: CPU time elapsed is 0h:0m:5s
Action gen_bit_stream: Process CPU time elapsed is 0h:0m:6s
Action gen_bit_stream: Peak memory pool usage is 398 MB

Current time: Thu Mar  5 16:03:29 2026
