#Build: Fabric Compiler 2024.2-SP1.2, Build 187561, May 22 18:16 2025
#Install: C:\studyware\pango\PDS_2024.2-SP1.2-ads\bin
#Application name: pds_shell.exe
#OS: Windows 10 10.0.18363
#Hostname: z02665mj
Generated by Fabric Compiler (version 2024.2-SP1.2 build 187561) at Thu Mar  5 20:02:36 2026
Parameters for debugging are loaded as follows:
Compiling verification operator library.
Compiling common defs.
Compiling prim grid devices.
Compiling place grid timing.
Compiling gate devices.
Compiling gate operators.
Building architecture model.
Loading device packaging model.
Building architecture floorplan logic view.
Elaborate the liberty model.
I: Multithreading enabled for Timing using a maximum of 4 processes.

Routing started.
Build routing arch for double attribute device.
Enter timing driven router mode.
I: Multithreading enabled for route using a maximum of 1 processes.
W: Route-4027: Cannot find permit_rougth_thru_units.json file in working directory.
Building routing graph takes 0.29 sec.
Enable Recovery Analysis in Routing
Init coarse delay table.
Read place coarse delay table takes 0.05 sec.
build place dedicate switch graph takes 0.20 sec
Setup STE netlist take 565 msec.
Slack Weight : 90
CE/RS signal series limit : 500
Dispose control chain take 99 msec.
Collect const net info take 28 msec.
Total nets for routing: 2591.
Total loads for routing: 12190.
Direct connect net size: 1185
Build all design net take 169 msec.
Processing design graph takes 0.86 sec.
Delay table total memory: 4.79386520 MB
Route graph total memory: 10.91196060 MB
Route design total memory: 3.95692825 MB
The remaining process takes 0.06 sec.
Stage: after context initialize | Performance: TNS = 0 ; WNS = 9199 ; THS = NA ; WHS = NA | Time (s): real = 0h:0m:6s ; cpu = 0h:0m:3s ; process = 0h:0m:4s | Memory (MB): curr = 347.628906 ; peak = 369.492188 | Checksum: 2A7DD0CB2E2AAE9A
Global routing takes 0.00 sec.
Pin Cost Increasing Speed 300
Unrouted clock nets at iteration 0 (0.009 sec): 0
Stage: after clock route | Performance: TNS = 0 ; WNS = 9199 ; THS = NA ; WHS = NA | Time (s): real = 0h:0m:6s ; cpu = 0h:0m:3s ; process = 0h:0m:4s | Memory (MB): curr = 348.761719 ; peak = 369.492188 | Checksum: 1970E901638FED59
Total route nets size: 2583
I: Start printing congestion info.
I: Finish printing congestion info.
Pre route takes 0.826 sec
Stage: after pre route | Performance: TNS = 0 ; WNS = 10307 ; THS = 0 ; WHS = 259 | Time (s): real = 0h:0m:7s ; cpu = 0h:0m:4s ; process = 0h:0m:5s | Memory (MB): curr = 400.402344 ; peak = 405.398438 | Checksum: 215EEF68DA8475CF
Unrouted general nets at iteration 2 (MT total route time: 0.481 sec): 2198(overused: 12460)
Unrouted general nets at iteration 3 (MT total route time: 0.390 sec): 1888(overused: 7755)
Unrouted general nets at iteration 4 (MT total route time: 0.290 sec): 1669(overused: 6114)
Unrouted general nets at iteration 5 (MT total route time: 0.337 sec): 1466(overused: 4874)
Unrouted general nets at iteration 6 (MT total route time: 0.272 sec): 1342(overused: 4134)
Unrouted general nets at iteration 7 (MT total route time: 0.182 sec): 986(overused: 2962)
Unrouted general nets at iteration 8 (MT total route time: 0.152 sec): 764(overused: 2067)
Unrouted general nets at iteration 9 (MT total route time: 0.125 sec): 586(overused: 1453)
Unrouted general nets at iteration 10 (MT total route time: 0.098 sec): 465(overused: 1197)
Unrouted general nets at iteration 11 (MT total route time: 0.070 sec): 372(overused: 901)
Unrouted general nets at iteration 12 (MT total route time: 0.071 sec): 317(overused: 796)
Unrouted general nets at iteration 13 (MT total route time: 0.058 sec): 276(overused: 654)
Unrouted general nets at iteration 14 (MT total route time: 0.061 sec): 239(overused: 498)
Unrouted general nets at iteration 15 (MT total route time: 0.054 sec): 182(overused: 401)
Unrouted general nets at iteration 16 (MT total route time: 0.038 sec): 155(overused: 379)
Unrouted general nets at iteration 17 (MT total route time: 0.033 sec): 130(overused: 269)
Unrouted general nets at iteration 18 (MT total route time: 0.026 sec): 116(overused: 241)
Unrouted general nets at iteration 19 (MT total route time: 0.021 sec): 99(overused: 198)
Unrouted general nets at iteration 20 (MT total route time: 0.020 sec): 90(overused: 164)
Unrouted general nets at iteration 21 (MT total route time: 0.023 sec): 90(overused: 174)
Unrouted general nets at iteration 22 (MT total route time: 0.021 sec): 81(overused: 158)
Unrouted general nets at iteration 23 (MT total route time: 0.019 sec): 74(overused: 116)
Unrouted general nets at iteration 24 (MT total route time: 0.018 sec): 55(overused: 102)
Unrouted general nets at iteration 25 (MT total route time: 0.016 sec): 61(overused: 106)
Unrouted general nets at iteration 26 (MT total route time: 0.018 sec): 62(overused: 110)
Unrouted general nets at iteration 27 (MT total route time: 0.018 sec): 61(overused: 110)
Unrouted general nets at iteration 28 (MT total route time: 0.018 sec): 48(overused: 87)
Unrouted general nets at iteration 29 (MT total route time: 0.022 sec): 39(overused: 84)
Unrouted general nets at iteration 30 (MT total route time: 0.030 sec): 42(overused: 70)
Unrouted general nets at iteration 31 (MT total route time: 0.017 sec): 33(overused: 56)
Unrouted general nets at iteration 32 (MT total route time: 0.019 sec): 35(overused: 76)
Unrouted general nets at iteration 33 (MT total route time: 0.014 sec): 32(overused: 52)
Unrouted general nets at iteration 34 (MT total route time: 0.013 sec): 21(overused: 30)
Unrouted general nets at iteration 35 (MT total route time: 0.010 sec): 14(overused: 20)
Unrouted general nets at iteration 36 (MT total route time: 0.010 sec): 15(overused: 18)
Unrouted general nets at iteration 37 (MT total route time: 0.012 sec): 20(overused: 24)
Unrouted general nets at iteration 38 (MT total route time: 0.011 sec): 15(overused: 20)
Unrouted general nets at iteration 39 (MT total route time: 0.007 sec): 13(overused: 20)
Unrouted general nets at iteration 40 (MT total route time: 0.009 sec): 12(overused: 14)
Unrouted general nets at iteration 41 (MT total route time: 0.008 sec): 9(overused: 10)
Unrouted general nets at iteration 42 (MT total route time: 0.010 sec): 9(overused: 10)
Unrouted general nets at iteration 43 (MT total route time: 0.009 sec): 5(overused: 6)
Unrouted general nets at iteration 44 (MT total route time: 0.009 sec): 7(overused: 8)
Unrouted general nets at iteration 45 (MT total route time: 0.010 sec): 10(overused: 14)
Unrouted general nets at iteration 46 (MT total route time: 0.007 sec): 8(overused: 10)
Unrouted general nets at iteration 47 (MT total route time: 0.011 sec): 8(overused: 10)
Unrouted general nets at iteration 48 (MT total route time: 0.009 sec): 9(overused: 12)
Unrouted general nets at iteration 49 (MT total route time: 0.007 sec): 9(overused: 10)
Unrouted general nets at iteration 50 (MT total route time: 0.008 sec): 8(overused: 12)
Unrouted general nets at iteration 51 (MT total route time: 0.010 sec): 2(overused: 2)
Unrouted general nets at iteration 52 (MT total route time: 0.014 sec): 2(overused: 2)
Unrouted general nets at iteration 53 (MT total route time: 0.010 sec): 3(overused: 4)
Unrouted general nets at iteration 54 (MT total route time: 0.008 sec): 0(overused: 0)
----General net take 0.008 sec(route net take 0.000 sec, inc cost take 0.004 sec, iter times: 1)
----const net route take 0.008 sec
Unrouted nets at iteration 55 (0.018 sec): 0
Stage: after detail route | Performance: TNS = 0 ; WNS = 8737 ; THS = NA ; WHS = NA | Time (s): real = 0h:0m:10s ; cpu = 0h:0m:4s ; process = 0h:0m:9s | Memory (MB): curr = 408.003906 ; peak = 408.007813 | Checksum: 889ED45CA3914A29
Begin rip-up and reroute:
Rip-up and reroute takes 0.12 sec.
Stage: after ripup & reroute | Performance: TNS = 0 ; WNS = 8738 ; THS = NA ; WHS = NA | Time (s): real = 0h:0m:11s ; cpu = 0h:0m:4s ; process = 0h:0m:10s | Memory (MB): curr = 412.214844 ; peak = 413.332031 | Checksum: F8B65997946B73B9
Detailed routing takes 4.92 sec.
I: Design net genblk1[0].fan_pwm_tach_m/w_clk_1s_pos is routed by general path.
C: Route-2036: The clock path from genblk1[0].fan_pwm_tach_m/Edge_Detect_u1/N0/gateop:Z to clkbufgs_6:CLKIN is routed by SRB.
I: Design net nt_i_CLK_PAL_IN_25M is routed by general path.
C: Route-2036: The clock path from i_CLK_PAL_IN_25M_ibuf/opit_1:OUT to pll_inst/u_pll_e2/goppllinmuxd:CLK_IN[0] is routed by SRB.
Sort Original Nets take 0.003 sec
Check HPIO div result take 0.000 sec
Total net: 2591, route succeed net: 2591
Generate routing result take 0.007 sec
Handle PERMUX permutation take 0.128 sec
Handle const net take 0.010 sec
Handle route through take 0.050 sec
Used SRB routing arc is 20678.
Stage: after finish route | Performance: TNS = 0 ; WNS = 8738 ; THS = NA ; WHS = NA | Time (s): real = 0h:0m:11s ; cpu = 0h:0m:5s ; process = 0h:0m:10s | Memory (MB): curr = 394.171875 ; peak = 413.332031 | Checksum: 2662771560FA3E4C
Finish routing takes 0.28 sec.
Total routing takes 6.52 sec.


Device Utilization Summary :
+----------------------------------------------------------------------------+
| Device Type                      | Used     | Available     | Util(%)     
+----------------------------------------------------------------------------+
| CLMA                             | 348      | 592           | 59          
| + FF                             | 643      | 3552          | 19          
| + LUT                            | 970      | 2368          | 41          
|   + LUT as Logic                 | 769      |               |             
|   + LUT as Const                 | 187      |               |             
|   + LUT as Bypass                | 14       |               |             
| CLMS                             | 471      | 888           | 54          
| + FF                             | 1030     | 5328          | 20          
| + LUT                            | 1318     | 3552          | 38          
|   + LUT as Logic                 | 1151     |               |             
|   + LUT as Memory                | 0        |               |             
|     + LUT as Distributed RAM     | 0        |               |             
|   + LUT as Const                 | 139      |               |             
|   + LUT as Bypass                | 28       |               |             
| IO                               | 308      | 336           | 92          
| + IOBD                           | 21       | 21            | 100         
| + IOBR                           | 40       | 42            | 96          
| + IOBS                           | 247      | 273           | 91          
| BKCL                             | 6        | 6             | 100         
| CCS                              | 1        | 1             | 100         
| CLKDIV                           | 0        | 4             | 0           
| CLKDLY                           | 0        | 8             | 0           
| DLL                              | 0        | 2             | 0           
| DRM                              | 0        | 26            | 0           
| HARD0N1                          | 138      | 936           | 15          
| IOCKBRG                          | 0        | 2             | 0           
| IOCKGATE                         | 0        | 4             | 0           
| + IOCKGATE as Bypass             | 0        |               |             
| IOLDLYS                          | 138      | 252           | 55          
| IOLDLY                           | 57       | 84            | 68          
| IOL                              | 308      | 336           | 92          
| ISERDES                          | 0        | 21            | 0           
| LDO                              | 0        | 2             | 0           
| OSC                              | 0        | 1             | 0           
| OSERDES                          | 0        | 21            | 0           
| PLLINMUXD                        | 1        | 2             | 50          
| + PLLINMUXD as Bypass            | 0        |               |             
| PLL                              | 1        | 2             | 50          
| USCMDC                           | 2        | 8             | 25          
| + USCMDC as Bypass               | 0        |               |             
| USCMD                            | 0        | 2             | 0           
| + USCMD as Bypass                | 0        |               |             
| USSMBUF                          | 1        | 8             | 13          
| + USSMBUF as Bypass              | 0        |               |             
+----------------------------------------------------------------------------+

Finished routing. (CPU time elapsed 0h:00m:09s)
Design 'Tieta_Feiteng_1001_top' has been routed successfully.
Saving design to DB.
Action route: Export DB successfully.
Action route: Real time elapsed is 0h:0m:12s
Action route: CPU time elapsed is 0h:0m:10s
Action route: Process CPU time elapsed is 0h:0m:11s
Action route: Peak memory pool usage is 413 MB

Current time: Thu Mar  5 20:02:46 2026
