#Build: Fabric Compiler 2024.2-SP1.2, Build 187561, May 22 18:16 2025
#Install: C:\studyware\pango\PDS_2024.2-SP1.2-ads\bin
#Application name: pds_shell.exe
#OS: Windows 10 10.0.18363
#Hostname: z02665mj
Generated by Fabric Compiler (version 2024.2-SP1.2 build 187561) at Mon Mar  2 22:09:01 2026
Parameters for debugging are loaded as follows:
Compiling verification operator library.
Compiling common defs.
Compiling prim grid devices.
Compiling place grid timing.
Compiling gate devices.
Compiling gate operators.
Building architecture model.
Loading device packaging model.
Building architecture floorplan logic view.
Elaborate the liberty model.
I: Multithreading enabled for Timing using a maximum of 4 processes.

Routing started.
Build routing arch for double attribute device.
Enter timing driven router mode.
I: Multithreading enabled for route using a maximum of 1 processes.
W: Route-4027: Cannot find permit_rougth_thru_units.json file in working directory.
Building routing graph takes 0.34 sec.
Enable Recovery Analysis in Routing
Init coarse delay table.
Read place coarse delay table takes 0.05 sec.
build place dedicate switch graph takes 0.16 sec
Setup STE netlist take 504 msec.
Slack Weight : 90
CE/RS signal series limit : 500
Dispose control chain take 67 msec.
Collect const net info take 23 msec.
Total nets for routing: 2481.
Total loads for routing: 11576.
Direct connect net size: 1182
Build all design net take 147 msec.
Processing design graph takes 0.74 sec.
Delay table total memory: 4.79386520 MB
Route graph total memory: 10.83665466 MB
Route design total memory: 3.92609024 MB
The remaining process takes 0.04 sec.
Stage: after context initialize | Performance: TNS = 0 ; WNS = 8708 ; THS = NA ; WHS = NA | Time (s): real = 0h:0m:6s ; cpu = 0h:0m:3s ; process = 0h:0m:4s | Memory (MB): curr = 344.589844 ; peak = 367.515625 | Checksum: 3708136E5CEEDCFA
Global routing takes 0.00 sec.
Pin Cost Increasing Speed 300
Unrouted clock nets at iteration 0 (0.008 sec): 0
Stage: after clock route | Performance: TNS = 0 ; WNS = 8708 ; THS = NA ; WHS = NA | Time (s): real = 0h:0m:6s ; cpu = 0h:0m:3s ; process = 0h:0m:4s | Memory (MB): curr = 345.933594 ; peak = 367.515625 | Checksum: A6BE396A1B6F1F33
Total route nets size: 2473
I: Start printing congestion info.
I: Finish printing congestion info.
Pre route takes 0.680 sec
Stage: after pre route | Performance: TNS = 0 ; WNS = 10449 ; THS = 0 ; WHS = 270 | Time (s): real = 0h:0m:6s ; cpu = 0h:0m:3s ; process = 0h:0m:5s | Memory (MB): curr = 395.691406 ; peak = 400.667969 | Checksum: 11695F62A87C15B3
Unrouted general nets at iteration 2 (MT total route time: 0.395 sec): 2121(overused: 11807)
Unrouted general nets at iteration 3 (MT total route time: 0.323 sec): 1810(overused: 7381)
Unrouted general nets at iteration 4 (MT total route time: 0.238 sec): 1601(overused: 5768)
Unrouted general nets at iteration 5 (MT total route time: 0.206 sec): 1433(overused: 4513)
Unrouted general nets at iteration 6 (MT total route time: 0.168 sec): 1268(overused: 3823)
Unrouted general nets at iteration 7 (MT total route time: 0.137 sec): 962(overused: 2864)
Unrouted general nets at iteration 8 (MT total route time: 0.118 sec): 745(overused: 2118)
Unrouted general nets at iteration 9 (MT total route time: 0.099 sec): 640(overused: 1676)
Unrouted general nets at iteration 10 (MT total route time: 0.083 sec): 520(overused: 1360)
Unrouted general nets at iteration 11 (MT total route time: 0.073 sec): 446(overused: 1103)
Unrouted general nets at iteration 12 (MT total route time: 0.062 sec): 406(overused: 984)
Unrouted general nets at iteration 13 (MT total route time: 0.052 sec): 347(overused: 803)
Unrouted general nets at iteration 14 (MT total route time: 0.056 sec): 294(overused: 644)
Unrouted general nets at iteration 15 (MT total route time: 0.050 sec): 270(overused: 631)
Unrouted general nets at iteration 16 (MT total route time: 0.045 sec): 218(overused: 524)
Unrouted general nets at iteration 17 (MT total route time: 0.040 sec): 190(overused: 410)
Unrouted general nets at iteration 18 (MT total route time: 0.035 sec): 173(overused: 385)
Unrouted general nets at iteration 19 (MT total route time: 0.030 sec): 151(overused: 308)
Unrouted general nets at iteration 20 (MT total route time: 0.026 sec): 125(overused: 252)
Unrouted general nets at iteration 21 (MT total route time: 0.021 sec): 98(overused: 204)
Unrouted general nets at iteration 22 (MT total route time: 0.019 sec): 87(overused: 163)
Unrouted general nets at iteration 23 (MT total route time: 0.017 sec): 71(overused: 128)
Unrouted general nets at iteration 24 (MT total route time: 0.015 sec): 65(overused: 118)
Unrouted general nets at iteration 25 (MT total route time: 0.011 sec): 50(overused: 82)
Unrouted general nets at iteration 26 (MT total route time: 0.013 sec): 42(overused: 78)
Unrouted general nets at iteration 27 (MT total route time: 0.017 sec): 38(overused: 62)
Unrouted general nets at iteration 28 (MT total route time: 0.014 sec): 26(overused: 44)
Unrouted general nets at iteration 29 (MT total route time: 0.010 sec): 19(overused: 28)
Unrouted general nets at iteration 30 (MT total route time: 0.009 sec): 13(overused: 24)
Unrouted general nets at iteration 31 (MT total route time: 0.008 sec): 14(overused: 24)
Unrouted general nets at iteration 32 (MT total route time: 0.008 sec): 5(overused: 10)
Unrouted general nets at iteration 33 (MT total route time: 0.007 sec): 5(overused: 8)
Unrouted general nets at iteration 34 (MT total route time: 0.005 sec): 2(overused: 4)
Unrouted general nets at iteration 35 (MT total route time: 0.004 sec): 0(overused: 0)
----General net take 0.005 sec(route net take 0.000 sec, inc cost take 0.002 sec, iter times: 1)
----const net route take 0.007 sec
Unrouted nets at iteration 36 (0.013 sec): 0
Stage: after detail route | Performance: TNS = 0 ; WNS = 9384 ; THS = NA ; WHS = NA | Time (s): real = 0h:0m:9s ; cpu = 0h:0m:4s ; process = 0h:0m:8s | Memory (MB): curr = 404.257813 ; peak = 404.261719 | Checksum: 5318752392D7F191
Begin rip-up and reroute:
Rip-up and reroute takes 0.09 sec.
Stage: after ripup & reroute | Performance: TNS = 0 ; WNS = 9389 ; THS = NA ; WHS = NA | Time (s): real = 0h:0m:9s ; cpu = 0h:0m:4s ; process = 0h:0m:8s | Memory (MB): curr = 408.542969 ; peak = 408.597656 | Checksum: 96459A7E23236F79
Detailed routing takes 3.62 sec.
I: Design net genblk1[0].fan_pwm_tach_m/w_clk_1s_pos is routed by general path.
C: Route-2036: The clock path from genblk1[0].fan_pwm_tach_m/Edge_Detect_u1/N0/gateop:Z to clkbufgs_6:CLKIN is routed by SRB.
I: Design net nt_i_CLK_PAL_IN_25M is routed by general path.
C: Route-2036: The clock path from i_CLK_PAL_IN_25M_ibuf/opit_1:OUT to pll_inst/u_pll_e2/goppllinmuxd:CLK_IN[0] is routed by SRB.
Sort Original Nets take 0.001 sec
Check HPIO div result take 0.000 sec
Total net: 2481, route succeed net: 2481
Generate routing result take 0.005 sec
Handle PERMUX permutation take 0.101 sec
Handle const net take 0.009 sec
Handle route through take 0.030 sec
Used SRB routing arc is 19780.
Stage: after finish route | Performance: TNS = 0 ; WNS = 9389 ; THS = NA ; WHS = NA | Time (s): real = 0h:0m:9s ; cpu = 0h:0m:4s ; process = 0h:0m:8s | Memory (MB): curr = 389.769531 ; peak = 408.597656 | Checksum: 61942863F7FFD784
Finish routing takes 0.22 sec.
Total routing takes 5.07 sec.


Device Utilization Summary :
+----------------------------------------------------------------------------+
| Device Type                      | Used     | Available     | Util(%)     
+----------------------------------------------------------------------------+
| CLMA                             | 314      | 592           | 54          
| + FF                             | 647      | 3552          | 19          
| + LUT                            | 925      | 2368          | 40          
|   + LUT as Logic                 | 738      |               |             
|   + LUT as Const                 | 177      |               |             
|   + LUT as Bypass                | 10       |               |             
| CLMS                             | 425      | 888           | 48          
| + FF                             | 953      | 5328          | 18          
| + LUT                            | 1226     | 3552          | 35          
|   + LUT as Logic                 | 1091     |               |             
|   + LUT as Memory                | 0        |               |             
|     + LUT as Distributed RAM     | 0        |               |             
|   + LUT as Const                 | 119      |               |             
|   + LUT as Bypass                | 16       |               |             
| IO                               | 308      | 336           | 92          
| + IOBD                           | 21       | 21            | 100         
| + IOBR                           | 40       | 42            | 96          
| + IOBS                           | 247      | 273           | 91          
| BKCL                             | 6        | 6             | 100         
| CCS                              | 1        | 1             | 100         
| CLKDIV                           | 0        | 4             | 0           
| CLKDLY                           | 0        | 8             | 0           
| DLL                              | 0        | 2             | 0           
| DRM                              | 0        | 26            | 0           
| HARD0N1                          | 140      | 936           | 15          
| IOCKBRG                          | 0        | 2             | 0           
| IOCKGATE                         | 0        | 4             | 0           
| + IOCKGATE as Bypass             | 0        |               |             
| IOLDLYS                          | 138      | 252           | 55          
| IOLDLY                           | 41       | 84            | 49          
| IOL                              | 308      | 336           | 92          
| ISERDES                          | 0        | 21            | 0           
| LDO                              | 0        | 2             | 0           
| OSC                              | 0        | 1             | 0           
| OSERDES                          | 0        | 21            | 0           
| PLLINMUXD                        | 1        | 2             | 50          
| + PLLINMUXD as Bypass            | 0        |               |             
| PLL                              | 1        | 2             | 50          
| USCMDC                           | 2        | 8             | 25          
| + USCMDC as Bypass               | 0        |               |             
| USCMD                            | 0        | 2             | 0           
| + USCMD as Bypass                | 0        |               |             
| USSMBUF                          | 1        | 8             | 13          
| + USSMBUF as Bypass              | 0        |               |             
+----------------------------------------------------------------------------+

Finished routing. (CPU time elapsed 0h:00m:07s)
Design 'Tieta_Feiteng_1001_top' has been routed successfully.
Saving design to DB.
Action route: Export DB successfully.
Action route: Real time elapsed is 0h:0m:10s
Action route: CPU time elapsed is 0h:0m:8s
Action route: Process CPU time elapsed is 0h:0m:9s
Action route: Peak memory pool usage is 408 MB

Current time: Mon Mar  2 22:09:09 2026
