#Build: Fabric Compiler 2024.2-SP1.2, Build 187561, May 22 18:16 2025
#Install: C:\studyware\pango\PDS_2024.2-SP1.2-ads\bin
#Application name: pds_shell.exe
#OS: Windows 10 10.0.18363
#Hostname: z02665mj
Generated by Fabric Compiler (version 2024.2-SP1.2 build 187561) at Thu Mar  5 22:41:29 2026
Parameters for debugging are loaded as follows:
Compiling verification operator library.
Compiling common defs.
Compiling prim grid devices.
Compiling place grid timing.
Compiling gate devices.
Compiling gate operators.
Building architecture model.
Loading device packaging model.
Building architecture floorplan logic view.
Elaborate the liberty model.
I: Multithreading enabled for Timing using a maximum of 4 processes.

Routing started.
Build routing arch for double attribute device.
Enter timing driven router mode.
I: Multithreading enabled for route using a maximum of 1 processes.
W: Route-4027: Cannot find permit_rougth_thru_units.json file in working directory.
Building routing graph takes 0.30 sec.
Enable Recovery Analysis in Routing
Init coarse delay table.
Read place coarse delay table takes 0.03 sec.
build place dedicate switch graph takes 0.17 sec
Setup STE netlist take 497 msec.
Slack Weight : 90
CE/RS signal series limit : 500
Dispose control chain take 67 msec.
Collect const net info take 23 msec.
Total nets for routing: 2594.
Total loads for routing: 12223.
Direct connect net size: 1175
Build all design net take 161 msec.
Processing design graph takes 0.75 sec.
Delay table total memory: 4.79386520 MB
Route graph total memory: 10.91290665 MB
Route design total memory: 3.95814133 MB
The remaining process takes 0.05 sec.
Stage: after context initialize | Performance: TNS = 0 ; WNS = 8805 ; THS = NA ; WHS = NA | Time (s): real = 0h:0m:5s ; cpu = 0h:0m:3s ; process = 0h:0m:4s | Memory (MB): curr = 347.671875 ; peak = 369.738281 | Checksum: CF0D3013E193DD33
Global routing takes 0.00 sec.
Pin Cost Increasing Speed 300
Unrouted clock nets at iteration 0 (0.008 sec): 0
Stage: after clock route | Performance: TNS = 0 ; WNS = 8805 ; THS = NA ; WHS = NA | Time (s): real = 0h:0m:5s ; cpu = 0h:0m:3s ; process = 0h:0m:4s | Memory (MB): curr = 348.976563 ; peak = 369.738281 | Checksum: 22192A868FAFF904
Total route nets size: 2586
I: Start printing congestion info.
I: Finish printing congestion info.
Pre route takes 0.725 sec
Stage: after pre route | Performance: TNS = 0 ; WNS = 10254 ; THS = 0 ; WHS = 259 | Time (s): real = 0h:0m:6s ; cpu = 0h:0m:3s ; process = 0h:0m:5s | Memory (MB): curr = 403.488281 ; peak = 408.132813 | Checksum: 563A213BCFAD47B9
Unrouted general nets at iteration 2 (MT total route time: 0.437 sec): 2175(overused: 11877)
Unrouted general nets at iteration 3 (MT total route time: 0.344 sec): 1829(overused: 7287)
Unrouted general nets at iteration 4 (MT total route time: 0.247 sec): 1612(overused: 5852)
Unrouted general nets at iteration 5 (MT total route time: 0.215 sec): 1417(overused: 4553)
Unrouted general nets at iteration 6 (MT total route time: 0.174 sec): 1245(overused: 3759)
Unrouted general nets at iteration 7 (MT total route time: 0.139 sec): 939(overused: 2885)
Unrouted general nets at iteration 8 (MT total route time: 0.125 sec): 765(overused: 2072)
Unrouted general nets at iteration 9 (MT total route time: 0.111 sec): 609(overused: 1646)
Unrouted general nets at iteration 10 (MT total route time: 0.090 sec): 474(overused: 1273)
Unrouted general nets at iteration 11 (MT total route time: 0.078 sec): 412(overused: 1024)
Unrouted general nets at iteration 12 (MT total route time: 0.069 sec): 351(overused: 941)
Unrouted general nets at iteration 13 (MT total route time: 0.059 sec): 291(overused: 726)
Unrouted general nets at iteration 14 (MT total route time: 0.044 sec): 251(overused: 567)
Unrouted general nets at iteration 15 (MT total route time: 0.043 sec): 210(overused: 474)
Unrouted general nets at iteration 16 (MT total route time: 0.033 sec): 154(overused: 345)
Unrouted general nets at iteration 17 (MT total route time: 0.033 sec): 143(overused: 294)
Unrouted general nets at iteration 18 (MT total route time: 0.034 sec): 130(overused: 291)
Unrouted general nets at iteration 19 (MT total route time: 0.026 sec): 128(overused: 278)
Unrouted general nets at iteration 20 (MT total route time: 0.024 sec): 108(overused: 184)
Unrouted general nets at iteration 21 (MT total route time: 0.018 sec): 94(overused: 174)
Unrouted general nets at iteration 22 (MT total route time: 0.016 sec): 84(overused: 156)
Unrouted general nets at iteration 23 (MT total route time: 0.017 sec): 75(overused: 134)
Unrouted general nets at iteration 24 (MT total route time: 0.017 sec): 66(overused: 114)
Unrouted general nets at iteration 25 (MT total route time: 0.015 sec): 52(overused: 94)
Unrouted general nets at iteration 26 (MT total route time: 0.011 sec): 40(overused: 76)
Unrouted general nets at iteration 27 (MT total route time: 0.011 sec): 36(overused: 58)
Unrouted general nets at iteration 28 (MT total route time: 0.011 sec): 39(overused: 73)
Unrouted general nets at iteration 29 (MT total route time: 0.016 sec): 30(overused: 52)
Unrouted general nets at iteration 30 (MT total route time: 0.013 sec): 25(overused: 36)
Unrouted general nets at iteration 31 (MT total route time: 0.012 sec): 20(overused: 38)
Unrouted general nets at iteration 32 (MT total route time: 0.009 sec): 9(overused: 16)
Unrouted general nets at iteration 33 (MT total route time: 0.010 sec): 4(overused: 8)
Unrouted general nets at iteration 34 (MT total route time: 0.007 sec): 2(overused: 4)
Unrouted general nets at iteration 35 (MT total route time: 0.009 sec): 2(overused: 2)
Unrouted general nets at iteration 36 (MT total route time: 0.007 sec): 2(overused: 4)
Unrouted general nets at iteration 37 (MT total route time: 0.007 sec): 2(overused: 2)
Unrouted general nets at iteration 38 (MT total route time: 0.006 sec): 0(overused: 0)
----General net take 0.007 sec(route net take 0.000 sec, inc cost take 0.003 sec, iter times: 1)
----const net route take 0.009 sec
Unrouted nets at iteration 39 (0.017 sec): 0
Stage: after detail route | Performance: TNS = 0 ; WNS = 9736 ; THS = NA ; WHS = NA | Time (s): real = 0h:0m:9s ; cpu = 0h:0m:4s ; process = 0h:0m:8s | Memory (MB): curr = 411.449219 ; peak = 411.453125 | Checksum: F2C3D1FAD84E5EE7
Begin rip-up and reroute:
Rip-up and reroute takes 0.12 sec.
Stage: after ripup & reroute | Performance: TNS = 0 ; WNS = 9733 ; THS = NA ; WHS = NA | Time (s): real = 0h:0m:9s ; cpu = 0h:0m:4s ; process = 0h:0m:9s | Memory (MB): curr = 415.945313 ; peak = 415.984375 | Checksum: E9D314F38720D05F
Detailed routing takes 3.90 sec.
I: Design net genblk1[0].fan_pwm_tach_m/w_clk_1s_pos is routed by general path.
C: Route-2036: The clock path from genblk1[0].fan_pwm_tach_m/Edge_Detect_u1/N0/gateop:Z to clkbufgs_6:CLKIN is routed by SRB.
I: Design net nt_i_CLK_PAL_IN_25M is routed by general path.
C: Route-2036: The clock path from i_CLK_PAL_IN_25M_ibuf/opit_1:OUT to pll_inst/u_pll_e2/goppllinmuxd:CLK_IN[0] is routed by SRB.
Sort Original Nets take 0.001 sec
Check HPIO div result take 0.000 sec
Total net: 2594, route succeed net: 2594
Generate routing result take 0.011 sec
Handle PERMUX permutation take 0.122 sec
Handle const net take 0.010 sec
Handle route through take 0.034 sec
Used SRB routing arc is 20434.
Stage: after finish route | Performance: TNS = 0 ; WNS = 9733 ; THS = NA ; WHS = NA | Time (s): real = 0h:0m:9s ; cpu = 0h:0m:4s ; process = 0h:0m:9s | Memory (MB): curr = 396.519531 ; peak = 415.984375 | Checksum: CB119DAA1F580199
Finish routing takes 0.25 sec.
Total routing takes 5.36 sec.


Device Utilization Summary :
+----------------------------------------------------------------------------+
| Device Type                      | Used     | Available     | Util(%)     
+----------------------------------------------------------------------------+
| CLMA                             | 339      | 592           | 58          
| + FF                             | 701      | 3552          | 20          
| + LUT                            | 953      | 2368          | 41          
|   + LUT as Logic                 | 777      |               |             
|   + LUT as Const                 | 162      |               |             
|   + LUT as Bypass                | 14       |               |             
| CLMS                             | 462      | 888           | 53          
| + FF                             | 977      | 5328          | 19          
| + LUT                            | 1291     | 3552          | 37          
|   + LUT as Logic                 | 1146     |               |             
|   + LUT as Memory                | 0        |               |             
|     + LUT as Distributed RAM     | 0        |               |             
|   + LUT as Const                 | 133      |               |             
|   + LUT as Bypass                | 12       |               |             
| IO                               | 308      | 336           | 92          
| + IOBD                           | 21       | 21            | 100         
| + IOBR                           | 40       | 42            | 96          
| + IOBS                           | 247      | 273           | 91          
| BKCL                             | 6        | 6             | 100         
| CCS                              | 1        | 1             | 100         
| CLKDIV                           | 0        | 4             | 0           
| CLKDLY                           | 0        | 8             | 0           
| DLL                              | 0        | 2             | 0           
| DRM                              | 0        | 26            | 0           
| HARD0N1                          | 141      | 936           | 16          
| IOCKBRG                          | 0        | 2             | 0           
| IOCKGATE                         | 0        | 4             | 0           
| + IOCKGATE as Bypass             | 0        |               |             
| IOLDLYS                          | 138      | 252           | 55          
| IOLDLY                           | 57       | 84            | 68          
| IOL                              | 308      | 336           | 92          
| ISERDES                          | 0        | 21            | 0           
| LDO                              | 0        | 2             | 0           
| OSC                              | 0        | 1             | 0           
| OSERDES                          | 0        | 21            | 0           
| PLLINMUXD                        | 1        | 2             | 50          
| + PLLINMUXD as Bypass            | 0        |               |             
| PLL                              | 1        | 2             | 50          
| USCMDC                           | 2        | 8             | 25          
| + USCMDC as Bypass               | 0        |               |             
| USCMD                            | 0        | 2             | 0           
| + USCMD as Bypass                | 0        |               |             
| USSMBUF                          | 1        | 8             | 13          
| + USSMBUF as Bypass              | 0        |               |             
+----------------------------------------------------------------------------+

Finished routing. (CPU time elapsed 0h:00m:08s)
Design 'Tieta_Feiteng_1001_top' has been routed successfully.
Saving design to DB.
Action route: Export DB successfully.
Action route: Real time elapsed is 0h:0m:10s
Action route: CPU time elapsed is 0h:0m:8s
Action route: Process CPU time elapsed is 0h:0m:10s
Action route: Peak memory pool usage is 415 MB

Current time: Thu Mar  5 22:41:37 2026
