#Build: Fabric Compiler 2024.2-SP1.2, Build 187561, May 22 18:16 2025
#Install: C:\studyware\pango\PDS_2024.2-SP1.2-ads\bin
#Application name: pds_shell.exe
#OS: Windows 10 10.0.18363
#Hostname: z02665mj
Generated by Fabric Compiler (version 2024.2-SP1.2 build 187561) at Sat Mar 14 14:30:58 2026
Parameters for debugging are loaded as follows:
Compiling verification operator library.
Compiling common defs.
Compiling prim grid devices.
Compiling place grid timing.
Compiling gate devices.
Compiling gate operators.
Building architecture model.
Loading device packaging model.
Building architecture floorplan logic view.
Elaborate the liberty model.
I: Multithreading enabled for Timing using a maximum of 4 processes.

Routing started.
Build routing arch for double attribute device.
Enter timing driven router mode.
I: Multithreading enabled for route using a maximum of 1 processes.
W: Route-4027: Cannot find permit_rougth_thru_units.json file in working directory.
Building routing graph takes 0.37 sec.
Enable Recovery Analysis in Routing
Init coarse delay table.
Read place coarse delay table takes 0.03 sec.
build place dedicate switch graph takes 0.16 sec
Setup STE netlist take 512 msec.
Slack Weight : 90
CE/RS signal series limit : 500
Dispose control chain take 77 msec.
Collect const net info take 25 msec.
Total nets for routing: 2916.
Total loads for routing: 13688.
Direct connect net size: 1233
Build all design net take 176 msec.
Processing design graph takes 0.79 sec.
Delay table total memory: 4.79386520 MB
Route graph total memory: 11.15220642 MB
Route design total memory: 4.19354630 MB
The remaining process takes 0.05 sec.
Stage: after context initialize | Performance: TNS = 0 ; WNS = 9611 ; THS = NA ; WHS = NA | Time (s): real = 0h:0m:5s ; cpu = 0h:0m:3s ; process = 0h:0m:4s | Memory (MB): curr = 355.023438 ; peak = 377.640625 | Checksum: F73812AE389DF492
Global routing takes 0.00 sec.
Pin Cost Increasing Speed 300
Unrouted clock nets at iteration 0 (0.009 sec): 0
Stage: after clock route | Performance: TNS = 0 ; WNS = 9611 ; THS = NA ; WHS = NA | Time (s): real = 0h:0m:5s ; cpu = 0h:0m:3s ; process = 0h:0m:4s | Memory (MB): curr = 356.128906 ; peak = 377.640625 | Checksum: 927E9748C58C7683
Total route nets size: 2908
I: Start printing congestion info.
I: Finish printing congestion info.
Pre route takes 0.794 sec
Stage: after pre route | Performance: TNS = 0 ; WNS = 10293 ; THS = 0 ; WHS = 256 | Time (s): real = 0h:0m:6s ; cpu = 0h:0m:3s ; process = 0h:0m:5s | Memory (MB): curr = 414.933594 ; peak = 420.226563 | Checksum: 88795635D89DD798
Unrouted general nets at iteration 2 (MT total route time: 0.477 sec): 2489(overused: 13941)
Unrouted general nets at iteration 3 (MT total route time: 0.382 sec): 2138(overused: 8525)
Unrouted general nets at iteration 4 (MT total route time: 0.303 sec): 1864(overused: 6663)
Unrouted general nets at iteration 5 (MT total route time: 0.240 sec): 1652(overused: 5474)
Unrouted general nets at iteration 6 (MT total route time: 0.194 sec): 1495(overused: 4567)
Unrouted general nets at iteration 7 (MT total route time: 0.165 sec): 1114(overused: 3410)
Unrouted general nets at iteration 8 (MT total route time: 0.136 sec): 849(overused: 2422)
Unrouted general nets at iteration 9 (MT total route time: 0.112 sec): 691(overused: 1864)
Unrouted general nets at iteration 10 (MT total route time: 0.087 sec): 546(overused: 1324)
Unrouted general nets at iteration 11 (MT total route time: 0.075 sec): 470(overused: 1141)
Unrouted general nets at iteration 12 (MT total route time: 0.065 sec): 374(overused: 861)
Unrouted general nets at iteration 13 (MT total route time: 0.051 sec): 326(overused: 721)
Unrouted general nets at iteration 14 (MT total route time: 0.045 sec): 286(overused: 619)
Unrouted general nets at iteration 15 (MT total route time: 0.042 sec): 232(overused: 516)
Unrouted general nets at iteration 16 (MT total route time: 0.036 sec): 208(overused: 428)
Unrouted general nets at iteration 17 (MT total route time: 0.033 sec): 177(overused: 389)
Unrouted general nets at iteration 18 (MT total route time: 0.030 sec): 160(overused: 334)
Unrouted general nets at iteration 19 (MT total route time: 0.028 sec): 154(overused: 308)
Unrouted general nets at iteration 20 (MT total route time: 0.029 sec): 125(overused: 240)
Unrouted general nets at iteration 21 (MT total route time: 0.030 sec): 114(overused: 248)
Unrouted general nets at iteration 22 (MT total route time: 0.033 sec): 102(overused: 196)
Unrouted general nets at iteration 23 (MT total route time: 0.028 sec): 83(overused: 134)
Unrouted general nets at iteration 24 (MT total route time: 0.022 sec): 60(overused: 118)
Unrouted general nets at iteration 25 (MT total route time: 0.021 sec): 65(overused: 90)
Unrouted general nets at iteration 26 (MT total route time: 0.021 sec): 59(overused: 96)
Unrouted general nets at iteration 27 (MT total route time: 0.020 sec): 75(overused: 116)
Unrouted general nets at iteration 28 (MT total route time: 0.021 sec): 61(overused: 102)
Unrouted general nets at iteration 29 (MT total route time: 0.019 sec): 57(overused: 104)
Unrouted general nets at iteration 30 (MT total route time: 0.018 sec): 46(overused: 86)
Unrouted general nets at iteration 31 (MT total route time: 0.024 sec): 40(overused: 84)
Unrouted general nets at iteration 32 (MT total route time: 0.031 sec): 44(overused: 88)
Unrouted general nets at iteration 33 (MT total route time: 0.028 sec): 36(overused: 68)
Unrouted general nets at iteration 34 (MT total route time: 0.021 sec): 26(overused: 36)
Unrouted general nets at iteration 35 (MT total route time: 0.018 sec): 29(overused: 62)
Unrouted general nets at iteration 36 (MT total route time: 0.030 sec): 52(overused: 96)
Unrouted general nets at iteration 37 (MT total route time: 0.025 sec): 46(overused: 112)
Unrouted general nets at iteration 38 (MT total route time: 0.026 sec): 45(overused: 130)
Unrouted general nets at iteration 39 (MT total route time: 0.025 sec): 48(overused: 98)
Unrouted general nets at iteration 40 (MT total route time: 0.022 sec): 35(overused: 66)
Unrouted general nets at iteration 41 (MT total route time: 0.016 sec): 25(overused: 42)
Unrouted general nets at iteration 42 (MT total route time: 0.018 sec): 19(overused: 38)
Unrouted general nets at iteration 43 (MT total route time: 0.010 sec): 9(overused: 20)
Unrouted general nets at iteration 44 (MT total route time: 0.008 sec): 7(overused: 18)
Unrouted general nets at iteration 45 (MT total route time: 0.008 sec): 5(overused: 8)
Unrouted general nets at iteration 46 (MT total route time: 0.009 sec): 4(overused: 4)
Unrouted general nets at iteration 47 (MT total route time: 0.008 sec): 2(overused: 4)
Unrouted general nets at iteration 48 (MT total route time: 0.007 sec): 2(overused: 4)
Unrouted general nets at iteration 49 (MT total route time: 0.007 sec): 3(overused: 6)
Unrouted general nets at iteration 50 (MT total route time: 0.010 sec): 3(overused: 6)
Unrouted general nets at iteration 51 (MT total route time: 0.014 sec): 3(overused: 6)
Unrouted general nets at iteration 52 (MT total route time: 0.009 sec): 2(overused: 4)
Unrouted general nets at iteration 53 (MT total route time: 0.007 sec): 0(overused: 0)
----General net take 0.006 sec(route net take 0.000 sec, inc cost take 0.002 sec, iter times: 1)
----const net route take 0.008 sec
Unrouted nets at iteration 54 (0.015 sec): 0
Stage: after detail route | Performance: TNS = 0 ; WNS = 9409 ; THS = NA ; WHS = NA | Time (s): real = 0h:0m:10s ; cpu = 0h:0m:4s ; process = 0h:0m:9s | Memory (MB): curr = 423.851563 ; peak = 423.855469 | Checksum: F833637218B9F2EA
Begin rip-up and reroute:
Rip-up and reroute takes 0.11 sec.
Stage: after ripup & reroute | Performance: TNS = 0 ; WNS = 9410 ; THS = NA ; WHS = NA | Time (s): real = 0h:0m:10s ; cpu = 0h:0m:4s ; process = 0h:0m:9s | Memory (MB): curr = 427.804688 ; peak = 427.855469 | Checksum: 270671641C096146
Detailed routing takes 4.86 sec.
I: Design net genblk1[0].fan_pwm_tach_m/w_clk_1s_pos is routed by general path.
C: Route-2036: The clock path from genblk1[0].fan_pwm_tach_m/Edge_Detect_u1/N0/gateop:Z to clkbufgs_6:CLKIN is routed by SRB.
I: Design net nt_i_CLK_PAL_IN_25M is routed by general path.
C: Route-2036: The clock path from i_CLK_PAL_IN_25M_ibuf/opit_1:OUT to pll_inst/u_pll_e2/goppllinmuxd:CLK_IN[0] is routed by SRB.
Sort Original Nets take 0.001 sec
Check HPIO div result take 0.000 sec
Total net: 2916, route succeed net: 2916
Generate routing result take 0.007 sec
Handle PERMUX permutation take 0.103 sec
Handle const net take 0.010 sec
Handle route through take 0.031 sec
Used SRB routing arc is 22895.
Stage: after finish route | Performance: TNS = 0 ; WNS = 9410 ; THS = NA ; WHS = NA | Time (s): real = 0h:0m:10s ; cpu = 0h:0m:4s ; process = 0h:0m:10s | Memory (MB): curr = 403.765625 ; peak = 427.855469 | Checksum: 394AFEBF4E08E8A8
Finish routing takes 0.23 sec.
Total routing takes 6.39 sec.


Device Utilization Summary :
+----------------------------------------------------------------------------+
| Device Type                      | Used     | Available     | Util(%)     
+----------------------------------------------------------------------------+
| CLMA                             | 355      | 592           | 60          
| + FF                             | 751      | 3552          | 22          
| + LUT                            | 1077     | 2368          | 46          
|   + LUT as Logic                 | 909      |               |             
|   + LUT as Const                 | 152      |               |             
|   + LUT as Bypass                | 16       |               |             
| CLMS                             | 496      | 888           | 56          
| + FF                             | 1138     | 5328          | 22          
| + LUT                            | 1430     | 3552          | 41          
|   + LUT as Logic                 | 1248     |               |             
|   + LUT as Memory                | 0        |               |             
|     + LUT as Distributed RAM     | 0        |               |             
|   + LUT as Const                 | 172      |               |             
|   + LUT as Bypass                | 10       |               |             
| IO                               | 310      | 336           | 93          
| + IOBD                           | 21       | 21            | 100         
| + IOBR                           | 40       | 42            | 96          
| + IOBS                           | 249      | 273           | 92          
| BKCL                             | 6        | 6             | 100         
| CCS                              | 1        | 1             | 100         
| CLKDIV                           | 0        | 4             | 0           
| CLKDLY                           | 0        | 8             | 0           
| DLL                              | 0        | 2             | 0           
| DRM                              | 0        | 26            | 0           
| HARD0N1                          | 165      | 936           | 18          
| IOCKBRG                          | 0        | 2             | 0           
| IOCKGATE                         | 0        | 4             | 0           
| + IOCKGATE as Bypass             | 0        |               |             
| IOLDLYS                          | 140      | 252           | 56          
| IOLDLY                           | 57       | 84            | 68          
| IOL                              | 310      | 336           | 93          
| ISERDES                          | 0        | 21            | 0           
| LDO                              | 0        | 2             | 0           
| OSC                              | 0        | 1             | 0           
| OSERDES                          | 0        | 21            | 0           
| PLLINMUXD                        | 1        | 2             | 50          
| + PLLINMUXD as Bypass            | 0        |               |             
| PLL                              | 1        | 2             | 50          
| USCMDC                           | 2        | 8             | 25          
| + USCMDC as Bypass               | 0        |               |             
| USCMD                            | 0        | 2             | 0           
| + USCMD as Bypass                | 0        |               |             
| USSMBUF                          | 1        | 8             | 13          
| + USSMBUF as Bypass              | 0        |               |             
+----------------------------------------------------------------------------+

Finished routing. (CPU time elapsed 0h:00m:08s)
Design 'Tieta_Feiteng_1001_top' has been routed successfully.
Saving design to DB.
Action route: Export DB successfully.
Action route: Real time elapsed is 0h:0m:11s
Action route: CPU time elapsed is 0h:0m:9s
Action route: Process CPU time elapsed is 0h:0m:11s
Action route: Peak memory pool usage is 427 MB

Current time: Sat Mar 14 14:31:07 2026
