#Build: Fabric Configuration 2024.2-SP1.2, Build 187561, May 22 18:16 2025
#Install: C:\studyware\pango\PDS_2024.2-SP1.2-ads\bin
#Application name: cdt_cfg.exe
#OS: Windows 10 10.0.18363
#Hostname: z02665mj
Generated by Fabric Configuration (version 2024.2-SP1.2 build 187561) at Wed Mar 11 14:46:20 2026
M_PROCESS_FINISH_STARTED

Connecting to server[127.0.0.1 : 65420].
Connect to server[127.0.0.1 : 65420] successfully.
COMMAND[check version information] execute successfully, takes 0.1 secs.
The cable List : 
Cable index 0:USB Cable S/ffffffffffffff9b 

COMMAND[get_cable_paras] execute successfully, takes 1.3 secs.
E: JtagServer-0001: No PANGO USB CABLE II cable was found in system.
E: JtagServer-0306: No devices detected while scanning the JTAG chain, failed detecting JTAG device chain.
W: Please check the device power, cable connection situation and whether put the chip in the right way or not.
   If these do not work, try to restart the software.
E: Configuration-0008: The command 'Open config cable' execute fail.
E: JtagServer-0001: No PANGO USB CABLE II cable was found in system.
E: JtagServer-0306: No devices detected while scanning the JTAG chain, failed detecting JTAG device chain.
W: Please check the device power, cable connection situation and whether put the chip in the right way or not.
   If these do not work, try to restart the software.
E: Configuration-0008: The command 'Open config cable' execute fail.
E: JtagServer-0001: No PANGO USB CABLE II cable was found in system.
E: JtagServer-0306: No devices detected while scanning the JTAG chain, failed detecting JTAG device chain.
W: Please check the device power, cable connection situation and whether put the chip in the right way or not.
   If these do not work, try to restart the software.
E: Configuration-0008: The command 'Open config cable' execute fail.
