[Info] [2026-3-4 16:07:37] /***************************Start jtagserver***************************/
[Info] [2026-3-4 16:07:37] Path: C:/studyware/pango/PDS_2024.2-SP1.2-ads/bin
[Info] [2026-3-4 16:07:37] Version: 187561
[Debug] [2026-3-4 16:07:39] Add a new user_thread, thread id is 0000000000001A9CAdd a new user_thread, thread id is 00000000000063E8
[Debug] [2026-3-4 16:07:39] Add a new user_thread, thread id is 0000000000001A9CAdd a new user_thread, thread id is 00000000000063E8
[Debug] [2026-3-4 16:07:39] After adding, map size is : 2
[Debug] [2026-3-4 16:07:39] After adding, map size is : 2
[Debug] [2026-3-4 16:07:39] socket thread id is 0000000000001A9C and socket type is 9/r/nsocket thread id is 00000000000063E8 and socket type is 9/r/n
[Debug] [2026-3-4 16:07:39] socket thread id is 0000000000001A9C and socket type is 9/r/nsocket thread id is 00000000000063E8 and socket type is 9/r/n
[Debug] [2026-3-4 16:07:39] Socket connection 00000000000063E8recvive data
[Debug] [2026-3-4 16:07:39] Socket connection 00000000000063E8 try initiate it's pack handler and request handler
[Debug] [2026-3-4 16:07:39] Socket connection 00000000000063E8 initiate it's pack handler and request handler which socket type is 57 successfully
[Debug] [2026-3-4 16:07:39] Socket connection 00000000000063E8 start to handle complete buff
[Debug] [2026-3-4 16:07:39] Send back reponse of cmd check version information
[Info] [2026-3-4 16:07:39] Send data to thread 00000000000063E8
[Debug] [2026-3-4 16:07:39] Socket connection 00000000000063E8recvive data
[Debug] [2026-3-4 16:07:39] Socket connection 00000000000063E8 start to handle complete buff
[Debug] [2026-3-4 16:07:39] connection thread 00000000000063E8run cmd, cmd id :40010cmd name : get_cable_paras
[Debug] [2026-3-4 16:07:40] Send back reponse of cmd get_cable_paras
[Debug] [2026-3-4 16:07:40] connection thread 00000000000063E8send back response, cmd id :40010cmd name : get_cable_paras
[Info] [2026-3-4 16:07:40] Send data to thread 00000000000063E8
[Debug] [2026-3-4 16:07:40] Socket connection 00000000000063E8recvive data
[Debug] [2026-3-4 16:07:40] Socket connection 00000000000063E8 start to handle complete buff
[Debug] [2026-3-4 16:07:40] connection thread 00000000000063E8run cmd, cmd id :20001cmd name : Open config cable
[Debug] [2026-3-4 16:07:41] the idcode from the scanning is: 0x3042b899
[Debug] [2026-3-4 16:07:41] the idcode from the scanning is: 0x3042b899
[Debug] [2026-3-4 16:07:41] the idcode from the scanning is: 0x0
[Debug] [2026-3-4 16:07:41] the idcode from the scanning is: 0x0
[Debug] [2026-3-4 16:07:41] the idcode from the scanning is: 0x0
[Debug] [2026-3-4 16:07:41] status_value is 1409efd0
[Debug] [2026-3-4 16:07:41] status_value is 1405efd0
[Debug] [2026-3-4 16:07:41] status_value is 1409efd0
[Debug] [2026-3-4 16:07:41] status_value is 1405efd0
[Debug] [2026-3-4 16:07:41] status_value is 1409efd0
[Debug] [2026-3-4 16:07:41] status_value is 1405efd0
[Debug] [2026-3-4 16:07:41] status_value is 1409efd0
[Debug] [2026-3-4 16:07:41] status_value is 1405efd0
[Debug] [2026-3-4 16:07:41] Send back reponse of cmd Open config cable
[Debug] [2026-3-4 16:07:41] connection thread 00000000000063E8send back response, cmd id :4e21cmd name : Open config cable
[Info] [2026-3-4 16:07:41] Send data to thread 00000000000063E8
[Debug] [2026-3-4 16:07:42] connection thread 00000000000063E8run observer
[Debug] [2026-3-4 16:07:42] Send back reponse of cmd heart beat
[Debug] [2026-3-4 16:07:42] connection thread 00000000000063E8run observer finish, send back observer result, send back data size is 3c
[Info] [2026-3-4 16:07:42] Send data to thread 00000000000063E8
[Debug] [2026-3-4 16:07:45] connection thread 00000000000063E8run observer
[Debug] [2026-3-4 16:07:45] Send back reponse of cmd heart beat
[Debug] [2026-3-4 16:07:45] connection thread 00000000000063E8run observer finish, send back observer result, send back data size is 3c
[Info] [2026-3-4 16:07:45] Send data to thread 00000000000063E8
[Debug] [2026-3-4 16:07:48] connection thread 00000000000063E8run observer
[Debug] [2026-3-4 16:07:48] Send back reponse of cmd heart beat
[Debug] [2026-3-4 16:07:48] connection thread 00000000000063E8run observer finish, send back observer result, send back data size is 3c
[Info] [2026-3-4 16:07:48] Send data to thread 00000000000063E8
[Debug] [2026-3-4 16:07:51] connection thread 00000000000063E8run observer
[Debug] [2026-3-4 16:07:51] Send back reponse of cmd heart beat
[Debug] [2026-3-4 16:07:51] connection thread 00000000000063E8run observer finish, send back observer result, send back data size is 3c
[Info] [2026-3-4 16:07:51] Send data to thread 00000000000063E8
[Debug] [2026-3-4 16:07:54] connection thread 00000000000063E8run observer
[Debug] [2026-3-4 16:07:54] Send back reponse of cmd heart beat
[Debug] [2026-3-4 16:07:54] connection thread 00000000000063E8run observer finish, send back observer result, send back data size is 3c
[Info] [2026-3-4 16:07:54] Send data to thread 00000000000063E8
[Debug] [2026-3-4 16:07:57] connection thread 00000000000063E8run observer
[Debug] [2026-3-4 16:07:57] Send back reponse of cmd heart beat
[Debug] [2026-3-4 16:07:57] connection thread 00000000000063E8run observer finish, send back observer result, send back data size is 3c
[Info] [2026-3-4 16:07:57] Send data to thread 00000000000063E8
[Debug] [2026-3-4 16:08:00] connection thread 00000000000063E8run observer
[Debug] [2026-3-4 16:08:00] Send back reponse of cmd heart beat
[Debug] [2026-3-4 16:08:00] connection thread 00000000000063E8run observer finish, send back observer result, send back data size is 3c
[Info] [2026-3-4 16:08:00] Send data to thread 00000000000063E8
[Debug] [2026-3-4 16:08:03] connection thread 00000000000063E8run observer
[Debug] [2026-3-4 16:08:03] Send back reponse of cmd heart beat
[Debug] [2026-3-4 16:08:03] connection thread 00000000000063E8run observer finish, send back observer result, send back data size is 3c
[Info] [2026-3-4 16:08:03] Send data to thread 00000000000063E8
[Debug] [2026-3-4 16:08:06] connection thread 00000000000063E8run observer
[Debug] [2026-3-4 16:08:06] Send back reponse of cmd heart beat
[Debug] [2026-3-4 16:08:06] connection thread 00000000000063E8run observer finish, send back observer result, send back data size is 3c
[Info] [2026-3-4 16:08:06] Send data to thread 00000000000063E8
[Debug] [2026-3-4 16:08:08] Socket connection 00000000000063E8recvive data
[Debug] [2026-3-4 16:08:08] Socket connection 00000000000063E8 start to handle complete buff
[Debug] [2026-3-4 16:08:08] connection thread 00000000000063E8run cmd, cmd id :4e35cmd name : Program EFlash
[Debug] [2026-3-4 16:08:08] the idcode from the scanning is: 0x3042b899
[Debug] [2026-3-4 16:08:08] the idcode from the scanning is: 0x3042b899
[Debug] [2026-3-4 16:08:08] the idcode from the scanning is: 0x0
[Debug] [2026-3-4 16:08:08] the idcode from the scanning is: 0x0
[Debug] [2026-3-4 16:08:08] the idcode from the scanning is: 0x0
[Debug] [2026-3-4 16:08:08] status_value is 1409efd0
[Debug] [2026-3-4 16:08:09] Send back reponse of cmd set progress bar
[Debug] [2026-3-4 16:08:09] connection thread 00000000000063E8send back progress info, cmd id :4e35cmd name : Program EFlash
[Info] [2026-3-4 16:08:09] Send data to thread 00000000000063E8
[Debug] [2026-3-4 16:08:10] Send back reponse of cmd set progress bar
[Debug] [2026-3-4 16:08:10] connection thread 00000000000063E8send back progress info, cmd id :4e35cmd name : Program EFlash
[Info] [2026-3-4 16:08:10] Send data to thread 00000000000063E8
[Debug] [2026-3-4 16:08:11] Send back reponse of cmd set progress bar
[Debug] [2026-3-4 16:08:11] connection thread 00000000000063E8send back progress info, cmd id :4e35cmd name : Program EFlash
[Info] [2026-3-4 16:08:11] Send data to thread 00000000000063E8
[Debug] [2026-3-4 16:08:12] Send back reponse of cmd set progress bar
[Debug] [2026-3-4 16:08:12] connection thread 00000000000063E8send back progress info, cmd id :4e35cmd name : Program EFlash
[Info] [2026-3-4 16:08:12] Send data to thread 00000000000063E8
[Debug] [2026-3-4 16:08:13] Send back reponse of cmd set progress bar
[Debug] [2026-3-4 16:08:13] connection thread 00000000000063E8send back progress info, cmd id :4e35cmd name : Program EFlash
[Info] [2026-3-4 16:08:13] Send data to thread 00000000000063E8
[Debug] [2026-3-4 16:08:14] Send back reponse of cmd set progress bar
[Debug] [2026-3-4 16:08:14] connection thread 00000000000063E8send back progress info, cmd id :4e35cmd name : Program EFlash
[Info] [2026-3-4 16:08:14] Send data to thread 00000000000063E8
[Debug] [2026-3-4 16:08:15] Send back reponse of cmd set progress bar
[Debug] [2026-3-4 16:08:15] connection thread 00000000000063E8send back progress info, cmd id :4e35cmd name : Program EFlash
[Info] [2026-3-4 16:08:15] Send data to thread 00000000000063E8
[Debug] [2026-3-4 16:08:16] Send back reponse of cmd set progress bar
[Debug] [2026-3-4 16:08:16] connection thread 00000000000063E8send back progress info, cmd id :4e35cmd name : Program EFlash
[Info] [2026-3-4 16:08:16] Send data to thread 00000000000063E8
[Debug] [2026-3-4 16:08:17] Send back reponse of cmd set progress bar
[Debug] [2026-3-4 16:08:17] connection thread 00000000000063E8send back progress info, cmd id :4e35cmd name : Program EFlash
[Info] [2026-3-4 16:08:17] Send data to thread 00000000000063E8
[Debug] [2026-3-4 16:08:18] Send back reponse of cmd set progress bar
[Debug] [2026-3-4 16:08:18] connection thread 00000000000063E8send back progress info, cmd id :4e35cmd name : Program EFlash
[Info] [2026-3-4 16:08:18] Send data to thread 00000000000063E8
[Debug] [2026-3-4 16:08:19] Send back reponse of cmd set progress bar
[Debug] [2026-3-4 16:08:19] connection thread 00000000000063E8send back progress info, cmd id :4e35cmd name : Program EFlash
[Info] [2026-3-4 16:08:19] Send data to thread 00000000000063E8
[Debug] [2026-3-4 16:08:20] Send back reponse of cmd set progress bar
[Debug] [2026-3-4 16:08:20] connection thread 00000000000063E8send back progress info, cmd id :4e35cmd name : Program EFlash
[Info] [2026-3-4 16:08:20] Send data to thread 00000000000063E8
[Debug] [2026-3-4 16:08:21] Send back reponse of cmd set progress bar
[Debug] [2026-3-4 16:08:21] connection thread 00000000000063E8send back progress info, cmd id :4e35cmd name : Program EFlash
[Info] [2026-3-4 16:08:21] Send data to thread 00000000000063E8
[Debug] [2026-3-4 16:08:22] Send back reponse of cmd set progress bar
[Debug] [2026-3-4 16:08:22] connection thread 00000000000063E8send back progress info, cmd id :4e35cmd name : Program EFlash
[Info] [2026-3-4 16:08:22] Send data to thread 00000000000063E8
[Debug] [2026-3-4 16:08:23] Send back reponse of cmd set progress bar
[Debug] [2026-3-4 16:08:23] connection thread 00000000000063E8send back progress info, cmd id :4e35cmd name : Program EFlash
[Info] [2026-3-4 16:08:23] Send data to thread 00000000000063E8
[Debug] [2026-3-4 16:08:24] Send back reponse of cmd set progress bar
[Debug] [2026-3-4 16:08:24] connection thread 00000000000063E8send back progress info, cmd id :4e35cmd name : Program EFlash
[Info] [2026-3-4 16:08:24] Send data to thread 00000000000063E8
[Debug] [2026-3-4 16:08:25] Send back reponse of cmd set progress bar
[Debug] [2026-3-4 16:08:25] connection thread 00000000000063E8send back progress info, cmd id :4e35cmd name : Program EFlash
[Info] [2026-3-4 16:08:25] Send data to thread 00000000000063E8
[Debug] [2026-3-4 16:08:26] Send back reponse of cmd set progress bar
[Debug] [2026-3-4 16:08:26] connection thread 00000000000063E8send back progress info, cmd id :4e35cmd name : Program EFlash
[Info] [2026-3-4 16:08:26] Send data to thread 00000000000063E8
[Debug] [2026-3-4 16:08:27] Send back reponse of cmd set progress bar
[Debug] [2026-3-4 16:08:27] connection thread 00000000000063E8send back progress info, cmd id :4e35cmd name : Program EFlash
[Info] [2026-3-4 16:08:27] Send data to thread 00000000000063E8
[Debug] [2026-3-4 16:08:28] status_value is 1405efd0
[Debug] [2026-3-4 16:08:28] status_value is 1409efd0
[Debug] [2026-3-4 16:08:28] status_value is 1405efd0
[Debug] [2026-3-4 16:08:28] status_value is 1409efd0
[Debug] [2026-3-4 16:08:28] status_value is 1405efd0
[Debug] [2026-3-4 16:08:28] Send back reponse of cmd Program EFlash
[Debug] [2026-3-4 16:08:28] connection thread 00000000000063E8send back response, cmd id :4e35cmd name : Program EFlash
[Info] [2026-3-4 16:08:28] Send data to thread 00000000000063E8
[Debug] [2026-3-4 16:08:28] connection thread 00000000000063E8run observer
[Debug] [2026-3-4 16:08:28] Send back reponse of cmd heart beat
[Debug] [2026-3-4 16:08:28] connection thread 00000000000063E8run observer finish, send back observer result, send back data size is 3c
[Info] [2026-3-4 16:08:28] Send data to thread 00000000000063E8
[Debug] [2026-3-4 16:08:28] Socket connection 00000000000063E8recvive data
[Debug] [2026-3-4 16:08:28] Socket connection 00000000000063E8 start to handle complete buff
[Debug] [2026-3-4 16:08:28] connection thread 00000000000063E8run cmd, cmd id :4e38cmd name : Verify EFlash
[Debug] [2026-3-4 16:08:28] the idcode from the scanning is: 0x3042b899
[Debug] [2026-3-4 16:08:28] the idcode from the scanning is: 0x3042b899
[Debug] [2026-3-4 16:08:28] the idcode from the scanning is: 0x0
[Debug] [2026-3-4 16:08:28] the idcode from the scanning is: 0x0
[Debug] [2026-3-4 16:08:28] the idcode from the scanning is: 0x0
[Debug] [2026-3-4 16:08:28] status_value is 1409efd0
[Debug] [2026-3-4 16:08:28] Send back reponse of cmd set progress bar
[Debug] [2026-3-4 16:08:28] connection thread 00000000000063E8send back progress info, cmd id :4e38cmd name : Verify EFlash
[Info] [2026-3-4 16:08:28] Send data to thread 00000000000063E8
[Debug] [2026-3-4 16:08:29] Send back reponse of cmd set progress bar
[Debug] [2026-3-4 16:08:29] connection thread 00000000000063E8send back progress info, cmd id :4e38cmd name : Verify EFlash
[Info] [2026-3-4 16:08:29] Send data to thread 00000000000063E8
[Debug] [2026-3-4 16:08:29] Send back reponse of cmd set progress bar
[Debug] [2026-3-4 16:08:29] connection thread 00000000000063E8send back progress info, cmd id :4e38cmd name : Verify EFlash
[Info] [2026-3-4 16:08:29] Send data to thread 00000000000063E8
[Debug] [2026-3-4 16:08:29] Send back reponse of cmd set progress bar
[Debug] [2026-3-4 16:08:29] connection thread 00000000000063E8send back progress info, cmd id :4e38cmd name : Verify EFlash
[Info] [2026-3-4 16:08:29] Send data to thread 00000000000063E8
[Debug] [2026-3-4 16:08:29] Send back reponse of cmd set progress bar
[Debug] [2026-3-4 16:08:29] connection thread 00000000000063E8send back progress info, cmd id :4e38cmd name : Verify EFlash
[Info] [2026-3-4 16:08:29] Send data to thread 00000000000063E8
[Debug] [2026-3-4 16:08:29] Send back reponse of cmd set progress bar
[Debug] [2026-3-4 16:08:29] connection thread 00000000000063E8send back progress info, cmd id :4e38cmd name : Verify EFlash
[Info] [2026-3-4 16:08:29] Send data to thread 00000000000063E8
[Debug] [2026-3-4 16:08:29] Send back reponse of cmd set progress bar
[Debug] [2026-3-4 16:08:29] connection thread 00000000000063E8send back progress info, cmd id :4e38cmd name : Verify EFlash
[Info] [2026-3-4 16:08:29] Send data to thread 00000000000063E8
[Debug] [2026-3-4 16:08:29] Send back reponse of cmd set progress bar
[Debug] [2026-3-4 16:08:29] connection thread 00000000000063E8send back progress info, cmd id :4e38cmd name : Verify EFlash
[Info] [2026-3-4 16:08:29] Send data to thread 00000000000063E8
[Debug] [2026-3-4 16:08:29] Send back reponse of cmd set progress bar
[Debug] [2026-3-4 16:08:29] connection thread 00000000000063E8send back progress info, cmd id :4e38cmd name : Verify EFlash
[Info] [2026-3-4 16:08:29] Send data to thread 00000000000063E8
[Debug] [2026-3-4 16:08:29] Send back reponse of cmd set progress bar
[Debug] [2026-3-4 16:08:29] connection thread 00000000000063E8send back progress info, cmd id :4e38cmd name : Verify EFlash
[Info] [2026-3-4 16:08:29] Send data to thread 00000000000063E8
[Debug] [2026-3-4 16:08:29] Send back reponse of cmd set progress bar
[Debug] [2026-3-4 16:08:29] connection thread 00000000000063E8send back progress info, cmd id :4e38cmd name : Verify EFlash
[Info] [2026-3-4 16:08:29] Send data to thread 00000000000063E8
[Debug] [2026-3-4 16:08:29] Send back reponse of cmd set progress bar
[Debug] [2026-3-4 16:08:29] connection thread 00000000000063E8send back progress info, cmd id :4e38cmd name : Verify EFlash
[Info] [2026-3-4 16:08:29] Send data to thread 00000000000063E8
[Debug] [2026-3-4 16:08:30] Send back reponse of cmd set progress bar
[Debug] [2026-3-4 16:08:30] connection thread 00000000000063E8send back progress info, cmd id :4e38cmd name : Verify EFlash
[Info] [2026-3-4 16:08:30] Send data to thread 00000000000063E8
[Debug] [2026-3-4 16:08:30] Send back reponse of cmd set progress bar
[Debug] [2026-3-4 16:08:30] connection thread 00000000000063E8send back progress info, cmd id :4e38cmd name : Verify EFlash
[Info] [2026-3-4 16:08:30] Send data to thread 00000000000063E8
[Debug] [2026-3-4 16:08:30] Send back reponse of cmd set progress bar
[Debug] [2026-3-4 16:08:30] connection thread 00000000000063E8send back progress info, cmd id :4e38cmd name : Verify EFlash
[Info] [2026-3-4 16:08:30] Send data to thread 00000000000063E8
[Debug] [2026-3-4 16:08:30] Send back reponse of cmd set progress bar
[Debug] [2026-3-4 16:08:30] connection thread 00000000000063E8send back progress info, cmd id :4e38cmd name : Verify EFlash
[Info] [2026-3-4 16:08:30] Send data to thread 00000000000063E8
[Debug] [2026-3-4 16:08:30] Send back reponse of cmd set progress bar
[Debug] [2026-3-4 16:08:30] connection thread 00000000000063E8send back progress info, cmd id :4e38cmd name : Verify EFlash
[Info] [2026-3-4 16:08:30] Send data to thread 00000000000063E8
[Debug] [2026-3-4 16:08:30] Send back reponse of cmd set progress bar
[Debug] [2026-3-4 16:08:30] connection thread 00000000000063E8send back progress info, cmd id :4e38cmd name : Verify EFlash
[Info] [2026-3-4 16:08:30] Send data to thread 00000000000063E8
[Debug] [2026-3-4 16:08:30] Send back reponse of cmd set progress bar
[Debug] [2026-3-4 16:08:30] connection thread 00000000000063E8send back progress info, cmd id :4e38cmd name : Verify EFlash
[Info] [2026-3-4 16:08:30] Send data to thread 00000000000063E8
[Debug] [2026-3-4 16:08:30] status_value is 1405efd0
[Debug] [2026-3-4 16:08:30] status_value is 1409efd0
[Debug] [2026-3-4 16:08:30] status_value is 1405efd0
[Debug] [2026-3-4 16:08:30] status_value is 1409efd0
[Debug] [2026-3-4 16:08:30] status_value is 1405efd0
[Debug] [2026-3-4 16:08:30] Send back reponse of cmd Verify EFlash
[Debug] [2026-3-4 16:08:30] connection thread 00000000000063E8send back response, cmd id :4e38cmd name : Verify EFlash
[Info] [2026-3-4 16:08:30] Send data to thread 00000000000063E8
[Debug] [2026-3-4 16:08:30] connection thread 00000000000063E8run observer
[Debug] [2026-3-4 16:08:30] Send back reponse of cmd heart beat
[Debug] [2026-3-4 16:08:30] connection thread 00000000000063E8run observer finish, send back observer result, send back data size is 3c
[Info] [2026-3-4 16:08:30] Send data to thread 00000000000063E8
[Debug] [2026-3-4 16:08:30] Socket connection 00000000000063E8recvive data
[Debug] [2026-3-4 16:08:30] Socket connection 00000000000063E8 start to handle complete buff
[Debug] [2026-3-4 16:08:30] connection thread 00000000000063E8run cmd, cmd id :4e2fcmd name : Program CTL
[Debug] [2026-3-4 16:08:30] the idcode from the scanning is: 0x3042b899
[Debug] [2026-3-4 16:08:30] the idcode from the scanning is: 0x3042b899
[Debug] [2026-3-4 16:08:30] the idcode from the scanning is: 0x0
[Debug] [2026-3-4 16:08:30] the idcode from the scanning is: 0x0
[Debug] [2026-3-4 16:08:30] the idcode from the scanning is: 0x0
[Debug] [2026-3-4 16:08:30] status_value is 1409efd0
[Debug] [2026-3-4 16:08:30] Send back reponse of cmd get info message
[Debug] [2026-3-4 16:08:30] connection thread 00000000000063E8send back operating info, cmd id :4e2fcmd name : Program CTL
[Info] [2026-3-4 16:08:30] Send data to thread 00000000000063E8
[Debug] [2026-3-4 16:08:31] Feature Control value is 28943
[Debug] [2026-3-4 16:08:31] status_value is 1405efd0
[Debug] [2026-3-4 16:08:31] status_value is 1409efd0
[Debug] [2026-3-4 16:08:31] status_value is 1405efd0
[Debug] [2026-3-4 16:08:31] status_value is 1409efd0
[Debug] [2026-3-4 16:08:31] status_value is 1405efd0
[Debug] [2026-3-4 16:08:31] Send back reponse of cmd Program CTL
[Debug] [2026-3-4 16:08:31] connection thread 00000000000063E8send back response, cmd id :4e2fcmd name : Program CTL
[Info] [2026-3-4 16:08:31] Send data to thread 00000000000063E8
[Debug] [2026-3-4 16:08:33] connection thread 00000000000063E8run observer
[Debug] [2026-3-4 16:08:33] Send back reponse of cmd heart beat
[Debug] [2026-3-4 16:08:33] connection thread 00000000000063E8run observer finish, send back observer result, send back data size is 3c
[Info] [2026-3-4 16:08:33] Send data to thread 00000000000063E8
[Debug] [2026-3-4 16:08:33] Socket connection 00000000000063E8recvive data
[Debug] [2026-3-4 16:08:33] Socket connection 00000000000063E8 start to handle complete buff
[Debug] [2026-3-4 16:08:33] connection thread 00000000000063E8run cmd, cmd id :4e35cmd name : Program EFlash
[Debug] [2026-3-4 16:08:33] the idcode from the scanning is: 0x3042b899
[Debug] [2026-3-4 16:08:33] the idcode from the scanning is: 0x3042b899
[Debug] [2026-3-4 16:08:33] the idcode from the scanning is: 0x0
[Debug] [2026-3-4 16:08:33] the idcode from the scanning is: 0x0
[Debug] [2026-3-4 16:08:33] the idcode from the scanning is: 0x0
[Debug] [2026-3-4 16:08:33] status_value is 1409efd0
[Debug] [2026-3-4 16:08:35] Send back reponse of cmd set progress bar
[Debug] [2026-3-4 16:08:35] connection thread 00000000000063E8send back progress info, cmd id :4e35cmd name : Program EFlash
[Info] [2026-3-4 16:08:35] Send data to thread 00000000000063E8
[Debug] [2026-3-4 16:08:36] Send back reponse of cmd set progress bar
[Debug] [2026-3-4 16:08:36] connection thread 00000000000063E8send back progress info, cmd id :4e35cmd name : Program EFlash
[Info] [2026-3-4 16:08:36] Send data to thread 00000000000063E8
[Debug] [2026-3-4 16:08:37] Send back reponse of cmd set progress bar
[Debug] [2026-3-4 16:08:37] connection thread 00000000000063E8send back progress info, cmd id :4e35cmd name : Program EFlash
[Info] [2026-3-4 16:08:37] Send data to thread 00000000000063E8
[Debug] [2026-3-4 16:08:38] Send back reponse of cmd set progress bar
[Debug] [2026-3-4 16:08:38] connection thread 00000000000063E8send back progress info, cmd id :4e35cmd name : Program EFlash
[Info] [2026-3-4 16:08:38] Send data to thread 00000000000063E8
[Debug] [2026-3-4 16:08:39] Send back reponse of cmd set progress bar
[Debug] [2026-3-4 16:08:39] connection thread 00000000000063E8send back progress info, cmd id :4e35cmd name : Program EFlash
[Info] [2026-3-4 16:08:39] Send data to thread 00000000000063E8
[Debug] [2026-3-4 16:08:40] Send back reponse of cmd set progress bar
[Debug] [2026-3-4 16:08:40] connection thread 00000000000063E8send back progress info, cmd id :4e35cmd name : Program EFlash
[Info] [2026-3-4 16:08:40] Send data to thread 00000000000063E8
[Debug] [2026-3-4 16:08:42] Send back reponse of cmd set progress bar
[Debug] [2026-3-4 16:08:42] connection thread 00000000000063E8send back progress info, cmd id :4e35cmd name : Program EFlash
[Info] [2026-3-4 16:08:42] Send data to thread 00000000000063E8
[Debug] [2026-3-4 16:08:43] Send back reponse of cmd set progress bar
[Debug] [2026-3-4 16:08:43] connection thread 00000000000063E8send back progress info, cmd id :4e35cmd name : Program EFlash
[Info] [2026-3-4 16:08:43] Send data to thread 00000000000063E8
[Debug] [2026-3-4 16:08:44] Send back reponse of cmd set progress bar
[Debug] [2026-3-4 16:08:44] connection thread 00000000000063E8send back progress info, cmd id :4e35cmd name : Program EFlash
[Info] [2026-3-4 16:08:44] Send data to thread 00000000000063E8
[Debug] [2026-3-4 16:08:45] Send back reponse of cmd set progress bar
[Debug] [2026-3-4 16:08:45] connection thread 00000000000063E8send back progress info, cmd id :4e35cmd name : Program EFlash
[Info] [2026-3-4 16:08:45] Send data to thread 00000000000063E8
[Debug] [2026-3-4 16:08:46] Send back reponse of cmd set progress bar
[Debug] [2026-3-4 16:08:46] connection thread 00000000000063E8send back progress info, cmd id :4e35cmd name : Program EFlash
[Info] [2026-3-4 16:08:46] Send data to thread 00000000000063E8
[Debug] [2026-3-4 16:08:48] Send back reponse of cmd set progress bar
[Debug] [2026-3-4 16:08:48] connection thread 00000000000063E8send back progress info, cmd id :4e35cmd name : Program EFlash
[Info] [2026-3-4 16:08:48] Send data to thread 00000000000063E8
[Debug] [2026-3-4 16:08:49] Send back reponse of cmd set progress bar
[Debug] [2026-3-4 16:08:49] connection thread 00000000000063E8send back progress info, cmd id :4e35cmd name : Program EFlash
[Info] [2026-3-4 16:08:49] Send data to thread 00000000000063E8
[Debug] [2026-3-4 16:08:50] Send back reponse of cmd set progress bar
[Debug] [2026-3-4 16:08:50] connection thread 00000000000063E8send back progress info, cmd id :4e35cmd name : Program EFlash
[Info] [2026-3-4 16:08:50] Send data to thread 00000000000063E8
[Debug] [2026-3-4 16:08:51] Send back reponse of cmd set progress bar
[Debug] [2026-3-4 16:08:51] connection thread 00000000000063E8send back progress info, cmd id :4e35cmd name : Program EFlash
[Info] [2026-3-4 16:08:51] Send data to thread 00000000000063E8
[Debug] [2026-3-4 16:08:52] Send back reponse of cmd set progress bar
[Debug] [2026-3-4 16:08:52] connection thread 00000000000063E8send back progress info, cmd id :4e35cmd name : Program EFlash
[Info] [2026-3-4 16:08:52] Send data to thread 00000000000063E8
[Debug] [2026-3-4 16:08:53] Send back reponse of cmd set progress bar
[Debug] [2026-3-4 16:08:53] connection thread 00000000000063E8send back progress info, cmd id :4e35cmd name : Program EFlash
[Info] [2026-3-4 16:08:53] Send data to thread 00000000000063E8
[Debug] [2026-3-4 16:08:55] Send back reponse of cmd set progress bar
[Debug] [2026-3-4 16:08:55] connection thread 00000000000063E8send back progress info, cmd id :4e35cmd name : Program EFlash
[Info] [2026-3-4 16:08:55] Send data to thread 00000000000063E8
[Debug] [2026-3-4 16:08:56] Send back reponse of cmd set progress bar
[Debug] [2026-3-4 16:08:56] connection thread 00000000000063E8send back progress info, cmd id :4e35cmd name : Program EFlash
[Info] [2026-3-4 16:08:56] Send data to thread 00000000000063E8
[Debug] [2026-3-4 16:08:57] status_value is 1405efd0
[Debug] [2026-3-4 16:08:57] status_value is 1409efd0
[Debug] [2026-3-4 16:08:57] status_value is 1405efd0
[Debug] [2026-3-4 16:08:57] status_value is 1409efd0
[Debug] [2026-3-4 16:08:57] status_value is 1405efd0
[Debug] [2026-3-4 16:08:57] Send back reponse of cmd Program EFlash
[Debug] [2026-3-4 16:08:57] connection thread 00000000000063E8send back response, cmd id :4e35cmd name : Program EFlash
[Info] [2026-3-4 16:08:57] Send data to thread 00000000000063E8
[Debug] [2026-3-4 16:08:57] connection thread 00000000000063E8run observer
[Debug] [2026-3-4 16:08:57] Send back reponse of cmd heart beat
[Debug] [2026-3-4 16:08:57] connection thread 00000000000063E8run observer finish, send back observer result, send back data size is 3c
[Info] [2026-3-4 16:08:57] Send data to thread 00000000000063E8
[Debug] [2026-3-4 16:08:57] Socket connection 00000000000063E8recvive data
[Debug] [2026-3-4 16:08:57] Socket connection 00000000000063E8 start to handle complete buff
[Debug] [2026-3-4 16:08:57] connection thread 00000000000063E8run cmd, cmd id :4e38cmd name : Verify EFlash
[Debug] [2026-3-4 16:08:57] the idcode from the scanning is: 0x3042b899
[Debug] [2026-3-4 16:08:57] the idcode from the scanning is: 0x3042b899
[Debug] [2026-3-4 16:08:57] the idcode from the scanning is: 0x0
[Debug] [2026-3-4 16:08:57] the idcode from the scanning is: 0x0
[Debug] [2026-3-4 16:08:57] the idcode from the scanning is: 0x0
[Debug] [2026-3-4 16:08:57] status_value is 1409efd0
[Debug] [2026-3-4 16:08:57] Send back reponse of cmd set progress bar
[Debug] [2026-3-4 16:08:57] connection thread 00000000000063E8send back progress info, cmd id :4e38cmd name : Verify EFlash
[Info] [2026-3-4 16:08:57] Send data to thread 00000000000063E8
[Debug] [2026-3-4 16:08:57] Send back reponse of cmd set progress bar
[Debug] [2026-3-4 16:08:57] connection thread 00000000000063E8send back progress info, cmd id :4e38cmd name : Verify EFlash
[Info] [2026-3-4 16:08:57] Send data to thread 00000000000063E8
[Debug] [2026-3-4 16:08:57] Send back reponse of cmd set progress bar
[Debug] [2026-3-4 16:08:57] connection thread 00000000000063E8send back progress info, cmd id :4e38cmd name : Verify EFlash
[Info] [2026-3-4 16:08:57] Send data to thread 00000000000063E8
[Debug] [2026-3-4 16:08:57] Send back reponse of cmd set progress bar
[Debug] [2026-3-4 16:08:57] connection thread 00000000000063E8send back progress info, cmd id :4e38cmd name : Verify EFlash
[Info] [2026-3-4 16:08:57] Send data to thread 00000000000063E8
[Debug] [2026-3-4 16:08:57] Send back reponse of cmd set progress bar
[Debug] [2026-3-4 16:08:57] connection thread 00000000000063E8send back progress info, cmd id :4e38cmd name : Verify EFlash
[Info] [2026-3-4 16:08:57] Send data to thread 00000000000063E8
[Debug] [2026-3-4 16:08:57] Send back reponse of cmd set progress bar
[Debug] [2026-3-4 16:08:57] connection thread 00000000000063E8send back progress info, cmd id :4e38cmd name : Verify EFlash
[Info] [2026-3-4 16:08:57] Send data to thread 00000000000063E8
[Debug] [2026-3-4 16:08:58] Send back reponse of cmd set progress bar
[Debug] [2026-3-4 16:08:58] connection thread 00000000000063E8send back progress info, cmd id :4e38cmd name : Verify EFlash
[Info] [2026-3-4 16:08:58] Send data to thread 00000000000063E8
[Debug] [2026-3-4 16:08:58] Send back reponse of cmd set progress bar
[Debug] [2026-3-4 16:08:58] connection thread 00000000000063E8send back progress info, cmd id :4e38cmd name : Verify EFlash
[Info] [2026-3-4 16:08:58] Send data to thread 00000000000063E8
[Debug] [2026-3-4 16:08:58] Send back reponse of cmd set progress bar
[Debug] [2026-3-4 16:08:58] connection thread 00000000000063E8send back progress info, cmd id :4e38cmd name : Verify EFlash
[Info] [2026-3-4 16:08:58] Send data to thread 00000000000063E8
[Debug] [2026-3-4 16:08:58] Send back reponse of cmd set progress bar
[Debug] [2026-3-4 16:08:58] connection thread 00000000000063E8send back progress info, cmd id :4e38cmd name : Verify EFlash
[Info] [2026-3-4 16:08:58] Send data to thread 00000000000063E8
[Debug] [2026-3-4 16:08:58] Send back reponse of cmd set progress bar
[Debug] [2026-3-4 16:08:58] connection thread 00000000000063E8send back progress info, cmd id :4e38cmd name : Verify EFlash
[Info] [2026-3-4 16:08:58] Send data to thread 00000000000063E8
[Debug] [2026-3-4 16:08:58] Send back reponse of cmd set progress bar
[Debug] [2026-3-4 16:08:58] connection thread 00000000000063E8send back progress info, cmd id :4e38cmd name : Verify EFlash
[Info] [2026-3-4 16:08:58] Send data to thread 00000000000063E8
[Debug] [2026-3-4 16:08:58] Send back reponse of cmd set progress bar
[Debug] [2026-3-4 16:08:58] connection thread 00000000000063E8send back progress info, cmd id :4e38cmd name : Verify EFlash
[Info] [2026-3-4 16:08:58] Send data to thread 00000000000063E8
[Debug] [2026-3-4 16:08:58] Send back reponse of cmd set progress bar
[Debug] [2026-3-4 16:08:58] connection thread 00000000000063E8send back progress info, cmd id :4e38cmd name : Verify EFlash
[Info] [2026-3-4 16:08:58] Send data to thread 00000000000063E8
[Debug] [2026-3-4 16:08:58] Send back reponse of cmd set progress bar
[Debug] [2026-3-4 16:08:58] connection thread 00000000000063E8send back progress info, cmd id :4e38cmd name : Verify EFlash
[Info] [2026-3-4 16:08:58] Send data to thread 00000000000063E8
[Debug] [2026-3-4 16:08:58] Send back reponse of cmd set progress bar
[Debug] [2026-3-4 16:08:58] connection thread 00000000000063E8send back progress info, cmd id :4e38cmd name : Verify EFlash
[Info] [2026-3-4 16:08:58] Send data to thread 00000000000063E8
[Debug] [2026-3-4 16:08:58] Send back reponse of cmd set progress bar
[Debug] [2026-3-4 16:08:58] connection thread 00000000000063E8send back progress info, cmd id :4e38cmd name : Verify EFlash
[Info] [2026-3-4 16:08:58] Send data to thread 00000000000063E8
[Debug] [2026-3-4 16:08:59] Send back reponse of cmd set progress bar
[Debug] [2026-3-4 16:08:59] connection thread 00000000000063E8send back progress info, cmd id :4e38cmd name : Verify EFlash
[Info] [2026-3-4 16:08:59] Send data to thread 00000000000063E8
[Debug] [2026-3-4 16:08:59] Send back reponse of cmd set progress bar
[Debug] [2026-3-4 16:08:59] connection thread 00000000000063E8send back progress info, cmd id :4e38cmd name : Verify EFlash
[Info] [2026-3-4 16:08:59] Send data to thread 00000000000063E8
[Debug] [2026-3-4 16:08:59] status_value is 1405efd0
[Debug] [2026-3-4 16:08:59] status_value is 1409efd0
[Debug] [2026-3-4 16:08:59] status_value is 1405efd0
[Debug] [2026-3-4 16:08:59] status_value is 1409efd0
[Debug] [2026-3-4 16:08:59] status_value is 1405efd0
[Debug] [2026-3-4 16:08:59] Send back reponse of cmd Verify EFlash
[Debug] [2026-3-4 16:08:59] connection thread 00000000000063E8send back response, cmd id :4e38cmd name : Verify EFlash
[Info] [2026-3-4 16:08:59] Send data to thread 00000000000063E8
[Debug] [2026-3-4 16:08:59] Socket connection 00000000000063E8recvive data
[Debug] [2026-3-4 16:08:59] Socket connection 00000000000063E8 start to handle complete buff
[Debug] [2026-3-4 16:08:59] connection thread 00000000000063E8run cmd, cmd id :4e2fcmd name : Program CTL
[Debug] [2026-3-4 16:08:59] the idcode from the scanning is: 0x3042b899
[Debug] [2026-3-4 16:08:59] the idcode from the scanning is: 0x3042b899
[Debug] [2026-3-4 16:08:59] the idcode from the scanning is: 0x0
[Debug] [2026-3-4 16:08:59] the idcode from the scanning is: 0x0
[Debug] [2026-3-4 16:08:59] the idcode from the scanning is: 0x0
[Debug] [2026-3-4 16:08:59] status_value is 1409efd0
[Debug] [2026-3-4 16:08:59] Send back reponse of cmd get info message
[Debug] [2026-3-4 16:08:59] connection thread 00000000000063E8send back operating info, cmd id :4e2fcmd name : Program CTL
[Info] [2026-3-4 16:08:59] Send data to thread 00000000000063E8
[Debug] [2026-3-4 16:08:59] Feature Control value is 28943
[Debug] [2026-3-4 16:08:59] status_value is 1405efd0
[Debug] [2026-3-4 16:08:59] status_value is 1409efd0
[Debug] [2026-3-4 16:08:59] status_value is 1405efd0
[Debug] [2026-3-4 16:08:59] status_value is 1409efd0
[Debug] [2026-3-4 16:08:59] status_value is 1405efd0
[Debug] [2026-3-4 16:08:59] Send back reponse of cmd Program CTL
[Debug] [2026-3-4 16:08:59] connection thread 00000000000063E8send back response, cmd id :4e2fcmd name : Program CTL
[Info] [2026-3-4 16:08:59] Send data to thread 00000000000063E8
[Debug] [2026-3-4 16:09:00] connection thread 00000000000063E8run observer
[Debug] [2026-3-4 16:09:00] Send back reponse of cmd heart beat
[Debug] [2026-3-4 16:09:00] connection thread 00000000000063E8run observer finish, send back observer result, send back data size is 3c
[Info] [2026-3-4 16:09:00] Send data to thread 00000000000063E8
[Debug] [2026-3-4 16:09:03] connection thread 00000000000063E8run observer
[Debug] [2026-3-4 16:09:03] Send back reponse of cmd heart beat
[Debug] [2026-3-4 16:09:03] connection thread 00000000000063E8run observer finish, send back observer result, send back data size is 3c
[Info] [2026-3-4 16:09:03] Send data to thread 00000000000063E8
[Debug] [2026-3-4 16:09:06] connection thread 00000000000063E8run observer
[Debug] [2026-3-4 16:09:06] Send back reponse of cmd heart beat
[Debug] [2026-3-4 16:09:06] connection thread 00000000000063E8run observer finish, send back observer result, send back data size is 3c
[Info] [2026-3-4 16:09:06] Send data to thread 00000000000063E8
[Debug] [2026-3-4 16:09:09] connection thread 00000000000063E8run observer
[Debug] [2026-3-4 16:09:09] Send back reponse of cmd heart beat
[Debug] [2026-3-4 16:09:09] connection thread 00000000000063E8run observer finish, send back observer result, send back data size is 3c
[Info] [2026-3-4 16:09:09] Send data to thread 00000000000063E8
[Debug] [2026-3-4 16:09:12] connection thread 00000000000063E8run observer
[Debug] [2026-3-4 16:09:12] Send back reponse of cmd heart beat
[Debug] [2026-3-4 16:09:12] connection thread 00000000000063E8run observer finish, send back observer result, send back data size is 3c
[Info] [2026-3-4 16:09:12] Send data to thread 00000000000063E8
[Debug] [2026-3-4 16:09:15] connection thread 00000000000063E8run observer
[Debug] [2026-3-4 16:09:15] Send back reponse of cmd heart beat
[Debug] [2026-3-4 16:09:15] connection thread 00000000000063E8run observer finish, send back observer result, send back data size is 3c
[Info] [2026-3-4 16:09:15] Send data to thread 00000000000063E8
[Debug] [2026-3-4 16:09:18] connection thread 00000000000063E8run observer
[Debug] [2026-3-4 16:09:18] Send back reponse of cmd heart beat
[Debug] [2026-3-4 16:09:18] connection thread 00000000000063E8run observer finish, send back observer result, send back data size is 3c
[Info] [2026-3-4 16:09:18] Send data to thread 00000000000063E8
[Debug] [2026-3-4 16:09:21] connection thread 00000000000063E8run observer
[Debug] [2026-3-4 16:09:21] Send back reponse of cmd heart beat
[Debug] [2026-3-4 16:09:21] connection thread 00000000000063E8run observer finish, send back observer result, send back data size is 3c
[Info] [2026-3-4 16:09:21] Send data to thread 00000000000063E8
[Debug] [2026-3-4 16:09:24] connection thread 00000000000063E8run observer
[Debug] [2026-3-4 16:09:24] Send back reponse of cmd heart beat
[Debug] [2026-3-4 16:09:24] connection thread 00000000000063E8run observer finish, send back observer result, send back data size is 3c
[Info] [2026-3-4 16:09:24] Send data to thread 00000000000063E8
[Debug] [2026-3-4 16:09:27] connection thread 00000000000063E8run observer
[Debug] [2026-3-4 16:09:27] Send back reponse of cmd heart beat
[Debug] [2026-3-4 16:09:27] connection thread 00000000000063E8run observer finish, send back observer result, send back data size is 3c
[Info] [2026-3-4 16:09:27] Send data to thread 00000000000063E8
[Debug] [2026-3-4 16:09:30] connection thread 00000000000063E8run observer
[Debug] [2026-3-4 16:09:30] Send back reponse of cmd heart beat
[Debug] [2026-3-4 16:09:30] connection thread 00000000000063E8run observer finish, send back observer result, send back data size is 3c
[Info] [2026-3-4 16:09:30] Send data to thread 00000000000063E8
[Debug] [2026-3-4 16:09:33] connection thread 00000000000063E8run observer
[Debug] [2026-3-4 16:09:33] Send back reponse of cmd heart beat
[Debug] [2026-3-4 16:09:33] connection thread 00000000000063E8run observer finish, send back observer result, send back data size is 3c
[Info] [2026-3-4 16:09:33] Send data to thread 00000000000063E8
[Debug] [2026-3-4 16:09:36] connection thread 00000000000063E8run observer
[Debug] [2026-3-4 16:09:36] Send back reponse of cmd heart beat
[Debug] [2026-3-4 16:09:36] connection thread 00000000000063E8run observer finish, send back observer result, send back data size is 3c
[Info] [2026-3-4 16:09:36] Send data to thread 00000000000063E8
[Debug] [2026-3-4 16:09:39] connection thread 00000000000063E8run observer
[Debug] [2026-3-4 16:09:39] Send back reponse of cmd heart beat
[Debug] [2026-3-4 16:09:39] connection thread 00000000000063E8run observer finish, send back observer result, send back data size is 3c
[Info] [2026-3-4 16:09:39] Send data to thread 00000000000063E8
[Debug] [2026-3-4 16:09:42] connection thread 00000000000063E8run observer
[Debug] [2026-3-4 16:09:42] Send back reponse of cmd heart beat
[Debug] [2026-3-4 16:09:42] connection thread 00000000000063E8run observer finish, send back observer result, send back data size is 3c
[Info] [2026-3-4 16:09:42] Send data to thread 00000000000063E8
[Debug] [2026-3-4 16:09:45] connection thread 00000000000063E8run observer
[Debug] [2026-3-4 16:09:45] Send back reponse of cmd heart beat
[Debug] [2026-3-4 16:09:45] connection thread 00000000000063E8run observer finish, send back observer result, send back data size is 3c
[Info] [2026-3-4 16:09:45] Send data to thread 00000000000063E8
[Debug] [2026-3-4 16:09:48] connection thread 00000000000063E8run observer
[Debug] [2026-3-4 16:09:48] Send back reponse of cmd heart beat
[Debug] [2026-3-4 16:09:48] connection thread 00000000000063E8run observer finish, send back observer result, send back data size is 3c
[Info] [2026-3-4 16:09:48] Send data to thread 00000000000063E8
[Debug] [2026-3-4 16:09:51] connection thread 00000000000063E8run observer
[Debug] [2026-3-4 16:09:51] Send back reponse of cmd heart beat
[Debug] [2026-3-4 16:09:51] connection thread 00000000000063E8run observer finish, send back observer result, send back data size is 3c
[Info] [2026-3-4 16:09:51] Send data to thread 00000000000063E8
[Debug] [2026-3-4 16:09:54] connection thread 00000000000063E8run observer
[Debug] [2026-3-4 16:09:54] Send back reponse of cmd heart beat
[Debug] [2026-3-4 16:09:54] connection thread 00000000000063E8run observer finish, send back observer result, send back data size is 3c
[Info] [2026-3-4 16:09:54] Send data to thread 00000000000063E8
[Debug] [2026-3-4 16:09:57] connection thread 00000000000063E8run observer
[Debug] [2026-3-4 16:09:57] Send back reponse of cmd heart beat
[Debug] [2026-3-4 16:09:57] connection thread 00000000000063E8run observer finish, send back observer result, send back data size is 3c
[Info] [2026-3-4 16:09:57] Send data to thread 00000000000063E8
[Debug] [2026-3-4 16:10:00] connection thread 00000000000063E8run observer
[Debug] [2026-3-4 16:10:00] Send back reponse of cmd heart beat
[Debug] [2026-3-4 16:10:00] connection thread 00000000000063E8run observer finish, send back observer result, send back data size is 3c
[Info] [2026-3-4 16:10:00] Send data to thread 00000000000063E8
[Debug] [2026-3-4 16:10:03] connection thread 00000000000063E8run observer
[Debug] [2026-3-4 16:10:03] Send back reponse of cmd heart beat
[Debug] [2026-3-4 16:10:03] connection thread 00000000000063E8run observer finish, send back observer result, send back data size is 3c
[Info] [2026-3-4 16:10:03] Send data to thread 00000000000063E8
[Debug] [2026-3-4 16:10:06] connection thread 00000000000063E8run observer
[Debug] [2026-3-4 16:10:06] Send back reponse of cmd heart beat
[Debug] [2026-3-4 16:10:06] connection thread 00000000000063E8run observer finish, send back observer result, send back data size is 3c
[Info] [2026-3-4 16:10:06] Send data to thread 00000000000063E8
[Debug] [2026-3-4 16:10:09] connection thread 00000000000063E8run observer
[Debug] [2026-3-4 16:10:09] Send back reponse of cmd heart beat
[Debug] [2026-3-4 16:10:09] connection thread 00000000000063E8run observer finish, send back observer result, send back data size is 3c
[Info] [2026-3-4 16:10:09] Send data to thread 00000000000063E8
[Debug] [2026-3-4 16:10:12] connection thread 00000000000063E8run observer
[Debug] [2026-3-4 16:10:12] Send back reponse of cmd heart beat
[Debug] [2026-3-4 16:10:12] connection thread 00000000000063E8run observer finish, send back observer result, send back data size is 3c
[Info] [2026-3-4 16:10:12] Send data to thread 00000000000063E8
[Debug] [2026-3-4 16:10:15] connection thread 00000000000063E8run observer
[Debug] [2026-3-4 16:10:15] Send back reponse of cmd heart beat
[Debug] [2026-3-4 16:10:15] connection thread 00000000000063E8run observer finish, send back observer result, send back data size is 3c
[Info] [2026-3-4 16:10:15] Send data to thread 00000000000063E8
[Debug] [2026-3-4 16:10:18] connection thread 00000000000063E8run observer
[Debug] [2026-3-4 16:10:18] Send back reponse of cmd heart beat
[Debug] [2026-3-4 16:10:18] connection thread 00000000000063E8run observer finish, send back observer result, send back data size is 3c
[Info] [2026-3-4 16:10:18] Send data to thread 00000000000063E8
[Debug] [2026-3-4 16:10:21] connection thread 00000000000063E8run observer
[Debug] [2026-3-4 16:10:21] Send back reponse of cmd heart beat
[Debug] [2026-3-4 16:10:21] connection thread 00000000000063E8run observer finish, send back observer result, send back data size is 3c
[Info] [2026-3-4 16:10:21] Send data to thread 00000000000063E8
[Debug] [2026-3-4 16:10:24] connection thread 00000000000063E8run observer
[Debug] [2026-3-4 16:10:24] Send back reponse of cmd heart beat
[Debug] [2026-3-4 16:10:24] connection thread 00000000000063E8run observer finish, send back observer result, send back data size is 3c
[Info] [2026-3-4 16:10:24] Send data to thread 00000000000063E8
[Debug] [2026-3-4 16:10:27] connection thread 00000000000063E8run observer
[Debug] [2026-3-4 16:10:27] Send back reponse of cmd heart beat
[Debug] [2026-3-4 16:10:27] connection thread 00000000000063E8run observer finish, send back observer result, send back data size is 3c
[Info] [2026-3-4 16:10:27] Send data to thread 00000000000063E8
[Debug] [2026-3-4 16:10:30] connection thread 00000000000063E8run observer
[Debug] [2026-3-4 16:10:30] Send back reponse of cmd heart beat
[Debug] [2026-3-4 16:10:30] connection thread 00000000000063E8run observer finish, send back observer result, send back data size is 3c
[Info] [2026-3-4 16:10:30] Send data to thread 00000000000063E8
[Debug] [2026-3-4 16:10:33] connection thread 00000000000063E8run observer
[Debug] [2026-3-4 16:10:33] Send back reponse of cmd heart beat
[Debug] [2026-3-4 16:10:33] connection thread 00000000000063E8run observer finish, send back observer result, send back data size is 3c
[Info] [2026-3-4 16:10:33] Send data to thread 00000000000063E8
[Debug] [2026-3-4 16:10:36] connection thread 00000000000063E8run observer
[Debug] [2026-3-4 16:10:36] Send back reponse of cmd heart beat
[Debug] [2026-3-4 16:10:36] connection thread 00000000000063E8run observer finish, send back observer result, send back data size is 3c
[Info] [2026-3-4 16:10:36] Send data to thread 00000000000063E8
[Debug] [2026-3-4 16:10:39] connection thread 00000000000063E8run observer
[Debug] [2026-3-4 16:10:39] Send back reponse of cmd heart beat
[Debug] [2026-3-4 16:10:39] connection thread 00000000000063E8run observer finish, send back observer result, send back data size is 3c
[Info] [2026-3-4 16:10:39] Send data to thread 00000000000063E8
[Debug] [2026-3-4 16:10:42] connection thread 00000000000063E8run observer
[Debug] [2026-3-4 16:10:42] Send back reponse of cmd heart beat
[Debug] [2026-3-4 16:10:42] connection thread 00000000000063E8run observer finish, send back observer result, send back data size is 3c
[Info] [2026-3-4 16:10:42] Send data to thread 00000000000063E8
[Debug] [2026-3-4 16:10:45] connection thread 00000000000063E8run observer
[Debug] [2026-3-4 16:10:45] Send back reponse of cmd heart beat
[Debug] [2026-3-4 16:10:45] connection thread 00000000000063E8run observer finish, send back observer result, send back data size is 3c
[Info] [2026-3-4 16:10:45] Send data to thread 00000000000063E8
[Debug] [2026-3-4 16:10:48] connection thread 00000000000063E8run observer
[Debug] [2026-3-4 16:10:48] Send back reponse of cmd heart beat
[Debug] [2026-3-4 16:10:48] connection thread 00000000000063E8run observer finish, send back observer result, send back data size is 3c
[Info] [2026-3-4 16:10:48] Send data to thread 00000000000063E8
[Debug] [2026-3-4 16:10:51] connection thread 00000000000063E8run observer
[Debug] [2026-3-4 16:10:51] Send back reponse of cmd heart beat
[Debug] [2026-3-4 16:10:51] connection thread 00000000000063E8run observer finish, send back observer result, send back data size is 3c
[Info] [2026-3-4 16:10:51] Send data to thread 00000000000063E8
[Debug] [2026-3-4 16:10:54] connection thread 00000000000063E8run observer
[Debug] [2026-3-4 16:10:54] Send back reponse of cmd heart beat
[Debug] [2026-3-4 16:10:54] connection thread 00000000000063E8run observer finish, send back observer result, send back data size is 3c
[Info] [2026-3-4 16:10:54] Send data to thread 00000000000063E8
[Debug] [2026-3-4 16:10:57] connection thread 00000000000063E8run observer
[Debug] [2026-3-4 16:10:57] Send back reponse of cmd heart beat
[Debug] [2026-3-4 16:10:57] connection thread 00000000000063E8run observer finish, send back observer result, send back data size is 3c
[Info] [2026-3-4 16:10:57] Send data to thread 00000000000063E8
[Debug] [2026-3-4 16:11:00] connection thread 00000000000063E8run observer
[Debug] [2026-3-4 16:11:00] Send back reponse of cmd heart beat
[Debug] [2026-3-4 16:11:00] connection thread 00000000000063E8run observer finish, send back observer result, send back data size is 3c
[Info] [2026-3-4 16:11:00] Send data to thread 00000000000063E8
[Debug] [2026-3-4 16:11:03] connection thread 00000000000063E8run observer
[Debug] [2026-3-4 16:11:03] Send back reponse of cmd heart beat
[Debug] [2026-3-4 16:11:03] connection thread 00000000000063E8run observer finish, send back observer result, send back data size is 3c
[Info] [2026-3-4 16:11:03] Send data to thread 00000000000063E8
[Debug] [2026-3-4 16:11:06] connection thread 00000000000063E8run observer
[Debug] [2026-3-4 16:11:06] Send back reponse of cmd heart beat
[Debug] [2026-3-4 16:11:06] connection thread 00000000000063E8run observer finish, send back observer result, send back data size is 3c
[Info] [2026-3-4 16:11:06] Send data to thread 00000000000063E8
[Debug] [2026-3-4 16:11:09] connection thread 00000000000063E8run observer
[Debug] [2026-3-4 16:11:09] Send back reponse of cmd heart beat
[Debug] [2026-3-4 16:11:09] connection thread 00000000000063E8run observer finish, send back observer result, send back data size is 3c
[Info] [2026-3-4 16:11:09] Send data to thread 00000000000063E8
[Debug] [2026-3-4 16:11:12] connection thread 00000000000063E8run observer
[Debug] [2026-3-4 16:11:12] Send back reponse of cmd heart beat
[Debug] [2026-3-4 16:11:12] connection thread 00000000000063E8run observer finish, send back observer result, send back data size is 3c
[Info] [2026-3-4 16:11:12] Send data to thread 00000000000063E8
[Debug] [2026-3-4 16:11:15] connection thread 00000000000063E8run observer
[Debug] [2026-3-4 16:11:15] Send back reponse of cmd heart beat
[Debug] [2026-3-4 16:11:15] connection thread 00000000000063E8run observer finish, send back observer result, send back data size is 3c
[Info] [2026-3-4 16:11:15] Send data to thread 00000000000063E8
[Debug] [2026-3-4 16:11:18] connection thread 00000000000063E8run observer
[Debug] [2026-3-4 16:11:18] Send back reponse of cmd heart beat
[Debug] [2026-3-4 16:11:18] connection thread 00000000000063E8run observer finish, send back observer result, send back data size is 3c
[Info] [2026-3-4 16:11:18] Send data to thread 00000000000063E8
[Debug] [2026-3-4 16:11:21] connection thread 00000000000063E8run observer
[Debug] [2026-3-4 16:11:21] Send back reponse of cmd heart beat
[Debug] [2026-3-4 16:11:21] connection thread 00000000000063E8run observer finish, send back observer result, send back data size is 3c
[Info] [2026-3-4 16:11:21] Send data to thread 00000000000063E8
[Debug] [2026-3-4 16:11:24] connection thread 00000000000063E8run observer
[Debug] [2026-3-4 16:11:24] Send back reponse of cmd heart beat
[Debug] [2026-3-4 16:11:24] connection thread 00000000000063E8run observer finish, send back observer result, send back data size is 3c
[Info] [2026-3-4 16:11:24] Send data to thread 00000000000063E8
[Debug] [2026-3-4 16:11:27] connection thread 00000000000063E8run observer
[Debug] [2026-3-4 16:11:27] Send back reponse of cmd heart beat
[Debug] [2026-3-4 16:11:27] connection thread 00000000000063E8run observer finish, send back observer result, send back data size is 3c
[Info] [2026-3-4 16:11:27] Send data to thread 00000000000063E8
[Debug] [2026-3-4 16:11:30] connection thread 00000000000063E8run observer
[Debug] [2026-3-4 16:11:30] Send back reponse of cmd heart beat
[Debug] [2026-3-4 16:11:30] connection thread 00000000000063E8run observer finish, send back observer result, send back data size is 3c
[Info] [2026-3-4 16:11:30] Send data to thread 00000000000063E8
[Debug] [2026-3-4 16:11:33] connection thread 00000000000063E8run observer
[Debug] [2026-3-4 16:11:33] Send back reponse of cmd heart beat
[Debug] [2026-3-4 16:11:33] connection thread 00000000000063E8run observer finish, send back observer result, send back data size is 3c
[Info] [2026-3-4 16:11:33] Send data to thread 00000000000063E8
[Debug] [2026-3-4 16:11:36] connection thread 00000000000063E8run observer
[Debug] [2026-3-4 16:11:36] Send back reponse of cmd heart beat
[Debug] [2026-3-4 16:11:36] connection thread 00000000000063E8run observer finish, send back observer result, send back data size is 3c
[Info] [2026-3-4 16:11:36] Send data to thread 00000000000063E8
[Debug] [2026-3-4 16:11:39] connection thread 00000000000063E8run observer
[Debug] [2026-3-4 16:11:39] Send back reponse of cmd heart beat
[Debug] [2026-3-4 16:11:39] connection thread 00000000000063E8run observer finish, send back observer result, send back data size is 3c
[Info] [2026-3-4 16:11:39] Send data to thread 00000000000063E8
[Debug] [2026-3-4 16:11:42] connection thread 00000000000063E8run observer
[Debug] [2026-3-4 16:11:42] Send back reponse of cmd heart beat
[Debug] [2026-3-4 16:11:42] connection thread 00000000000063E8run observer finish, send back observer result, send back data size is 3c
[Info] [2026-3-4 16:11:42] Send data to thread 00000000000063E8
[Debug] [2026-3-4 16:11:45] connection thread 00000000000063E8run observer
[Debug] [2026-3-4 16:11:45] Send back reponse of cmd heart beat
[Debug] [2026-3-4 16:11:45] connection thread 00000000000063E8run observer finish, send back observer result, send back data size is 3c
[Info] [2026-3-4 16:11:45] Send data to thread 00000000000063E8
[Debug] [2026-3-4 16:11:48] connection thread 00000000000063E8run observer
[Debug] [2026-3-4 16:11:48] Send back reponse of cmd heart beat
[Debug] [2026-3-4 16:11:48] connection thread 00000000000063E8run observer finish, send back observer result, send back data size is 3c
[Info] [2026-3-4 16:11:48] Send data to thread 00000000000063E8
[Debug] [2026-3-4 16:11:51] connection thread 00000000000063E8run observer
[Debug] [2026-3-4 16:11:51] Send back reponse of cmd heart beat
[Debug] [2026-3-4 16:11:51] connection thread 00000000000063E8run observer finish, send back observer result, send back data size is 3c
[Info] [2026-3-4 16:11:51] Send data to thread 00000000000063E8
[Debug] [2026-3-4 16:11:54] connection thread 00000000000063E8run observer
[Debug] [2026-3-4 16:11:54] Send back reponse of cmd heart beat
[Debug] [2026-3-4 16:11:54] connection thread 00000000000063E8run observer finish, send back observer result, send back data size is 3c
[Info] [2026-3-4 16:11:54] Send data to thread 00000000000063E8
[Debug] [2026-3-4 16:11:57] connection thread 00000000000063E8run observer
[Debug] [2026-3-4 16:11:57] Send back reponse of cmd heart beat
[Debug] [2026-3-4 16:11:57] connection thread 00000000000063E8run observer finish, send back observer result, send back data size is 3c
[Info] [2026-3-4 16:11:57] Send data to thread 00000000000063E8
[Debug] [2026-3-4 16:12:00] connection thread 00000000000063E8run observer
[Debug] [2026-3-4 16:12:00] Send back reponse of cmd heart beat
[Debug] [2026-3-4 16:12:00] connection thread 00000000000063E8run observer finish, send back observer result, send back data size is 3c
[Info] [2026-3-4 16:12:00] Send data to thread 00000000000063E8
[Debug] [2026-3-4 16:12:03] connection thread 00000000000063E8run observer
[Debug] [2026-3-4 16:12:03] Send back reponse of cmd heart beat
[Debug] [2026-3-4 16:12:03] connection thread 00000000000063E8run observer finish, send back observer result, send back data size is 3c
[Info] [2026-3-4 16:12:03] Send data to thread 00000000000063E8
[Debug] [2026-3-4 16:12:06] connection thread 00000000000063E8run observer
[Debug] [2026-3-4 16:12:06] Send back reponse of cmd heart beat
[Debug] [2026-3-4 16:12:06] connection thread 00000000000063E8run observer finish, send back observer result, send back data size is 3c
[Info] [2026-3-4 16:12:06] Send data to thread 00000000000063E8
[Debug] [2026-3-4 16:12:09] connection thread 00000000000063E8run observer
[Debug] [2026-3-4 16:12:09] Send back reponse of cmd heart beat
[Debug] [2026-3-4 16:12:09] connection thread 00000000000063E8run observer finish, send back observer result, send back data size is 3c
[Info] [2026-3-4 16:12:09] Send data to thread 00000000000063E8
[Debug] [2026-3-4 16:12:12] connection thread 00000000000063E8run observer
[Debug] [2026-3-4 16:12:12] Send back reponse of cmd heart beat
[Debug] [2026-3-4 16:12:12] connection thread 00000000000063E8run observer finish, send back observer result, send back data size is 3c
[Info] [2026-3-4 16:12:12] Send data to thread 00000000000063E8
[Debug] [2026-3-4 16:12:15] connection thread 00000000000063E8run observer
[Debug] [2026-3-4 16:12:15] Send back reponse of cmd heart beat
[Debug] [2026-3-4 16:12:15] connection thread 00000000000063E8run observer finish, send back observer result, send back data size is 3c
[Info] [2026-3-4 16:12:15] Send data to thread 00000000000063E8
[Debug] [2026-3-4 16:12:18] connection thread 00000000000063E8run observer
[Debug] [2026-3-4 16:12:18] Send back reponse of cmd heart beat
[Debug] [2026-3-4 16:12:18] connection thread 00000000000063E8run observer finish, send back observer result, send back data size is 3c
[Info] [2026-3-4 16:12:18] Send data to thread 00000000000063E8
[Debug] [2026-3-4 16:12:21] connection thread 00000000000063E8run observer
[Debug] [2026-3-4 16:12:21] Send back reponse of cmd heart beat
[Debug] [2026-3-4 16:12:21] connection thread 00000000000063E8run observer finish, send back observer result, send back data size is 3c
[Info] [2026-3-4 16:12:21] Send data to thread 00000000000063E8
[Debug] [2026-3-4 16:12:24] connection thread 00000000000063E8run observer
[Debug] [2026-3-4 16:12:24] Send back reponse of cmd heart beat
[Debug] [2026-3-4 16:12:24] connection thread 00000000000063E8run observer finish, send back observer result, send back data size is 3c
[Info] [2026-3-4 16:12:24] Send data to thread 00000000000063E8
[Debug] [2026-3-4 16:12:27] connection thread 00000000000063E8run observer
[Debug] [2026-3-4 16:12:27] Send back reponse of cmd heart beat
[Debug] [2026-3-4 16:12:27] connection thread 00000000000063E8run observer finish, send back observer result, send back data size is 3c
[Info] [2026-3-4 16:12:27] Send data to thread 00000000000063E8
[Debug] [2026-3-4 16:12:30] connection thread 00000000000063E8run observer
[Debug] [2026-3-4 16:12:30] Send back reponse of cmd heart beat
[Debug] [2026-3-4 16:12:30] connection thread 00000000000063E8run observer finish, send back observer result, send back data size is 3c
[Info] [2026-3-4 16:12:30] Send data to thread 00000000000063E8
[Debug] [2026-3-4 16:12:33] connection thread 00000000000063E8run observer
[Debug] [2026-3-4 16:12:33] Send back reponse of cmd heart beat
[Debug] [2026-3-4 16:12:33] connection thread 00000000000063E8run observer finish, send back observer result, send back data size is 3c
[Info] [2026-3-4 16:12:33] Send data to thread 00000000000063E8
[Debug] [2026-3-4 16:12:36] connection thread 00000000000063E8run observer
[Debug] [2026-3-4 16:12:36] Send back reponse of cmd heart beat
[Debug] [2026-3-4 16:12:36] connection thread 00000000000063E8run observer finish, send back observer result, send back data size is 3c
[Info] [2026-3-4 16:12:36] Send data to thread 00000000000063E8
[Debug] [2026-3-4 16:12:39] connection thread 00000000000063E8run observer
[Debug] [2026-3-4 16:12:39] Send back reponse of cmd heart beat
[Debug] [2026-3-4 16:12:39] connection thread 00000000000063E8run observer finish, send back observer result, send back data size is 3c
[Info] [2026-3-4 16:12:39] Send data to thread 00000000000063E8
[Debug] [2026-3-4 16:12:42] connection thread 00000000000063E8run observer
[Debug] [2026-3-4 16:12:42] Send back reponse of cmd heart beat
[Debug] [2026-3-4 16:12:42] connection thread 00000000000063E8run observer finish, send back observer result, send back data size is 3c
[Info] [2026-3-4 16:12:42] Send data to thread 00000000000063E8
[Debug] [2026-3-4 16:12:45] connection thread 00000000000063E8run observer
[Debug] [2026-3-4 16:12:45] Send back reponse of cmd heart beat
[Debug] [2026-3-4 16:12:45] connection thread 00000000000063E8run observer finish, send back observer result, send back data size is 3c
[Info] [2026-3-4 16:12:45] Send data to thread 00000000000063E8
[Debug] [2026-3-4 16:12:48] connection thread 00000000000063E8run observer
[Debug] [2026-3-4 16:12:48] Send back reponse of cmd heart beat
[Debug] [2026-3-4 16:12:48] connection thread 00000000000063E8run observer finish, send back observer result, send back data size is 3c
[Info] [2026-3-4 16:12:48] Send data to thread 00000000000063E8
[Debug] [2026-3-4 16:12:51] connection thread 00000000000063E8run observer
[Debug] [2026-3-4 16:12:51] Send back reponse of cmd heart beat
[Debug] [2026-3-4 16:12:51] connection thread 00000000000063E8run observer finish, send back observer result, send back data size is 3c
[Info] [2026-3-4 16:12:51] Send data to thread 00000000000063E8
[Debug] [2026-3-4 16:12:54] connection thread 00000000000063E8run observer
[Debug] [2026-3-4 16:12:54] Send back reponse of cmd heart beat
[Debug] [2026-3-4 16:12:54] connection thread 00000000000063E8run observer finish, send back observer result, send back data size is 3c
[Info] [2026-3-4 16:12:54] Send data to thread 00000000000063E8
[Debug] [2026-3-4 16:12:57] connection thread 00000000000063E8run observer
[Debug] [2026-3-4 16:12:57] Send back reponse of cmd heart beat
[Debug] [2026-3-4 16:12:57] connection thread 00000000000063E8run observer finish, send back observer result, send back data size is 3c
[Info] [2026-3-4 16:12:57] Send data to thread 00000000000063E8
[Debug] [2026-3-4 16:13:00] connection thread 00000000000063E8run observer
[Debug] [2026-3-4 16:13:00] Send back reponse of cmd heart beat
[Debug] [2026-3-4 16:13:00] connection thread 00000000000063E8run observer finish, send back observer result, send back data size is 3c
[Info] [2026-3-4 16:13:00] Send data to thread 00000000000063E8
[Debug] [2026-3-4 16:13:03] connection thread 00000000000063E8run observer
[Debug] [2026-3-4 16:13:03] Send back reponse of cmd heart beat
[Debug] [2026-3-4 16:13:03] connection thread 00000000000063E8run observer finish, send back observer result, send back data size is 3c
[Info] [2026-3-4 16:13:03] Send data to thread 00000000000063E8
[Debug] [2026-3-4 16:13:06] connection thread 00000000000063E8run observer
[Debug] [2026-3-4 16:13:06] Send back reponse of cmd heart beat
[Debug] [2026-3-4 16:13:06] connection thread 00000000000063E8run observer finish, send back observer result, send back data size is 3c
[Info] [2026-3-4 16:13:06] Send data to thread 00000000000063E8
[Debug] [2026-3-4 16:13:09] connection thread 00000000000063E8run observer
[Debug] [2026-3-4 16:13:09] Send back reponse of cmd heart beat
[Debug] [2026-3-4 16:13:09] connection thread 00000000000063E8run observer finish, send back observer result, send back data size is 3c
[Info] [2026-3-4 16:13:09] Send data to thread 00000000000063E8
[Debug] [2026-3-4 16:13:12] connection thread 00000000000063E8run observer
[Debug] [2026-3-4 16:13:12] Send back reponse of cmd heart beat
[Debug] [2026-3-4 16:13:12] connection thread 00000000000063E8run observer finish, send back observer result, send back data size is 3c
[Info] [2026-3-4 16:13:12] Send data to thread 00000000000063E8
[Debug] [2026-3-4 16:13:15] connection thread 00000000000063E8run observer
[Debug] [2026-3-4 16:13:15] Send back reponse of cmd heart beat
[Debug] [2026-3-4 16:13:15] connection thread 00000000000063E8run observer finish, send back observer result, send back data size is 3c
[Info] [2026-3-4 16:13:15] Send data to thread 00000000000063E8
[Debug] [2026-3-4 16:13:18] connection thread 00000000000063E8run observer
[Debug] [2026-3-4 16:13:18] Send back reponse of cmd heart beat
[Debug] [2026-3-4 16:13:18] connection thread 00000000000063E8run observer finish, send back observer result, send back data size is 3c
[Info] [2026-3-4 16:13:18] Send data to thread 00000000000063E8
[Debug] [2026-3-4 16:13:21] connection thread 00000000000063E8run observer
[Debug] [2026-3-4 16:13:21] Send back reponse of cmd heart beat
[Debug] [2026-3-4 16:13:21] connection thread 00000000000063E8run observer finish, send back observer result, send back data size is 3c
[Info] [2026-3-4 16:13:21] Send data to thread 00000000000063E8
[Debug] [2026-3-4 16:13:24] connection thread 00000000000063E8run observer
[Debug] [2026-3-4 16:13:24] Send back reponse of cmd heart beat
[Debug] [2026-3-4 16:13:24] connection thread 00000000000063E8run observer finish, send back observer result, send back data size is 3c
[Info] [2026-3-4 16:13:24] Send data to thread 00000000000063E8
[Debug] [2026-3-4 16:13:27] connection thread 00000000000063E8run observer
[Debug] [2026-3-4 16:13:27] Send back reponse of cmd heart beat
[Debug] [2026-3-4 16:13:27] connection thread 00000000000063E8run observer finish, send back observer result, send back data size is 3c
[Info] [2026-3-4 16:13:27] Send data to thread 00000000000063E8
[Debug] [2026-3-4 16:13:30] connection thread 00000000000063E8run observer
[Debug] [2026-3-4 16:13:30] Send back reponse of cmd heart beat
[Debug] [2026-3-4 16:13:30] connection thread 00000000000063E8run observer finish, send back observer result, send back data size is 3c
[Info] [2026-3-4 16:13:30] Send data to thread 00000000000063E8
[Debug] [2026-3-4 16:13:33] connection thread 00000000000063E8run observer
[Debug] [2026-3-4 16:13:33] Send back reponse of cmd heart beat
[Debug] [2026-3-4 16:13:33] connection thread 00000000000063E8run observer finish, send back observer result, send back data size is 3c
[Info] [2026-3-4 16:13:33] Send data to thread 00000000000063E8
[Debug] [2026-3-4 16:13:36] connection thread 00000000000063E8run observer
[Debug] [2026-3-4 16:13:36] Send back reponse of cmd heart beat
[Debug] [2026-3-4 16:13:36] connection thread 00000000000063E8run observer finish, send back observer result, send back data size is 3c
[Info] [2026-3-4 16:13:36] Send data to thread 00000000000063E8
[Debug] [2026-3-4 16:13:39] connection thread 00000000000063E8run observer
[Debug] [2026-3-4 16:13:39] Send back reponse of cmd heart beat
[Debug] [2026-3-4 16:13:39] connection thread 00000000000063E8run observer finish, send back observer result, send back data size is 3c
[Info] [2026-3-4 16:13:39] Send data to thread 00000000000063E8
[Debug] [2026-3-4 16:13:42] connection thread 00000000000063E8run observer
[Debug] [2026-3-4 16:13:42] Send back reponse of cmd heart beat
[Debug] [2026-3-4 16:13:42] connection thread 00000000000063E8run observer finish, send back observer result, send back data size is 3c
[Info] [2026-3-4 16:13:42] Send data to thread 00000000000063E8
[Debug] [2026-3-4 16:13:45] connection thread 00000000000063E8run observer
[Debug] [2026-3-4 16:13:45] Send back reponse of cmd heart beat
[Debug] [2026-3-4 16:13:45] connection thread 00000000000063E8run observer finish, send back observer result, send back data size is 3c
[Info] [2026-3-4 16:13:45] Send data to thread 00000000000063E8
[Debug] [2026-3-4 16:13:48] connection thread 00000000000063E8run observer
[Debug] [2026-3-4 16:13:48] Send back reponse of cmd heart beat
[Debug] [2026-3-4 16:13:48] connection thread 00000000000063E8run observer finish, send back observer result, send back data size is 3c
[Info] [2026-3-4 16:13:48] Send data to thread 00000000000063E8
[Debug] [2026-3-4 16:13:51] connection thread 00000000000063E8run observer
[Debug] [2026-3-4 16:13:51] Send back reponse of cmd heart beat
[Debug] [2026-3-4 16:13:51] connection thread 00000000000063E8run observer finish, send back observer result, send back data size is 3c
[Info] [2026-3-4 16:13:51] Send data to thread 00000000000063E8
[Debug] [2026-3-4 16:13:54] connection thread 00000000000063E8run observer
[Debug] [2026-3-4 16:13:54] Send back reponse of cmd heart beat
[Debug] [2026-3-4 16:13:54] connection thread 00000000000063E8run observer finish, send back observer result, send back data size is 3c
[Info] [2026-3-4 16:13:54] Send data to thread 00000000000063E8
[Debug] [2026-3-4 16:13:57] connection thread 00000000000063E8run observer
[Debug] [2026-3-4 16:13:57] Send back reponse of cmd heart beat
[Debug] [2026-3-4 16:13:57] connection thread 00000000000063E8run observer finish, send back observer result, send back data size is 3c
[Info] [2026-3-4 16:13:57] Send data to thread 00000000000063E8
[Debug] [2026-3-4 16:14:00] connection thread 00000000000063E8run observer
[Debug] [2026-3-4 16:14:00] Send back reponse of cmd heart beat
[Debug] [2026-3-4 16:14:00] connection thread 00000000000063E8run observer finish, send back observer result, send back data size is 3c
[Info] [2026-3-4 16:14:00] Send data to thread 00000000000063E8
[Debug] [2026-3-4 16:14:03] connection thread 00000000000063E8run observer
[Debug] [2026-3-4 16:14:03] Send back reponse of cmd heart beat
[Debug] [2026-3-4 16:14:03] connection thread 00000000000063E8run observer finish, send back observer result, send back data size is 3c
[Info] [2026-3-4 16:14:03] Send data to thread 00000000000063E8
[Debug] [2026-3-4 16:14:06] connection thread 00000000000063E8run observer
[Debug] [2026-3-4 16:14:06] Send back reponse of cmd heart beat
[Debug] [2026-3-4 16:14:06] connection thread 00000000000063E8run observer finish, send back observer result, send back data size is 3c
[Info] [2026-3-4 16:14:06] Send data to thread 00000000000063E8
[Debug] [2026-3-4 16:14:09] connection thread 00000000000063E8run observer
[Debug] [2026-3-4 16:14:09] Send back reponse of cmd heart beat
[Debug] [2026-3-4 16:14:09] connection thread 00000000000063E8run observer finish, send back observer result, send back data size is 3c
[Info] [2026-3-4 16:14:09] Send data to thread 00000000000063E8
[Debug] [2026-3-4 16:14:12] connection thread 00000000000063E8run observer
[Debug] [2026-3-4 16:14:12] Send back reponse of cmd heart beat
[Debug] [2026-3-4 16:14:12] connection thread 00000000000063E8run observer finish, send back observer result, send back data size is 3c
[Info] [2026-3-4 16:14:12] Send data to thread 00000000000063E8
[Debug] [2026-3-4 16:14:15] connection thread 00000000000063E8run observer
[Debug] [2026-3-4 16:14:15] Send back reponse of cmd heart beat
[Debug] [2026-3-4 16:14:15] connection thread 00000000000063E8run observer finish, send back observer result, send back data size is 3c
[Info] [2026-3-4 16:14:15] Send data to thread 00000000000063E8
[Debug] [2026-3-4 16:14:18] connection thread 00000000000063E8run observer
[Debug] [2026-3-4 16:14:18] Send back reponse of cmd heart beat
[Debug] [2026-3-4 16:14:18] connection thread 00000000000063E8run observer finish, send back observer result, send back data size is 3c
[Info] [2026-3-4 16:14:18] Send data to thread 00000000000063E8
[Debug] [2026-3-4 16:14:21] connection thread 00000000000063E8run observer
[Debug] [2026-3-4 16:14:21] Send back reponse of cmd heart beat
[Debug] [2026-3-4 16:14:21] connection thread 00000000000063E8run observer finish, send back observer result, send back data size is 3c
[Info] [2026-3-4 16:14:21] Send data to thread 00000000000063E8
[Debug] [2026-3-4 16:14:24] connection thread 00000000000063E8run observer
[Debug] [2026-3-4 16:14:24] Send back reponse of cmd heart beat
[Debug] [2026-3-4 16:14:24] connection thread 00000000000063E8run observer finish, send back observer result, send back data size is 3c
[Info] [2026-3-4 16:14:24] Send data to thread 00000000000063E8
[Debug] [2026-3-4 16:14:27] connection thread 00000000000063E8run observer
[Debug] [2026-3-4 16:14:27] Send back reponse of cmd heart beat
[Debug] [2026-3-4 16:14:27] connection thread 00000000000063E8run observer finish, send back observer result, send back data size is 3c
[Info] [2026-3-4 16:14:27] Send data to thread 00000000000063E8
[Debug] [2026-3-4 16:14:30] connection thread 00000000000063E8run observer
[Debug] [2026-3-4 16:14:30] Send back reponse of cmd heart beat
[Debug] [2026-3-4 16:14:30] connection thread 00000000000063E8run observer finish, send back observer result, send back data size is 3c
[Info] [2026-3-4 16:14:30] Send data to thread 00000000000063E8
[Debug] [2026-3-4 16:14:33] connection thread 00000000000063E8run observer
[Debug] [2026-3-4 16:14:33] Send back reponse of cmd heart beat
[Debug] [2026-3-4 16:14:33] connection thread 00000000000063E8run observer finish, send back observer result, send back data size is 3c
[Info] [2026-3-4 16:14:33] Send data to thread 00000000000063E8
[Debug] [2026-3-4 16:14:36] connection thread 00000000000063E8run observer
[Debug] [2026-3-4 16:14:36] Send back reponse of cmd heart beat
[Debug] [2026-3-4 16:14:36] connection thread 00000000000063E8run observer finish, send back observer result, send back data size is 3c
[Info] [2026-3-4 16:14:36] Send data to thread 00000000000063E8
[Debug] [2026-3-4 16:14:39] connection thread 00000000000063E8run observer
[Debug] [2026-3-4 16:14:39] Send back reponse of cmd heart beat
[Debug] [2026-3-4 16:14:39] connection thread 00000000000063E8run observer finish, send back observer result, send back data size is 3c
[Info] [2026-3-4 16:14:39] Send data to thread 00000000000063E8
[Debug] [2026-3-4 16:14:42] connection thread 00000000000063E8run observer
[Debug] [2026-3-4 16:14:42] Send back reponse of cmd heart beat
[Debug] [2026-3-4 16:14:42] connection thread 00000000000063E8run observer finish, send back observer result, send back data size is 3c
[Info] [2026-3-4 16:14:42] Send data to thread 00000000000063E8
[Debug] [2026-3-4 16:14:45] connection thread 00000000000063E8run observer
[Debug] [2026-3-4 16:14:45] Send back reponse of cmd heart beat
[Debug] [2026-3-4 16:14:45] connection thread 00000000000063E8run observer finish, send back observer result, send back data size is 3c
[Info] [2026-3-4 16:14:45] Send data to thread 00000000000063E8
[Debug] [2026-3-4 16:14:48] connection thread 00000000000063E8run observer
[Debug] [2026-3-4 16:14:48] Send back reponse of cmd heart beat
[Debug] [2026-3-4 16:14:48] connection thread 00000000000063E8run observer finish, send back observer result, send back data size is 3c
[Info] [2026-3-4 16:14:48] Send data to thread 00000000000063E8
[Debug] [2026-3-4 16:14:51] connection thread 00000000000063E8run observer
[Debug] [2026-3-4 16:14:51] Send back reponse of cmd heart beat
[Debug] [2026-3-4 16:14:51] connection thread 00000000000063E8run observer finish, send back observer result, send back data size is 3c
[Info] [2026-3-4 16:14:51] Send data to thread 00000000000063E8
[Debug] [2026-3-4 16:14:54] connection thread 00000000000063E8run observer
[Debug] [2026-3-4 16:14:54] Send back reponse of cmd heart beat
[Debug] [2026-3-4 16:14:54] connection thread 00000000000063E8run observer finish, send back observer result, send back data size is 3c
[Info] [2026-3-4 16:14:54] Send data to thread 00000000000063E8
[Debug] [2026-3-4 16:14:57] connection thread 00000000000063E8run observer
[Debug] [2026-3-4 16:14:57] Send back reponse of cmd heart beat
[Debug] [2026-3-4 16:14:57] connection thread 00000000000063E8run observer finish, send back observer result, send back data size is 3c
[Info] [2026-3-4 16:14:57] Send data to thread 00000000000063E8
[Debug] [2026-3-4 16:15:00] connection thread 00000000000063E8run observer
[Debug] [2026-3-4 16:15:00] Send back reponse of cmd heart beat
[Debug] [2026-3-4 16:15:00] connection thread 00000000000063E8run observer finish, send back observer result, send back data size is 3c
[Info] [2026-3-4 16:15:00] Send data to thread 00000000000063E8
[Debug] [2026-3-4 16:15:03] connection thread 00000000000063E8run observer
[Debug] [2026-3-4 16:15:03] Send back reponse of cmd heart beat
[Debug] [2026-3-4 16:15:03] connection thread 00000000000063E8run observer finish, send back observer result, send back data size is 3c
[Info] [2026-3-4 16:15:03] Send data to thread 00000000000063E8
[Debug] [2026-3-4 16:15:06] connection thread 00000000000063E8run observer
[Debug] [2026-3-4 16:15:06] Send back reponse of cmd heart beat
[Debug] [2026-3-4 16:15:06] connection thread 00000000000063E8run observer finish, send back observer result, send back data size is 3c
[Info] [2026-3-4 16:15:06] Send data to thread 00000000000063E8
[Debug] [2026-3-4 16:15:09] connection thread 00000000000063E8run observer
[Debug] [2026-3-4 16:15:09] Send back reponse of cmd heart beat
[Debug] [2026-3-4 16:15:09] connection thread 00000000000063E8run observer finish, send back observer result, send back data size is 3c
[Info] [2026-3-4 16:15:09] Send data to thread 00000000000063E8
[Debug] [2026-3-4 16:15:12] connection thread 00000000000063E8run observer
[Debug] [2026-3-4 16:15:12] Send back reponse of cmd heart beat
[Debug] [2026-3-4 16:15:12] connection thread 00000000000063E8run observer finish, send back observer result, send back data size is 3c
[Info] [2026-3-4 16:15:12] Send data to thread 00000000000063E8
[Debug] [2026-3-4 16:15:15] connection thread 00000000000063E8run observer
[Debug] [2026-3-4 16:15:15] Send back reponse of cmd heart beat
[Debug] [2026-3-4 16:15:15] connection thread 00000000000063E8run observer finish, send back observer result, send back data size is 3c
[Info] [2026-3-4 16:15:15] Send data to thread 00000000000063E8
[Debug] [2026-3-4 16:15:18] connection thread 00000000000063E8run observer
[Debug] [2026-3-4 16:15:18] Send back reponse of cmd heart beat
[Debug] [2026-3-4 16:15:18] connection thread 00000000000063E8run observer finish, send back observer result, send back data size is 3c
[Info] [2026-3-4 16:15:18] Send data to thread 00000000000063E8
[Debug] [2026-3-4 16:15:21] connection thread 00000000000063E8run observer
[Debug] [2026-3-4 16:15:21] Send back reponse of cmd heart beat
[Debug] [2026-3-4 16:15:21] connection thread 00000000000063E8run observer finish, send back observer result, send back data size is 3c
[Info] [2026-3-4 16:15:21] Send data to thread 00000000000063E8
[Debug] [2026-3-4 16:15:24] connection thread 00000000000063E8run observer
[Debug] [2026-3-4 16:15:24] Send back reponse of cmd heart beat
[Debug] [2026-3-4 16:15:24] connection thread 00000000000063E8run observer finish, send back observer result, send back data size is 3c
[Info] [2026-3-4 16:15:24] Send data to thread 00000000000063E8
[Debug] [2026-3-4 16:15:27] connection thread 00000000000063E8run observer
[Debug] [2026-3-4 16:15:27] Send back reponse of cmd heart beat
[Debug] [2026-3-4 16:15:27] connection thread 00000000000063E8run observer finish, send back observer result, send back data size is 3c
[Info] [2026-3-4 16:15:27] Send data to thread 00000000000063E8
[Debug] [2026-3-4 16:15:30] connection thread 00000000000063E8run observer
[Debug] [2026-3-4 16:15:30] Send back reponse of cmd heart beat
[Debug] [2026-3-4 16:15:30] connection thread 00000000000063E8run observer finish, send back observer result, send back data size is 3c
[Info] [2026-3-4 16:15:30] Send data to thread 00000000000063E8
[Debug] [2026-3-4 16:15:33] connection thread 00000000000063E8run observer
[Debug] [2026-3-4 16:15:33] Send back reponse of cmd heart beat
[Debug] [2026-3-4 16:15:33] connection thread 00000000000063E8run observer finish, send back observer result, send back data size is 3c
[Info] [2026-3-4 16:15:33] Send data to thread 00000000000063E8
[Debug] [2026-3-4 16:15:36] connection thread 00000000000063E8run observer
[Debug] [2026-3-4 16:15:36] Send back reponse of cmd heart beat
[Debug] [2026-3-4 16:15:36] connection thread 00000000000063E8run observer finish, send back observer result, send back data size is 3c
[Info] [2026-3-4 16:15:36] Send data to thread 00000000000063E8
[Debug] [2026-3-4 16:15:39] connection thread 00000000000063E8run observer
[Debug] [2026-3-4 16:15:39] Send back reponse of cmd heart beat
[Debug] [2026-3-4 16:15:39] connection thread 00000000000063E8run observer finish, send back observer result, send back data size is 3c
[Info] [2026-3-4 16:15:39] Send data to thread 00000000000063E8
[Debug] [2026-3-4 16:15:42] connection thread 00000000000063E8run observer
[Debug] [2026-3-4 16:15:42] Send back reponse of cmd heart beat
[Debug] [2026-3-4 16:15:42] connection thread 00000000000063E8run observer finish, send back observer result, send back data size is 3c
[Info] [2026-3-4 16:15:42] Send data to thread 00000000000063E8
[Debug] [2026-3-4 16:15:45] connection thread 00000000000063E8run observer
[Debug] [2026-3-4 16:15:45] Send back reponse of cmd heart beat
[Debug] [2026-3-4 16:15:45] connection thread 00000000000063E8run observer finish, send back observer result, send back data size is 3c
[Info] [2026-3-4 16:15:45] Send data to thread 00000000000063E8
[Debug] [2026-3-4 16:15:48] connection thread 00000000000063E8run observer
[Debug] [2026-3-4 16:15:48] Send back reponse of cmd heart beat
[Debug] [2026-3-4 16:15:48] connection thread 00000000000063E8run observer finish, send back observer result, send back data size is 3c
[Info] [2026-3-4 16:15:48] Send data to thread 00000000000063E8
[Debug] [2026-3-4 16:15:51] connection thread 00000000000063E8run observer
[Debug] [2026-3-4 16:15:51] Send back reponse of cmd heart beat
[Debug] [2026-3-4 16:15:51] connection thread 00000000000063E8run observer finish, send back observer result, send back data size is 3c
[Info] [2026-3-4 16:15:51] Send data to thread 00000000000063E8
[Debug] [2026-3-4 16:15:54] connection thread 00000000000063E8run observer
[Debug] [2026-3-4 16:15:54] Send back reponse of cmd heart beat
[Debug] [2026-3-4 16:15:54] connection thread 00000000000063E8run observer finish, send back observer result, send back data size is 3c
[Info] [2026-3-4 16:15:54] Send data to thread 00000000000063E8
[Debug] [2026-3-4 16:15:57] connection thread 00000000000063E8run observer
[Debug] [2026-3-4 16:15:57] Send back reponse of cmd heart beat
[Debug] [2026-3-4 16:15:57] connection thread 00000000000063E8run observer finish, send back observer result, send back data size is 3c
[Info] [2026-3-4 16:15:57] Send data to thread 00000000000063E8
[Debug] [2026-3-4 16:16:00] connection thread 00000000000063E8run observer
[Debug] [2026-3-4 16:16:00] Send back reponse of cmd heart beat
[Debug] [2026-3-4 16:16:00] connection thread 00000000000063E8run observer finish, send back observer result, send back data size is 3c
[Info] [2026-3-4 16:16:00] Send data to thread 00000000000063E8
[Debug] [2026-3-4 16:16:03] connection thread 00000000000063E8run observer
[Debug] [2026-3-4 16:16:03] Send back reponse of cmd heart beat
[Debug] [2026-3-4 16:16:03] connection thread 00000000000063E8run observer finish, send back observer result, send back data size is 3c
[Info] [2026-3-4 16:16:03] Send data to thread 00000000000063E8
[Debug] [2026-3-4 16:16:06] connection thread 00000000000063E8run observer
[Debug] [2026-3-4 16:16:06] Send back reponse of cmd heart beat
[Debug] [2026-3-4 16:16:06] connection thread 00000000000063E8run observer finish, send back observer result, send back data size is 3c
[Info] [2026-3-4 16:16:06] Send data to thread 00000000000063E8
[Debug] [2026-3-4 16:16:09] connection thread 00000000000063E8run observer
[Debug] [2026-3-4 16:16:09] Send back reponse of cmd heart beat
[Debug] [2026-3-4 16:16:09] connection thread 00000000000063E8run observer finish, send back observer result, send back data size is 3c
[Info] [2026-3-4 16:16:09] Send data to thread 00000000000063E8
[Debug] [2026-3-4 16:16:12] connection thread 00000000000063E8run observer
[Debug] [2026-3-4 16:16:12] Send back reponse of cmd heart beat
[Debug] [2026-3-4 16:16:12] connection thread 00000000000063E8run observer finish, send back observer result, send back data size is 3c
[Info] [2026-3-4 16:16:12] Send data to thread 00000000000063E8
[Debug] [2026-3-4 16:16:15] connection thread 00000000000063E8run observer
[Debug] [2026-3-4 16:16:15] Send back reponse of cmd heart beat
[Debug] [2026-3-4 16:16:15] connection thread 00000000000063E8run observer finish, send back observer result, send back data size is 3c
[Info] [2026-3-4 16:16:15] Send data to thread 00000000000063E8
[Debug] [2026-3-4 16:16:18] connection thread 00000000000063E8run observer
[Debug] [2026-3-4 16:16:18] Send back reponse of cmd heart beat
[Debug] [2026-3-4 16:16:18] connection thread 00000000000063E8run observer finish, send back observer result, send back data size is 3c
[Info] [2026-3-4 16:16:18] Send data to thread 00000000000063E8
[Debug] [2026-3-4 16:16:21] connection thread 00000000000063E8run observer
[Debug] [2026-3-4 16:16:21] Send back reponse of cmd heart beat
[Debug] [2026-3-4 16:16:21] connection thread 00000000000063E8run observer finish, send back observer result, send back data size is 3c
[Info] [2026-3-4 16:16:21] Send data to thread 00000000000063E8
[Debug] [2026-3-4 16:16:24] connection thread 00000000000063E8run observer
[Debug] [2026-3-4 16:16:24] Send back reponse of cmd heart beat
[Debug] [2026-3-4 16:16:24] connection thread 00000000000063E8run observer finish, send back observer result, send back data size is 3c
[Info] [2026-3-4 16:16:24] Send data to thread 00000000000063E8
[Debug] [2026-3-4 16:16:27] connection thread 00000000000063E8run observer
[Debug] [2026-3-4 16:16:27] Send back reponse of cmd heart beat
[Debug] [2026-3-4 16:16:27] connection thread 00000000000063E8run observer finish, send back observer result, send back data size is 3c
[Info] [2026-3-4 16:16:27] Send data to thread 00000000000063E8
[Debug] [2026-3-4 16:16:30] connection thread 00000000000063E8run observer
[Debug] [2026-3-4 16:16:30] Send back reponse of cmd heart beat
[Debug] [2026-3-4 16:16:30] connection thread 00000000000063E8run observer finish, send back observer result, send back data size is 3c
[Info] [2026-3-4 16:16:30] Send data to thread 00000000000063E8
[Debug] [2026-3-4 16:16:33] connection thread 00000000000063E8run observer
[Debug] [2026-3-4 16:16:33] Send back reponse of cmd heart beat
[Debug] [2026-3-4 16:16:33] connection thread 00000000000063E8run observer finish, send back observer result, send back data size is 3c
[Info] [2026-3-4 16:16:33] Send data to thread 00000000000063E8
[Debug] [2026-3-4 16:16:36] connection thread 00000000000063E8run observer
[Debug] [2026-3-4 16:16:36] Send back reponse of cmd heart beat
[Debug] [2026-3-4 16:16:36] connection thread 00000000000063E8run observer finish, send back observer result, send back data size is 3c
[Info] [2026-3-4 16:16:36] Send data to thread 00000000000063E8
[Debug] [2026-3-4 16:16:39] connection thread 00000000000063E8run observer
[Debug] [2026-3-4 16:16:39] Send back reponse of cmd heart beat
[Debug] [2026-3-4 16:16:39] connection thread 00000000000063E8run observer finish, send back observer result, send back data size is 3c
[Info] [2026-3-4 16:16:39] Send data to thread 00000000000063E8
[Debug] [2026-3-4 16:16:42] connection thread 00000000000063E8run observer
[Debug] [2026-3-4 16:16:42] Send back reponse of cmd heart beat
[Debug] [2026-3-4 16:16:42] connection thread 00000000000063E8run observer finish, send back observer result, send back data size is 3c
[Info] [2026-3-4 16:16:42] Send data to thread 00000000000063E8
[Debug] [2026-3-4 16:16:45] connection thread 00000000000063E8run observer
[Debug] [2026-3-4 16:16:45] Send back reponse of cmd heart beat
[Debug] [2026-3-4 16:16:45] connection thread 00000000000063E8run observer finish, send back observer result, send back data size is 3c
[Info] [2026-3-4 16:16:45] Send data to thread 00000000000063E8
[Debug] [2026-3-4 16:16:48] connection thread 00000000000063E8run observer
[Debug] [2026-3-4 16:16:48] Send back reponse of cmd heart beat
[Debug] [2026-3-4 16:16:48] connection thread 00000000000063E8run observer finish, send back observer result, send back data size is 3c
[Info] [2026-3-4 16:16:48] Send data to thread 00000000000063E8
[Debug] [2026-3-4 16:16:51] connection thread 00000000000063E8run observer
[Debug] [2026-3-4 16:16:51] Send back reponse of cmd heart beat
[Debug] [2026-3-4 16:16:51] connection thread 00000000000063E8run observer finish, send back observer result, send back data size is 3c
[Info] [2026-3-4 16:16:51] Send data to thread 00000000000063E8
[Debug] [2026-3-4 16:16:54] connection thread 00000000000063E8run observer
[Debug] [2026-3-4 16:16:54] Send back reponse of cmd heart beat
[Debug] [2026-3-4 16:16:54] connection thread 00000000000063E8run observer finish, send back observer result, send back data size is 3c
[Info] [2026-3-4 16:16:54] Send data to thread 00000000000063E8
[Debug] [2026-3-4 16:16:57] connection thread 00000000000063E8run observer
[Debug] [2026-3-4 16:16:57] Send back reponse of cmd heart beat
[Debug] [2026-3-4 16:16:57] connection thread 00000000000063E8run observer finish, send back observer result, send back data size is 3c
[Info] [2026-3-4 16:16:57] Send data to thread 00000000000063E8
[Debug] [2026-3-4 16:17:00] connection thread 00000000000063E8run observer
[Debug] [2026-3-4 16:17:00] Send back reponse of cmd heart beat
[Debug] [2026-3-4 16:17:00] connection thread 00000000000063E8run observer finish, send back observer result, send back data size is 3c
[Info] [2026-3-4 16:17:00] Send data to thread 00000000000063E8
[Debug] [2026-3-4 16:17:03] connection thread 00000000000063E8run observer
[Debug] [2026-3-4 16:17:03] Send back reponse of cmd heart beat
[Debug] [2026-3-4 16:17:03] connection thread 00000000000063E8run observer finish, send back observer result, send back data size is 3c
[Info] [2026-3-4 16:17:03] Send data to thread 00000000000063E8
[Debug] [2026-3-4 16:17:06] connection thread 00000000000063E8run observer
[Debug] [2026-3-4 16:17:06] Send back reponse of cmd heart beat
[Debug] [2026-3-4 16:17:06] connection thread 00000000000063E8run observer finish, send back observer result, send back data size is 3c
[Info] [2026-3-4 16:17:06] Send data to thread 00000000000063E8
[Debug] [2026-3-4 16:17:09] connection thread 00000000000063E8run observer
[Debug] [2026-3-4 16:17:09] Send back reponse of cmd heart beat
[Debug] [2026-3-4 16:17:09] connection thread 00000000000063E8run observer finish, send back observer result, send back data size is 3c
[Info] [2026-3-4 16:17:09] Send data to thread 00000000000063E8
[Debug] [2026-3-4 16:17:12] connection thread 00000000000063E8run observer
[Debug] [2026-3-4 16:17:12] Send back reponse of cmd heart beat
[Debug] [2026-3-4 16:17:12] connection thread 00000000000063E8run observer finish, send back observer result, send back data size is 3c
[Info] [2026-3-4 16:17:12] Send data to thread 00000000000063E8
