#Build: Fabric Compiler 2024.2-SP1.2, Build 187561, May 22 18:16 2025
#Install: C:\studyware\pango\PDS_2024.2-SP1.2-ads\bin
#Application name: pds_shell.exe
#OS: Windows 10 10.0.18363
#Hostname: z02665mj
Generated by Fabric Compiler (version 2024.2-SP1.2 build 187561) at Fri Mar 27 19:46:05 2026
Parameters for debugging are loaded as follows:
Compiling verification operator library.
Compiling common defs.
Compiling prim grid devices.
Compiling place grid timing.
Compiling gate devices.
Compiling gate operators.
Building architecture model.
Loading device packaging model.
Building architecture floorplan logic view.
Elaborate the liberty model.
I: Multithreading enabled for Timing using a maximum of 4 processes.

Routing started.
Build routing arch for double attribute device.
Enter timing driven router mode.
I: Multithreading enabled for route using a maximum of 1 processes.
W: Route-4027: Cannot find permit_rougth_thru_units.json file in working directory.
Building routing graph takes 0.30 sec.
Enable Recovery Analysis in Routing
Init coarse delay table.
Read place coarse delay table takes 0.05 sec.
build place dedicate switch graph takes 0.31 sec
Setup STE netlist take 682 msec.
Slack Weight : 90
CE/RS signal series limit : 500
Dispose control chain take 75 msec.
Collect const net info take 23 msec.
Total nets for routing: 2245.
Total loads for routing: 10494.
Direct connect net size: 1100
Build all design net take 161 msec.
Processing design graph takes 0.95 sec.
Delay table total memory: 4.79386520 MB
Route graph total memory: 10.70624542 MB
Route design total memory: 3.61030960 MB
The remaining process takes 0.05 sec.
Stage: after context initialize | Performance: TNS = 0 ; WNS = 12090 ; THS = NA ; WHS = NA | Time (s): real = 0h:0m:6s ; cpu = 0h:0m:4s ; process = 0h:0m:4s | Memory (MB): curr = 332.542969 ; peak = 353.199219 | Checksum: ED176A40D83AAE87
Global routing takes 0.00 sec.
Pin Cost Increasing Speed 300
Unrouted clock nets at iteration 0 (0.008 sec): 0
Stage: after clock route | Performance: TNS = 0 ; WNS = 12090 ; THS = NA ; WHS = NA | Time (s): real = 0h:0m:6s ; cpu = 0h:0m:4s ; process = 0h:0m:4s | Memory (MB): curr = 333.628906 ; peak = 353.199219 | Checksum: 3098DCE4F2D37C4C
Total route nets size: 2240
I: Start printing congestion info.
I: Finish printing congestion info.
Pre route takes 0.717 sec
Stage: after pre route | Performance: TNS = 0 ; WNS = 12182 ; THS = 0 ; WHS = 257 | Time (s): real = 0h:0m:7s ; cpu = 0h:0m:4s ; process = 0h:0m:6s | Memory (MB): curr = 380.648438 ; peak = 385.285156 | Checksum: 9B2ACEC20EC9EBDB
Unrouted general nets at iteration 2 (MT total route time: 0.423 sec): 1864(overused: 10461)
Unrouted general nets at iteration 3 (MT total route time: 0.353 sec): 1597(overused: 6453)
Unrouted general nets at iteration 4 (MT total route time: 0.238 sec): 1407(overused: 4856)
Unrouted general nets at iteration 5 (MT total route time: 0.175 sec): 1276(overused: 3956)
Unrouted general nets at iteration 6 (MT total route time: 0.145 sec): 1143(overused: 3387)
Unrouted general nets at iteration 7 (MT total route time: 0.133 sec): 762(overused: 2468)
Unrouted general nets at iteration 8 (MT total route time: 0.112 sec): 585(overused: 1615)
Unrouted general nets at iteration 9 (MT total route time: 0.083 sec): 473(overused: 1272)
Unrouted general nets at iteration 10 (MT total route time: 0.091 sec): 390(overused: 978)
Unrouted general nets at iteration 11 (MT total route time: 0.066 sec): 313(overused: 769)
Unrouted general nets at iteration 12 (MT total route time: 0.062 sec): 245(overused: 567)
Unrouted general nets at iteration 13 (MT total route time: 0.042 sec): 204(overused: 421)
Unrouted general nets at iteration 14 (MT total route time: 0.035 sec): 179(overused: 344)
Unrouted general nets at iteration 15 (MT total route time: 0.038 sec): 140(overused: 304)
Unrouted general nets at iteration 16 (MT total route time: 0.031 sec): 101(overused: 200)
Unrouted general nets at iteration 17 (MT total route time: 0.032 sec): 100(overused: 198)
Unrouted general nets at iteration 18 (MT total route time: 0.050 sec): 73(overused: 130)
Unrouted general nets at iteration 19 (MT total route time: 0.028 sec): 59(overused: 92)
Unrouted general nets at iteration 20 (MT total route time: 0.013 sec): 51(overused: 78)
Unrouted general nets at iteration 21 (MT total route time: 0.024 sec): 39(overused: 54)
Unrouted general nets at iteration 22 (MT total route time: 0.016 sec): 35(overused: 48)
Unrouted general nets at iteration 23 (MT total route time: 0.012 sec): 32(overused: 46)
Unrouted general nets at iteration 24 (MT total route time: 0.013 sec): 35(overused: 52)
Unrouted general nets at iteration 25 (MT total route time: 0.016 sec): 25(overused: 30)
Unrouted general nets at iteration 26 (MT total route time: 0.013 sec): 20(overused: 28)
Unrouted general nets at iteration 27 (MT total route time: 0.009 sec): 17(overused: 24)
Unrouted general nets at iteration 28 (MT total route time: 0.008 sec): 16(overused: 20)
Unrouted general nets at iteration 29 (MT total route time: 0.010 sec): 13(overused: 18)
Unrouted general nets at iteration 30 (MT total route time: 0.008 sec): 10(overused: 12)
Unrouted general nets at iteration 31 (MT total route time: 0.008 sec): 13(overused: 16)
Unrouted general nets at iteration 32 (MT total route time: 0.008 sec): 4(overused: 4)
Unrouted general nets at iteration 33 (MT total route time: 0.006 sec): 2(overused: 2)
Unrouted general nets at iteration 34 (MT total route time: 0.006 sec): 2(overused: 2)
Unrouted general nets at iteration 35 (MT total route time: 0.007 sec): 0(overused: 0)
----General net take 0.006 sec(route net take 0.000 sec, inc cost take 0.003 sec, iter times: 1)
----const net route take 0.007 sec
Unrouted nets at iteration 36 (0.013 sec): 0
Stage: after detail route | Performance: TNS = 0 ; WNS = 11275 ; THS = NA ; WHS = NA | Time (s): real = 0h:0m:10s ; cpu = 0h:0m:4s ; process = 0h:0m:8s | Memory (MB): curr = 388.570313 ; peak = 388.574219 | Checksum: A3BC1D54CA8946B5
Begin rip-up and reroute:
Rip-up and reroute takes 0.12 sec.
Stage: after ripup & reroute | Performance: TNS = 0 ; WNS = 11289 ; THS = NA ; WHS = NA | Time (s): real = 0h:0m:10s ; cpu = 0h:0m:4s ; process = 0h:0m:9s | Memory (MB): curr = 392.324219 ; peak = 392.386719 | Checksum: 9D000D854215C521
Detailed routing takes 3.74 sec.
I: Design net nt_i_CLK_C42_IN_25M is routed by general path.
C: Route-2036: The clock path from i_CLK_C42_IN_25M_ibuf/opit_1:OUT to pll_inst/u_pll_e2/goppllinmuxd:CLK_IN[0] is routed by SRB.
Sort Original Nets take 0.001 sec
Check HPIO div result take 0.000 sec
Total net: 2245, route succeed net: 2245
Generate routing result take 0.006 sec
Handle PERMUX permutation take 0.087 sec
Handle const net take 0.007 sec
Handle route through take 0.033 sec
Used SRB routing arc is 18005.
Stage: after finish route | Performance: TNS = 0 ; WNS = 11289 ; THS = NA ; WHS = NA | Time (s): real = 0h:0m:10s ; cpu = 0h:0m:4s ; process = 0h:0m:9s | Memory (MB): curr = 374.191406 ; peak = 392.386719 | Checksum: 594503BA67DA8ACC
Finish routing takes 0.20 sec.
Total routing takes 5.32 sec.


Device Utilization Summary :
+----------------------------------------------------------------------------+
| Device Type                      | Used     | Available     | Util(%)     
+----------------------------------------------------------------------------+
| CLMA                             | 283      | 592           | 48          
| + FF                             | 565      | 3552          | 16          
| + LUT                            | 741      | 2368          | 32          
|   + LUT as Logic                 | 592      |               |             
|   + LUT as Const                 | 129      |               |             
|   + LUT as Bypass                | 20       |               |             
| CLMS                             | 388      | 888           | 44          
| + FF                             | 960      | 5328          | 19          
| + LUT                            | 1025     | 3552          | 29          
|   + LUT as Logic                 | 919      |               |             
|   + LUT as Memory                | 0        |               |             
|     + LUT as Distributed RAM     | 0        |               |             
|   + LUT as Const                 | 90       |               |             
|   + LUT as Bypass                | 16       |               |             
| IO                               | 287      | 336           | 86          
| + IOBD                           | 19       | 21            | 91          
| + IOBR                           | 37       | 42            | 89          
| + IOBS                           | 231      | 273           | 85          
| BKCL                             | 6        | 6             | 100         
| CCS                              | 1        | 1             | 100         
| CLKDIV                           | 0        | 4             | 0           
| CLKDLY                           | 0        | 8             | 0           
| DLL                              | 0        | 2             | 0           
| DRM                              | 0        | 26            | 0           
| HARD0N1                          | 87       | 936           | 10          
| IOCKBRG                          | 0        | 2             | 0           
| IOCKGATE                         | 0        | 4             | 0           
| + IOCKGATE as Bypass             | 0        |               |             
| IOLDLYS                          | 131      | 252           | 52          
| IOLDLY                           | 44       | 84            | 53          
| IOL                              | 287      | 336           | 86          
| ISERDES                          | 0        | 21            | 0           
| LDO                              | 0        | 2             | 0           
| OSC                              | 0        | 1             | 0           
| OSERDES                          | 0        | 21            | 0           
| PLLINMUXD                        | 1        | 2             | 50          
| + PLLINMUXD as Bypass            | 0        |               |             
| PLL                              | 1        | 2             | 50          
| USCMDC                           | 1        | 8             | 13          
| + USCMDC as Bypass               | 0        |               |             
| USCMD                            | 0        | 2             | 0           
| + USCMD as Bypass                | 0        |               |             
| USSMBUF                          | 0        | 8             | 0           
| + USSMBUF as Bypass              | 0        |               |             
+----------------------------------------------------------------------------+

Finished routing. (CPU time elapsed 0h:00m:08s)
Design 'Tieta_Feiteng_2001_top' has been routed successfully.
Saving design to DB.
Action route: Export DB successfully.
Action route: Real time elapsed is 0h:0m:11s
Action route: CPU time elapsed is 0h:0m:8s
Action route: Process CPU time elapsed is 0h:0m:10s
Action route: Peak memory pool usage is 392 MB

Current time: Fri Mar 27 19:46:13 2026
