#Build: Fabric Compiler 2024.2-SP1.2, Build 187561, May 22 18:16 2025
#Install: C:\studyware\pango\PDS_2024.2-SP1.2-ads\bin
#Application name: pds_shell.exe
#OS: Windows 10 10.0.18363
#Hostname: z02665mj
Generated by Fabric Compiler (version 2024.2-SP1.2 build 187561) at Fri Mar 27 19:45:52 2026
Parameters for debugging are loaded as follows:
Compiling verification operator library.
Compiling common defs.
Compiling prim grid devices.
Compiling place grid timing.
Compiling gate devices.
Compiling gate operators.
Building architecture model.
Loading device packaging model.
Building architecture floorplan logic view.
Constraint check start.
W: ConstraintEditor-4042: Port 'io_BMC_I2C3_PAL_S_SDA1_R' lacks attribute 'SLEW', it's better to set the attribute for port.
W: ConstraintEditor-4042: Port 'io_BMC_I2C3_PAL_S_SDA1_R' lacks attribute 'DRIVE', it's better to set the attribute for port.
W: ConstraintEditor-4042: Port 'io_BMC_I2C3_PAL_S_SDA1_R' lacks attribute 'BUS_KEEPER', it's better to set the attribute for port.
W: ConstraintEditor-4042: Port 'io_CPU0_D0_I2C1_PE_STRAP_SDA' lacks attribute 'SLEW', it's better to set the attribute for port.
W: ConstraintEditor-4042: Port 'io_CPU0_D0_I2C1_PE_STRAP_SDA' lacks attribute 'DRIVE', it's better to set the attribute for port.
W: ConstraintEditor-4042: Port 'io_CPU0_D0_I2C1_PE_STRAP_SDA' lacks attribute 'BUS_KEEPER', it's better to set the attribute for port.
W: ConstraintEditor-4042: Port 'io_CPU1_D0_I2C1_PE_STRAP_SDA' lacks attribute 'SLEW', it's better to set the attribute for port.
W: ConstraintEditor-4042: Port 'io_CPU1_D0_I2C1_PE_STRAP_SDA' lacks attribute 'DRIVE', it's better to set the attribute for port.
W: ConstraintEditor-4042: Port 'io_CPU1_D0_I2C1_PE_STRAP_SDA' lacks attribute 'BUS_KEEPER', it's better to set the attribute for port.
W: ConstraintEditor-4042: Port 'io_MCIO_PWR_EN0_R' lacks attribute 'SLEW', it's better to set the attribute for port.
W: ConstraintEditor-4042: Port 'io_MCIO_PWR_EN0_R' lacks attribute 'DRIVE', it's better to set the attribute for port.
W: ConstraintEditor-4042: Port 'io_MCIO_PWR_EN0_R' lacks attribute 'BUS_KEEPER', it's better to set the attribute for port.
W: ConstraintEditor-4042: Port 'io_MCIO_PWR_EN2_R' lacks attribute 'SLEW', it's better to set the attribute for port.
W: ConstraintEditor-4042: Port 'io_MCIO_PWR_EN2_R' lacks attribute 'DRIVE', it's better to set the attribute for port.
W: ConstraintEditor-4042: Port 'io_MCIO_PWR_EN2_R' lacks attribute 'BUS_KEEPER', it's better to set the attribute for port.
W: ConstraintEditor-4042: Port 'io_MCIO_PWR_EN3_R' lacks attribute 'SLEW', it's better to set the attribute for port.
W: ConstraintEditor-4042: Port 'io_MCIO_PWR_EN3_R' lacks attribute 'DRIVE', it's better to set the attribute for port.
W: ConstraintEditor-4042: Port 'io_MCIO_PWR_EN3_R' lacks attribute 'BUS_KEEPER', it's better to set the attribute for port.
W: ConstraintEditor-4042: Port 'io_MCIO_PWR_EN5_R' lacks attribute 'SLEW', it's better to set the attribute for port.
W: ConstraintEditor-4042: Port 'io_MCIO_PWR_EN5_R' lacks attribute 'DRIVE', it's better to set the attribute for port.
W: ConstraintEditor-4042: Port 'io_MCIO_PWR_EN5_R' lacks attribute 'BUS_KEEPER', it's better to set the attribute for port.
W: ConstraintEditor-4042: Port 'io_MCIO_PWR_EN7_R' lacks attribute 'SLEW', it's better to set the attribute for port.
W: ConstraintEditor-4042: Port 'io_MCIO_PWR_EN7_R' lacks attribute 'DRIVE', it's better to set the attribute for port.
W: ConstraintEditor-4042: Port 'io_MCIO_PWR_EN7_R' lacks attribute 'BUS_KEEPER', it's better to set the attribute for port.
W: ConstraintEditor-4042: Port 'io_MCIO_PWR_EN8_R' lacks attribute 'SLEW', it's better to set the attribute for port.
W: ConstraintEditor-4042: Port 'io_MCIO_PWR_EN8_R' lacks attribute 'DRIVE', it's better to set the attribute for port.
W: ConstraintEditor-4042: Port 'io_MCIO_PWR_EN8_R' lacks attribute 'BUS_KEEPER', it's better to set the attribute for port.
W: ConstraintEditor-4042: Port 'o_CPLD_M_S_EXCHANGE_S2' lacks attribute 'SLEW', it's better to set the attribute for port.
W: ConstraintEditor-4042: Port 'o_CPLD_M_S_EXCHANGE_S2' lacks attribute 'DRIVE', it's better to set the attribute for port.
W: ConstraintEditor-4042: Port 'o_CPLD_M_S_EXCHANGE_S2' lacks attribute 'BUS_KEEPER', it's better to set the attribute for port.
W: ConstraintEditor-4042: Port 'o_CPLD_M_S_SGPIO1_MISO_R' lacks attribute 'SLEW', it's better to set the attribute for port.
W: ConstraintEditor-4042: Port 'o_CPLD_M_S_SGPIO1_MISO_R' lacks attribute 'DRIVE', it's better to set the attribute for port.
W: ConstraintEditor-4042: Port 'o_CPLD_M_S_SGPIO1_MISO_R' lacks attribute 'BUS_KEEPER', it's better to set the attribute for port.
W: ConstraintEditor-4042: Port 'o_CPLD_M_S_SGPIO_MISO_R' lacks attribute 'SLEW', it's better to set the attribute for port.
W: ConstraintEditor-4042: Port 'o_CPLD_M_S_SGPIO_MISO_R' lacks attribute 'DRIVE', it's better to set the attribute for port.
W: ConstraintEditor-4042: Port 'o_CPLD_M_S_SGPIO_MISO_R' lacks attribute 'BUS_KEEPER', it's better to set the attribute for port.
W: ConstraintEditor-4042: Port 'o_CPU0_D0_UART1_RX' lacks attribute 'SLEW', it's better to set the attribute for port.
W: ConstraintEditor-4042: Port 'o_CPU0_D0_UART1_RX' lacks attribute 'DRIVE', it's better to set the attribute for port.
W: ConstraintEditor-4042: Port 'o_CPU0_D0_UART1_RX' lacks attribute 'BUS_KEEPER', it's better to set the attribute for port.
W: ConstraintEditor-4042: Port 'o_CPU0_D0_UART_SIN' lacks attribute 'SLEW', it's better to set the attribute for port.
W: ConstraintEditor-4042: Port 'o_CPU0_D0_UART_SIN' lacks attribute 'DRIVE', it's better to set the attribute for port.
W: ConstraintEditor-4042: Port 'o_CPU0_D0_UART_SIN' lacks attribute 'BUS_KEEPER', it's better to set the attribute for port.
W: ConstraintEditor-4042: Port 'o_CPU0_D1_UART1_RX' lacks attribute 'SLEW', it's better to set the attribute for port.
W: ConstraintEditor-4042: Port 'o_CPU0_D1_UART1_RX' lacks attribute 'DRIVE', it's better to set the attribute for port.
W: ConstraintEditor-4042: Port 'o_CPU0_D1_UART1_RX' lacks attribute 'BUS_KEEPER', it's better to set the attribute for port.
W: ConstraintEditor-4042: Port 'o_CPU0_RISER1_9548_RST_N_R' lacks attribute 'SLEW', it's better to set the attribute for port.
W: ConstraintEditor-4042: Port 'o_CPU0_RISER1_9548_RST_N_R' lacks attribute 'DRIVE', it's better to set the attribute for port.
W: ConstraintEditor-4042: Port 'o_CPU0_RISER1_9548_RST_N_R' lacks attribute 'BUS_KEEPER', it's better to set the attribute for port.
W: ConstraintEditor-4042: Port 'o_CPU1_D0_UART1_RX' lacks attribute 'SLEW', it's better to set the attribute for port.
W: ConstraintEditor-4042: Port 'o_CPU1_D0_UART1_RX' lacks attribute 'DRIVE', it's better to set the attribute for port.
W: ConstraintEditor-4042: Port 'o_CPU1_D0_UART1_RX' lacks attribute 'BUS_KEEPER', it's better to set the attribute for port.
W: ConstraintEditor-4042: Port 'o_CPU1_D0_UART_SIN' lacks attribute 'SLEW', it's better to set the attribute for port.
W: ConstraintEditor-4042: Port 'o_CPU1_D0_UART_SIN' lacks attribute 'DRIVE', it's better to set the attribute for port.
W: ConstraintEditor-4042: Port 'o_CPU1_D0_UART_SIN' lacks attribute 'BUS_KEEPER', it's better to set the attribute for port.
W: ConstraintEditor-4042: Port 'o_CPU1_D1_UART1_RX' lacks attribute 'SLEW', it's better to set the attribute for port.
W: ConstraintEditor-4042: Port 'o_CPU1_D1_UART1_RX' lacks attribute 'DRIVE', it's better to set the attribute for port.
W: ConstraintEditor-4042: Port 'o_CPU1_D1_UART1_RX' lacks attribute 'BUS_KEEPER', it's better to set the attribute for port.
W: ConstraintEditor-4042: Port 'o_CPU1_RISER2_9548_RST_N_R' lacks attribute 'SLEW', it's better to set the attribute for port.
W: ConstraintEditor-4042: Port 'o_CPU1_RISER2_9548_RST_N_R' lacks attribute 'DRIVE', it's better to set the attribute for port.
W: ConstraintEditor-4042: Port 'o_CPU1_RISER2_9548_RST_N_R' lacks attribute 'BUS_KEEPER', it's better to set the attribute for port.
W: ConstraintEditor-4042: Port 'o_CPU_MCIO0_GPU_THROTTLE_N_R' lacks attribute 'SLEW', it's better to set the attribute for port.
W: ConstraintEditor-4042: Port 'o_CPU_MCIO0_GPU_THROTTLE_N_R' lacks attribute 'DRIVE', it's better to set the attribute for port.
W: ConstraintEditor-4042: Port 'o_CPU_MCIO0_GPU_THROTTLE_N_R' lacks attribute 'BUS_KEEPER', it's better to set the attribute for port.
W: ConstraintEditor-4042: Port 'o_CPU_MCIO2_GPU_THROTTLE_N_R' lacks attribute 'SLEW', it's better to set the attribute for port.
W: ConstraintEditor-4042: Port 'o_CPU_MCIO2_GPU_THROTTLE_N_R' lacks attribute 'DRIVE', it's better to set the attribute for port.
W: ConstraintEditor-4042: Port 'o_CPU_MCIO2_GPU_THROTTLE_N_R' lacks attribute 'BUS_KEEPER', it's better to set the attribute for port.
W: ConstraintEditor-4042: Port 'o_CPU_MCIO3_GPU_THROTTLE_N_R' lacks attribute 'SLEW', it's better to set the attribute for port.
W: ConstraintEditor-4042: Port 'o_CPU_MCIO3_GPU_THROTTLE_N_R' lacks attribute 'DRIVE', it's better to set the attribute for port.
W: ConstraintEditor-4042: Port 'o_CPU_MCIO3_GPU_THROTTLE_N_R' lacks attribute 'BUS_KEEPER', it's better to set the attribute for port.
W: ConstraintEditor-4042: Port 'o_CPU_MCIO5_GPU_THROTTLE_N_R' lacks attribute 'SLEW', it's better to set the attribute for port.
W: ConstraintEditor-4042: Port 'o_CPU_MCIO5_GPU_THROTTLE_N_R' lacks attribute 'DRIVE', it's better to set the attribute for port.
W: ConstraintEditor-4042: Port 'o_CPU_MCIO5_GPU_THROTTLE_N_R' lacks attribute 'BUS_KEEPER', it's better to set the attribute for port.
W: ConstraintEditor-4042: Port 'o_CPU_MCIO7_GPU_THROTTLE_N_R' lacks attribute 'SLEW', it's better to set the attribute for port.
W: ConstraintEditor-4042: Port 'o_CPU_MCIO7_GPU_THROTTLE_N_R' lacks attribute 'DRIVE', it's better to set the attribute for port.
W: ConstraintEditor-4042: Port 'o_CPU_MCIO7_GPU_THROTTLE_N_R' lacks attribute 'BUS_KEEPER', it's better to set the attribute for port.
W: ConstraintEditor-4042: Port 'o_CPU_MCIO8_GPU_THROTTLE_N_R' lacks attribute 'SLEW', it's better to set the attribute for port.
W: ConstraintEditor-4042: Port 'o_CPU_MCIO8_GPU_THROTTLE_N_R' lacks attribute 'DRIVE', it's better to set the attribute for port.
W: ConstraintEditor-4042: Port 'o_CPU_MCIO8_GPU_THROTTLE_N_R' lacks attribute 'BUS_KEEPER', it's better to set the attribute for port.
W: ConstraintEditor-4042: Port 'o_DB9_TOD_UART_TX' lacks attribute 'SLEW', it's better to set the attribute for port.
W: ConstraintEditor-4042: Port 'o_DB9_TOD_UART_TX' lacks attribute 'DRIVE', it's better to set the attribute for port.
W: ConstraintEditor-4042: Port 'o_DB9_TOD_UART_TX' lacks attribute 'BUS_KEEPER', it's better to set the attribute for port.
W: ConstraintEditor-4042: Port 'o_DBG_CPU0_UART1_RX_CONN_R' lacks attribute 'SLEW', it's better to set the attribute for port.
W: ConstraintEditor-4042: Port 'o_DBG_CPU0_UART1_RX_CONN_R' lacks attribute 'DRIVE', it's better to set the attribute for port.
W: ConstraintEditor-4042: Port 'o_DBG_CPU0_UART1_RX_CONN_R' lacks attribute 'BUS_KEEPER', it's better to set the attribute for port.
W: ConstraintEditor-4042: Port 'o_DBG_PAL_BMC_UART1_RX_CONN_R' lacks attribute 'SLEW', it's better to set the attribute for port.
W: ConstraintEditor-4042: Port 'o_DBG_PAL_BMC_UART1_RX_CONN_R' lacks attribute 'DRIVE', it's better to set the attribute for port.
W: ConstraintEditor-4042: Port 'o_DBG_PAL_BMC_UART1_RX_CONN_R' lacks attribute 'BUS_KEEPER', it's better to set the attribute for port.
W: ConstraintEditor-4042: Port 'o_DB_UART_TX_R' lacks attribute 'SLEW', it's better to set the attribute for port.
W: ConstraintEditor-4042: Port 'o_DB_UART_TX_R' lacks attribute 'DRIVE', it's better to set the attribute for port.
W: ConstraintEditor-4042: Port 'o_DB_UART_TX_R' lacks attribute 'BUS_KEEPER', it's better to set the attribute for port.
W: ConstraintEditor-4042: Port 'o_JACK_CPU0_D0_UART_SOUT' lacks attribute 'SLEW', it's better to set the attribute for port.
W: ConstraintEditor-4042: Port 'o_JACK_CPU0_D0_UART_SOUT' lacks attribute 'DRIVE', it's better to set the attribute for port.
W: ConstraintEditor-4042: Port 'o_JACK_CPU0_D0_UART_SOUT' lacks attribute 'BUS_KEEPER', it's better to set the attribute for port.
W: ConstraintEditor-4042: Port 'o_JACK_CPU0_UART1_TX' lacks attribute 'SLEW', it's better to set the attribute for port.
W: ConstraintEditor-4042: Port 'o_JACK_CPU0_UART1_TX' lacks attribute 'DRIVE', it's better to set the attribute for port.
W: ConstraintEditor-4042: Port 'o_JACK_CPU0_UART1_TX' lacks attribute 'BUS_KEEPER', it's better to set the attribute for port.
W: ConstraintEditor-4042: Port 'o_JACK_CPU1_D0_UART_SOUT' lacks attribute 'SLEW', it's better to set the attribute for port.
W: ConstraintEditor-4042: Port 'o_JACK_CPU1_D0_UART_SOUT' lacks attribute 'DRIVE', it's better to set the attribute for port.
W: ConstraintEditor-4042: Port 'o_JACK_CPU1_D0_UART_SOUT' lacks attribute 'BUS_KEEPER', it's better to set the attribute for port.
W: ConstraintEditor-4042: Port 'o_JACK_CPU1_UART1_TX' lacks attribute 'SLEW', it's better to set the attribute for port.
W: ConstraintEditor-4042: Port 'o_JACK_CPU1_UART1_TX' lacks attribute 'DRIVE', it's better to set the attribute for port.
W: ConstraintEditor-4042: Port 'o_JACK_CPU1_UART1_TX' lacks attribute 'BUS_KEEPER', it's better to set the attribute for port.
W: ConstraintEditor-4042: Port 'o_LEAR_CPU0_UART1_TX' lacks attribute 'SLEW', it's better to set the attribute for port.
W: ConstraintEditor-4042: Port 'o_LEAR_CPU0_UART1_TX' lacks attribute 'DRIVE', it's better to set the attribute for port.
W: ConstraintEditor-4042: Port 'o_LEAR_CPU0_UART1_TX' lacks attribute 'BUS_KEEPER', it's better to set the attribute for port.
W: ConstraintEditor-4042: Port 'o_LED1_N' lacks attribute 'SLEW', it's better to set the attribute for port.
W: ConstraintEditor-4042: Port 'o_LED1_N' lacks attribute 'DRIVE', it's better to set the attribute for port.
W: ConstraintEditor-4042: Port 'o_LED1_N' lacks attribute 'BUS_KEEPER', it's better to set the attribute for port.
W: ConstraintEditor-4042: Port 'o_LED2_N' lacks attribute 'SLEW', it's better to set the attribute for port.
W: ConstraintEditor-4042: Port 'o_LED2_N' lacks attribute 'DRIVE', it's better to set the attribute for port.
W: ConstraintEditor-4042: Port 'o_LED2_N' lacks attribute 'BUS_KEEPER', it's better to set the attribute for port.
W: ConstraintEditor-4042: Port 'o_LED3_N' lacks attribute 'SLEW', it's better to set the attribute for port.
W: ConstraintEditor-4042: Port 'o_LED3_N' lacks attribute 'DRIVE', it's better to set the attribute for port.
W: ConstraintEditor-4042: Port 'o_LED3_N' lacks attribute 'BUS_KEEPER', it's better to set the attribute for port.
W: ConstraintEditor-4042: Port 'o_LED4_N' lacks attribute 'SLEW', it's better to set the attribute for port.
W: ConstraintEditor-4042: Port 'o_LED4_N' lacks attribute 'DRIVE', it's better to set the attribute for port.
W: ConstraintEditor-4042: Port 'o_LED4_N' lacks attribute 'BUS_KEEPER', it's better to set the attribute for port.
W: ConstraintEditor-4042: Port 'o_LED5_N' lacks attribute 'SLEW', it's better to set the attribute for port.
W: ConstraintEditor-4042: Port 'o_LED5_N' lacks attribute 'DRIVE', it's better to set the attribute for port.
W: ConstraintEditor-4042: Port 'o_LED5_N' lacks attribute 'BUS_KEEPER', it's better to set the attribute for port.
W: ConstraintEditor-4042: Port 'o_LED6_N' lacks attribute 'SLEW', it's better to set the attribute for port.
W: ConstraintEditor-4042: Port 'o_LED6_N' lacks attribute 'DRIVE', it's better to set the attribute for port.
W: ConstraintEditor-4042: Port 'o_LED6_N' lacks attribute 'BUS_KEEPER', it's better to set the attribute for port.
W: ConstraintEditor-4042: Port 'o_LED7_N' lacks attribute 'SLEW', it's better to set the attribute for port.
W: ConstraintEditor-4042: Port 'o_LED7_N' lacks attribute 'DRIVE', it's better to set the attribute for port.
W: ConstraintEditor-4042: Port 'o_LED7_N' lacks attribute 'BUS_KEEPER', it's better to set the attribute for port.
W: ConstraintEditor-4042: Port 'o_LED8_N' lacks attribute 'SLEW', it's better to set the attribute for port.
W: ConstraintEditor-4042: Port 'o_LED8_N' lacks attribute 'DRIVE', it's better to set the attribute for port.
W: ConstraintEditor-4042: Port 'o_LED8_N' lacks attribute 'BUS_KEEPER', it's better to set the attribute for port.
W: ConstraintEditor-4042: Port 'o_MCIO11_RISER1_PERST2_N' lacks attribute 'SLEW', it's better to set the attribute for port.
W: ConstraintEditor-4042: Port 'o_MCIO11_RISER1_PERST2_N' lacks attribute 'DRIVE', it's better to set the attribute for port.
W: ConstraintEditor-4042: Port 'o_MCIO11_RISER1_PERST2_N' lacks attribute 'BUS_KEEPER', it's better to set the attribute for port.
W: ConstraintEditor-4042: Port 'o_P5V_USB2_EN' lacks attribute 'SLEW', it's better to set the attribute for port.
W: ConstraintEditor-4042: Port 'o_P5V_USB2_EN' lacks attribute 'DRIVE', it's better to set the attribute for port.
W: ConstraintEditor-4042: Port 'o_P5V_USB2_EN' lacks attribute 'BUS_KEEPER', it's better to set the attribute for port.
W: ConstraintEditor-4042: Port 'o_PAL_BMC_SS_CLK' lacks attribute 'SLEW', it's better to set the attribute for port.
W: ConstraintEditor-4042: Port 'o_PAL_BMC_SS_CLK' lacks attribute 'DRIVE', it's better to set the attribute for port.
W: ConstraintEditor-4042: Port 'o_PAL_BMC_SS_CLK' lacks attribute 'BUS_KEEPER', it's better to set the attribute for port.
W: ConstraintEditor-4042: Port 'o_PAL_BMC_SS_DATA_OUT' lacks attribute 'SLEW', it's better to set the attribute for port.
W: ConstraintEditor-4042: Port 'o_PAL_BMC_SS_DATA_OUT' lacks attribute 'DRIVE', it's better to set the attribute for port.
W: ConstraintEditor-4042: Port 'o_PAL_BMC_SS_DATA_OUT' lacks attribute 'BUS_KEEPER', it's better to set the attribute for port.
W: ConstraintEditor-4042: Port 'o_PAL_BMC_SS_LOAD_N' lacks attribute 'SLEW', it's better to set the attribute for port.
W: ConstraintEditor-4042: Port 'o_PAL_BMC_SS_LOAD_N' lacks attribute 'DRIVE', it's better to set the attribute for port.
W: ConstraintEditor-4042: Port 'o_PAL_BMC_SS_LOAD_N' lacks attribute 'BUS_KEEPER', it's better to set the attribute for port.
W: ConstraintEditor-4042: Port 'o_PAL_BMC_UART1_RX' lacks attribute 'SLEW', it's better to set the attribute for port.
W: ConstraintEditor-4042: Port 'o_PAL_BMC_UART1_RX' lacks attribute 'DRIVE', it's better to set the attribute for port.
W: ConstraintEditor-4042: Port 'o_PAL_BMC_UART1_RX' lacks attribute 'BUS_KEEPER', it's better to set the attribute for port.
W: ConstraintEditor-4042: Port 'o_PAL_BMC_UART4_RX' lacks attribute 'SLEW', it's better to set the attribute for port.
W: ConstraintEditor-4042: Port 'o_PAL_BMC_UART4_RX' lacks attribute 'DRIVE', it's better to set the attribute for port.
W: ConstraintEditor-4042: Port 'o_PAL_BMC_UART4_RX' lacks attribute 'BUS_KEEPER', it's better to set the attribute for port.
W: ConstraintEditor-4042: Port 'o_PAL_CK440_OE_N_R' lacks attribute 'SLEW', it's better to set the attribute for port.
W: ConstraintEditor-4042: Port 'o_PAL_CK440_OE_N_R' lacks attribute 'DRIVE', it's better to set the attribute for port.
W: ConstraintEditor-4042: Port 'o_PAL_CK440_OE_N_R' lacks attribute 'BUS_KEEPER', it's better to set the attribute for port.
W: ConstraintEditor-4042: Port 'o_PAL_CPU0_I3C_SPD_SEL' lacks attribute 'SLEW', it's better to set the attribute for port.
W: ConstraintEditor-4042: Port 'o_PAL_CPU0_I3C_SPD_SEL' lacks attribute 'DRIVE', it's better to set the attribute for port.
W: ConstraintEditor-4042: Port 'o_PAL_CPU0_I3C_SPD_SEL' lacks attribute 'BUS_KEEPER', it's better to set the attribute for port.
W: ConstraintEditor-4042: Port 'o_PAL_CPU1_I3C_SPD_SEL' lacks attribute 'SLEW', it's better to set the attribute for port.
W: ConstraintEditor-4042: Port 'o_PAL_CPU1_I3C_SPD_SEL' lacks attribute 'DRIVE', it's better to set the attribute for port.
W: ConstraintEditor-4042: Port 'o_PAL_CPU1_I3C_SPD_SEL' lacks attribute 'BUS_KEEPER', it's better to set the attribute for port.
W: ConstraintEditor-4042: Port 'o_PAL_DB800_1_OE_N_R' lacks attribute 'SLEW', it's better to set the attribute for port.
W: ConstraintEditor-4042: Port 'o_PAL_DB800_1_OE_N_R' lacks attribute 'DRIVE', it's better to set the attribute for port.
W: ConstraintEditor-4042: Port 'o_PAL_DB800_1_OE_N_R' lacks attribute 'BUS_KEEPER', it's better to set the attribute for port.
W: ConstraintEditor-4042: Port 'o_PAL_DB800_1_PD_R' lacks attribute 'SLEW', it's better to set the attribute for port.
W: ConstraintEditor-4042: Port 'o_PAL_DB800_1_PD_R' lacks attribute 'DRIVE', it's better to set the attribute for port.
W: ConstraintEditor-4042: Port 'o_PAL_DB800_1_PD_R' lacks attribute 'BUS_KEEPER', it's better to set the attribute for port.
W: ConstraintEditor-4042: Port 'o_PAL_DB2000_1_OE_N_R' lacks attribute 'SLEW', it's better to set the attribute for port.
W: ConstraintEditor-4042: Port 'o_PAL_DB2000_1_OE_N_R' lacks attribute 'DRIVE', it's better to set the attribute for port.
W: ConstraintEditor-4042: Port 'o_PAL_DB2000_1_OE_N_R' lacks attribute 'BUS_KEEPER', it's better to set the attribute for port.
W: ConstraintEditor-4042: Port 'o_PAL_DB2000_1_PD_R' lacks attribute 'SLEW', it's better to set the attribute for port.
W: ConstraintEditor-4042: Port 'o_PAL_DB2000_1_PD_R' lacks attribute 'DRIVE', it's better to set the attribute for port.
W: ConstraintEditor-4042: Port 'o_PAL_DB2000_1_PD_R' lacks attribute 'BUS_KEEPER', it's better to set the attribute for port.
W: ConstraintEditor-4042: Port 'o_PAL_GPU1_EFUSE_EN_R' lacks attribute 'SLEW', it's better to set the attribute for port.
W: ConstraintEditor-4042: Port 'o_PAL_GPU1_EFUSE_EN_R' lacks attribute 'DRIVE', it's better to set the attribute for port.
W: ConstraintEditor-4042: Port 'o_PAL_GPU1_EFUSE_EN_R' lacks attribute 'BUS_KEEPER', it's better to set the attribute for port.
W: ConstraintEditor-4042: Port 'o_PAL_GPU2_EFUSE_EN_R' lacks attribute 'SLEW', it's better to set the attribute for port.
W: ConstraintEditor-4042: Port 'o_PAL_GPU2_EFUSE_EN_R' lacks attribute 'DRIVE', it's better to set the attribute for port.
W: ConstraintEditor-4042: Port 'o_PAL_GPU2_EFUSE_EN_R' lacks attribute 'BUS_KEEPER', it's better to set the attribute for port.
W: ConstraintEditor-4042: Port 'o_PAL_GPU3_EFUSE_EN_R' lacks attribute 'SLEW', it's better to set the attribute for port.
W: ConstraintEditor-4042: Port 'o_PAL_GPU3_EFUSE_EN_R' lacks attribute 'DRIVE', it's better to set the attribute for port.
W: ConstraintEditor-4042: Port 'o_PAL_GPU3_EFUSE_EN_R' lacks attribute 'BUS_KEEPER', it's better to set the attribute for port.
W: ConstraintEditor-4042: Port 'o_PAL_GPU4_EFUSE_EN_R' lacks attribute 'SLEW', it's better to set the attribute for port.
W: ConstraintEditor-4042: Port 'o_PAL_GPU4_EFUSE_EN_R' lacks attribute 'DRIVE', it's better to set the attribute for port.
W: ConstraintEditor-4042: Port 'o_PAL_GPU4_EFUSE_EN_R' lacks attribute 'BUS_KEEPER', it's better to set the attribute for port.
W: ConstraintEditor-4042: Port 'o_PAL_LED_HEL_GR_R' lacks attribute 'SLEW', it's better to set the attribute for port.
W: ConstraintEditor-4042: Port 'o_PAL_LED_HEL_GR_R' lacks attribute 'DRIVE', it's better to set the attribute for port.
W: ConstraintEditor-4042: Port 'o_PAL_LED_HEL_GR_R' lacks attribute 'BUS_KEEPER', it's better to set the attribute for port.
W: ConstraintEditor-4042: Port 'o_PAL_LED_HEL_RED_R' lacks attribute 'SLEW', it's better to set the attribute for port.
W: ConstraintEditor-4042: Port 'o_PAL_LED_HEL_RED_R' lacks attribute 'DRIVE', it's better to set the attribute for port.
W: ConstraintEditor-4042: Port 'o_PAL_LED_HEL_RED_R' lacks attribute 'BUS_KEEPER', it's better to set the attribute for port.
W: ConstraintEditor-4042: Port 'o_PAL_LED_PWRBTN_AMB_R' lacks attribute 'SLEW', it's better to set the attribute for port.
W: ConstraintEditor-4042: Port 'o_PAL_LED_PWRBTN_AMB_R' lacks attribute 'DRIVE', it's better to set the attribute for port.
W: ConstraintEditor-4042: Port 'o_PAL_LED_PWRBTN_AMB_R' lacks attribute 'BUS_KEEPER', it's better to set the attribute for port.
W: ConstraintEditor-4042: Port 'o_PAL_LED_PWRBTN_GR_R' lacks attribute 'SLEW', it's better to set the attribute for port.
W: ConstraintEditor-4042: Port 'o_PAL_LED_PWRBTN_GR_R' lacks attribute 'DRIVE', it's better to set the attribute for port.
W: ConstraintEditor-4042: Port 'o_PAL_LED_PWRBTN_GR_R' lacks attribute 'BUS_KEEPER', it's better to set the attribute for port.
W: ConstraintEditor-4042: Port 'o_PAL_LED_UID_R' lacks attribute 'SLEW', it's better to set the attribute for port.
W: ConstraintEditor-4042: Port 'o_PAL_LED_UID_R' lacks attribute 'DRIVE', it's better to set the attribute for port.
W: ConstraintEditor-4042: Port 'o_PAL_LED_UID_R' lacks attribute 'BUS_KEEPER', it's better to set the attribute for port.
W: ConstraintEditor-4042: Port 'o_PAL_M2_0_PERST_N_R' lacks attribute 'SLEW', it's better to set the attribute for port.
W: ConstraintEditor-4042: Port 'o_PAL_M2_0_PERST_N_R' lacks attribute 'DRIVE', it's better to set the attribute for port.
W: ConstraintEditor-4042: Port 'o_PAL_M2_0_PERST_N_R' lacks attribute 'BUS_KEEPER', it's better to set the attribute for port.
W: ConstraintEditor-4042: Port 'o_PAL_M2_1_PERST_N_R' lacks attribute 'SLEW', it's better to set the attribute for port.
W: ConstraintEditor-4042: Port 'o_PAL_M2_1_PERST_N_R' lacks attribute 'DRIVE', it's better to set the attribute for port.
W: ConstraintEditor-4042: Port 'o_PAL_M2_1_PERST_N_R' lacks attribute 'BUS_KEEPER', it's better to set the attribute for port.
W: ConstraintEditor-4042: Port 'o_PAL_M2_PWR_EN_R' lacks attribute 'SLEW', it's better to set the attribute for port.
W: ConstraintEditor-4042: Port 'o_PAL_M2_PWR_EN_R' lacks attribute 'DRIVE', it's better to set the attribute for port.
W: ConstraintEditor-4042: Port 'o_PAL_M2_PWR_EN_R' lacks attribute 'BUS_KEEPER', it's better to set the attribute for port.
W: ConstraintEditor-4042: Port 'o_PAL_OCP_NCSI_CLK_50M_R' lacks attribute 'SLEW', it's better to set the attribute for port.
W: ConstraintEditor-4042: Port 'o_PAL_OCP_NCSI_CLK_50M_R' lacks attribute 'DRIVE', it's better to set the attribute for port.
W: ConstraintEditor-4042: Port 'o_PAL_OCP_NCSI_CLK_50M_R' lacks attribute 'BUS_KEEPER', it's better to set the attribute for port.
W: ConstraintEditor-4042: Port 'o_PAL_OCP_NCSI_SW_EN_N_R' lacks attribute 'SLEW', it's better to set the attribute for port.
W: ConstraintEditor-4042: Port 'o_PAL_OCP_NCSI_SW_EN_N_R' lacks attribute 'DRIVE', it's better to set the attribute for port.
W: ConstraintEditor-4042: Port 'o_PAL_OCP_NCSI_SW_EN_N_R' lacks attribute 'BUS_KEEPER', it's better to set the attribute for port.
W: ConstraintEditor-4042: Port 'o_PAL_P1V1_STBY_EN_R' lacks attribute 'SLEW', it's better to set the attribute for port.
W: ConstraintEditor-4042: Port 'o_PAL_P1V1_STBY_EN_R' lacks attribute 'DRIVE', it's better to set the attribute for port.
W: ConstraintEditor-4042: Port 'o_PAL_P1V1_STBY_EN_R' lacks attribute 'BUS_KEEPER', it's better to set the attribute for port.
W: ConstraintEditor-4042: Port 'o_PAL_P12V_STBY_EFUSE_EN_R' lacks attribute 'SLEW', it's better to set the attribute for port.
W: ConstraintEditor-4042: Port 'o_PAL_P12V_STBY_EFUSE_EN_R' lacks attribute 'DRIVE', it's better to set the attribute for port.
W: ConstraintEditor-4042: Port 'o_PAL_P12V_STBY_EFUSE_EN_R' lacks attribute 'BUS_KEEPER', it's better to set the attribute for port.
W: ConstraintEditor-4042: Port 'o_PAL_RISER1_SLOT_PERST_N_R' lacks attribute 'SLEW', it's better to set the attribute for port.
W: ConstraintEditor-4042: Port 'o_PAL_RISER1_SLOT_PERST_N_R' lacks attribute 'DRIVE', it's better to set the attribute for port.
W: ConstraintEditor-4042: Port 'o_PAL_RISER1_SLOT_PERST_N_R' lacks attribute 'BUS_KEEPER', it's better to set the attribute for port.
W: ConstraintEditor-4042: Port 'o_PAL_RISER1_SS_CLK' lacks attribute 'SLEW', it's better to set the attribute for port.
W: ConstraintEditor-4042: Port 'o_PAL_RISER1_SS_CLK' lacks attribute 'DRIVE', it's better to set the attribute for port.
W: ConstraintEditor-4042: Port 'o_PAL_RISER1_SS_CLK' lacks attribute 'BUS_KEEPER', it's better to set the attribute for port.
W: ConstraintEditor-4042: Port 'o_PAL_RISER1_SS_LD_N' lacks attribute 'SLEW', it's better to set the attribute for port.
W: ConstraintEditor-4042: Port 'o_PAL_RISER1_SS_LD_N' lacks attribute 'DRIVE', it's better to set the attribute for port.
W: ConstraintEditor-4042: Port 'o_PAL_RISER1_SS_LD_N' lacks attribute 'BUS_KEEPER', it's better to set the attribute for port.
W: ConstraintEditor-4042: Port 'o_PAL_RISER2_SLOT_PERST_N_R' lacks attribute 'SLEW', it's better to set the attribute for port.
W: ConstraintEditor-4042: Port 'o_PAL_RISER2_SLOT_PERST_N_R' lacks attribute 'DRIVE', it's better to set the attribute for port.
W: ConstraintEditor-4042: Port 'o_PAL_RISER2_SLOT_PERST_N_R' lacks attribute 'BUS_KEEPER', it's better to set the attribute for port.
W: ConstraintEditor-4042: Port 'o_PAL_RISER2_SS_CLK' lacks attribute 'SLEW', it's better to set the attribute for port.
W: ConstraintEditor-4042: Port 'o_PAL_RISER2_SS_CLK' lacks attribute 'DRIVE', it's better to set the attribute for port.
W: ConstraintEditor-4042: Port 'o_PAL_RISER2_SS_CLK' lacks attribute 'BUS_KEEPER', it's better to set the attribute for port.
W: ConstraintEditor-4042: Port 'o_PAL_RISER2_SS_LD_N' lacks attribute 'SLEW', it's better to set the attribute for port.
W: ConstraintEditor-4042: Port 'o_PAL_RISER2_SS_LD_N' lacks attribute 'DRIVE', it's better to set the attribute for port.
W: ConstraintEditor-4042: Port 'o_PAL_RISER2_SS_LD_N' lacks attribute 'BUS_KEEPER', it's better to set the attribute for port.
W: ConstraintEditor-4042: Port 'o_PAL_RJ45_1_100M_LED' lacks attribute 'SLEW', it's better to set the attribute for port.
W: ConstraintEditor-4042: Port 'o_PAL_RJ45_1_100M_LED' lacks attribute 'DRIVE', it's better to set the attribute for port.
W: ConstraintEditor-4042: Port 'o_PAL_RJ45_1_100M_LED' lacks attribute 'BUS_KEEPER', it's better to set the attribute for port.
W: ConstraintEditor-4042: Port 'o_PAL_RJ45_1_1000M_LED' lacks attribute 'SLEW', it's better to set the attribute for port.
W: ConstraintEditor-4042: Port 'o_PAL_RJ45_1_1000M_LED' lacks attribute 'DRIVE', it's better to set the attribute for port.
W: ConstraintEditor-4042: Port 'o_PAL_RJ45_1_1000M_LED' lacks attribute 'BUS_KEEPER', it's better to set the attribute for port.
W: ConstraintEditor-4042: Port 'o_PAL_RJ45_1_ACT_LED' lacks attribute 'SLEW', it's better to set the attribute for port.
W: ConstraintEditor-4042: Port 'o_PAL_RJ45_1_ACT_LED' lacks attribute 'DRIVE', it's better to set the attribute for port.
W: ConstraintEditor-4042: Port 'o_PAL_RJ45_1_ACT_LED' lacks attribute 'BUS_KEEPER', it's better to set the attribute for port.
W: ConstraintEditor-4042: Port 'o_PAL_RJ45_2_100M_LED' lacks attribute 'SLEW', it's better to set the attribute for port.
W: ConstraintEditor-4042: Port 'o_PAL_RJ45_2_100M_LED' lacks attribute 'DRIVE', it's better to set the attribute for port.
W: ConstraintEditor-4042: Port 'o_PAL_RJ45_2_100M_LED' lacks attribute 'BUS_KEEPER', it's better to set the attribute for port.
W: ConstraintEditor-4042: Port 'o_PAL_RJ45_2_1000M_LED' lacks attribute 'SLEW', it's better to set the attribute for port.
W: ConstraintEditor-4042: Port 'o_PAL_RJ45_2_1000M_LED' lacks attribute 'DRIVE', it's better to set the attribute for port.
W: ConstraintEditor-4042: Port 'o_PAL_RJ45_2_1000M_LED' lacks attribute 'BUS_KEEPER', it's better to set the attribute for port.
W: ConstraintEditor-4042: Port 'o_PAL_RJ45_2_ACT_LED' lacks attribute 'SLEW', it's better to set the attribute for port.
W: ConstraintEditor-4042: Port 'o_PAL_RJ45_2_ACT_LED' lacks attribute 'DRIVE', it's better to set the attribute for port.
W: ConstraintEditor-4042: Port 'o_PAL_RJ45_2_ACT_LED' lacks attribute 'BUS_KEEPER', it's better to set the attribute for port.
W: ConstraintEditor-4042: Port 'o_PAL_RST_TCM_N_R' lacks attribute 'SLEW', it's better to set the attribute for port.
W: ConstraintEditor-4042: Port 'o_PAL_RST_TCM_N_R' lacks attribute 'DRIVE', it's better to set the attribute for port.
W: ConstraintEditor-4042: Port 'o_PAL_RST_TCM_N_R' lacks attribute 'BUS_KEEPER', it's better to set the attribute for port.
W: ConstraintEditor-4042: Port 'o_PAL_SPI_SELECT_R' lacks attribute 'SLEW', it's better to set the attribute for port.
W: ConstraintEditor-4042: Port 'o_PAL_SPI_SELECT_R' lacks attribute 'DRIVE', it's better to set the attribute for port.
W: ConstraintEditor-4042: Port 'o_PAL_SPI_SELECT_R' lacks attribute 'BUS_KEEPER', it's better to set the attribute for port.
W: ConstraintEditor-4042: Port 'o_PAL_SPI_SWITCH_EN_R' lacks attribute 'SLEW', it's better to set the attribute for port.
W: ConstraintEditor-4042: Port 'o_PAL_SPI_SWITCH_EN_R' lacks attribute 'DRIVE', it's better to set the attribute for port.
W: ConstraintEditor-4042: Port 'o_PAL_SPI_SWITCH_EN_R' lacks attribute 'BUS_KEEPER', it's better to set the attribute for port.
W: ConstraintEditor-4042: Port 'o_PAL_TEST_BAT_EN' lacks attribute 'SLEW', it's better to set the attribute for port.
W: ConstraintEditor-4042: Port 'o_PAL_TEST_BAT_EN' lacks attribute 'DRIVE', it's better to set the attribute for port.
W: ConstraintEditor-4042: Port 'o_PAL_TEST_BAT_EN' lacks attribute 'BUS_KEEPER', it's better to set the attribute for port.
W: ConstraintEditor-4042: Port 'o_PAL_THROTTLE_RISER1_R' lacks attribute 'SLEW', it's better to set the attribute for port.
W: ConstraintEditor-4042: Port 'o_PAL_THROTTLE_RISER1_R' lacks attribute 'DRIVE', it's better to set the attribute for port.
W: ConstraintEditor-4042: Port 'o_PAL_THROTTLE_RISER1_R' lacks attribute 'BUS_KEEPER', it's better to set the attribute for port.
W: ConstraintEditor-4042: Port 'o_PAL_THROTTLE_RISER2_R' lacks attribute 'SLEW', it's better to set the attribute for port.
W: ConstraintEditor-4042: Port 'o_PAL_THROTTLE_RISER2_R' lacks attribute 'DRIVE', it's better to set the attribute for port.
W: ConstraintEditor-4042: Port 'o_PAL_THROTTLE_RISER2_R' lacks attribute 'BUS_KEEPER', it's better to set the attribute for port.
W: ConstraintEditor-4042: Port 'o_PAL_TPM_DRQ1_N' lacks attribute 'SLEW', it's better to set the attribute for port.
W: ConstraintEditor-4042: Port 'o_PAL_TPM_DRQ1_N' lacks attribute 'DRIVE', it's better to set the attribute for port.
W: ConstraintEditor-4042: Port 'o_PAL_TPM_DRQ1_N' lacks attribute 'BUS_KEEPER', it's better to set the attribute for port.
W: ConstraintEditor-4042: Port 'o_PAL_UART4_OCP_DEBUG_TX' lacks attribute 'SLEW', it's better to set the attribute for port.
W: ConstraintEditor-4042: Port 'o_PAL_UART4_OCP_DEBUG_TX' lacks attribute 'DRIVE', it's better to set the attribute for port.
W: ConstraintEditor-4042: Port 'o_PAL_UART4_OCP_DEBUG_TX' lacks attribute 'BUS_KEEPER', it's better to set the attribute for port.
W: ConstraintEditor-4042: Port 'o_PAL_UPD1_P1V1_EN_R' lacks attribute 'SLEW', it's better to set the attribute for port.
W: ConstraintEditor-4042: Port 'o_PAL_UPD1_P1V1_EN_R' lacks attribute 'DRIVE', it's better to set the attribute for port.
W: ConstraintEditor-4042: Port 'o_PAL_UPD1_P1V1_EN_R' lacks attribute 'BUS_KEEPER', it's better to set the attribute for port.
W: ConstraintEditor-4042: Port 'o_PAL_UPD1_P3V3_EN_R' lacks attribute 'SLEW', it's better to set the attribute for port.
W: ConstraintEditor-4042: Port 'o_PAL_UPD1_P3V3_EN_R' lacks attribute 'DRIVE', it's better to set the attribute for port.
W: ConstraintEditor-4042: Port 'o_PAL_UPD1_P3V3_EN_R' lacks attribute 'BUS_KEEPER', it's better to set the attribute for port.
W: ConstraintEditor-4042: Port 'o_PAL_UPD1_PERST_N_R' lacks attribute 'SLEW', it's better to set the attribute for port.
W: ConstraintEditor-4042: Port 'o_PAL_UPD1_PERST_N_R' lacks attribute 'DRIVE', it's better to set the attribute for port.
W: ConstraintEditor-4042: Port 'o_PAL_UPD1_PERST_N_R' lacks attribute 'BUS_KEEPER', it's better to set the attribute for port.
W: ConstraintEditor-4042: Port 'o_PAL_UPD1_PONRST_N_R' lacks attribute 'SLEW', it's better to set the attribute for port.
W: ConstraintEditor-4042: Port 'o_PAL_UPD1_PONRST_N_R' lacks attribute 'DRIVE', it's better to set the attribute for port.
W: ConstraintEditor-4042: Port 'o_PAL_UPD1_PONRST_N_R' lacks attribute 'BUS_KEEPER', it's better to set the attribute for port.
W: ConstraintEditor-4042: Port 'o_PAL_UPD2_P1V1_EN_R' lacks attribute 'SLEW', it's better to set the attribute for port.
W: ConstraintEditor-4042: Port 'o_PAL_UPD2_P1V1_EN_R' lacks attribute 'DRIVE', it's better to set the attribute for port.
W: ConstraintEditor-4042: Port 'o_PAL_UPD2_P1V1_EN_R' lacks attribute 'BUS_KEEPER', it's better to set the attribute for port.
W: ConstraintEditor-4042: Port 'o_PAL_UPD2_P3V3_EN_R' lacks attribute 'SLEW', it's better to set the attribute for port.
W: ConstraintEditor-4042: Port 'o_PAL_UPD2_P3V3_EN_R' lacks attribute 'DRIVE', it's better to set the attribute for port.
W: ConstraintEditor-4042: Port 'o_PAL_UPD2_P3V3_EN_R' lacks attribute 'BUS_KEEPER', it's better to set the attribute for port.
W: ConstraintEditor-4042: Port 'o_PAL_UPD2_PERST_N_R' lacks attribute 'SLEW', it's better to set the attribute for port.
W: ConstraintEditor-4042: Port 'o_PAL_UPD2_PERST_N_R' lacks attribute 'DRIVE', it's better to set the attribute for port.
W: ConstraintEditor-4042: Port 'o_PAL_UPD2_PERST_N_R' lacks attribute 'BUS_KEEPER', it's better to set the attribute for port.
W: ConstraintEditor-4042: Port 'o_PAL_UPD2_PONRST_N_R' lacks attribute 'SLEW', it's better to set the attribute for port.
W: ConstraintEditor-4042: Port 'o_PAL_UPD2_PONRST_N_R' lacks attribute 'DRIVE', it's better to set the attribute for port.
W: ConstraintEditor-4042: Port 'o_PAL_UPD2_PONRST_N_R' lacks attribute 'BUS_KEEPER', it's better to set the attribute for port.
W: ConstraintEditor-4042: Port 'o_PAL_WX1860_NCSI_CLK_50M_R' lacks attribute 'SLEW', it's better to set the attribute for port.
W: ConstraintEditor-4042: Port 'o_PAL_WX1860_NCSI_CLK_50M_R' lacks attribute 'DRIVE', it's better to set the attribute for port.
W: ConstraintEditor-4042: Port 'o_PAL_WX1860_NCSI_CLK_50M_R' lacks attribute 'BUS_KEEPER', it's better to set the attribute for port.
W: ConstraintEditor-4042: Port 'o_PAL_WX1860_NCSI_SW_EN_N_R' lacks attribute 'SLEW', it's better to set the attribute for port.
W: ConstraintEditor-4042: Port 'o_PAL_WX1860_NCSI_SW_EN_N_R' lacks attribute 'DRIVE', it's better to set the attribute for port.
W: ConstraintEditor-4042: Port 'o_PAL_WX1860_NCSI_SW_EN_N_R' lacks attribute 'BUS_KEEPER', it's better to set the attribute for port.
W: ConstraintEditor-4042: Port 'o_RISER1_SELECT' lacks attribute 'SLEW', it's better to set the attribute for port.
W: ConstraintEditor-4042: Port 'o_RISER1_SELECT' lacks attribute 'DRIVE', it's better to set the attribute for port.
W: ConstraintEditor-4042: Port 'o_RISER1_SELECT' lacks attribute 'BUS_KEEPER', it's better to set the attribute for port.
W: ConstraintEditor-4042: Port 'o_RISER1_SWITCH_EN' lacks attribute 'SLEW', it's better to set the attribute for port.
W: ConstraintEditor-4042: Port 'o_RISER1_SWITCH_EN' lacks attribute 'DRIVE', it's better to set the attribute for port.
W: ConstraintEditor-4042: Port 'o_RISER1_SWITCH_EN' lacks attribute 'BUS_KEEPER', it's better to set the attribute for port.
W: ConstraintEditor-4042: Port 'o_RISER_AUX_TOD_UART1_TXD' lacks attribute 'SLEW', it's better to set the attribute for port.
W: ConstraintEditor-4042: Port 'o_RISER_AUX_TOD_UART1_TXD' lacks attribute 'DRIVE', it's better to set the attribute for port.
W: ConstraintEditor-4042: Port 'o_RISER_AUX_TOD_UART1_TXD' lacks attribute 'BUS_KEEPER', it's better to set the attribute for port.
W: ConstraintEditor-4042: Port 'o_RISER_AUX_TOD_UART2_TXD' lacks attribute 'SLEW', it's better to set the attribute for port.
W: ConstraintEditor-4042: Port 'o_RISER_AUX_TOD_UART2_TXD' lacks attribute 'DRIVE', it's better to set the attribute for port.
W: ConstraintEditor-4042: Port 'o_RISER_AUX_TOD_UART2_TXD' lacks attribute 'BUS_KEEPER', it's better to set the attribute for port.
W: ConstraintEditor-4042: Port 'o_RST_I2C1_MUX_N_R' lacks attribute 'SLEW', it's better to set the attribute for port.
W: ConstraintEditor-4042: Port 'o_RST_I2C1_MUX_N_R' lacks attribute 'DRIVE', it's better to set the attribute for port.
W: ConstraintEditor-4042: Port 'o_RST_I2C1_MUX_N_R' lacks attribute 'BUS_KEEPER', it's better to set the attribute for port.
W: ConstraintEditor-4042: Port 'o_RST_I2C2_MUX_N_R' lacks attribute 'SLEW', it's better to set the attribute for port.
W: ConstraintEditor-4042: Port 'o_RST_I2C2_MUX_N_R' lacks attribute 'DRIVE', it's better to set the attribute for port.
W: ConstraintEditor-4042: Port 'o_RST_I2C2_MUX_N_R' lacks attribute 'BUS_KEEPER', it's better to set the attribute for port.
W: ConstraintEditor-4042: Port 'o_RST_I2C3_MUX_N_R' lacks attribute 'SLEW', it's better to set the attribute for port.
W: ConstraintEditor-4042: Port 'o_RST_I2C3_MUX_N_R' lacks attribute 'DRIVE', it's better to set the attribute for port.
W: ConstraintEditor-4042: Port 'o_RST_I2C3_MUX_N_R' lacks attribute 'BUS_KEEPER', it's better to set the attribute for port.
W: ConstraintEditor-4042: Port 'o_RST_I2C4_1_MUX_N_R' lacks attribute 'SLEW', it's better to set the attribute for port.
W: ConstraintEditor-4042: Port 'o_RST_I2C4_1_MUX_N_R' lacks attribute 'DRIVE', it's better to set the attribute for port.
W: ConstraintEditor-4042: Port 'o_RST_I2C4_1_MUX_N_R' lacks attribute 'BUS_KEEPER', it's better to set the attribute for port.
W: ConstraintEditor-4042: Port 'o_RST_I2C4_2_MUX_N_R' lacks attribute 'SLEW', it's better to set the attribute for port.
W: ConstraintEditor-4042: Port 'o_RST_I2C4_2_MUX_N_R' lacks attribute 'DRIVE', it's better to set the attribute for port.
W: ConstraintEditor-4042: Port 'o_RST_I2C4_2_MUX_N_R' lacks attribute 'BUS_KEEPER', it's better to set the attribute for port.
W: ConstraintEditor-4042: Port 'o_RST_I2C5_MUX_N_R' lacks attribute 'SLEW', it's better to set the attribute for port.
W: ConstraintEditor-4042: Port 'o_RST_I2C5_MUX_N_R' lacks attribute 'DRIVE', it's better to set the attribute for port.
W: ConstraintEditor-4042: Port 'o_RST_I2C5_MUX_N_R' lacks attribute 'BUS_KEEPER', it's better to set the attribute for port.
W: ConstraintEditor-4042: Port 'o_RST_I2C12_MUX_N_R' lacks attribute 'SLEW', it's better to set the attribute for port.
W: ConstraintEditor-4042: Port 'o_RST_I2C12_MUX_N_R' lacks attribute 'DRIVE', it's better to set the attribute for port.
W: ConstraintEditor-4042: Port 'o_RST_I2C12_MUX_N_R' lacks attribute 'BUS_KEEPER', it's better to set the attribute for port.
W: ConstraintEditor-4042: Port 'o_RST_I2C13_MUX_N_R' lacks attribute 'SLEW', it's better to set the attribute for port.
W: ConstraintEditor-4042: Port 'o_RST_I2C13_MUX_N_R' lacks attribute 'DRIVE', it's better to set the attribute for port.
W: ConstraintEditor-4042: Port 'o_RST_I2C13_MUX_N_R' lacks attribute 'BUS_KEEPER', it's better to set the attribute for port.
W: ConstraintEditor-4042: Port 'o_RST_I2C_BMC_9548_MUX_N_R' lacks attribute 'SLEW', it's better to set the attribute for port.
W: ConstraintEditor-4042: Port 'o_RST_I2C_BMC_9548_MUX_N_R' lacks attribute 'DRIVE', it's better to set the attribute for port.
W: ConstraintEditor-4042: Port 'o_RST_I2C_BMC_9548_MUX_N_R' lacks attribute 'BUS_KEEPER', it's better to set the attribute for port.
W: ConstraintEditor-4042: Port 'o_Riser1_TOD_UART_TXD_R' lacks attribute 'SLEW', it's better to set the attribute for port.
W: ConstraintEditor-4042: Port 'o_Riser1_TOD_UART_TXD_R' lacks attribute 'DRIVE', it's better to set the attribute for port.
W: ConstraintEditor-4042: Port 'o_Riser1_TOD_UART_TXD_R' lacks attribute 'BUS_KEEPER', it's better to set the attribute for port.
W: ConstraintEditor-4042: Port 'o_Riser2_TOD_UART_TXD_R' lacks attribute 'SLEW', it's better to set the attribute for port.
W: ConstraintEditor-4042: Port 'o_Riser2_TOD_UART_TXD_R' lacks attribute 'DRIVE', it's better to set the attribute for port.
W: ConstraintEditor-4042: Port 'o_Riser2_TOD_UART_TXD_R' lacks attribute 'BUS_KEEPER', it's better to set the attribute for port.
W: ConstraintEditor-4042: Port 'o_UART0_CPU_LOG_TX' lacks attribute 'SLEW', it's better to set the attribute for port.
W: ConstraintEditor-4042: Port 'o_UART0_CPU_LOG_TX' lacks attribute 'DRIVE', it's better to set the attribute for port.
W: ConstraintEditor-4042: Port 'o_UART0_CPU_LOG_TX' lacks attribute 'BUS_KEEPER', it's better to set the attribute for port.
W: ConstraintEditor-4042: Port 'o_UART2_PAL_OCP_TX_R' lacks attribute 'SLEW', it's better to set the attribute for port.
W: ConstraintEditor-4042: Port 'o_UART2_PAL_OCP_TX_R' lacks attribute 'DRIVE', it's better to set the attribute for port.
W: ConstraintEditor-4042: Port 'o_UART2_PAL_OCP_TX_R' lacks attribute 'BUS_KEEPER', it's better to set the attribute for port.
W: ConstraintEditor-4042: Port 'o_USB2_SW_SEL_R' lacks attribute 'SLEW', it's better to set the attribute for port.
W: ConstraintEditor-4042: Port 'o_USB2_SW_SEL_R' lacks attribute 'DRIVE', it's better to set the attribute for port.
W: ConstraintEditor-4042: Port 'o_USB2_SW_SEL_R' lacks attribute 'BUS_KEEPER', it's better to set the attribute for port.
C: ConstraintEditor-2022: There are some ports' attributes are set to default value, please read [C:/CPLD/pango/2_Tieta_Feiteng/Tieta_Feiteng_2001_PGC7KD69MBG400/prj/Tieta_S/place_route/ports_defalut_attribute.txt(line number:0)] to confirm.
Found 0 error(s), 1 critical warning(s), 363 warning(s), out of 287 constraint(s)
Constraint check end.
Total time(hh:mm:ss) of constraint check : 00:00:00
Elaborate the liberty model.
I: Multithreading enabled for Timing using a maximum of 4 processes.
I: Column Clock Check close.

Placement started.

Stage 1 Pre Global Placement start.
Placement Logic Optimization "Enable".
LUT6D Packing Strategy "3".
Placed fixed group with base inst bmc_cpld_i2c_ram_u1.i2c_slave_bmc_u1.i2c_slave_basic0_u0.io_sda_tri/opit_1 on IOL_154_81.
Placed fixed group with base inst i_BMC_I2C3_PAL_S_SCL1_R_ibuf/opit_1 on IOL_154_85.
Placed fixed group with base inst i_BOARD_ID0_ibuf/opit_1 on IOL_154_225.
Placed fixed group with base inst i_BOARD_ID1_ibuf/opit_1 on IOL_154_122.
Placed fixed group with base inst i_BOARD_ID2_ibuf/opit_1 on IOL_154_62.
Placed fixed group with base inst i_BOARD_ID3_ibuf/opit_1 on IOL_154_61.
Placed fixed group with base inst i_BOARD_ID4_ibuf/opit_1 on IOL_112_244.
Placed fixed group with base inst i_BOARD_ID5_ibuf/opit_1 on IOL_106_244.
Placed fixed group with base inst i_BOARD_ID6_ibuf/opit_1 on IOL_94_241.
Placed fixed group with base inst i_BOARD_ID7_ibuf/opit_1 on IOL_58_244.
Placed fixed group with base inst i_CABLE_PRSNT_N_ibuf/opit_1 on IOL_130_244.
Placed fixed group with base inst i_CHASSIS_ID0_N_ibuf/opit_1 on IOL_130_243.
Placed fixed group with base inst i_CHASSIS_ID1_N_ibuf/opit_1 on IOL_10_187.
Placed fixed group with base inst i_CLK_C42_IN_25M_ibuf/opit_1 on IOL_130_10.
Placed fixed group with base inst i_CPLD_M_S_EXCHANGE_S1_ibuf/opit_1 on IOL_10_208.
Placed fixed group with base inst i_CPLD_M_S_EXCHANGE_S3_ibuf/opit_1 on IOL_10_158.
Placed fixed group with base inst i_CPLD_M_S_EXCHANGE_S4_ibuf/opit_1 on IOL_10_182.
Placed fixed group with base inst i_CPLD_M_S_EXCHANGE_S5_ibuf/opit_1 on IOL_10_200.
Placed fixed group with base inst i_CPLD_M_S_SGPIO1_CLK_ibuf/opit_1 on IOL_10_189.
Placed fixed group with base inst i_CPLD_M_S_SGPIO1_LD_N_ibuf/opit_1 on IOL_10_188.
Placed fixed group with base inst i_CPLD_M_S_SGPIO1_MOSI_ibuf/opit_1 on IOL_10_199.
Placed fixed group with base inst i_CPLD_M_S_SGPIO_CLK_ibuf/opit_1 on IOL_10_244.
Placed fixed group with base inst i_CPLD_M_S_SGPIO_LD_N_ibuf/opit_1 on IOL_10_146.
Placed fixed group with base inst i_CPLD_M_S_SGPIO_MOSI_ibuf/opit_1 on IOL_10_243.
Placed fixed group with base inst i_CPU0_D0_I2C1_PE_STRAP_SCL_ibuf/opit_1 on IOL_10_50.
Placed fixed group with base inst i_CPU0_D0_TEMP_OVER_ibuf/opit_1 on IOL_46_9.
Placed fixed group with base inst i_CPU0_D0_UART1_TX_ibuf/opit_1 on IOL_34_8.
Placed fixed group with base inst i_CPU0_D0_UART_SOUT_ibuf/opit_1 on IOL_34_7.
Placed fixed group with base inst i_CPU0_D1_TEMP_OVER_ibuf/opit_1 on IOL_34_10.
Placed fixed group with base inst i_CPU0_D1_UART1_TX_ibuf/opit_1 on IOL_22_9.
Placed fixed group with base inst i_CPU0_MCIO0_CABLE_ID0_R_ibuf/opit_1 on IOL_136_7.
Placed fixed group with base inst i_CPU0_MCIO0_CABLE_ID1_R_ibuf/opit_1 on IOL_112_8.
Placed fixed group with base inst i_CPU0_MCIO2_CABLE_ID0_R_ibuf/opit_1 on IOL_142_243.
Placed fixed group with base inst i_CPU0_MCIO2_CABLE_ID1_R_ibuf/opit_1 on IOL_154_146.
Placed fixed group with base inst i_CPU0_MCIO3_CABLE_ID0_R_ibuf/opit_1 on IOL_154_86.
Placed fixed group with base inst i_CPU0_MCIO3_CABLE_ID1_R_ibuf/opit_1 on IOL_154_121.
Placed fixed group with base inst i_CPU0_VIN_SNS_ALERT_ibuf/opit_1 on IOL_94_7.
Placed fixed group with base inst i_CPU1_D0_GPIO_PORT0_R_ibuf/opit_1 on IOL_28_9.
Placed fixed group with base inst i_CPU1_D0_GPIO_PORT1_R_ibuf/opit_1 on IOL_28_10.
Placed fixed group with base inst i_CPU1_D0_GPIO_PORT2_R_ibuf/opit_1 on IOL_16_7.
Placed fixed group with base inst i_CPU1_D0_GPIO_PORT3_R_ibuf/opit_1 on IOL_52_7.
Placed fixed group with base inst i_CPU1_D0_GPIO_PORT4_R_ibuf/opit_1 on IOL_40_7.
Placed fixed group with base inst i_CPU1_D0_GPIO_PORT5_R_ibuf/opit_1 on IOL_46_8.
Placed fixed group with base inst i_CPU1_D0_GPIO_PORT6_R_ibuf/opit_1 on IOL_40_8.
Placed fixed group with base inst i_CPU1_D0_GPIO_PORT7_R_ibuf/opit_1 on IOL_40_10.
Placed fixed group with base inst i_CPU1_D0_GPIO_PORT9_R_ibuf/opit_1 on IOL_40_9.
Placed fixed group with base inst i_CPU1_D0_GPIO_PORT10_R_ibuf/opit_1 on IOL_52_8.
Placed fixed group with base inst i_CPU1_D0_I2C1_PE_STRAP_SCL_ibuf/opit_1 on IOL_154_110.
Placed fixed group with base inst i_CPU1_D0_TEMP_OVER_ibuf/opit_1 on IOL_16_8.
Placed fixed group with base inst i_CPU1_D0_UART1_TX_ibuf/opit_1 on IOL_10_10.
Placed fixed group with base inst i_CPU1_D0_UART_SOUT_ibuf/opit_1 on IOL_22_7.
Placed fixed group with base inst i_CPU1_D1_TEMP_OVER_ibuf/opit_1 on IOL_22_8.
Placed fixed group with base inst i_CPU1_D1_UART1_TX_ibuf/opit_1 on IOL_16_10.
Placed fixed group with base inst i_CPU1_MCIO0_CABLE_ID0_R_ibuf/opit_1 on IOL_46_244.
Placed fixed group with base inst i_CPU1_MCIO0_CABLE_ID1_R_ibuf/opit_1 on IOL_46_241.
Placed fixed group with base inst i_CPU1_MCIO2_CABLE_ID0_R_ibuf/opit_1 on IOL_64_9.
Placed fixed group with base inst i_CPU1_MCIO2_CABLE_ID1_R_ibuf/opit_1 on IOL_154_50.
Placed fixed group with base inst i_CPU1_MCIO3_CABLE_ID0_R_ibuf/opit_1 on IOL_154_56.
Placed fixed group with base inst i_CPU1_MCIO3_CABLE_ID1_R_ibuf/opit_1 on IOL_70_9.
Placed fixed group with base inst i_CPU1_VIN_SNS_ALERT_ibuf/opit_1 on IOL_94_9.
Placed fixed group with base inst i_CPU_NVME0_PRSNT_N_ibuf/opit_1 on IOL_70_7.
Placed fixed group with base inst i_CPU_NVME1_PRSNT_N_ibuf/opit_1 on IOL_154_91.
Placed fixed group with base inst i_CPU_NVME4_PRSNT_N_ibuf/opit_1 on IOL_154_160.
Placed fixed group with base inst i_CPU_NVME5_PRSNT_N_ibuf/opit_1 on IOL_154_201.
Placed fixed group with base inst i_CPU_NVME6_PRSNT_N_ibuf/opit_1 on IOL_154_111.
Placed fixed group with base inst i_CPU_NVME7_PRSNT_N_ibuf/opit_1 on IOL_154_52.
Placed fixed group with base inst i_CPU_NVME10_PRSNT_N_ibuf/opit_1 on IOL_10_211.
Placed fixed group with base inst i_CPU_NVME11_PRSNT_N_ibuf/opit_1 on IOL_10_202.
Placed fixed group with base inst i_CPU_NVME14_PRSNT_N_ibuf/opit_1 on IOL_118_7.
Placed fixed group with base inst i_CPU_NVME15_PRSNT_N_ibuf/opit_1 on IOL_106_9.
Placed fixed group with base inst i_CPU_NVME16_PRSNT_N_ibuf/opit_1 on IOL_148_7.
Placed fixed group with base inst i_CPU_NVME17_PRSNT_N_ibuf/opit_1 on IOL_154_27.
Placed fixed group with base inst i_DB9_TOD_UART_RX_ibuf/opit_1 on IOL_154_82.
Placed fixed group with base inst i_DBG_CPU0_UART1_TX_CONN_R_ibuf/opit_1 on IOL_154_212.
Placed fixed group with base inst i_DBG_PAL_BMC_UART1_TX_CONN_R_ibuf/opit_1 on IOL_118_241.
Placed fixed group with base inst i_DB_UART_RX_R_ibuf/opit_1 on IOL_154_157.
Placed fixed group with base inst i_FAN_SNS_ALERT_ibuf/opit_1 on IOL_10_115.
Placed fixed group with base inst i_JACK_CPU0_D0_UART_SIN_ibuf/opit_1 on IOL_10_82.
Placed fixed group with base inst i_JACK_CPU0_UART1_RX_ibuf/opit_1 on IOL_64_8.
Placed fixed group with base inst i_JACK_CPU1_D0_UART_SIN_ibuf/opit_1 on IOL_10_148.
Placed fixed group with base inst i_JACK_CPU1_UART1_RX_ibuf/opit_1 on IOL_10_34.
Placed fixed group with base inst i_LEAR_CPU0_UART1_RX_ibuf/opit_1 on IOL_52_242.
Placed fixed group with base inst i_MB_CB_RISER1_PRSNT0_N_ibuf/opit_1 on IOL_142_9.
Placed fixed group with base inst i_MB_CB_RISER2_PRSNT0_N_ibuf/opit_1 on IOL_34_244.
Placed fixed group with base inst i_N0_100M_ibuf/opit_1 on IOL_148_242.
Placed fixed group with base inst i_N0_1000M_ibuf/opit_1 on IOL_154_190.
Placed fixed group with base inst i_N0_ACT_ibuf/opit_1 on IOL_154_148.
Placed fixed group with base inst i_N1_100M_ibuf/opit_1 on IOL_154_183.
Placed fixed group with base inst i_N1_1000M_ibuf/opit_1 on IOL_154_202.
Placed fixed group with base inst i_N1_ACT_ibuf/opit_1 on IOL_154_188.
Placed fixed group with base inst i_P5V_USB2_OCI2B_ibuf/opit_1 on IOL_136_241.
Placed fixed group with base inst i_P12V_RISER1_VIN_SNS_ALERT_ibuf/opit_1 on IOL_154_55.
Placed fixed group with base inst i_P12V_RISER2_VIN_SNS_ALERT_ibuf/opit_1 on IOL_136_243.
Placed fixed group with base inst i_P12V_STBY_SNS_ALERT_ibuf/opit_1 on IOL_154_58.
Placed fixed group with base inst i_PAL_BMC_NCSI_CLK_50M_R_ibuf/opit_1 on IOL_28_243.
Placed fixed group with base inst i_PAL_BMC_SS_DATA_IN_ibuf/opit_1 on IOL_106_243.
Placed fixed group with base inst i_PAL_BMC_UART1_TX_ibuf/opit_1 on IOL_10_212.
Placed fixed group with base inst i_PAL_BMC_UART4_TX_ibuf/opit_1 on IOL_10_213.
Placed fixed group with base inst i_PAL_EXT_RST_N_ibuf/opit_1 on IOL_142_8.
Placed fixed group with base inst i_PAL_GPU1_EFUSE_OC_ibuf/opit_1 on IOL_142_10.
Placed fixed group with base inst i_PAL_GPU1_EFUSE_PG_ibuf/opit_1 on IOL_148_8.
Placed fixed group with base inst i_PAL_GPU2_EFUSE_OC_ibuf/opit_1 on IOL_148_243.
Placed fixed group with base inst i_PAL_GPU2_EFUSE_PG_ibuf/opit_1 on IOL_142_244.
Placed fixed group with base inst i_PAL_GPU3_EFUSE_OC_ibuf/opit_1 on IOL_154_49.
Placed fixed group with base inst i_PAL_GPU3_EFUSE_PG_ibuf/opit_1 on IOL_154_37.
Placed fixed group with base inst i_PAL_GPU4_EFUSE_OC_ibuf/opit_1 on IOL_10_153.
Placed fixed group with base inst i_PAL_GPU4_EFUSE_PG_ibuf/opit_1 on IOL_10_116.
Placed fixed group with base inst i_PAL_LOM_FAN_ON_AUX_R_ibuf/opit_1 on IOL_10_26.
Placed fixed group with base inst i_PAL_M2_0_PRSNT_N_ibuf/opit_1 on IOL_154_123.
Placed fixed group with base inst i_PAL_M2_1_PRSNT_N_ibuf/opit_1 on IOL_10_242.
Placed fixed group with base inst i_PAL_OCP_PRSNT_N_ibuf/opit_1 on IOL_94_8.
Placed fixed group with base inst i_PAL_OCP_RISER_CPLD_ibuf/opit_1 on IOL_10_61.
Placed fixed group with base inst i_PAL_P12V_RISER1_VIN_FLTB_ibuf/opit_1 on IOL_154_93.
Placed fixed group with base inst i_PAL_P12V_RISER1_VIN_PG_ibuf/opit_1 on IOL_154_118.
Placed fixed group with base inst i_PAL_P12V_RISER2_VIN_FLTB_ibuf/opit_1 on IOL_118_244.
Placed fixed group with base inst i_PAL_P12V_RISER2_VIN_PG_ibuf/opit_1 on IOL_94_242.
Placed fixed group with base inst i_PAL_P12V_STBY_EFUSE_FLTB_ibuf/opit_1 on IOL_10_40.
Placed fixed group with base inst i_PAL_P12V_STBY_EFUSE_PG_ibuf/opit_1 on IOL_10_58.
Placed fixed group with base inst i_PAL_PGD_USB_UPD1_P1V1_ibuf/opit_1 on IOL_10_241.
Placed fixed group with base inst i_PAL_PGD_USB_UPD2_P1V1_ibuf/opit_1 on IOL_10_91.
Placed fixed group with base inst i_PAL_PWR_SW_IN_N_ibuf/opit_1 on IOL_118_8.
Placed fixed group with base inst i_PAL_RISER1_MODE_R_ibuf/opit_1 on IOL_154_199.
Placed fixed group with base inst i_PAL_RISER1_PRSNT_N_ibuf/opit_1 on IOL_130_7.
Placed fixed group with base inst i_PAL_RISER1_WAKE_N_ibuf/opit_1 on IOL_10_154.
Placed fixed group with base inst i_PAL_RISER1_WIDTH_R_ibuf/opit_1 on IOL_154_116.
Placed fixed group with base inst i_PAL_RISER2_MODE_R_ibuf/opit_1 on IOL_88_241.
Placed fixed group with base inst i_PAL_RISER2_PRSNT_N_ibuf/opit_1 on IOL_58_243.
Placed fixed group with base inst i_PAL_RISER2_WAKE_N_ibuf/opit_1 on IOL_10_157.
Placed fixed group with base inst i_PAL_RISER2_WIDTH_R_ibuf/opit_1 on IOL_58_241.
Placed fixed group with base inst i_PAL_RISER4_PWR_PGD_ibuf/opit_1 on IOL_10_39.
Placed fixed group with base inst i_PAL_S_DONE_ibuf/opit_1 on IOL_10_226.
Placed fixed group with base inst i_PAL_S_INITN_ibuf/opit_1 on IOL_10_225.
Placed fixed group with base inst i_PAL_S_JTAGEN_ibuf/opit_1 on IOL_10_159.
Placed fixed group with base inst i_PAL_S_PROGRAM_N_ibuf/opit_1 on IOL_10_160.
Placed fixed group with base inst i_PAL_S_SN_ibuf/opit_1 on IOL_154_223.
Placed fixed group with base inst i_PAL_UART4_OCP_DEBUG_RX_ibuf/opit_1 on IOL_94_10.
Placed fixed group with base inst i_PAL_UPD1_PEWAKE_N_ibuf/opit_1 on IOL_154_152.
Placed fixed group with base inst i_PAL_UPD1_SMIB_N_ibuf/opit_1 on IOL_154_158.
Placed fixed group with base inst i_PAL_UPD2_PEWAKE_N_ibuf/opit_1 on IOL_10_112.
Placed fixed group with base inst i_PAL_UPD2_SMIB_N_ibuf/opit_1 on IOL_10_147.
Placed fixed group with base inst i_PAL_UPD72020_1_ALART_ibuf/opit_1 on IOL_142_242.
Placed fixed group with base inst i_PAL_UPD72020_2_ALART_ibuf/opit_1 on IOL_34_242.
Placed fixed group with base inst i_PCA_REVISION_0_ibuf/opit_1 on IOL_10_86.
Placed fixed group with base inst i_PCA_REVISION_1_ibuf/opit_1 on IOL_52_244.
Placed fixed group with base inst i_PCA_REVISION_2_ibuf/opit_1 on IOL_46_242.
Placed fixed group with base inst i_PCB_REVISION_0_ibuf/opit_1 on IOL_130_242.
Placed fixed group with base inst i_PCB_REVISION_1_ibuf/opit_1 on IOL_142_241.
Placed fixed group with base inst i_PEX_USB1_PPON0_ibuf/opit_1 on IOL_10_31.
Placed fixed group with base inst i_PEX_USB1_PPON1_ibuf/opit_1 on IOL_10_25.
Placed fixed group with base inst i_PEX_USB2_PPON0_ibuf/opit_1 on IOL_10_27.
Placed fixed group with base inst i_PEX_USB2_PPON1_ibuf/opit_1 on IOL_10_28.
Placed fixed group with base inst i_REAR_BP_SNS_ALERT_ibuf/opit_1 on IOL_154_57.
Placed fixed group with base inst i_RISER_AUX_TOD_UART1_RXD_ibuf/opit_1 on IOL_154_147.
Placed fixed group with base inst i_RISER_AUX_TOD_UART2_RXD_ibuf/opit_1 on IOL_154_153.
Placed fixed group with base inst i_RISER_MB_PRSNT_R_ibuf/opit_1 on IOL_100_244.
Placed fixed group with base inst i_Riser1_TOD_UART_RXD_R_ibuf/opit_1 on IOL_136_8.
Placed fixed group with base inst i_Riser2_TOD_UART_RXD_R_ibuf/opit_1 on IOL_94_243.
Placed fixed group with base inst i_SW_1_ibuf/opit_1 on IOL_58_8.
Placed fixed group with base inst i_SW_2_ibuf/opit_1 on IOL_136_10.
Placed fixed group with base inst i_SW_3_ibuf/opit_1 on IOL_130_8.
Placed fixed group with base inst i_SW_4_ibuf/opit_1 on IOL_112_10.
Placed fixed group with base inst i_SW_5_ibuf/opit_1 on IOL_106_10.
Placed fixed group with base inst i_SW_6_ibuf/opit_1 on IOL_88_8.
Placed fixed group with base inst i_SW_7_ibuf/opit_1 on IOL_10_37.
Placed fixed group with base inst i_SW_8_ibuf/opit_1 on IOL_10_49.
Placed fixed group with base inst i_UART0_CPU_LOG_RX_ibuf/opit_1 on IOL_16_242.
Placed fixed group with base inst i_UART2_PAL_OCP_RX_R_ibuf/opit_1 on IOL_10_207.
Placed fixed group with base inst inst_i2c_inf.sda_tri/opit_1 on IOL_10_38.
Placed fixed group with base inst io_CPU1_D0_I2C1_PE_STRAP_SDA_tri/opit_1 on IOL_154_87.
Placed fixed group with base inst uart_master_u0.ser_data_tri/opit_1 on IOL_148_10.
Placed fixed group with base inst uart_master_u1.ser_data_tri/opit_1 on IOL_154_92.
Placed fixed group with base inst uart_master_u2.ser_data_tri/opit_1 on IOL_34_241.
Placed fixed group with base inst uart_master_u3.ser_data_tri/opit_1 on IOL_28_242.
Placed fixed group with base inst uart_master_u11.ser_data_tri/opit_1 on IOL_154_80.
Placed fixed group with base inst uart_master_u12.ser_data_tri/opit_1 on IOL_58_10.
Placed fixed group with base inst o_CPLD_M_S_EXCHANGE_S2_obuf/opit_1 on IOL_10_152.
Placed fixed group with base inst o_CPLD_M_S_SGPIO1_MISO_R/opit_1 on IOL_34_243.
Placed fixed group with base inst o_CPLD_M_S_SGPIO_MISO_R_obuf/opit_1 on IOL_10_206.
Placed fixed group with base inst o_CPU0_D0_UART1_RX_tri/opit_1 on IOL_46_10.
Placed fixed group with base inst o_CPU0_D0_UART_SIN_tri/opit_1 on IOL_34_9.
Placed fixed group with base inst o_CPU0_D1_UART1_RX/opit_1 on IOL_22_10.
Placed fixed group with base inst o_CPU0_RISER1_9548_RST_N_R_obuf/opit_1 on IOL_88_7.
Placed fixed group with base inst o_CPU1_D0_UART1_RX_tri/opit_1 on IOL_10_8.
Placed fixed group with base inst o_CPU1_D0_UART_SIN_tri/opit_1 on IOL_10_9.
Placed fixed group with base inst o_CPU1_D1_UART1_RX/opit_1 on IOL_16_9.
Placed fixed group with base inst o_CPU1_RISER2_9548_RST_N_R_obuf/opit_1 on IOL_70_242.
Placed fixed group with base inst o_CPU_MCIO0_GPU_THROTTLE_N_R_obuf/opit_1 on IOL_118_10.
Placed fixed group with base inst o_CPU_MCIO2_GPU_THROTTLE_N_R_obuf/opit_1 on IOL_154_145.
Placed fixed group with base inst o_CPU_MCIO3_GPU_THROTTLE_N_R_obuf/opit_1 on IOL_148_241.
Placed fixed group with base inst o_CPU_MCIO5_GPU_THROTTLE_N_R_obuf/opit_1 on IOL_28_244.
Placed fixed group with base inst o_CPU_MCIO7_GPU_THROTTLE_N_R_obuf/opit_1 on IOL_58_9.
Placed fixed group with base inst o_CPU_MCIO8_GPU_THROTTLE_N_R_obuf/opit_1 on IOL_154_26.
Placed fixed group with base inst o_DB9_TOD_UART_TX/opit_1 on IOL_154_159.
Placed fixed group with base inst o_DBG_CPU0_UART1_RX_CONN_R_tri/opit_1 on IOL_148_244.
Placed fixed group with base inst o_DBG_PAL_BMC_UART1_RX_CONN_R_tri/opit_1 on IOL_130_241.
Placed fixed group with base inst o_DB_UART_TX_R/opit_1 on IOL_154_182.
Placed fixed group with base inst o_JACK_CPU0_D0_UART_SOUT_tri/opit_1 on IOL_10_109.
Placed fixed group with base inst o_JACK_CPU0_UART1_TX_tri/opit_1 on IOL_10_33.
Placed fixed group with base inst o_JACK_CPU1_D0_UART_SOUT_tri/opit_1 on IOL_10_184.
Placed fixed group with base inst o_JACK_CPU1_UART1_TX_tri/opit_1 on IOL_10_55.
Placed fixed group with base inst o_LEAR_CPU0_UART1_TX/opit_1 on IOL_64_242.
Placed fixed group with base inst o_LED1_N_obuf/opit_1 on IOL_112_7.
Placed fixed group with base inst o_LED2_N_obuf/opit_1 on IOL_100_7.
Placed fixed group with base inst o_LED3_N_obuf/opit_1 on IOL_100_9.
Placed fixed group with base inst o_LED4_N_obuf/opit_1 on IOL_88_9.
Placed fixed group with base inst o_LED5_N_obuf/opit_1 on IOL_100_8.
Placed fixed group with base inst o_LED6_N_obuf/opit_1 on IOL_100_10.
Placed fixed group with base inst o_LED7_N_obuf/opit_1 on IOL_88_10.
Placed fixed group with base inst o_LED8_N_obuf/opit_1 on IOL_70_10.
Placed fixed group with base inst o_MCIO11_RISER1_PERST2_N_obuf/opit_1 on IOL_154_184.
Placed fixed group with base inst o_P5V_USB2_EN_obuf/opit_1 on IOL_112_241.
Placed fixed group with base inst o_PAL_BMC_SS_CLK_obuf/opit_1 on IOL_70_241.
Placed fixed group with base inst o_PAL_BMC_SS_DATA_OUT_obuf/opit_1 on IOL_112_242.
Placed fixed group with base inst o_PAL_BMC_SS_LOAD_N_obuf/opit_1 on IOL_100_242.
Placed fixed group with base inst o_PAL_BMC_UART1_RX_tri/opit_1 on IOL_16_243.
Placed fixed group with base inst o_PAL_BMC_UART4_RX_tri/opit_1 on IOL_46_243.
Placed fixed group with base inst o_PAL_CK440_OE_N_R_obuf/opit_1 on IOL_22_244.
Placed fixed group with base inst o_PAL_CPU0_I3C_SPD_SEL_obuf/opit_1 on IOL_10_52.
Placed fixed group with base inst o_PAL_CPU1_I3C_SPD_SEL_obuf/opit_1 on IOL_10_79.
Placed fixed group with base inst o_PAL_DB800_1_OE_N_R_obuf/opit_1 on IOL_64_10.
Placed fixed group with base inst o_PAL_DB800_1_PD_R_obuf/opit_1 on IOL_10_87.
Placed fixed group with base inst o_PAL_DB2000_1_OE_N_R_obuf/opit_1 on IOL_58_7.
Placed fixed group with base inst o_PAL_DB2000_1_PD_R_obuf/opit_1 on IOL_10_32.
Placed fixed group with base inst o_PAL_GPU1_EFUSE_EN_R_obuf/opit_1 on IOL_154_32.
Placed fixed group with base inst o_PAL_GPU2_EFUSE_EN_R_obuf/opit_1 on IOL_22_243.
Placed fixed group with base inst o_PAL_GPU3_EFUSE_EN_R_obuf/opit_1 on IOL_154_38.
Placed fixed group with base inst o_PAL_GPU4_EFUSE_EN_R_obuf/opit_1 on IOL_16_244.
Placed fixed group with base inst o_PAL_LED_HEL_GR_R_obuf/opit_1 on IOL_118_242.
Placed fixed group with base inst o_PAL_LED_HEL_RED_R_obuf/opit_1 on IOL_118_243.
Placed fixed group with base inst o_PAL_LED_PWRBTN_AMB_R_obuf/opit_1 on IOL_100_241.
Placed fixed group with base inst o_PAL_LED_PWRBTN_GR_R_obuf/opit_1 on IOL_106_242.
Placed fixed group with base inst o_PAL_LED_UID_R_obuf/opit_1 on IOL_10_224.
Placed fixed group with base inst o_PAL_M2_0_PERST_N_R_obuf/opit_1 on IOL_154_187.
Placed fixed group with base inst o_PAL_M2_1_PERST_N_R_obuf/opit_1 on IOL_52_243.
Placed fixed group with base inst o_PAL_M2_PWR_EN_R_obuf/opit_1 on IOL_94_244.
Placed fixed group with base inst o_PAL_OCP_NCSI_CLK_50M_R_obuf/opit_1 on IOL_10_118.
Placed fixed group with base inst o_PAL_OCP_NCSI_SW_EN_N_R_obuf/opit_1 on IOL_10_80.
Placed fixed group with base inst o_PAL_P1V1_STBY_EN_R_obuf/opit_1 on IOL_10_51.
Placed fixed group with base inst o_PAL_P12V_STBY_EFUSE_EN_R_obuf/opit_1 on IOL_10_85.
Placed fixed group with base inst o_PAL_RISER1_SLOT_PERST_N_R_obuf/opit_1 on IOL_136_9.
Placed fixed group with base inst o_PAL_RISER1_SS_CLK_tri/opit_1 on IOL_106_241.
Placed fixed group with base inst o_PAL_RISER1_SS_LD_N_tri/opit_1 on IOL_70_243.
Placed fixed group with base inst o_PAL_RISER2_SLOT_PERST_N_R_obuf/opit_1 on IOL_22_241.
Placed fixed group with base inst o_PAL_RISER2_SS_CLK_tri/opit_1 on IOL_40_243.
Placed fixed group with base inst o_PAL_RISER2_SS_LD_N_tri/opit_1 on IOL_64_243.
Placed fixed group with base inst o_PAL_RJ45_1_100M_LED_obuf/opit_1 on IOL_154_200.
Placed fixed group with base inst o_PAL_RJ45_1_1000M_LED_obuf/opit_1 on IOL_154_189.
Placed fixed group with base inst o_PAL_RJ45_1_ACT_LED_obuf/opit_1 on IOL_154_208.
Placed fixed group with base inst o_PAL_RJ45_2_100M_LED_obuf/opit_1 on IOL_154_214.
Placed fixed group with base inst o_PAL_RJ45_2_1000M_LED_obuf/opit_1 on IOL_154_207.
Placed fixed group with base inst o_PAL_RJ45_2_ACT_LED_obuf/opit_1 on IOL_154_213.
Placed fixed group with base inst o_PAL_RST_TCM_N_R_obuf/opit_1 on IOL_88_244.
Placed fixed group with base inst o_PAL_SPI_SELECT_R_obuf/opit_1 on IOL_154_112.
Placed fixed group with base inst o_PAL_SPI_SWITCH_EN_R_obuf/opit_1 on IOL_154_109.
Placed fixed group with base inst o_PAL_TEST_BAT_EN_obuf/opit_1 on IOL_154_94.
Placed fixed group with base inst o_PAL_THROTTLE_RISER1_R_obuf/opit_1 on IOL_154_211.
Placed fixed group with base inst o_PAL_THROTTLE_RISER2_R_obuf/opit_1 on IOL_88_243.
Placed fixed group with base inst o_PAL_TPM_DRQ1_N_tri/opit_1 on IOL_154_31.
Placed fixed group with base inst o_PAL_UART4_OCP_DEBUG_TX_tri/opit_1 on IOL_70_8.
Placed fixed group with base inst o_PAL_UPD1_P1V1_EN_R_obuf/opit_1 on IOL_64_244.
Placed fixed group with base inst o_PAL_UPD1_P3V3_EN_R_obuf/opit_1 on IOL_52_241.
Placed fixed group with base inst o_PAL_UPD1_PERST_N_R_obuf/opit_1 on IOL_136_244.
Placed fixed group with base inst o_PAL_UPD1_PONRST_N_R_obuf/opit_1 on IOL_154_205.
Placed fixed group with base inst o_PAL_UPD2_P1V1_EN_R_obuf/opit_1 on IOL_10_110.
Placed fixed group with base inst o_PAL_UPD2_P3V3_EN_R_obuf/opit_1 on IOL_10_223.
Placed fixed group with base inst o_PAL_UPD2_PERST_N_R_obuf/opit_1 on IOL_10_145.
Placed fixed group with base inst o_PAL_UPD2_PONRST_N_R_obuf/opit_1 on IOL_10_151.
Placed fixed group with base inst o_PAL_WX1860_NCSI_CLK_50M_R_obuf/opit_1 on IOL_70_244.
Placed fixed group with base inst o_PAL_WX1860_NCSI_SW_EN_N_R_obuf/opit_1 on IOL_154_206.
Placed fixed group with base inst o_RISER1_SELECT_tri/opit_1 on IOL_154_34.
Placed fixed group with base inst o_RISER1_SWITCH_EN_tri/opit_1 on IOL_154_33.
Placed fixed group with base inst o_RISER_AUX_TOD_UART1_TXD/opit_1 on IOL_154_154.
Placed fixed group with base inst o_RISER_AUX_TOD_UART2_TXD/opit_1 on IOL_154_117.
Placed fixed group with base inst o_RST_I2C1_MUX_N_R_obuf/opit_1 on IOL_112_243.
Placed fixed group with base inst o_RST_I2C2_MUX_N_R_obuf/opit_1 on IOL_10_62.
Placed fixed group with base inst o_RST_I2C3_MUX_N_R_obuf/opit_1 on IOL_10_88.
Placed fixed group with base inst o_RST_I2C4_1_MUX_N_R_obuf/opit_1 on IOL_10_92.
Placed fixed group with base inst o_RST_I2C4_2_MUX_N_R_obuf/opit_1 on IOL_148_9.
Placed fixed group with base inst o_RST_I2C5_MUX_N_R_obuf/opit_1 on IOL_10_56.
Placed fixed group with base inst o_RST_I2C12_MUX_N_R_obuf/opit_1 on IOL_10_117.
Placed fixed group with base inst o_RST_I2C13_MUX_N_R_obuf/opit_1 on IOL_154_115.
Placed fixed group with base inst o_RST_I2C_BMC_9548_MUX_N_R_obuf/opit_1 on IOL_154_151.
Placed fixed group with base inst o_Riser1_TOD_UART_TXD_R/opit_1 on IOL_154_25.
Placed fixed group with base inst o_Riser2_TOD_UART_TXD_R/opit_1 on IOL_100_243.
Placed fixed group with base inst o_UART0_CPU_LOG_TX_tri/opit_1 on IOL_10_214.
Placed fixed group with base inst o_UART2_PAL_OCP_TX_R/opit_1 on IOL_16_241.
Placed fixed group with base inst o_USB2_SW_SEL_R_obuf/opit_1 on IOL_10_205.
Placed fixed inst BKCL_auto_0 on BKCL_1_126
Placed fixed inst BKCL_auto_1 on BKCL_70_246
Placed fixed inst BKCL_auto_2 on BKCL_156_140
Placed fixed inst BKCL_auto_3 on BKCL_122_0
Placed fixed inst BKCL_auto_4 on BKCL_82_0
Placed fixed inst BKCL_auto_5 on BKCL_31_1
DRCP Convert Loc Constraint successful.
AutoDRC Flow for Design Check Start.
AutoDRC Flow for Design Check End.
AutoDRCFlow Time(s) cpu = 0h:0m:0s ; process cpu(s) = 0h:0m:0s ; realtime = 0h:0m:0s.
Mapping instance GRS_INST/grs_ccs to CCS_10_162.
Design Utilization : 26%.
Planning Before Place "Disable".

Stage 1.1 GP placement start.
Stage: before init GP | Time (s): real = 0h:0m:4s ; cpu = 0h:0m:3s ; process = 0h:0m:3s | Memory (MB): curr = 266.304688 ; peak = 266.308594 | Checksum: F80ED1CA859350B5
[GP] Placement Decongestion Mode 1.
I: Multithreading enabled for place using a maximum of 4 processes.
[GP] Placement Initial Method "Quad".
[GP] Recovery Analysis in GP "Enable".
Init coarse delay table.
Read place coarse delay table takes 0.05 sec.
build place dedicate switch graph takes 0.20 sec
[GP] Init timing API takes 0.75 sec.
[GP] Init GP graph takes 0.86 sec.
Device graph total memory: 3.70626163 MB
[GP] GP graph memory: 17.58721924 MB
[GP] Read position from netlist take 0 msec
[GP] Total node move: 88643.52, average node move: 44.59
[GP] Timing analysis take 0.134000 secs.
[GP] MarginTNSS=0, TNSS=0, WSS=12414
[GP] Place thread size: 4
[GP] Node size: 2678, net size: 2337
[GP] Design graph total memory: 10.96617699 MB
[GP] Timing analysis take 0.027000 secs.
[GP] MarginTNSS=0, TNSS=0, WSS=13214
[GP] Step 0 take 0.062 secs: WL=6646.87 OF=0.832233
[GP] Timing analysis take 0.033000 secs.
[GP] MarginTNSS=0, TNSS=0, WSS=10326
[GP] Step 1 take 0.202 secs: WL=8002.24 OF=0.729276
[GP] Timing analysis take 0.025000 secs.
[GP] MarginTNSS=0, TNSS=0, WSS=10783
[GP] Step 2 take 0.168 secs: WL=7945.88 OF=0.660604
[GP] Timing analysis take 0.031000 secs.
[GP] MarginTNSS=0, TNSS=0, WSS=10874
[GP] Step 3 take 0.165 secs: WL=7961.67 OF=0.622584
[GP] Timing analysis take 0.028000 secs.
[GP] MarginTNSS=0, TNSS=0, WSS=10792
[GP] Step 4 take 0.170 secs: WL=7985.79 OF=0.571454
[GP] Timing analysis take 0.026000 secs.
[GP] MarginTNSS=0, TNSS=0, WSS=11241
[GP] Step 5 take 0.183 secs: WL=7937.49 OF=0.509336
[GP] Timing analysis take 0.026000 secs.
[GP] MarginTNSS=0, TNSS=0, WSS=11839
[GP] Step 6 take 0.169 secs: WL=7900.01 OF=0.441179
[GP] Timing analysis take 0.032000 secs.
[GP] MarginTNSS=0, TNSS=0, WSS=11911
[GP] Step 7 take 0.169 secs: WL=7830.79 OF=0.375652
[GP] Timing analysis take 0.030000 secs.
[GP] MarginTNSS=0, TNSS=0, WSS=11968
[GP] Step 8 take 0.182 secs: WL=7810.32 OF=0.312182
[GP] Timing analysis take 0.032000 secs.
[GP] MarginTNSS=0, TNSS=0, WSS=11866
[GP] Step 9 take 0.219 secs: WL=7828.57 OF=0.249386
[GP] Timing analysis take 0.031000 secs.
[GP] MarginTNSS=0, TNSS=0, WSS=11829
[GP] Step 10 take 0.210 secs: WL=7837.22 OF=0.191147
[GP] Timing analysis take 0.035000 secs.
[GP] MarginTNSS=0, TNSS=0, WSS=11768
[GP] Step 11 take 0.213 secs: WL=7944.63 OF=0.135194
[GP] Timing analysis take 0.025000 secs.
[GP] MarginTNSS=0, TNSS=0, WSS=11821
[GP] Step 12 take 0.222 secs: WL=8083.92 OF=0.087905
[GP] Timing analysis take 0.026000 secs.
[GP] MarginTNSS=0, TNSS=0, WSS=11809
[GP] Final best WL=8135.665769 OF=0.074164, totally takes 2.410000 secs, run timing analysis 15 times totally takes 0.541000 secs.
[GP] Total node move: 93379.02, average node move: 46.97
[GP] Placer use memory: 2.67696762 MB
[GP] GP graph memory: 17.67044735 MB
Stage: after clock region global placement | Performance: WL = 8433 ; TNS = 0 ; WNS = 11809 | Time (s): real = 0h:0m:8s ; cpu = 0h:0m:5s ; process = 0h:0m:11s | Memory (MB): curr = 337.914063 ; peak = 359.875000 | Checksum: 37713F20E796B03

Stage 1.2 Base clock placement start.
Mapping instance pll_inst/u_pll_e2/goppll to PLL_11_20.
Mapping instance clkbufg_0/gopclkbufg to USCMDC_79_152.
Stage: after Base clock placement | Time (s): real = 0h:0m:8s ; cpu = 0h:0m:6s ; process = 0h:0m:12s | Memory (MB): curr = 340.164063 ; peak = 359.875000

Stage: after pre global placement | Performance: WL = 8433 ; TNS = 0 ; WNS = 11809 | Time (s): real = 0h:0m:8s ; cpu = 0h:0m:6s ; process = 0h:0m:12s | Memory (MB): curr = 340.183594 ; peak = 359.875000 | Checksum: 37713F20E796B03

Stage 2 Global Placement start.

Stage 2.1 Fixed placement start.
Placed fixed instance GRS_INST/grs_ccs on CCS_10_162.
Placed fixed instance clkbufg_0/gopclkbufg on USCMDC_79_152.
Placed fixed instance pll_inst/u_pll_e2/goppll on PLL_11_20.
Stage: after Fixed placement | Time (s): real = 0h:0m:8s ; cpu = 0h:0m:6s ; process = 0h:0m:12s | Memory (MB): curr = 340.214844 ; peak = 359.875000


Stage 2.2 Process placement start.
DRC Placement Start.
DRC final successful.
DRCP Time(s) cpu = 0h:0m:0s ; process cpu(s) = 0h:0m:0s ; realtime = 0h:0m:0s.
DRC Placement End.
AutoDRCFlow Time(s) cpu = 0h:0m:0s ; process cpu(s) = 0h:0m:0s ; realtime = 0h:0m:0s.
Stage: after Process placement | Time (s): real = 0h:0m:8s ; cpu = 0h:0m:6s ; process = 0h:0m:12s | Memory (MB): curr = 341.410156 ; peak = 359.875000


Stage 2.3 IO placement start.
First map gop timing takes 0.02 sec
The average distance in IO place is 0.000000.
Stage: after IO placement | Time (s): real = 0h:0m:8s ; cpu = 0h:0m:6s ; process = 0h:0m:12s | Memory (MB): curr = 342.941406 ; peak = 359.875000


Stage 2.4 Post Process placement start.
Stage: after Post Process placement | Time (s): real = 0h:0m:8s ; cpu = 0h:0m:6s ; process = 0h:0m:12s | Memory (MB): curr = 342.949219 ; peak = 359.875000

Design Utilization : 26%.

Stage 2.5 GP placement start.
Stage: before global placement | Performance: WL = 8478 | Time (s): real = 0h:0m:8s ; cpu = 0h:0m:6s ; process = 0h:0m:12s | Memory (MB): curr = 342.964844 ; peak = 359.875000 | Checksum: D7901AF5BCFFD4F6
I: Multithreading enabled for place using a maximum of 4 processes.
Stage: before init GP | Time (s): real = 0h:0m:8s ; cpu = 0h:0m:6s ; process = 0h:0m:12s | Memory (MB): curr = 342.964844 ; peak = 359.875000 | Checksum: D7901AF5BCFFD4F6
[GP] Init timing API takes 0.00 sec.
[GP] Init GP graph takes 0.05 sec.
Device graph total memory: 3.70626163 MB
[GP] GP graph memory: 17.63336849 MB
[GP] Read position from netlist take 0 msec
[GP] Timing analysis take 0.086000 secs.
[GP] MarginTNSS=0, TNSS=0, WSS=11809
[GP] Place thread size: 4
[GP] Node size: 2675, net size: 2337
[GP] Design graph total memory: 11.00607014 MB
[GP] Timing analysis take 0.040000 secs.
[GP] MarginTNSS=0, TNSS=0, WSS=11809
[GP] Step 0 take 0.092 secs: WL=7852.57 OF=0.178230
[GP] Timing analysis take 0.030000 secs.
[GP] MarginTNSS=0, TNSS=0, WSS=11633
[GP] Step 1 take 0.227 secs: WL=7790.56 OF=0.237684
[GP] Timing analysis take 0.030000 secs.
[GP] MarginTNSS=0, TNSS=0, WSS=11684
[GP] Step 2 take 0.163 secs: WL=7817.10 OF=0.187024
[GP] Timing analysis take 0.031000 secs.
[GP] MarginTNSS=0, TNSS=0, WSS=11957
[GP] Step 3 take 0.186 secs: WL=7876.21 OF=0.139226
[GP] Timing analysis take 0.028000 secs.
[GP] MarginTNSS=0, TNSS=0, WSS=12006
[GP] Step 4 take 0.174 secs: WL=8002.22 OF=0.090370
[GP] Timing analysis take 0.033000 secs.
[GP] MarginTNSS=0, TNSS=0, WSS=11760
[GP] Final best WL=8039.603832 OF=0.079830, totally takes 0.921000 secs, run timing analysis 7 times totally takes 0.278000 secs.
[GP] Total node move: 2032.23, average node move: 1.02
[GP] Placer use memory: 3.01949692 MB
[GP] GP graph memory: 17.67019558 MB
Stage: after global placement | Performance: WL = 8347 ; TNS = 0 ; WNS = 11760 | Time (s): real = 0h:0m:9s ; cpu = 0h:0m:7s ; process = 0h:0m:15s | Memory (MB): curr = 344.207031 ; peak = 368.613281 | Checksum: 633B389F1FCFD719

Stage 3 Post Global Placement start.

Stage 3.1 Macro placement start.
Early Place Macro "Global".
Auto Dispose Macro Object "Enable".
Stage: after macro cell placement | Performance: WL = 8347 | Time (s): real = 0h:0m:9s ; cpu = 0h:0m:7s ; process = 0h:0m:15s | Memory (MB): curr = 344.742188 ; peak = 368.613281 | Checksum: 633B389F1FCFD719

Design Utilization : 26%.

Stage 3.2 GP placement start.
Stage: before post global placement | Performance: WL = 8347 | Time (s): real = 0h:0m:9s ; cpu = 0h:0m:7s ; process = 0h:0m:15s | Memory (MB): curr = 344.750000 ; peak = 368.613281 | Checksum: 633B389F1FCFD719
I: Multithreading enabled for place using a maximum of 4 processes.
Stage: before init GP | Time (s): real = 0h:0m:9s ; cpu = 0h:0m:7s ; process = 0h:0m:15s | Memory (MB): curr = 344.750000 ; peak = 368.613281 | Checksum: 633B389F1FCFD719
[GP] Init timing API takes 0.00 sec.
[GP] Init GP graph takes 0.07 sec.
Device graph total memory: 3.70626163 MB
[GP] GP graph memory: 17.63336849 MB
[GP] Read position from netlist take 0 msec
[GP] Place thread size: 4
[GP] Node size: 2675, net size: 2337
[GP] Design graph total memory: 11.00607014 MB
[GP] Timing analysis take 0.119000 secs.
[GP] MarginTNSS=0, TNSS=0, WSS=11760
[GP] Step 0 take 0.172 secs: WL=8073.02 OF=0.087065
[GP] Timing analysis take 0.027000 secs.
[GP] MarginTNSS=0, TNSS=0, WSS=11945
[GP] Step 1 take 0.179 secs: WL=7904.76 OF=0.121767
[GP] Timing analysis take 0.040000 secs.
[GP] MarginTNSS=0, TNSS=0, WSS=11760
[GP] Step 2 take 0.229 secs: WL=8043.39 OF=0.079451
[GP] Timing analysis take 0.056000 secs.
[GP] MarginTNSS=0, TNSS=0, WSS=11760
[GP] Final best WL=8055.009865 OF=0.076965, totally takes 0.718000 secs, run timing analysis 4 times totally takes 0.242000 secs.
[GP] Total node move: 807.28, average node move: 0.41
[GP] Placer use memory: 3.02170181 MB
[GP] GP graph memory: 17.67019558 MB
Stage: post global placement | Performance: WL = 8358 ; TNS = 0 ; WNS = 11760 | Time (s): real = 0h:0m:10s ; cpu = 0h:0m:7s ; process = 0h:0m:17s | Memory (MB): curr = 346.457031 ; peak = 370.578125 | Checksum: 1D1D25B07B7C32A

Stage 4 Legalization start.
The average distance in LP is 0.236323, max distance is 2, variance is 0.226912.
Stage: after legalization | Performance: WL = 9166 | Time (s): real = 0h:0m:11s ; cpu = 0h:0m:8s ; process = 0h:0m:17s | Memory (MB): curr = 348.621094 ; peak = 370.578125 | Checksum: 163556B04AD98B47

Stage 5 Timing-driven DP start.

Stage 5.1 Replication placement start.
Design Cells Duplication "Enable".
Recovery Analysis in RP "Disable".
Worst slack before Replication Place is 12065, TNS before Replication Place is 0. 
Stage: after replication placement | Performance: WL = 9166 | Time (s): real = 0h:0m:11s ; cpu = 0h:0m:8s ; process = 0h:0m:18s | Memory (MB): curr = 364.535156 ; peak = 371.664063 | Checksum: 163556B04AD98B47
Recovery Analysis in DP "Disable".
RefinePlacement Mode "Bump".

Stage 5.2 DP placement start.
Legalized cost 12065.000000.
RefinePlacement Cluster "Enable".
RefinePlacement Iteration "20".
The detailed placement ends at 0th iteration.
Stage: after DP placement | Time (s): real = 0h:0m:11s ; cpu = 0h:0m:8s ; process = 0h:0m:18s | Memory (MB): curr = 368.320313 ; peak = 383.656250

Stage: after detailed placement | Performance: WL = 9166 ; TNS = 0 ; WNS = 12065 | Time (s): real = 0h:0m:11s ; cpu = 0h:0m:8s ; process = 0h:0m:18s | Memory (MB): curr = 368.339844 ; peak = 383.656250 | Checksum: 163556B04AD98B47
Worst slack is 12067, TNS after placement is 0.

Congestion analysis started.
I: Start printing congestion info.
I: Finish printing congestion info.
Congestion analysis takes 0.14 sec.



Device Utilization Summary :
+----------------------------------------------------------------------------+
| Device Type                      | Used     | Available     | Util(%)     
+----------------------------------------------------------------------------+
| CLMA                             | 238      | 592           | 41          
| + FF                             | 565      | 3552          | 16          
| + LUT                            | 592      | 2368          | 25          
|   + LUT as Logic                 | 592      |               |             
|   + LUT as Const                 | 0        |               |             
|   + LUT as Bypass                | 0        |               |             
| CLMS                             | 363      | 888           | 41          
| + FF                             | 960      | 5328          | 19          
| + LUT                            | 919      | 3552          | 26          
|   + LUT as Logic                 | 919      |               |             
|   + LUT as Memory                | 0        |               |             
|     + LUT as Distributed RAM     | 0        |               |             
|   + LUT as Const                 | 0        |               |             
|   + LUT as Bypass                | 0        |               |             
| IO                               | 287      | 336           | 86          
| + IOBD                           | 19       | 21            | 91          
| + IOBR                           | 37       | 42            | 89          
| + IOBS                           | 231      | 273           | 85          
| BKCL                             | 6        | 6             | 100         
| CCS                              | 1        | 1             | 100         
| CLKDIV                           | 0        | 4             | 0           
| CLKDLY                           | 0        | 8             | 0           
| DLL                              | 0        | 2             | 0           
| DRM                              | 0        | 26            | 0           
| HARD0N1                          | 0        | 936           | 0           
| IOCKBRG                          | 0        | 2             | 0           
| IOCKGATE                         | 0        | 4             | 0           
| + IOCKGATE as Bypass             | 0        |               |             
| IOLDLYS                          | 131      | 252           | 52          
| IOLDLY                           | 44       | 84            | 53          
| IOL                              | 287      | 336           | 86          
| ISERDES                          | 0        | 21            | 0           
| LDO                              | 0        | 2             | 0           
| OSC                              | 0        | 1             | 0           
| OSERDES                          | 0        | 21            | 0           
| PLLINMUXD                        | 1        | 2             | 50          
| + PLLINMUXD as Bypass            | 0        |               |             
| PLL                              | 1        | 2             | 50          
| USCMDC                           | 1        | 8             | 13          
| + USCMDC as Bypass               | 0        |               |             
| USCMD                            | 0        | 2             | 0           
| + USCMD as Bypass                | 0        |               |             
| USSMBUF                          | 0        | 8             | 0           
| + USSMBUF as Bypass              | 0        |               |             
+----------------------------------------------------------------------------+

Action place: Export DB successfully.
Placement done.
Total placement takes 6.20 sec.
Finished placement.
Design 'Tieta_Feiteng_2001_top' has been placed successfully.
Action place: Real time elapsed is 0h:0m:13s
Action place: CPU time elapsed is 0h:0m:9s
Action place: Process CPU time elapsed is 0h:0m:19s
Action place: Peak memory pool usage is 567 MB

Current time: Fri Mar 27 19:46:03 2026
