#Build: Fabric Compiler 2024.2-SP1.2, Build 187561, May 22 18:16 2025
#Install: C:\studyware\pango\PDS_2024.2-SP1.2-ads\bin
#Application name: pds_shell.exe
#OS: Windows 10 10.0.18363
#Hostname: z02665mj
Generated by Fabric Compiler (version 2024.2-SP1.2 build 187561) at Fri Mar 27 19:46:15 2026
Parameters for debugging are loaded as follows:
Compiling verification operator library.
Compiling common defs.
Compiling prim grid devices.
Compiling place grid timing.
Compiling gate devices.
Compiling gate operators.
Building architecture model.
Loading device packaging model.
Building architecture floorplan logic view.
Elaborate the liberty model.
I: Multithreading enabled for Timing using a maximum of 4 processes.

Route Optimize started.
Build routing arch for double attribute device.
Enter timing driven router mode.
I: Multithreading enabled for route using a maximum of 1 processes.
I: Column Clock Check close.
W: Route-4027: Cannot find permit_rougth_thru_units.json file in working directory.
Building routing graph takes 1.08 sec.
Total nets for routing: 2550.
Total loads for routing: 10494.
Direct connect net size: 1100
Build all design net take 249 msec.
Processing design graph takes 0.25 sec.
Delay table total memory: 4.79386520 MB
Route graph total memory: 10.74114990 MB
Route design total memory: 3.62977982 MB
The remaining process takes 0.08 sec.
Stage: after context initialize in post route | Performance: TNS = NA ; WNS = NA ; THS = NA ; WHS = NA | Time (s): real = 0h:0m:7s ; cpu = 0h:0m:4s ; process = 0h:0m:5s | Memory (MB): curr = 288.375000 ; peak = 306.085938 | Checksum: 1424171835027DA6
Load route result takes 0.07 sec
Fix Hold Violation Threshold For Clock Path Cross SRB(ps) : 200
Fix Hold Violation Threshold For Clock Path On Clock Tree(ps) : 100
Hold fix to no violation.
Hold fix to threshold
Stage: after hold fix | Performance: TNS = 0 ; WNS = 11289 ; THS = 0 ; WHS = 257 | Time (s): real = 0h:0m:10s ; cpu = 0h:0m:5s ; process = 0h:0m:7s | Memory (MB): curr = 353.402344 ; peak = 353.406250 | Checksum: B9420245DECA721D
Hold Violation Fix in router takes 2.86 sec.
Sort Original Nets take 0.009 sec
Total net: 2550, route succeed net: 2550
Generate routing result take 0.060 sec
Handle PERMUX permutation take 0.033 sec
Handle const net take 0.000 sec
Handle route through take 0.168 sec
Used SRB routing arc is 18005.
Stage: after finish post route | Performance: TNS = 0 ; WNS = 11289 ; THS = NA ; WHS = NA | Time (s): real = 0h:0m:10s ; cpu = 0h:0m:5s ; process = 0h:0m:7s | Memory (MB): curr = 340.675781 ; peak = 353.414063 | Checksum: AFB0787E5E71B7ED
Finish post route takes 0.60 sec.
Total post route takes 4.98 sec.


Device Utilization Summary :
+----------------------------------------------------------------------------+
| Device Type                      | Used     | Available     | Util(%)     
+----------------------------------------------------------------------------+
| CLMA                             | 283      | 592           | 48          
| + FF                             | 565      | 3552          | 16          
| + LUT                            | 741      | 2368          | 32          
|   + LUT as Logic                 | 592      |               |             
|   + LUT as Const                 | 129      |               |             
|   + LUT as Bypass                | 20       |               |             
| CLMS                             | 388      | 888           | 44          
| + FF                             | 960      | 5328          | 19          
| + LUT                            | 1025     | 3552          | 29          
|   + LUT as Logic                 | 919      |               |             
|   + LUT as Memory                | 0        |               |             
|     + LUT as Distributed RAM     | 0        |               |             
|   + LUT as Const                 | 90       |               |             
|   + LUT as Bypass                | 16       |               |             
| IO                               | 287      | 336           | 86          
| + IOBD                           | 19       | 21            | 91          
| + IOBR                           | 37       | 42            | 89          
| + IOBS                           | 231      | 273           | 85          
| BKCL                             | 6        | 6             | 100         
| CCS                              | 1        | 1             | 100         
| CLKDIV                           | 0        | 4             | 0           
| CLKDLY                           | 0        | 8             | 0           
| DLL                              | 0        | 2             | 0           
| DRM                              | 0        | 26            | 0           
| HARD0N1                          | 87       | 936           | 10          
| IOCKBRG                          | 0        | 2             | 0           
| IOCKGATE                         | 0        | 4             | 0           
| + IOCKGATE as Bypass             | 0        |               |             
| IOLDLYS                          | 131      | 252           | 52          
| IOLDLY                           | 44       | 84            | 53          
| IOL                              | 287      | 336           | 86          
| ISERDES                          | 0        | 21            | 0           
| LDO                              | 0        | 2             | 0           
| OSC                              | 0        | 1             | 0           
| OSERDES                          | 0        | 21            | 0           
| PLLINMUXD                        | 1        | 2             | 50          
| + PLLINMUXD as Bypass            | 0        |               |             
| PLL                              | 1        | 2             | 50          
| USCMDC                           | 1        | 8             | 13          
| + USCMDC as Bypass               | 0        |               |             
| USCMD                            | 0        | 2             | 0           
| + USCMD as Bypass                | 0        |               |             
| USSMBUF                          | 0        | 8             | 0           
| + USSMBUF as Bypass              | 0        |               |             
+----------------------------------------------------------------------------+

Finished route optimize. (CPU time elapsed 0h:00m:06s)
Design 'Tieta_Feiteng_2001_top' has been routed successfully.
Saving design to DB.
Action route_optimize: Export DB successfully.
Action route_optimize: Real time elapsed is 0h:0m:13s
Action route_optimize: CPU time elapsed is 0h:0m:7s
Action route_optimize: Process CPU time elapsed is 0h:0m:9s
Action route_optimize: Peak memory pool usage is 353 MB

Current time: Fri Mar 27 19:46:26 2026
