#Build: Fabric Compiler 2024.2-SP1.2, Build 187561, May 22 18:16 2025
#Install: C:\studyware\pango\PDS_2024.2-SP1.2-ads\bin
#Application name: pds_shell.exe
#OS: Windows 10 10.0.18363
#Hostname: z02665mj
Generated by Fabric Compiler (version 2024.2-SP1.2 build 187561) at Thu Mar 12 19:10:10 2026
Parameters for debugging are loaded as follows:
Compiling verification operator library.
Compiling common defs.
Compiling prim grid devices.
Compiling place grid timing.
Compiling gate devices.
Compiling gate operators.
Building architecture model.
Loading device packaging model.
Building architecture floorplan logic view.
Elaborate the liberty model.
I: Multithreading enabled for Timing using a maximum of 4 processes.

Routing started.
Build routing arch for double attribute device.
Enter timing driven router mode.
I: Multithreading enabled for route using a maximum of 1 processes.
W: Route-4027: Cannot find permit_rougth_thru_units.json file in working directory.
Building routing graph takes 0.28 sec.
Enable Recovery Analysis in Routing
Init coarse delay table.
Read place coarse delay table takes 0.05 sec.
build place dedicate switch graph takes 0.25 sec
Setup STE netlist take 741 msec.
Slack Weight : 90
CE/RS signal series limit : 500
Dispose control chain take 97 msec.
Collect const net info take 29 msec.
Total nets for routing: 2882.
Total loads for routing: 13488.
Direct connect net size: 1225
Build all design net take 206 msec.
Processing design graph takes 1.08 sec.
Delay table total memory: 4.79386520 MB
Route graph total memory: 11.13880920 MB
Route design total memory: 4.18378067 MB
The remaining process takes 0.08 sec.
Stage: after context initialize | Performance: TNS = 0 ; WNS = 9039 ; THS = NA ; WHS = NA | Time (s): real = 0h:0m:6s ; cpu = 0h:0m:3s ; process = 0h:0m:5s | Memory (MB): curr = 354.417969 ; peak = 379.765625 | Checksum: A9471E980275664C
Global routing takes 0.00 sec.
Pin Cost Increasing Speed 300
Unrouted clock nets at iteration 0 (0.011 sec): 0
Stage: after clock route | Performance: TNS = 0 ; WNS = 9039 ; THS = NA ; WHS = NA | Time (s): real = 0h:0m:6s ; cpu = 0h:0m:3s ; process = 0h:0m:5s | Memory (MB): curr = 355.300781 ; peak = 379.765625 | Checksum: 5CE0544741766EF3
Total route nets size: 2874
I: Start printing congestion info.
I: Finish printing congestion info.
Pre route takes 1.260 sec
Stage: after pre route | Performance: TNS = 0 ; WNS = 10813 ; THS = 0 ; WHS = 258 | Time (s): real = 0h:0m:7s ; cpu = 0h:0m:4s ; process = 0h:0m:6s | Memory (MB): curr = 414.300781 ; peak = 419.464844 | Checksum: 392D2D56586F9979
Unrouted general nets at iteration 2 (MT total route time: 0.662 sec): 2482(overused: 13405)
Unrouted general nets at iteration 3 (MT total route time: 0.824 sec): 2063(overused: 8354)
Unrouted general nets at iteration 4 (MT total route time: 0.328 sec): 1817(overused: 6516)
Unrouted general nets at iteration 5 (MT total route time: 0.239 sec): 1582(overused: 5142)
Unrouted general nets at iteration 6 (MT total route time: 0.212 sec): 1449(overused: 4454)
Unrouted general nets at iteration 7 (MT total route time: 0.182 sec): 1095(overused: 3312)
Unrouted general nets at iteration 8 (MT total route time: 0.123 sec): 826(overused: 2166)
Unrouted general nets at iteration 9 (MT total route time: 0.115 sec): 637(overused: 1682)
Unrouted general nets at iteration 10 (MT total route time: 0.080 sec): 546(overused: 1336)
Unrouted general nets at iteration 11 (MT total route time: 0.074 sec): 442(overused: 1070)
Unrouted general nets at iteration 12 (MT total route time: 0.065 sec): 367(overused: 856)
Unrouted general nets at iteration 13 (MT total route time: 0.076 sec): 304(overused: 670)
Unrouted general nets at iteration 14 (MT total route time: 0.054 sec): 268(overused: 579)
Unrouted general nets at iteration 15 (MT total route time: 0.046 sec): 245(overused: 506)
Unrouted general nets at iteration 16 (MT total route time: 0.043 sec): 203(overused: 437)
Unrouted general nets at iteration 17 (MT total route time: 0.040 sec): 179(overused: 352)
Unrouted general nets at iteration 18 (MT total route time: 0.030 sec): 164(overused: 328)
Unrouted general nets at iteration 19 (MT total route time: 0.042 sec): 145(overused: 322)
Unrouted general nets at iteration 20 (MT total route time: 0.037 sec): 132(overused: 284)
Unrouted general nets at iteration 21 (MT total route time: 0.028 sec): 104(overused: 246)
Unrouted general nets at iteration 22 (MT total route time: 0.031 sec): 87(overused: 184)
Unrouted general nets at iteration 23 (MT total route time: 0.023 sec): 70(overused: 136)
Unrouted general nets at iteration 24 (MT total route time: 0.017 sec): 66(overused: 140)
Unrouted general nets at iteration 25 (MT total route time: 0.017 sec): 54(overused: 94)
Unrouted general nets at iteration 26 (MT total route time: 0.015 sec): 48(overused: 88)
Unrouted general nets at iteration 27 (MT total route time: 0.016 sec): 47(overused: 86)
Unrouted general nets at iteration 28 (MT total route time: 0.013 sec): 31(overused: 50)
Unrouted general nets at iteration 29 (MT total route time: 0.015 sec): 38(overused: 66)
Unrouted general nets at iteration 30 (MT total route time: 0.011 sec): 27(overused: 48)
Unrouted general nets at iteration 31 (MT total route time: 0.009 sec): 21(overused: 30)
Unrouted general nets at iteration 32 (MT total route time: 0.011 sec): 17(overused: 22)
Unrouted general nets at iteration 33 (MT total route time: 0.008 sec): 20(overused: 32)
Unrouted general nets at iteration 34 (MT total route time: 0.009 sec): 9(overused: 12)
Unrouted general nets at iteration 35 (MT total route time: 0.008 sec): 8(overused: 8)
Unrouted general nets at iteration 36 (MT total route time: 0.007 sec): 6(overused: 6)
Unrouted general nets at iteration 37 (MT total route time: 0.007 sec): 4(overused: 4)
Unrouted general nets at iteration 38 (MT total route time: 0.007 sec): 4(overused: 4)
Unrouted general nets at iteration 39 (MT total route time: 0.006 sec): 4(overused: 4)
Unrouted general nets at iteration 40 (MT total route time: 0.006 sec): 2(overused: 2)
Unrouted general nets at iteration 41 (MT total route time: 0.007 sec): 2(overused: 2)
Unrouted general nets at iteration 42 (MT total route time: 0.007 sec): 0(overused: 0)
----General net take 0.023 sec(route net take 0.000 sec, inc cost take 0.015 sec, iter times: 1)
----const net route take 0.016 sec
Unrouted nets at iteration 43 (0.042 sec): 0
Stage: after detail route | Performance: TNS = 0 ; WNS = 9738 ; THS = NA ; WHS = NA | Time (s): real = 0h:0m:11s ; cpu = 0h:0m:4s ; process = 0h:0m:10s | Memory (MB): curr = 421.820313 ; peak = 421.890625 | Checksum: 657E7864EE4282D
Begin rip-up and reroute:
Rip-up and reroute takes 0.12 sec.
Stage: after ripup & reroute | Performance: TNS = 0 ; WNS = 9735 ; THS = NA ; WHS = NA | Time (s): real = 0h:0m:11s ; cpu = 0h:0m:4s ; process = 0h:0m:11s | Memory (MB): curr = 425.667969 ; peak = 425.703125 | Checksum: C2734D39CA89F53C
Detailed routing takes 5.63 sec.
I: Design net genblk1[0].fan_pwm_tach_m/w_clk_1s_pos is routed by general path.
C: Route-2036: The clock path from genblk1[0].fan_pwm_tach_m/Edge_Detect_u1/N0/gateop:Z to clkbufgs_6:CLKIN is routed by SRB.
I: Design net nt_i_CLK_PAL_IN_25M is routed by general path.
C: Route-2036: The clock path from i_CLK_PAL_IN_25M_ibuf/opit_1:OUT to pll_inst/u_pll_e2/goppllinmuxd:CLK_IN[0] is routed by SRB.
Sort Original Nets take 0.001 sec
Check HPIO div result take 0.000 sec
Total net: 2882, route succeed net: 2882
Generate routing result take 0.006 sec
Handle PERMUX permutation take 0.105 sec
Handle const net take 0.010 sec
Handle route through take 0.030 sec
Used SRB routing arc is 22516.
Stage: after finish route | Performance: TNS = 0 ; WNS = 9735 ; THS = NA ; WHS = NA | Time (s): real = 0h:0m:11s ; cpu = 0h:0m:4s ; process = 0h:0m:11s | Memory (MB): curr = 401.160156 ; peak = 425.703125 | Checksum: 96A7BA5031984D4B
Finish routing takes 0.22 sec.
Total routing takes 7.41 sec.


Device Utilization Summary :
+----------------------------------------------------------------------------+
| Device Type                      | Used     | Available     | Util(%)     
+----------------------------------------------------------------------------+
| CLMA                             | 364      | 592           | 62          
| + FF                             | 826      | 3552          | 24          
| + LUT                            | 1071     | 2368          | 46          
|   + LUT as Logic                 | 880      |               |             
|   + LUT as Const                 | 183      |               |             
|   + LUT as Bypass                | 8        |               |             
| CLMS                             | 486      | 888           | 55          
| + FF                             | 1036     | 5328          | 20          
| + LUT                            | 1409     | 3552          | 40          
|   + LUT as Logic                 | 1253     |               |             
|   + LUT as Memory                | 0        |               |             
|     + LUT as Distributed RAM     | 0        |               |             
|   + LUT as Const                 | 150      |               |             
|   + LUT as Bypass                | 6        |               |             
| IO                               | 310      | 336           | 93          
| + IOBD                           | 21       | 21            | 100         
| + IOBR                           | 40       | 42            | 96          
| + IOBS                           | 249      | 273           | 92          
| BKCL                             | 6        | 6             | 100         
| CCS                              | 1        | 1             | 100         
| CLKDIV                           | 0        | 4             | 0           
| CLKDLY                           | 0        | 8             | 0           
| DLL                              | 0        | 2             | 0           
| DRM                              | 0        | 26            | 0           
| HARD0N1                          | 156      | 936           | 17          
| IOCKBRG                          | 0        | 2             | 0           
| IOCKGATE                         | 0        | 4             | 0           
| + IOCKGATE as Bypass             | 0        |               |             
| IOLDLYS                          | 140      | 252           | 56          
| IOLDLY                           | 57       | 84            | 68          
| IOL                              | 310      | 336           | 93          
| ISERDES                          | 0        | 21            | 0           
| LDO                              | 0        | 2             | 0           
| OSC                              | 0        | 1             | 0           
| OSERDES                          | 0        | 21            | 0           
| PLLINMUXD                        | 1        | 2             | 50          
| + PLLINMUXD as Bypass            | 0        |               |             
| PLL                              | 1        | 2             | 50          
| USCMDC                           | 2        | 8             | 25          
| + USCMDC as Bypass               | 0        |               |             
| USCMD                            | 0        | 2             | 0           
| + USCMD as Bypass                | 0        |               |             
| USSMBUF                          | 1        | 8             | 13          
| + USSMBUF as Bypass              | 0        |               |             
+----------------------------------------------------------------------------+

Finished routing. (CPU time elapsed 0h:00m:09s)
Design 'Tieta_Feiteng_1001_top' has been routed successfully.
Saving design to DB.
Action route: Export DB successfully.
Action route: Real time elapsed is 0h:0m:13s
Action route: CPU time elapsed is 0h:0m:10s
Action route: Process CPU time elapsed is 0h:0m:12s
Action route: Peak memory pool usage is 425 MB

Current time: Thu Mar 12 19:10:21 2026
