#Build: Fabric Compiler 2024.2-SP1.2, Build 187561, May 22 18:16 2025
#Install: C:\studyware\pango\PDS_2024.2-SP1.2-ads\bin
#Application name: pds_shell.exe
#OS: Windows 10 10.0.18363
#Hostname: z02665mj
Generated by Fabric Compiler (version 2024.2-SP1.2 build 187561) at Wed Mar 11 20:26:03 2026
Parameters for debugging are loaded as follows:
Compiling verification operator library.
Compiling common defs.
Compiling prim grid devices.
Compiling place grid timing.
Compiling gate devices.
Compiling gate operators.
Building architecture model.
Loading device packaging model.
Building architecture floorplan logic view.
Elaborate the liberty model.
I: Multithreading enabled for Timing using a maximum of 4 processes.

Route Optimize started.
Build routing arch for double attribute device.
Enter timing driven router mode.
I: Multithreading enabled for route using a maximum of 1 processes.
I: Column Clock Check close.
W: Route-4027: Cannot find permit_rougth_thru_units.json file in working directory.
Building routing graph takes 0.30 sec.
Total nets for routing: 3178.
Total loads for routing: 12726.
Direct connect net size: 1196
Build all design net take 169 msec.
Processing design graph takes 0.17 sec.
Delay table total memory: 4.79386520 MB
Route graph total memory: 11.05837631 MB
Route design total memory: 4.08186722 MB
The remaining process takes 0.06 sec.
Stage: after context initialize in post route | Performance: TNS = NA ; WNS = NA ; THS = NA ; WHS = NA | Time (s): real = 0h:0m:5s ; cpu = 0h:0m:3s ; process = 0h:0m:4s | Memory (MB): curr = 298.902344 ; peak = 314.136719 | Checksum: B79E8F8DD2FB2E9C
Load route result takes 0.03 sec
Fix Hold Violation Threshold For Clock Path Cross SRB(ps) : 200
Fix Hold Violation Threshold For Clock Path On Clock Tree(ps) : 100
Hold fix to no violation.
Hold fix to threshold
Stage: after hold fix | Performance: TNS = 0 ; WNS = 8837 ; THS = 0 ; WHS = 259 | Time (s): real = 0h:0m:5s ; cpu = 0h:0m:3s ; process = 0h:0m:5s | Memory (MB): curr = 376.914063 ; peak = 376.917969 | Checksum: 28F43C1716876841
Hold Violation Fix in router takes 0.41 sec.
Sort Original Nets take 0.002 sec
Total net: 3178, route succeed net: 3178
Generate routing result take 0.007 sec
Handle PERMUX permutation take 0.008 sec
Handle const net take 0.000 sec
Handle route through take 0.028 sec
Used SRB routing arc is 21543.
Stage: after finish post route | Performance: TNS = 0 ; WNS = 8837 ; THS = NA ; WHS = NA | Time (s): real = 0h:0m:5s ; cpu = 0h:0m:3s ; process = 0h:0m:5s | Memory (MB): curr = 359.121094 ; peak = 376.925781 | Checksum: D526EA88053F3D6E
Finish post route takes 0.09 sec.
Total post route takes 1.08 sec.


Device Utilization Summary :
+----------------------------------------------------------------------------+
| Device Type                      | Used     | Available     | Util(%)     
+----------------------------------------------------------------------------+
| CLMA                             | 351      | 592           | 60          
| + FF                             | 757      | 3552          | 22          
| + LUT                            | 1030     | 2368          | 44          
|   + LUT as Logic                 | 864      |               |             
|   + LUT as Const                 | 158      |               |             
|   + LUT as Bypass                | 8        |               |             
| CLMS                             | 468      | 888           | 53          
| + FF                             | 991      | 5328          | 19          
| + LUT                            | 1329     | 3552          | 38          
|   + LUT as Logic                 | 1161     |               |             
|   + LUT as Memory                | 0        |               |             
|     + LUT as Distributed RAM     | 0        |               |             
|   + LUT as Const                 | 156      |               |             
|   + LUT as Bypass                | 12       |               |             
| IO                               | 308      | 336           | 92          
| + IOBD                           | 21       | 21            | 100         
| + IOBR                           | 40       | 42            | 96          
| + IOBS                           | 247      | 273           | 91          
| BKCL                             | 6        | 6             | 100         
| CCS                              | 1        | 1             | 100         
| CLKDIV                           | 0        | 4             | 0           
| CLKDLY                           | 0        | 8             | 0           
| DLL                              | 0        | 2             | 0           
| DRM                              | 0        | 26            | 0           
| HARD0N1                          | 154      | 936           | 17          
| IOCKBRG                          | 0        | 2             | 0           
| IOCKGATE                         | 0        | 4             | 0           
| + IOCKGATE as Bypass             | 0        |               |             
| IOLDLYS                          | 138      | 252           | 55          
| IOLDLY                           | 57       | 84            | 68          
| IOL                              | 308      | 336           | 92          
| ISERDES                          | 0        | 21            | 0           
| LDO                              | 0        | 2             | 0           
| OSC                              | 0        | 1             | 0           
| OSERDES                          | 0        | 21            | 0           
| PLLINMUXD                        | 1        | 2             | 50          
| + PLLINMUXD as Bypass            | 0        |               |             
| PLL                              | 1        | 2             | 50          
| USCMDC                           | 2        | 8             | 25          
| + USCMDC as Bypass               | 0        |               |             
| USCMD                            | 0        | 2             | 0           
| + USCMD as Bypass                | 0        |               |             
| USSMBUF                          | 2        | 8             | 25          
| + USSMBUF as Bypass              | 1        |               |             
+----------------------------------------------------------------------------+

Finished route optimize. (CPU time elapsed 0h:00m:03s)
Design 'Tieta_Feiteng_1001_top' has been routed successfully.
Saving design to DB.
Action route_optimize: Export DB successfully.
Action route_optimize: Real time elapsed is 0h:0m:6s
Action route_optimize: CPU time elapsed is 0h:0m:4s
Action route_optimize: Process CPU time elapsed is 0h:0m:6s
Action route_optimize: Peak memory pool usage is 376 MB

Current time: Wed Mar 11 20:26:07 2026
