#Build: Fabric Compiler 2024.2-SP1.2, Build 187561, May 22 18:16 2025
#Install: C:\studyware\pango\PDS_2024.2-SP1.2-ads\bin
#Application name: pds_shell.exe
#OS: Windows 10 10.0.18363
#Hostname: z02665mj
Generated by Fabric Compiler (version 2024.2-SP1.2 build 187561) at Sat Mar 14 14:42:45 2026
Parameters for debugging are loaded as follows:
Compiling verification operator library.
Compiling common defs.
Compiling prim grid devices.
Compiling place grid timing.
Compiling gate devices.
Compiling gate operators.
Building architecture model.
Loading device packaging model.
Building architecture floorplan logic view.
Elaborate the liberty model.
I: Multithreading enabled for Timing using a maximum of 4 processes.

Routing started.
Build routing arch for double attribute device.
Enter timing driven router mode.
I: Multithreading enabled for route using a maximum of 1 processes.
W: Route-4027: Cannot find permit_rougth_thru_units.json file in working directory.
Building routing graph takes 0.35 sec.
Enable Recovery Analysis in Routing
Init coarse delay table.
Read place coarse delay table takes 0.03 sec.
build place dedicate switch graph takes 0.31 sec
Setup STE netlist take 826 msec.
Slack Weight : 90
CE/RS signal series limit : 500
Dispose control chain take 260 msec.
Collect const net info take 65 msec.
Total nets for routing: 2917.
Total loads for routing: 13700.
Direct connect net size: 1231
Build all design net take 382 msec.
Processing design graph takes 1.54 sec.
Delay table total memory: 4.79386520 MB
Route graph total memory: 11.15319443 MB
Route design total memory: 4.19397354 MB
The remaining process takes 0.19 sec.
Stage: after context initialize | Performance: TNS = 0 ; WNS = 9366 ; THS = NA ; WHS = NA | Time (s): real = 0h:0m:7s ; cpu = 0h:0m:4s ; process = 0h:0m:5s | Memory (MB): curr = 356.253906 ; peak = 379.984375 | Checksum: 955FA58328D3BD3F
Global routing takes 0.00 sec.
Pin Cost Increasing Speed 300
Unrouted clock nets at iteration 0 (0.055 sec): 0
Stage: after clock route | Performance: TNS = 0 ; WNS = 9366 ; THS = NA ; WHS = NA | Time (s): real = 0h:0m:7s ; cpu = 0h:0m:4s ; process = 0h:0m:5s | Memory (MB): curr = 357.390625 ; peak = 379.984375 | Checksum: 86D5C21454ADF42A
Total route nets size: 2909
I: Start printing congestion info.
I: Finish printing congestion info.
Pre route takes 1.330 sec
Stage: after pre route | Performance: TNS = 0 ; WNS = 10537 ; THS = 0 ; WHS = 256 | Time (s): real = 0h:0m:8s ; cpu = 0h:0m:4s ; process = 0h:0m:7s | Memory (MB): curr = 415.218750 ; peak = 420.730469 | Checksum: 9ED41C251AB3F9FB
Unrouted general nets at iteration 2 (MT total route time: 0.512 sec): 2512(overused: 14003)
Unrouted general nets at iteration 3 (MT total route time: 0.499 sec): 2172(overused: 8841)
Unrouted general nets at iteration 4 (MT total route time: 0.316 sec): 1887(overused: 6909)
Unrouted general nets at iteration 5 (MT total route time: 0.258 sec): 1674(overused: 5523)
Unrouted general nets at iteration 6 (MT total route time: 0.218 sec): 1524(overused: 4645)
Unrouted general nets at iteration 7 (MT total route time: 0.202 sec): 1123(overused: 3505)
Unrouted general nets at iteration 8 (MT total route time: 0.164 sec): 892(overused: 2468)
Unrouted general nets at iteration 9 (MT total route time: 0.135 sec): 678(overused: 1826)
Unrouted general nets at iteration 10 (MT total route time: 0.118 sec): 570(overused: 1408)
Unrouted general nets at iteration 11 (MT total route time: 0.090 sec): 460(overused: 1119)
Unrouted general nets at iteration 12 (MT total route time: 0.069 sec): 393(overused: 929)
Unrouted general nets at iteration 13 (MT total route time: 0.055 sec): 317(overused: 673)
Unrouted general nets at iteration 14 (MT total route time: 0.066 sec): 285(overused: 616)
Unrouted general nets at iteration 15 (MT total route time: 0.073 sec): 227(overused: 480)
Unrouted general nets at iteration 16 (MT total route time: 0.063 sec): 209(overused: 405)
Unrouted general nets at iteration 17 (MT total route time: 0.044 sec): 172(overused: 339)
Unrouted general nets at iteration 18 (MT total route time: 0.041 sec): 131(overused: 252)
Unrouted general nets at iteration 19 (MT total route time: 0.032 sec): 119(overused: 232)
Unrouted general nets at iteration 20 (MT total route time: 0.039 sec): 124(overused: 262)
Unrouted general nets at iteration 21 (MT total route time: 0.073 sec): 98(overused: 160)
Unrouted general nets at iteration 22 (MT total route time: 0.072 sec): 75(overused: 121)
Unrouted general nets at iteration 23 (MT total route time: 0.027 sec): 69(overused: 130)
Unrouted general nets at iteration 24 (MT total route time: 0.017 sec): 53(overused: 104)
Unrouted general nets at iteration 25 (MT total route time: 0.015 sec): 57(overused: 100)
Unrouted general nets at iteration 26 (MT total route time: 0.012 sec): 50(overused: 80)
Unrouted general nets at iteration 27 (MT total route time: 0.012 sec): 39(overused: 66)
Unrouted general nets at iteration 28 (MT total route time: 0.012 sec): 32(overused: 66)
Unrouted general nets at iteration 29 (MT total route time: 0.015 sec): 35(overused: 68)
Unrouted general nets at iteration 30 (MT total route time: 0.011 sec): 22(overused: 42)
Unrouted general nets at iteration 31 (MT total route time: 0.010 sec): 20(overused: 40)
Unrouted general nets at iteration 32 (MT total route time: 0.011 sec): 17(overused: 32)
Unrouted general nets at iteration 33 (MT total route time: 0.010 sec): 15(overused: 34)
Unrouted general nets at iteration 34 (MT total route time: 0.012 sec): 14(overused: 32)
Unrouted general nets at iteration 35 (MT total route time: 0.008 sec): 15(overused: 28)
Unrouted general nets at iteration 36 (MT total route time: 0.012 sec): 9(overused: 18)
Unrouted general nets at iteration 37 (MT total route time: 0.013 sec): 10(overused: 10)
Unrouted general nets at iteration 38 (MT total route time: 0.009 sec): 7(overused: 12)
Unrouted general nets at iteration 39 (MT total route time: 0.008 sec): 6(overused: 10)
Unrouted general nets at iteration 40 (MT total route time: 0.012 sec): 3(overused: 6)
Unrouted general nets at iteration 41 (MT total route time: 0.012 sec): 4(overused: 6)
Unrouted general nets at iteration 42 (MT total route time: 0.009 sec): 12(overused: 16)
Unrouted general nets at iteration 43 (MT total route time: 0.008 sec): 12(overused: 16)
Unrouted general nets at iteration 44 (MT total route time: 0.009 sec): 18(overused: 22)
Unrouted general nets at iteration 45 (MT total route time: 0.008 sec): 23(overused: 38)
Unrouted general nets at iteration 46 (MT total route time: 0.009 sec): 16(overused: 22)
Unrouted general nets at iteration 47 (MT total route time: 0.009 sec): 16(overused: 22)
Unrouted general nets at iteration 48 (MT total route time: 0.009 sec): 11(overused: 12)
Unrouted general nets at iteration 49 (MT total route time: 0.009 sec): 16(overused: 26)
Unrouted general nets at iteration 50 (MT total route time: 0.010 sec): 21(overused: 36)
Unrouted general nets at iteration 51 (MT total route time: 0.011 sec): 25(overused: 40)
Unrouted general nets at iteration 52 (MT total route time: 0.011 sec): 15(overused: 40)
Unrouted general nets at iteration 53 (MT total route time: 0.009 sec): 9(overused: 16)
Unrouted general nets at iteration 54 (MT total route time: 0.008 sec): 9(overused: 14)
Unrouted general nets at iteration 55 (MT total route time: 0.008 sec): 8(overused: 12)
Unrouted general nets at iteration 56 (MT total route time: 0.007 sec): 8(overused: 10)
Unrouted general nets at iteration 57 (MT total route time: 0.008 sec): 10(overused: 16)
Unrouted general nets at iteration 58 (MT total route time: 0.008 sec): 10(overused: 16)
Unrouted general nets at iteration 59 (MT total route time: 0.007 sec): 7(overused: 8)
Unrouted general nets at iteration 60 (MT total route time: 0.008 sec): 10(overused: 12)
Unrouted general nets at iteration 61 (MT total route time: 0.007 sec): 8(overused: 10)
Unrouted general nets at iteration 62 (MT total route time: 0.008 sec): 10(overused: 18)
Unrouted general nets at iteration 63 (MT total route time: 0.010 sec): 5(overused: 8)
Unrouted general nets at iteration 64 (MT total route time: 0.007 sec): 2(overused: 4)
Unrouted general nets at iteration 65 (MT total route time: 0.013 sec): 2(overused: 2)
Unrouted general nets at iteration 66 (MT total route time: 0.010 sec): 2(overused: 2)
Unrouted general nets at iteration 67 (MT total route time: 0.006 sec): 0(overused: 0)
----General net take 0.006 sec(route net take 0.000 sec, inc cost take 0.002 sec, iter times: 1)
----const net route take 0.008 sec
Unrouted nets at iteration 68 (0.016 sec): 0
Stage: after detail route | Performance: TNS = 0 ; WNS = 9226 ; THS = NA ; WHS = NA | Time (s): real = 0h:0m:13s ; cpu = 0h:0m:5s ; process = 0h:0m:11s | Memory (MB): curr = 423.167969 ; peak = 423.726563 | Checksum: 462BBE0B233BC3B8
Begin rip-up and reroute:
Rip-up and reroute takes 0.12 sec.
Stage: after ripup & reroute | Performance: TNS = 0 ; WNS = 9226 ; THS = NA ; WHS = NA | Time (s): real = 0h:0m:13s ; cpu = 0h:0m:5s ; process = 0h:0m:12s | Memory (MB): curr = 427.210938 ; peak = 428.464844 | Checksum: 5689598205199C66
Detailed routing takes 6.24 sec.
I: Design net genblk1[0].fan_pwm_tach_m/w_clk_1s_pos is routed by general path.
C: Route-2036: The clock path from genblk1[0].fan_pwm_tach_m/Edge_Detect_u1/N0/gateop:Z to clkbufgs_6:CLKIN is routed by SRB.
I: Design net nt_i_CLK_PAL_IN_25M is routed by general path.
C: Route-2036: The clock path from i_CLK_PAL_IN_25M_ibuf/opit_1:OUT to pll_inst/u_pll_e2/goppllinmuxd:CLK_IN[0] is routed by SRB.
Sort Original Nets take 0.001 sec
Check HPIO div result take 0.000 sec
Total net: 2917, route succeed net: 2917
Generate routing result take 0.006 sec
Handle PERMUX permutation take 0.107 sec
Handle const net take 0.011 sec
Handle route through take 0.032 sec
Used SRB routing arc is 23062.
Stage: after finish route | Performance: TNS = 0 ; WNS = 9226 ; THS = NA ; WHS = NA | Time (s): real = 0h:0m:13s ; cpu = 0h:0m:5s ; process = 0h:0m:12s | Memory (MB): curr = 404.914063 ; peak = 428.464844 | Checksum: E8265F08E472A98F
Finish routing takes 0.23 sec.
Total routing takes 8.71 sec.


Device Utilization Summary :
+----------------------------------------------------------------------------+
| Device Type                      | Used     | Available     | Util(%)     
+----------------------------------------------------------------------------+
| CLMA                             | 367      | 592           | 62          
| + FF                             | 789      | 3552          | 23          
| + LUT                            | 1053     | 2368          | 45          
|   + LUT as Logic                 | 867      |               |             
|   + LUT as Const                 | 180      |               |             
|   + LUT as Bypass                | 6        |               |             
| CLMS                             | 497      | 888           | 56          
| + FF                             | 1100     | 5328          | 21          
| + LUT                            | 1472     | 3552          | 42          
|   + LUT as Logic                 | 1291     |               |             
|   + LUT as Memory                | 0        |               |             
|     + LUT as Distributed RAM     | 0        |               |             
|   + LUT as Const                 | 161      |               |             
|   + LUT as Bypass                | 20       |               |             
| IO                               | 310      | 336           | 93          
| + IOBD                           | 21       | 21            | 100         
| + IOBR                           | 40       | 42            | 96          
| + IOBS                           | 249      | 273           | 92          
| BKCL                             | 6        | 6             | 100         
| CCS                              | 1        | 1             | 100         
| CLKDIV                           | 0        | 4             | 0           
| CLKDLY                           | 0        | 8             | 0           
| DLL                              | 0        | 2             | 0           
| DRM                              | 0        | 26            | 0           
| HARD0N1                          | 156      | 936           | 17          
| IOCKBRG                          | 0        | 2             | 0           
| IOCKGATE                         | 0        | 4             | 0           
| + IOCKGATE as Bypass             | 0        |               |             
| IOLDLYS                          | 140      | 252           | 56          
| IOLDLY                           | 57       | 84            | 68          
| IOL                              | 310      | 336           | 93          
| ISERDES                          | 0        | 21            | 0           
| LDO                              | 0        | 2             | 0           
| OSC                              | 0        | 1             | 0           
| OSERDES                          | 0        | 21            | 0           
| PLLINMUXD                        | 1        | 2             | 50          
| + PLLINMUXD as Bypass            | 0        |               |             
| PLL                              | 1        | 2             | 50          
| USCMDC                           | 2        | 8             | 25          
| + USCMDC as Bypass               | 0        |               |             
| USCMD                            | 0        | 2             | 0           
| + USCMD as Bypass                | 0        |               |             
| USSMBUF                          | 1        | 8             | 13          
| + USSMBUF as Bypass              | 0        |               |             
+----------------------------------------------------------------------------+

Finished routing. (CPU time elapsed 0h:00m:10s)
Design 'Tieta_Feiteng_1001_top' has been routed successfully.
Saving design to DB.
Action route: Export DB successfully.
Action route: Real time elapsed is 0h:0m:14s
Action route: CPU time elapsed is 0h:0m:11s
Action route: Process CPU time elapsed is 0h:0m:13s
Action route: Peak memory pool usage is 428 MB

Current time: Sat Mar 14 14:42:58 2026
