#Build: Fabric Compiler 2024.2-SP1.2, Build 187561, May 22 18:16 2025
#Install: C:\studyware\pango\PDS_2024.2-SP1.2-ads\bin
#Application name: pds_shell.exe
#OS: Windows 10 10.0.18363
#Hostname: z02665mj
Generated by Fabric Compiler (version 2024.2-SP1.2 build 187561) at Tue Apr 21 11:55:38 2026
Parameters for debugging are loaded as follows:
Compiling verification operator library.
Compiling common defs.
Compiling prim grid devices.
Compiling place grid timing.
Compiling gate devices.
Compiling gate operators.
Building architecture model.
Loading device packaging model.
Building architecture floorplan logic view.
Elaborate the liberty model.
I: Multithreading enabled for Timing using a maximum of 4 processes.

Routing started.
Build routing arch for double attribute device.
Enter timing driven router mode.
I: Multithreading enabled for route using a maximum of 1 processes.
W: Route-4027: Cannot find permit_rougth_thru_units.json file in working directory.
Building routing graph takes 0.35 sec.
Enable Recovery Analysis in Routing
Init coarse delay table.
Read place coarse delay table takes 0.06 sec.
build place dedicate switch graph takes 0.16 sec
Setup STE netlist take 566 msec.
Slack Weight : 90
CE/RS signal series limit : 500
Dispose control chain take 67 msec.
Collect const net info take 23 msec.
Total nets for routing: 2255.
Total loads for routing: 10478.
Direct connect net size: 1103
Build all design net take 152 msec.
Processing design graph takes 0.81 sec.
Delay table total memory: 4.79386520 MB
Route graph total memory: 10.70652008 MB
Route design total memory: 3.61116409 MB
The remaining process takes 0.05 sec.
Stage: after context initialize | Performance: TNS = 0 ; WNS = 11236 ; THS = NA ; WHS = NA | Time (s): real = 0h:0m:6s ; cpu = 0h:0m:3s ; process = 0h:0m:4s | Memory (MB): curr = 332.667969 ; peak = 351.992188 | Checksum: A98F85B897D4EA2
Global routing takes 0.00 sec.
Pin Cost Increasing Speed 300
Unrouted clock nets at iteration 0 (0.006 sec): 0
Stage: after clock route | Performance: TNS = 0 ; WNS = 11236 ; THS = NA ; WHS = NA | Time (s): real = 0h:0m:6s ; cpu = 0h:0m:3s ; process = 0h:0m:4s | Memory (MB): curr = 333.929688 ; peak = 351.992188 | Checksum: 751DA15EF621B6F8
Total route nets size: 2250
I: Start printing congestion info.
I: Finish printing congestion info.
Pre route takes 0.683 sec
Stage: after pre route | Performance: TNS = 0 ; WNS = 11623 ; THS = 0 ; WHS = 258 | Time (s): real = 0h:0m:6s ; cpu = 0h:0m:3s ; process = 0h:0m:5s | Memory (MB): curr = 380.843750 ; peak = 385.644531 | Checksum: 35422391D66006AB
Unrouted general nets at iteration 2 (MT total route time: 0.380 sec): 1829(overused: 10416)
Unrouted general nets at iteration 3 (MT total route time: 0.318 sec): 1608(overused: 6634)
Unrouted general nets at iteration 4 (MT total route time: 0.244 sec): 1416(overused: 5234)
Unrouted general nets at iteration 5 (MT total route time: 0.194 sec): 1310(overused: 4192)
Unrouted general nets at iteration 6 (MT total route time: 0.157 sec): 1213(overused: 3670)
Unrouted general nets at iteration 7 (MT total route time: 0.140 sec): 804(overused: 2649)
Unrouted general nets at iteration 8 (MT total route time: 0.112 sec): 622(overused: 1865)
Unrouted general nets at iteration 9 (MT total route time: 0.088 sec): 504(overused: 1402)
Unrouted general nets at iteration 10 (MT total route time: 0.068 sec): 409(overused: 1058)
Unrouted general nets at iteration 11 (MT total route time: 0.061 sec): 333(overused: 854)
Unrouted general nets at iteration 12 (MT total route time: 0.058 sec): 281(overused: 714)
Unrouted general nets at iteration 13 (MT total route time: 0.051 sec): 239(overused: 530)
Unrouted general nets at iteration 14 (MT total route time: 0.036 sec): 204(overused: 446)
Unrouted general nets at iteration 15 (MT total route time: 0.034 sec): 174(overused: 350)
Unrouted general nets at iteration 16 (MT total route time: 0.029 sec): 140(overused: 299)
Unrouted general nets at iteration 17 (MT total route time: 0.026 sec): 122(overused: 249)
Unrouted general nets at iteration 18 (MT total route time: 0.024 sec): 118(overused: 208)
Unrouted general nets at iteration 19 (MT total route time: 0.019 sec): 105(overused: 188)
Unrouted general nets at iteration 20 (MT total route time: 0.021 sec): 85(overused: 156)
Unrouted general nets at iteration 21 (MT total route time: 0.016 sec): 64(overused: 100)
Unrouted general nets at iteration 22 (MT total route time: 0.015 sec): 43(overused: 64)
Unrouted general nets at iteration 23 (MT total route time: 0.011 sec): 30(overused: 42)
Unrouted general nets at iteration 24 (MT total route time: 0.010 sec): 23(overused: 38)
Unrouted general nets at iteration 25 (MT total route time: 0.010 sec): 15(overused: 24)
Unrouted general nets at iteration 26 (MT total route time: 0.007 sec): 13(overused: 22)
Unrouted general nets at iteration 27 (MT total route time: 0.014 sec): 10(overused: 12)
Unrouted general nets at iteration 28 (MT total route time: 0.008 sec): 13(overused: 24)
Unrouted general nets at iteration 29 (MT total route time: 0.010 sec): 20(overused: 34)
Unrouted general nets at iteration 30 (MT total route time: 0.013 sec): 18(overused: 22)
Unrouted general nets at iteration 31 (MT total route time: 0.008 sec): 15(overused: 18)
Unrouted general nets at iteration 32 (MT total route time: 0.008 sec): 13(overused: 16)
Unrouted general nets at iteration 33 (MT total route time: 0.007 sec): 9(overused: 10)
Unrouted general nets at iteration 34 (MT total route time: 0.006 sec): 7(overused: 8)
Unrouted general nets at iteration 35 (MT total route time: 0.006 sec): 5(overused: 8)
Unrouted general nets at iteration 36 (MT total route time: 0.009 sec): 10(overused: 20)
Unrouted general nets at iteration 37 (MT total route time: 0.006 sec): 4(overused: 6)
Unrouted general nets at iteration 38 (MT total route time: 0.006 sec): 3(overused: 4)
Unrouted general nets at iteration 39 (MT total route time: 0.010 sec): 8(overused: 16)
Unrouted general nets at iteration 40 (MT total route time: 0.007 sec): 4(overused: 4)
Unrouted general nets at iteration 41 (MT total route time: 0.006 sec): 2(overused: 4)
Unrouted general nets at iteration 42 (MT total route time: 0.005 sec): 0(overused: 0)
----General net take 0.005 sec(route net take 0.000 sec, inc cost take 0.002 sec, iter times: 1)
----const net route take 0.005 sec
Unrouted nets at iteration 43 (0.011 sec): 0
Stage: after detail route | Performance: TNS = 0 ; WNS = 10552 ; THS = NA ; WHS = NA | Time (s): real = 0h:0m:9s ; cpu = 0h:0m:4s ; process = 0h:0m:8s | Memory (MB): curr = 385.878906 ; peak = 387.304688 | Checksum: 572BEB63A2BB7FEA
Begin rip-up and reroute:
Rip-up and reroute takes 0.10 sec.
Stage: after ripup & reroute | Performance: TNS = 0 ; WNS = 10555 ; THS = NA ; WHS = NA | Time (s): real = 0h:0m:9s ; cpu = 0h:0m:4s ; process = 0h:0m:8s | Memory (MB): curr = 390.511719 ; peak = 390.574219 | Checksum: D1088374BA4A2B29
Detailed routing takes 3.58 sec.
I: Design net nt_i_CLK_C42_IN_25M is routed by general path.
C: Route-2036: The clock path from i_CLK_C42_IN_25M_ibuf/opit_1:OUT to pll_inst/u_pll_e2/goppllinmuxd:CLK_IN[0] is routed by SRB.
Sort Original Nets take 0.001 sec
Check HPIO div result take 0.000 sec
Total net: 2255, route succeed net: 2255
Generate routing result take 0.007 sec
Handle PERMUX permutation take 0.123 sec
Handle const net take 0.011 sec
Handle route through take 0.036 sec
Used SRB routing arc is 18119.
Stage: after finish route | Performance: TNS = 0 ; WNS = 10555 ; THS = NA ; WHS = NA | Time (s): real = 0h:0m:10s ; cpu = 0h:0m:4s ; process = 0h:0m:9s | Memory (MB): curr = 372.425781 ; peak = 390.574219 | Checksum: 16D9ECC0FA2E5D62
Finish routing takes 0.26 sec.
Total routing takes 5.14 sec.


Device Utilization Summary :
+----------------------------------------------------------------------------+
| Device Type                      | Used     | Available     | Util(%)     
+----------------------------------------------------------------------------+
| CLMA                             | 274      | 592           | 47          
| + FF                             | 607      | 3552          | 18          
| + LUT                            | 720      | 2368          | 31          
|   + LUT as Logic                 | 607      |               |             
|   + LUT as Const                 | 101      |               |             
|   + LUT as Bypass                | 12       |               |             
| CLMS                             | 389      | 888           | 44          
| + FF                             | 918      | 5328          | 18          
| + LUT                            | 1002     | 3552          | 29          
|   + LUT as Logic                 | 905      |               |             
|   + LUT as Memory                | 0        |               |             
|     + LUT as Distributed RAM     | 0        |               |             
|   + LUT as Const                 | 89       |               |             
|   + LUT as Bypass                | 8        |               |             
| IO                               | 287      | 336           | 86          
| + IOBD                           | 19       | 21            | 91          
| + IOBR                           | 37       | 42            | 89          
| + IOBS                           | 231      | 273           | 85          
| BKCL                             | 6        | 6             | 100         
| CCS                              | 1        | 1             | 100         
| CLKDIV                           | 0        | 4             | 0           
| CLKDLY                           | 0        | 8             | 0           
| DLL                              | 0        | 2             | 0           
| DRM                              | 0        | 26            | 0           
| HARD0N1                          | 85       | 936           | 10          
| IOCKBRG                          | 0        | 2             | 0           
| IOCKGATE                         | 0        | 4             | 0           
| + IOCKGATE as Bypass             | 0        |               |             
| IOLDLYS                          | 131      | 252           | 52          
| IOLDLY                           | 44       | 84            | 53          
| IOL                              | 287      | 336           | 86          
| ISERDES                          | 0        | 21            | 0           
| LDO                              | 0        | 2             | 0           
| OSC                              | 0        | 1             | 0           
| OSERDES                          | 0        | 21            | 0           
| PLLINMUXD                        | 1        | 2             | 50          
| + PLLINMUXD as Bypass            | 0        |               |             
| PLL                              | 1        | 2             | 50          
| USCMDC                           | 1        | 8             | 13          
| + USCMDC as Bypass               | 0        |               |             
| USCMD                            | 0        | 2             | 0           
| + USCMD as Bypass                | 0        |               |             
| USSMBUF                          | 0        | 8             | 0           
| + USSMBUF as Bypass              | 0        |               |             
+----------------------------------------------------------------------------+

Finished routing. (CPU time elapsed 0h:00m:07s)
Design 'Tieta_Feiteng_2001_top' has been routed successfully.
Saving design to DB.
Action route: Export DB successfully.
Action route: Real time elapsed is 0h:0m:10s
Action route: CPU time elapsed is 0h:0m:8s
Action route: Process CPU time elapsed is 0h:0m:10s
Action route: Peak memory pool usage is 390 MB

Current time: Tue Apr 21 11:55:46 2026
