#Build: Fabric Compiler 2024.2-SP1.2, Build 187561, May 22 18:16 2025
#Install: C:\studyware\pango\PDS_2024.2-SP1.2-ads\bin
#Application name: pds_shell.exe
#OS: Windows 10 10.0.18363
#Hostname: z02665mj
Generated by Fabric Compiler (version 2024.2-SP1.2 build 187561) at Fri Mar 27 17:45:01 2026
Parameters for debugging are loaded as follows:
Compiling verification operator library.
Compiling common defs.
Compiling prim grid devices.
Compiling place grid timing.
Compiling gate devices.
Compiling gate operators.
Building architecture model.
Loading device packaging model.
Building architecture floorplan logic view.
Elaborate the liberty model.
I: Multithreading enabled for Timing using a maximum of 4 processes.

Routing started.
Build routing arch for double attribute device.
Enter timing driven router mode.
I: Multithreading enabled for route using a maximum of 1 processes.
W: Route-4027: Cannot find permit_rougth_thru_units.json file in working directory.
Building routing graph takes 0.38 sec.
Enable Recovery Analysis in Routing
Init coarse delay table.
Read place coarse delay table takes 0.03 sec.
build place dedicate switch graph takes 0.16 sec
Setup STE netlist take 483 msec.
Slack Weight : 90
CE/RS signal series limit : 500
Dispose control chain take 59 msec.
Collect const net info take 20 msec.
Total nets for routing: 2245.
Total loads for routing: 10412.
Direct connect net size: 1067
Build all design net take 157 msec.
Processing design graph takes 0.72 sec.
Delay table total memory: 4.79386520 MB
Route graph total memory: 10.70426178 MB
Route design total memory: 3.53183365 MB
The remaining process takes 0.04 sec.
Stage: after context initialize | Performance: TNS = 0 ; WNS = 11357 ; THS = NA ; WHS = NA | Time (s): real = 0h:0m:5s ; cpu = 0h:0m:3s ; process = 0h:0m:4s | Memory (MB): curr = 331.039063 ; peak = 350.757813 | Checksum: 7AC2FDB9B3281C3
Global routing takes 0.00 sec.
Pin Cost Increasing Speed 300
Unrouted clock nets at iteration 0 (0.006 sec): 0
Stage: after clock route | Performance: TNS = 0 ; WNS = 11357 ; THS = NA ; WHS = NA | Time (s): real = 0h:0m:5s ; cpu = 0h:0m:3s ; process = 0h:0m:4s | Memory (MB): curr = 332.304688 ; peak = 350.757813 | Checksum: 202F2C1FE90363ED
Total route nets size: 2240
I: Start printing congestion info.
I: Finish printing congestion info.
Pre route takes 0.629 sec
Stage: after pre route | Performance: TNS = 0 ; WNS = 11793 ; THS = 0 ; WHS = 255 | Time (s): real = 0h:0m:6s ; cpu = 0h:0m:3s ; process = 0h:0m:5s | Memory (MB): curr = 382.511719 ; peak = 387.144531 | Checksum: 21219A3D26773D58
Unrouted general nets at iteration 2 (MT total route time: 0.355 sec): 1843(overused: 10429)
Unrouted general nets at iteration 3 (MT total route time: 0.342 sec): 1609(overused: 6636)
Unrouted general nets at iteration 4 (MT total route time: 0.257 sec): 1435(overused: 5374)
Unrouted general nets at iteration 5 (MT total route time: 0.187 sec): 1287(overused: 4198)
Unrouted general nets at iteration 6 (MT total route time: 0.151 sec): 1169(overused: 3595)
Unrouted general nets at iteration 7 (MT total route time: 0.117 sec): 770(overused: 2665)
Unrouted general nets at iteration 8 (MT total route time: 0.102 sec): 599(overused: 1625)
Unrouted general nets at iteration 9 (MT total route time: 0.072 sec): 437(overused: 1180)
Unrouted general nets at iteration 10 (MT total route time: 0.071 sec): 383(overused: 937)
Unrouted general nets at iteration 11 (MT total route time: 0.053 sec): 310(overused: 740)
Unrouted general nets at iteration 12 (MT total route time: 0.043 sec): 251(overused: 549)
Unrouted general nets at iteration 13 (MT total route time: 0.035 sec): 174(overused: 389)
Unrouted general nets at iteration 14 (MT total route time: 0.024 sec): 159(overused: 332)
Unrouted general nets at iteration 15 (MT total route time: 0.027 sec): 155(overused: 349)
Unrouted general nets at iteration 16 (MT total route time: 0.027 sec): 129(overused: 314)
Unrouted general nets at iteration 17 (MT total route time: 0.024 sec): 94(overused: 201)
Unrouted general nets at iteration 18 (MT total route time: 0.019 sec): 98(overused: 192)
Unrouted general nets at iteration 19 (MT total route time: 0.015 sec): 82(overused: 154)
Unrouted general nets at iteration 20 (MT total route time: 0.014 sec): 58(overused: 114)
Unrouted general nets at iteration 21 (MT total route time: 0.014 sec): 52(overused: 112)
Unrouted general nets at iteration 22 (MT total route time: 0.017 sec): 49(overused: 104)
Unrouted general nets at iteration 23 (MT total route time: 0.017 sec): 45(overused: 88)
Unrouted general nets at iteration 24 (MT total route time: 0.008 sec): 31(overused: 56)
Unrouted general nets at iteration 25 (MT total route time: 0.007 sec): 28(overused: 42)
Unrouted general nets at iteration 26 (MT total route time: 0.009 sec): 28(overused: 42)
Unrouted general nets at iteration 27 (MT total route time: 0.009 sec): 29(overused: 42)
Unrouted general nets at iteration 28 (MT total route time: 0.011 sec): 25(overused: 44)
Unrouted general nets at iteration 29 (MT total route time: 0.008 sec): 22(overused: 34)
Unrouted general nets at iteration 30 (MT total route time: 0.007 sec): 20(overused: 34)
Unrouted general nets at iteration 31 (MT total route time: 0.007 sec): 21(overused: 40)
Unrouted general nets at iteration 32 (MT total route time: 0.007 sec): 22(overused: 36)
Unrouted general nets at iteration 33 (MT total route time: 0.007 sec): 7(overused: 8)
Unrouted general nets at iteration 34 (MT total route time: 0.004 sec): 2(overused: 2)
Unrouted general nets at iteration 35 (MT total route time: 0.004 sec): 2(overused: 2)
Unrouted general nets at iteration 36 (MT total route time: 0.004 sec): 2(overused: 2)
Unrouted general nets at iteration 37 (MT total route time: 0.005 sec): 0(overused: 0)
----General net take 0.005 sec(route net take 0.000 sec, inc cost take 0.002 sec, iter times: 1)
----const net route take 0.005 sec
Unrouted nets at iteration 38 (0.011 sec): 0
Stage: after detail route | Performance: TNS = 0 ; WNS = 10496 ; THS = NA ; WHS = NA | Time (s): real = 0h:0m:9s ; cpu = 0h:0m:4s ; process = 0h:0m:8s | Memory (MB): curr = 389.535156 ; peak = 389.878906 | Checksum: A9B57EA09DC27985
Begin rip-up and reroute:
Rip-up and reroute takes 0.09 sec.
Stage: after ripup & reroute | Performance: TNS = 0 ; WNS = 10495 ; THS = NA ; WHS = NA | Time (s): real = 0h:0m:9s ; cpu = 0h:0m:4s ; process = 0h:0m:8s | Memory (MB): curr = 393.710938 ; peak = 393.765625 | Checksum: 905B5C80B1941B02
Detailed routing takes 3.20 sec.
I: Design net nt_i_CLK_C42_IN_25M is routed by general path.
C: Route-2036: The clock path from i_CLK_C42_IN_25M_ibuf/opit_1:OUT to pll_inst/u_pll_e2/goppllinmuxd:CLK_IN[0] is routed by SRB.
Sort Original Nets take 0.000 sec
Check HPIO div result take 0.000 sec
Total net: 2245, route succeed net: 2245
Generate routing result take 0.004 sec
Handle PERMUX permutation take 0.077 sec
Handle const net take 0.006 sec
Handle route through take 0.026 sec
Used SRB routing arc is 17968.
Stage: after finish route | Performance: TNS = 0 ; WNS = 10495 ; THS = NA ; WHS = NA | Time (s): real = 0h:0m:9s ; cpu = 0h:0m:4s ; process = 0h:0m:8s | Memory (MB): curr = 375.667969 ; peak = 393.765625 | Checksum: F3CA694F327D2236
Finish routing takes 0.17 sec.
Total routing takes 4.60 sec.


Device Utilization Summary :
+----------------------------------------------------------------------------+
| Device Type                      | Used     | Available     | Util(%)     
+----------------------------------------------------------------------------+
| CLMA                             | 283      | 592           | 48          
| + FF                             | 632      | 3552          | 18          
| + LUT                            | 737      | 2368          | 32          
|   + LUT as Logic                 | 616      |               |             
|   + LUT as Const                 | 107      |               |             
|   + LUT as Bypass                | 14       |               |             
| CLMS                             | 391      | 888           | 45          
| + FF                             | 893      | 5328          | 17          
| + LUT                            | 995      | 3552          | 29          
|   + LUT as Logic                 | 895      |               |             
|   + LUT as Memory                | 0        |               |             
|     + LUT as Distributed RAM     | 0        |               |             
|   + LUT as Const                 | 96       |               |             
|   + LUT as Bypass                | 4        |               |             
| IO                               | 269      | 336           | 81          
| + IOBD                           | 20       | 21            | 96          
| + IOBR                           | 31       | 42            | 74          
| + IOBS                           | 218      | 273           | 80          
| BKCL                             | 6        | 6             | 100         
| CCS                              | 1        | 1             | 100         
| CLKDIV                           | 0        | 4             | 0           
| CLKDLY                           | 0        | 8             | 0           
| DLL                              | 0        | 2             | 0           
| DRM                              | 0        | 26            | 0           
| HARD0N1                          | 71       | 936           | 8           
| IOCKBRG                          | 0        | 2             | 0           
| IOCKGATE                         | 0        | 4             | 0           
| + IOCKGATE as Bypass             | 0        |               |             
| IOLDLYS                          | 127      | 252           | 51          
| IOLDLY                           | 39       | 84            | 47          
| IOL                              | 269      | 336           | 81          
| ISERDES                          | 0        | 21            | 0           
| LDO                              | 0        | 2             | 0           
| OSC                              | 0        | 1             | 0           
| OSERDES                          | 0        | 21            | 0           
| PLLINMUXD                        | 1        | 2             | 50          
| + PLLINMUXD as Bypass            | 0        |               |             
| PLL                              | 1        | 2             | 50          
| USCMDC                           | 1        | 8             | 13          
| + USCMDC as Bypass               | 0        |               |             
| USCMD                            | 0        | 2             | 0           
| + USCMD as Bypass                | 0        |               |             
| USSMBUF                          | 0        | 8             | 0           
| + USSMBUF as Bypass              | 0        |               |             
+----------------------------------------------------------------------------+

Finished routing. (CPU time elapsed 0h:00m:07s)
Design 'Tieta_Feiteng_2001_top' has been routed successfully.
Saving design to DB.
Action route: Export DB successfully.
Action route: Real time elapsed is 0h:0m:10s
Action route: CPU time elapsed is 0h:0m:8s
Action route: Process CPU time elapsed is 0h:0m:9s
Action route: Peak memory pool usage is 393 MB

Current time: Fri Mar 27 17:45:09 2026
