#Build: Fabric Compiler 2024.2-SP1.2, Build 187561, May 22 18:16 2025
#Install: C:\studyware\pango\PDS_2024.2-SP1.2-ads\bin
#Application name: pds_shell.exe
#OS: Windows 10 10.0.18363
#Hostname: z02665mj
Generated by Fabric Compiler (version 2024.2-SP1.2 build 187561) at Sat Mar  7 15:27:00 2026
Parameters for debugging are loaded as follows:
Compiling verification operator library.
Compiling common defs.
Compiling prim grid devices.
Compiling place grid timing.
Compiling gate devices.
Compiling gate operators.
Building architecture model.
Loading device packaging model.
Building architecture floorplan logic view.
Elaborate the liberty model.
I: Multithreading enabled for Timing using a maximum of 4 processes.

Routing started.
Build routing arch for double attribute device.
Enter timing driven router mode.
I: Multithreading enabled for route using a maximum of 1 processes.
W: Route-4027: Cannot find permit_rougth_thru_units.json file in working directory.
Building routing graph takes 0.35 sec.
Enable Recovery Analysis in Routing
Init coarse delay table.
Read place coarse delay table takes 0.02 sec.
build place dedicate switch graph takes 0.17 sec
Setup STE netlist take 487 msec.
Slack Weight : 90
CE/RS signal series limit : 500
Dispose control chain take 48 msec.
Collect const net info take 21 msec.
Total nets for routing: 1828.
Total loads for routing: 8631.
Direct connect net size: 1028
Build all design net take 127 msec.
Processing design graph takes 0.69 sec.
Delay table total memory: 4.79386520 MB
Route graph total memory: 10.53756332 MB
Route design total memory: 3.36587143 MB
The remaining process takes 0.03 sec.
Stage: after context initialize | Performance: TNS = 0 ; WNS = 12963 ; THS = NA ; WHS = NA | Time (s): real = 0h:0m:5s ; cpu = 0h:0m:3s ; process = 0h:0m:4s | Memory (MB): curr = 326.054688 ; peak = 343.835938 | Checksum: 8EA1200548AECC35
Global routing takes 0.00 sec.
Pin Cost Increasing Speed 300
Unrouted clock nets at iteration 0 (0.005 sec): 0
Stage: after clock route | Performance: TNS = 0 ; WNS = 12963 ; THS = NA ; WHS = NA | Time (s): real = 0h:0m:5s ; cpu = 0h:0m:3s ; process = 0h:0m:4s | Memory (MB): curr = 327.187500 ; peak = 343.835938 | Checksum: 975F5CF6DF0F1FA9
Total route nets size: 1823
I: Start printing congestion info.
I: Finish printing congestion info.
Pre route takes 0.533 sec
Stage: after pre route | Performance: TNS = 0 ; WNS = 12824 ; THS = 0 ; WHS = 258 | Time (s): real = 0h:0m:6s ; cpu = 0h:0m:3s ; process = 0h:0m:5s | Memory (MB): curr = 360.988281 ; peak = 365.625000 | Checksum: 467C61A46A73BF1B
Unrouted general nets at iteration 2 (MT total route time: 0.302 sec): 1487(overused: 8922)
Unrouted general nets at iteration 3 (MT total route time: 0.239 sec): 1342(overused: 5638)
Unrouted general nets at iteration 4 (MT total route time: 0.201 sec): 1180(overused: 4547)
Unrouted general nets at iteration 5 (MT total route time: 0.166 sec): 1082(overused: 3654)
Unrouted general nets at iteration 6 (MT total route time: 0.142 sec): 999(overused: 3082)
Unrouted general nets at iteration 7 (MT total route time: 0.107 sec): 623(overused: 2233)
Unrouted general nets at iteration 8 (MT total route time: 0.093 sec): 509(overused: 1598)
Unrouted general nets at iteration 9 (MT total route time: 0.078 sec): 408(overused: 1121)
Unrouted general nets at iteration 10 (MT total route time: 0.056 sec): 326(overused: 822)
Unrouted general nets at iteration 11 (MT total route time: 0.049 sec): 266(overused: 652)
Unrouted general nets at iteration 12 (MT total route time: 0.041 sec): 226(overused: 520)
Unrouted general nets at iteration 13 (MT total route time: 0.032 sec): 190(overused: 414)
Unrouted general nets at iteration 14 (MT total route time: 0.028 sec): 160(overused: 331)
Unrouted general nets at iteration 15 (MT total route time: 0.025 sec): 140(overused: 296)
Unrouted general nets at iteration 16 (MT total route time: 0.018 sec): 91(overused: 186)
Unrouted general nets at iteration 17 (MT total route time: 0.015 sec): 79(overused: 146)
Unrouted general nets at iteration 18 (MT total route time: 0.014 sec): 68(overused: 136)
Unrouted general nets at iteration 19 (MT total route time: 0.012 sec): 58(overused: 106)
Unrouted general nets at iteration 20 (MT total route time: 0.012 sec): 52(overused: 96)
Unrouted general nets at iteration 21 (MT total route time: 0.017 sec): 56(overused: 120)
Unrouted general nets at iteration 22 (MT total route time: 0.015 sec): 53(overused: 104)
Unrouted general nets at iteration 23 (MT total route time: 0.012 sec): 45(overused: 104)
Unrouted general nets at iteration 24 (MT total route time: 0.009 sec): 42(overused: 76)
Unrouted general nets at iteration 25 (MT total route time: 0.010 sec): 33(overused: 76)
Unrouted general nets at iteration 26 (MT total route time: 0.008 sec): 31(overused: 48)
Unrouted general nets at iteration 27 (MT total route time: 0.007 sec): 24(overused: 46)
Unrouted general nets at iteration 28 (MT total route time: 0.006 sec): 16(overused: 24)
Unrouted general nets at iteration 29 (MT total route time: 0.005 sec): 15(overused: 32)
Unrouted general nets at iteration 30 (MT total route time: 0.004 sec): 12(overused: 20)
Unrouted general nets at iteration 31 (MT total route time: 0.004 sec): 11(overused: 16)
Unrouted general nets at iteration 32 (MT total route time: 0.005 sec): 9(overused: 16)
Unrouted general nets at iteration 33 (MT total route time: 0.005 sec): 8(overused: 12)
Unrouted general nets at iteration 34 (MT total route time: 0.005 sec): 8(overused: 12)
Unrouted general nets at iteration 35 (MT total route time: 0.008 sec): 5(overused: 6)
Unrouted general nets at iteration 36 (MT total route time: 0.004 sec): 5(overused: 10)
Unrouted general nets at iteration 37 (MT total route time: 0.003 sec): 5(overused: 8)
Unrouted general nets at iteration 38 (MT total route time: 0.003 sec): 8(overused: 12)
Unrouted general nets at iteration 39 (MT total route time: 0.004 sec): 6(overused: 10)
Unrouted general nets at iteration 40 (MT total route time: 0.004 sec): 4(overused: 6)
Unrouted general nets at iteration 41 (MT total route time: 0.004 sec): 4(overused: 4)
Unrouted general nets at iteration 42 (MT total route time: 0.004 sec): 3(overused: 8)
Unrouted general nets at iteration 43 (MT total route time: 0.004 sec): 2(overused: 2)
Unrouted general nets at iteration 44 (MT total route time: 0.004 sec): 0(overused: 0)
----General net take 0.003 sec(route net take 0.000 sec, inc cost take 0.001 sec, iter times: 1)
----const net route take 0.004 sec
Unrouted nets at iteration 45 (0.008 sec): 0
Stage: after detail route | Performance: TNS = 0 ; WNS = 11731 ; THS = NA ; WHS = NA | Time (s): real = 0h:0m:8s ; cpu = 0h:0m:3s ; process = 0h:0m:7s | Memory (MB): curr = 367.585938 ; peak = 367.933594 | Checksum: ABD2E12BFB537E6
Begin rip-up and reroute:
Rip-up and reroute takes 0.07 sec.
Stage: after ripup & reroute | Performance: TNS = 0 ; WNS = 11746 ; THS = NA ; WHS = NA | Time (s): real = 0h:0m:8s ; cpu = 0h:0m:3s ; process = 0h:0m:7s | Memory (MB): curr = 371.191406 ; peak = 371.250000 | Checksum: C2BF263320DED3A7
Detailed routing takes 2.79 sec.
I: Design net nt_i_CLK_C42_IN_25M is routed by general path.
C: Route-2036: The clock path from i_CLK_C42_IN_25M_ibuf/opit_1:OUT to pll_inst/u_pll_e2/goppllinmuxd:CLK_IN[0] is routed by SRB.
Sort Original Nets take 0.001 sec
Check HPIO div result take 0.000 sec
Total net: 1828, route succeed net: 1828
Generate routing result take 0.006 sec
Handle PERMUX permutation take 0.078 sec
Handle const net take 0.007 sec
Handle route through take 0.032 sec
Used SRB routing arc is 15107.
Stage: after finish route | Performance: TNS = 0 ; WNS = 11746 ; THS = NA ; WHS = NA | Time (s): real = 0h:0m:8s ; cpu = 0h:0m:4s ; process = 0h:0m:8s | Memory (MB): curr = 354.816406 ; peak = 371.250000 | Checksum: 1FA4D83EB7DA9CB9
Finish routing takes 0.18 sec.
Total routing takes 4.12 sec.


Device Utilization Summary :
+----------------------------------------------------------------------------+
| Device Type                      | Used     | Available     | Util(%)     
+----------------------------------------------------------------------------+
| CLMA                             | 246      | 592           | 42          
| + FF                             | 527      | 3552          | 15          
| + LUT                            | 623      | 2368          | 27          
|   + LUT as Logic                 | 500      |               |             
|   + LUT as Const                 | 101      |               |             
|   + LUT as Bypass                | 22       |               |             
| CLMS                             | 307      | 888           | 35          
| + FF                             | 729      | 5328          | 14          
| + LUT                            | 771      | 3552          | 22          
|   + LUT as Logic                 | 692      |               |             
|   + LUT as Memory                | 0        |               |             
|     + LUT as Distributed RAM     | 0        |               |             
|   + LUT as Const                 | 73       |               |             
|   + LUT as Bypass                | 6        |               |             
| IO                               | 287      | 336           | 86          
| + IOBD                           | 19       | 21            | 91          
| + IOBR                           | 37       | 42            | 89          
| + IOBS                           | 231      | 273           | 85          
| BKCL                             | 6        | 6             | 100         
| CCS                              | 1        | 1             | 100         
| CLKDIV                           | 0        | 4             | 0           
| CLKDLY                           | 0        | 8             | 0           
| DLL                              | 0        | 2             | 0           
| DRM                              | 0        | 26            | 0           
| HARD0N1                          | 57       | 936           | 7           
| IOCKBRG                          | 0        | 2             | 0           
| IOCKGATE                         | 0        | 4             | 0           
| + IOCKGATE as Bypass             | 0        |               |             
| IOLDLYS                          | 131      | 252           | 52          
| IOLDLY                           | 38       | 84            | 46          
| IOL                              | 287      | 336           | 86          
| ISERDES                          | 0        | 21            | 0           
| LDO                              | 0        | 2             | 0           
| OSC                              | 0        | 1             | 0           
| OSERDES                          | 0        | 21            | 0           
| PLLINMUXD                        | 1        | 2             | 50          
| + PLLINMUXD as Bypass            | 0        |               |             
| PLL                              | 1        | 2             | 50          
| USCMDC                           | 1        | 8             | 13          
| + USCMDC as Bypass               | 0        |               |             
| USCMD                            | 0        | 2             | 0           
| + USCMD as Bypass                | 0        |               |             
| USSMBUF                          | 0        | 8             | 0           
| + USSMBUF as Bypass              | 0        |               |             
+----------------------------------------------------------------------------+

Finished routing. (CPU time elapsed 0h:00m:06s)
Design 'Tieta_Feiteng_2001_top' has been routed successfully.
Saving design to DB.
Action route: Export DB successfully.
Action route: Real time elapsed is 0h:0m:9s
Action route: CPU time elapsed is 0h:0m:7s
Action route: Process CPU time elapsed is 0h:0m:8s
Action route: Peak memory pool usage is 371 MB

Current time: Sat Mar  7 15:27:07 2026
