#Build: Fabric Compiler 2024.2-SP1.2, Build 187561, May 22 18:16 2025
#Install: C:\studyware\pango\PDS_2024.2-SP1.2-ads\bin
#Application name: pds_shell.exe
#OS: Windows 10 10.0.18363
#Hostname: z02665mj
Generated by Fabric Compiler (version 2024.2-SP1.2 build 187561) at Sat Mar  7 15:03:23 2026
Parameters for debugging are loaded as follows:
Compiling verification operator library.
Compiling common defs.
Compiling prim grid devices.
Compiling place grid timing.
Compiling gate devices.
Compiling gate operators.
Building architecture model.
Loading device packaging model.
Building architecture floorplan logic view.
Elaborate the liberty model.
I: Multithreading enabled for Timing using a maximum of 4 processes.

Routing started.
Build routing arch for double attribute device.
Enter timing driven router mode.
I: Multithreading enabled for route using a maximum of 1 processes.
W: Route-4027: Cannot find permit_rougth_thru_units.json file in working directory.
Building routing graph takes 0.32 sec.
Enable Recovery Analysis in Routing
Init coarse delay table.
Read place coarse delay table takes 0.06 sec.
build place dedicate switch graph takes 0.13 sec
Setup STE netlist take 456 msec.
Slack Weight : 90
CE/RS signal series limit : 500
Dispose control chain take 51 msec.
Collect const net info take 18 msec.
Total nets for routing: 1820.
Total loads for routing: 8586.
Direct connect net size: 1035
Build all design net take 129 msec.
Processing design graph takes 0.66 sec.
Delay table total memory: 4.79386520 MB
Route graph total memory: 10.53512955 MB
Route design total memory: 3.36377335 MB
The remaining process takes 0.03 sec.
Stage: after context initialize | Performance: TNS = 0 ; WNS = 12829 ; THS = NA ; WHS = NA | Time (s): real = 0h:0m:5s ; cpu = 0h:0m:3s ; process = 0h:0m:4s | Memory (MB): curr = 326.332031 ; peak = 343.203125 | Checksum: 95065E2F09CCFEBF
Global routing takes 0.00 sec.
Pin Cost Increasing Speed 300
Unrouted clock nets at iteration 0 (0.005 sec): 0
Stage: after clock route | Performance: TNS = 0 ; WNS = 12829 ; THS = NA ; WHS = NA | Time (s): real = 0h:0m:5s ; cpu = 0h:0m:3s ; process = 0h:0m:4s | Memory (MB): curr = 327.148438 ; peak = 343.203125 | Checksum: E18644BD9642641A
Total route nets size: 1815
I: Start printing congestion info.
I: Finish printing congestion info.
Pre route takes 0.527 sec
Stage: after pre route | Performance: TNS = 0 ; WNS = 12894 ; THS = 0 ; WHS = 256 | Time (s): real = 0h:0m:6s ; cpu = 0h:0m:3s ; process = 0h:0m:5s | Memory (MB): curr = 364.722656 ; peak = 369.214844 | Checksum: 3EAA7A7F14B1C280
Unrouted general nets at iteration 2 (MT total route time: 0.289 sec): 1463(overused: 8859)
Unrouted general nets at iteration 3 (MT total route time: 0.240 sec): 1309(overused: 5573)
Unrouted general nets at iteration 4 (MT total route time: 0.187 sec): 1197(overused: 4544)
Unrouted general nets at iteration 5 (MT total route time: 0.157 sec): 1096(overused: 3719)
Unrouted general nets at iteration 6 (MT total route time: 0.141 sec): 990(overused: 3186)
Unrouted general nets at iteration 7 (MT total route time: 0.110 sec): 631(overused: 2227)
Unrouted general nets at iteration 8 (MT total route time: 0.093 sec): 509(overused: 1442)
Unrouted general nets at iteration 9 (MT total route time: 0.072 sec): 384(overused: 1166)
Unrouted general nets at iteration 10 (MT total route time: 0.071 sec): 337(overused: 952)
Unrouted general nets at iteration 11 (MT total route time: 0.049 sec): 279(overused: 819)
Unrouted general nets at iteration 12 (MT total route time: 0.051 sec): 242(overused: 654)
Unrouted general nets at iteration 13 (MT total route time: 0.040 sec): 182(overused: 458)
Unrouted general nets at iteration 14 (MT total route time: 0.029 sec): 152(overused: 303)
Unrouted general nets at iteration 15 (MT total route time: 0.021 sec): 139(overused: 267)
Unrouted general nets at iteration 16 (MT total route time: 0.020 sec): 110(overused: 258)
Unrouted general nets at iteration 17 (MT total route time: 0.015 sec): 99(overused: 206)
Unrouted general nets at iteration 18 (MT total route time: 0.017 sec): 97(overused: 218)
Unrouted general nets at iteration 19 (MT total route time: 0.018 sec): 87(overused: 166)
Unrouted general nets at iteration 20 (MT total route time: 0.015 sec): 80(overused: 150)
Unrouted general nets at iteration 21 (MT total route time: 0.016 sec): 66(overused: 138)
Unrouted general nets at iteration 22 (MT total route time: 0.013 sec): 55(overused: 102)
Unrouted general nets at iteration 23 (MT total route time: 0.014 sec): 50(overused: 106)
Unrouted general nets at iteration 24 (MT total route time: 0.018 sec): 54(overused: 102)
Unrouted general nets at iteration 25 (MT total route time: 0.014 sec): 48(overused: 92)
Unrouted general nets at iteration 26 (MT total route time: 0.012 sec): 28(overused: 60)
Unrouted general nets at iteration 27 (MT total route time: 0.010 sec): 39(overused: 68)
Unrouted general nets at iteration 28 (MT total route time: 0.012 sec): 38(overused: 74)
Unrouted general nets at iteration 29 (MT total route time: 0.008 sec): 22(overused: 28)
Unrouted general nets at iteration 30 (MT total route time: 0.006 sec): 17(overused: 26)
Unrouted general nets at iteration 31 (MT total route time: 0.006 sec): 18(overused: 20)
Unrouted general nets at iteration 32 (MT total route time: 0.005 sec): 10(overused: 14)
Unrouted general nets at iteration 33 (MT total route time: 0.007 sec): 10(overused: 14)
Unrouted general nets at iteration 34 (MT total route time: 0.006 sec): 11(overused: 12)
Unrouted general nets at iteration 35 (MT total route time: 0.004 sec): 14(overused: 22)
Unrouted general nets at iteration 36 (MT total route time: 0.004 sec): 4(overused: 4)
Unrouted general nets at iteration 37 (MT total route time: 0.003 sec): 2(overused: 2)
Unrouted general nets at iteration 38 (MT total route time: 0.004 sec): 2(overused: 2)
Unrouted general nets at iteration 39 (MT total route time: 0.004 sec): 2(overused: 4)
Unrouted general nets at iteration 40 (MT total route time: 0.003 sec): 2(overused: 4)
Unrouted general nets at iteration 41 (MT total route time: 0.003 sec): 0(overused: 0)
----General net take 0.004 sec(route net take 0.000 sec, inc cost take 0.002 sec, iter times: 1)
----const net route take 0.004 sec
Unrouted nets at iteration 42 (0.010 sec): 0
Stage: after detail route | Performance: TNS = 0 ; WNS = 11633 ; THS = NA ; WHS = NA | Time (s): real = 0h:0m:8s ; cpu = 0h:0m:3s ; process = 0h:0m:7s | Memory (MB): curr = 371.964844 ; peak = 371.968750 | Checksum: 3B57892DF1CA4D73
Begin rip-up and reroute:
Rip-up and reroute takes 0.07 sec.
Stage: after ripup & reroute | Performance: TNS = 0 ; WNS = 11630 ; THS = NA ; WHS = NA | Time (s): real = 0h:0m:8s ; cpu = 0h:0m:3s ; process = 0h:0m:7s | Memory (MB): curr = 375.289063 ; peak = 375.347656 | Checksum: 7EC63A1188E5A3DC
Detailed routing takes 2.77 sec.
I: Design net nt_i_CLK_C42_IN_25M is routed by general path.
C: Route-2036: The clock path from i_CLK_C42_IN_25M_ibuf/opit_1:OUT to pll_inst/u_pll_e2/goppllinmuxd:CLK_IN[0] is routed by SRB.
Sort Original Nets take 0.001 sec
Check HPIO div result take 0.000 sec
Total net: 1820, route succeed net: 1820
Generate routing result take 0.007 sec
Handle PERMUX permutation take 0.078 sec
Handle const net take 0.004 sec
Handle route through take 0.022 sec
Used SRB routing arc is 14973.
Stage: after finish route | Performance: TNS = 0 ; WNS = 11630 ; THS = NA ; WHS = NA | Time (s): real = 0h:0m:8s ; cpu = 0h:0m:3s ; process = 0h:0m:7s | Memory (MB): curr = 361.125000 ; peak = 375.347656 | Checksum: 7D81F69086ECD428
Finish routing takes 0.17 sec.
Total routing takes 4.02 sec.


Device Utilization Summary :
+----------------------------------------------------------------------------+
| Device Type                      | Used     | Available     | Util(%)     
+----------------------------------------------------------------------------+
| CLMA                             | 249      | 592           | 43          
| + FF                             | 532      | 3552          | 15          
| + LUT                            | 612      | 2368          | 26          
|   + LUT as Logic                 | 486      |               |             
|   + LUT as Const                 | 114      |               |             
|   + LUT as Bypass                | 12       |               |             
| CLMS                             | 309      | 888           | 35          
| + FF                             | 724      | 5328          | 14          
| + LUT                            | 799      | 3552          | 23          
|   + LUT as Logic                 | 706      |               |             
|   + LUT as Memory                | 0        |               |             
|     + LUT as Distributed RAM     | 0        |               |             
|   + LUT as Const                 | 83       |               |             
|   + LUT as Bypass                | 10       |               |             
| IO                               | 287      | 336           | 86          
| + IOBD                           | 19       | 21            | 91          
| + IOBR                           | 37       | 42            | 89          
| + IOBS                           | 231      | 273           | 85          
| BKCL                             | 6        | 6             | 100         
| CCS                              | 1        | 1             | 100         
| CLKDIV                           | 0        | 4             | 0           
| CLKDLY                           | 0        | 8             | 0           
| DLL                              | 0        | 2             | 0           
| DRM                              | 0        | 26            | 0           
| HARD0N1                          | 47       | 936           | 6           
| IOCKBRG                          | 0        | 2             | 0           
| IOCKGATE                         | 0        | 4             | 0           
| + IOCKGATE as Bypass             | 0        |               |             
| IOLDLYS                          | 131      | 252           | 52          
| IOLDLY                           | 38       | 84            | 46          
| IOL                              | 287      | 336           | 86          
| ISERDES                          | 0        | 21            | 0           
| LDO                              | 0        | 2             | 0           
| OSC                              | 0        | 1             | 0           
| OSERDES                          | 0        | 21            | 0           
| PLLINMUXD                        | 1        | 2             | 50          
| + PLLINMUXD as Bypass            | 0        |               |             
| PLL                              | 1        | 2             | 50          
| USCMDC                           | 1        | 8             | 13          
| + USCMDC as Bypass               | 0        |               |             
| USCMD                            | 0        | 2             | 0           
| + USCMD as Bypass                | 0        |               |             
| USSMBUF                          | 0        | 8             | 0           
| + USSMBUF as Bypass              | 0        |               |             
+----------------------------------------------------------------------------+

Finished routing. (CPU time elapsed 0h:00m:06s)
Design 'Tieta_Feiteng_2001_top' has been routed successfully.
Saving design to DB.
Action route: Export DB successfully.
Action route: Real time elapsed is 0h:0m:9s
Action route: CPU time elapsed is 0h:0m:6s
Action route: Process CPU time elapsed is 0h:0m:8s
Action route: Peak memory pool usage is 375 MB

Current time: Sat Mar  7 15:03:30 2026
