#Build: Fabric Compiler 2024.2-SP1.2, Build 187561, May 22 18:16 2025
#Install: C:\studyware\pango\PDS_2024.2-SP1.2-ads\bin
#Application name: pds_shell.exe
#OS: Windows 10 10.0.18363
#Hostname: z02665mj
Generated by Fabric Compiler (version 2024.2-SP1.2 build 187561) at Sat Mar  7 13:59:24 2026
Parameters for debugging are loaded as follows:
Compiling verification operator library.
Compiling common defs.
Compiling prim grid devices.
Compiling place grid timing.
Compiling gate devices.
Compiling gate operators.
Building architecture model.
Loading device packaging model.
Building architecture floorplan logic view.
Elaborate the liberty model.
I: Multithreading enabled for Timing using a maximum of 4 processes.

Routing started.
Build routing arch for double attribute device.
Enter timing driven router mode.
I: Multithreading enabled for route using a maximum of 1 processes.
W: Route-4027: Cannot find permit_rougth_thru_units.json file in working directory.
Building routing graph takes 0.30 sec.
Enable Recovery Analysis in Routing
Init coarse delay table.
Read place coarse delay table takes 0.05 sec.
build place dedicate switch graph takes 0.17 sec
Setup STE netlist take 512 msec.
Slack Weight : 90
CE/RS signal series limit : 500
Dispose control chain take 77 msec.
Collect const net info take 25 msec.
Total nets for routing: 2601.
Total loads for routing: 12209.
Direct connect net size: 1195
Build all design net take 171 msec.
Processing design graph takes 0.79 sec.
Delay table total memory: 4.79386520 MB
Route graph total memory: 10.91454315 MB
Route design total memory: 3.95888901 MB
The remaining process takes 0.06 sec.
Stage: after context initialize | Performance: TNS = 0 ; WNS = 9196 ; THS = NA ; WHS = NA | Time (s): real = 0h:0m:6s ; cpu = 0h:0m:3s ; process = 0h:0m:4s | Memory (MB): curr = 347.644531 ; peak = 369.640625 | Checksum: 72084A1FC19BED1E
Global routing takes 0.00 sec.
Pin Cost Increasing Speed 300
Unrouted clock nets at iteration 0 (0.009 sec): 0
Stage: after clock route | Performance: TNS = 0 ; WNS = 9196 ; THS = NA ; WHS = NA | Time (s): real = 0h:0m:6s ; cpu = 0h:0m:3s ; process = 0h:0m:5s | Memory (MB): curr = 348.722656 ; peak = 369.640625 | Checksum: B6295016E4EBE9B7
Total route nets size: 2593
I: Start printing congestion info.
I: Finish printing congestion info.
Pre route takes 0.786 sec
Stage: after pre route | Performance: TNS = 0 ; WNS = 10460 ; THS = 0 ; WHS = 257 | Time (s): real = 0h:0m:6s ; cpu = 0h:0m:3s ; process = 0h:0m:6s | Memory (MB): curr = 402.851563 ; peak = 407.500000 | Checksum: E106B957194AA42A
Unrouted general nets at iteration 2 (MT total route time: 0.474 sec): 2207(overused: 12296)
Unrouted general nets at iteration 3 (MT total route time: 0.378 sec): 1845(overused: 7492)
Unrouted general nets at iteration 4 (MT total route time: 0.289 sec): 1628(overused: 5872)
Unrouted general nets at iteration 5 (MT total route time: 0.246 sec): 1405(overused: 4661)
Unrouted general nets at iteration 6 (MT total route time: 0.204 sec): 1251(overused: 3814)
Unrouted general nets at iteration 7 (MT total route time: 0.167 sec): 965(overused: 2798)
Unrouted general nets at iteration 8 (MT total route time: 0.135 sec): 695(overused: 1882)
Unrouted general nets at iteration 9 (MT total route time: 0.113 sec): 590(overused: 1578)
Unrouted general nets at iteration 10 (MT total route time: 0.104 sec): 485(overused: 1284)
Unrouted general nets at iteration 11 (MT total route time: 0.090 sec): 409(overused: 956)
Unrouted general nets at iteration 12 (MT total route time: 0.066 sec): 332(overused: 734)
Unrouted general nets at iteration 13 (MT total route time: 0.077 sec): 335(overused: 750)
Unrouted general nets at iteration 14 (MT total route time: 0.074 sec): 267(overused: 641)
Unrouted general nets at iteration 15 (MT total route time: 0.059 sec): 214(overused: 504)
Unrouted general nets at iteration 16 (MT total route time: 0.044 sec): 171(overused: 392)
Unrouted general nets at iteration 17 (MT total route time: 0.035 sec): 144(overused: 280)
Unrouted general nets at iteration 18 (MT total route time: 0.029 sec): 135(overused: 247)
Unrouted general nets at iteration 19 (MT total route time: 0.032 sec): 110(overused: 210)
Unrouted general nets at iteration 20 (MT total route time: 0.033 sec): 86(overused: 196)
Unrouted general nets at iteration 21 (MT total route time: 0.027 sec): 70(overused: 152)
Unrouted general nets at iteration 22 (MT total route time: 0.021 sec): 65(overused: 126)
Unrouted general nets at iteration 23 (MT total route time: 0.018 sec): 60(overused: 104)
Unrouted general nets at iteration 24 (MT total route time: 0.017 sec): 46(overused: 76)
Unrouted general nets at iteration 25 (MT total route time: 0.012 sec): 40(overused: 66)
Unrouted general nets at iteration 26 (MT total route time: 0.017 sec): 42(overused: 80)
Unrouted general nets at iteration 27 (MT total route time: 0.016 sec): 30(overused: 48)
Unrouted general nets at iteration 28 (MT total route time: 0.016 sec): 18(overused: 30)
Unrouted general nets at iteration 29 (MT total route time: 0.009 sec): 15(overused: 24)
Unrouted general nets at iteration 30 (MT total route time: 0.009 sec): 17(overused: 28)
Unrouted general nets at iteration 31 (MT total route time: 0.009 sec): 10(overused: 12)
Unrouted general nets at iteration 32 (MT total route time: 0.010 sec): 8(overused: 12)
Unrouted general nets at iteration 33 (MT total route time: 0.009 sec): 7(overused: 14)
Unrouted general nets at iteration 34 (MT total route time: 0.007 sec): 7(overused: 10)
Unrouted general nets at iteration 35 (MT total route time: 0.009 sec): 6(overused: 12)
Unrouted general nets at iteration 36 (MT total route time: 0.009 sec): 6(overused: 10)
Unrouted general nets at iteration 37 (MT total route time: 0.008 sec): 4(overused: 4)
Unrouted general nets at iteration 38 (MT total route time: 0.008 sec): 2(overused: 4)
Unrouted general nets at iteration 39 (MT total route time: 0.007 sec): 2(overused: 4)
Unrouted general nets at iteration 40 (MT total route time: 0.009 sec): 2(overused: 2)
Unrouted general nets at iteration 41 (MT total route time: 0.007 sec): 2(overused: 4)
Unrouted general nets at iteration 42 (MT total route time: 0.007 sec): 2(overused: 4)
Unrouted general nets at iteration 43 (MT total route time: 0.010 sec): 2(overused: 4)
Unrouted general nets at iteration 44 (MT total route time: 0.006 sec): 2(overused: 2)
Unrouted general nets at iteration 45 (MT total route time: 0.010 sec): 0(overused: 0)
----General net take 0.008 sec(route net take 0.000 sec, inc cost take 0.004 sec, iter times: 1)
----const net route take 0.008 sec
Unrouted nets at iteration 46 (0.017 sec): 0
Stage: after detail route | Performance: TNS = 0 ; WNS = 9438 ; THS = NA ; WHS = NA | Time (s): real = 0h:0m:10s ; cpu = 0h:0m:4s ; process = 0h:0m:9s | Memory (MB): curr = 409.640625 ; peak = 410.406250 | Checksum: 8036782B4FCDD241
Begin rip-up and reroute:
Rip-up and reroute takes 0.14 sec.
Stage: after ripup & reroute | Performance: TNS = 0 ; WNS = 9442 ; THS = NA ; WHS = NA | Time (s): real = 0h:0m:10s ; cpu = 0h:0m:4s ; process = 0h:0m:9s | Memory (MB): curr = 414.867188 ; peak = 414.921875 | Checksum: 52F7E8E87701A7C7
Detailed routing takes 4.46 sec.
I: Design net genblk1[0].fan_pwm_tach_m/w_clk_1s_pos is routed by general path.
C: Route-2036: The clock path from genblk1[0].fan_pwm_tach_m/Edge_Detect_u1/N0/gateop:Z to clkbufgs_6:CLKIN is routed by SRB.
I: Design net nt_i_CLK_PAL_IN_25M is routed by general path.
C: Route-2036: The clock path from i_CLK_PAL_IN_25M_ibuf/opit_1:OUT to pll_inst/u_pll_e2/goppllinmuxd:CLK_IN[0] is routed by SRB.
Sort Original Nets take 0.003 sec
Check HPIO div result take 0.000 sec
Total net: 2601, route succeed net: 2601
Generate routing result take 0.015 sec
Handle PERMUX permutation take 0.121 sec
Handle const net take 0.010 sec
Handle route through take 0.036 sec
Used SRB routing arc is 20622.
Stage: after finish route | Performance: TNS = 0 ; WNS = 9442 ; THS = NA ; WHS = NA | Time (s): real = 0h:0m:10s ; cpu = 0h:0m:4s ; process = 0h:0m:10s | Memory (MB): curr = 395.664063 ; peak = 414.921875 | Checksum: F115C4AD64B669E3
Finish routing takes 0.26 sec.
Total routing takes 5.97 sec.


Device Utilization Summary :
+----------------------------------------------------------------------------+
| Device Type                      | Used     | Available     | Util(%)     
+----------------------------------------------------------------------------+
| CLMA                             | 351      | 592           | 60          
| + FF                             | 669      | 3552          | 19          
| + LUT                            | 1002     | 2368          | 43          
|   + LUT as Logic                 | 817      |               |             
|   + LUT as Const                 | 175      |               |             
|   + LUT as Bypass                | 10       |               |             
| CLMS                             | 457      | 888           | 52          
| + FF                             | 1011     | 5328          | 19          
| + LUT                            | 1259     | 3552          | 36          
|   + LUT as Logic                 | 1115     |               |             
|   + LUT as Memory                | 0        |               |             
|     + LUT as Distributed RAM     | 0        |               |             
|   + LUT as Const                 | 132      |               |             
|   + LUT as Bypass                | 12       |               |             
| IO                               | 308      | 336           | 92          
| + IOBD                           | 21       | 21            | 100         
| + IOBR                           | 40       | 42            | 96          
| + IOBS                           | 247      | 273           | 91          
| BKCL                             | 6        | 6             | 100         
| CCS                              | 1        | 1             | 100         
| CLKDIV                           | 0        | 4             | 0           
| CLKDLY                           | 0        | 8             | 0           
| DLL                              | 0        | 2             | 0           
| DRM                              | 0        | 26            | 0           
| HARD0N1                          | 135      | 936           | 15          
| IOCKBRG                          | 0        | 2             | 0           
| IOCKGATE                         | 0        | 4             | 0           
| + IOCKGATE as Bypass             | 0        |               |             
| IOLDLYS                          | 138      | 252           | 55          
| IOLDLY                           | 57       | 84            | 68          
| IOL                              | 308      | 336           | 92          
| ISERDES                          | 0        | 21            | 0           
| LDO                              | 0        | 2             | 0           
| OSC                              | 0        | 1             | 0           
| OSERDES                          | 0        | 21            | 0           
| PLLINMUXD                        | 1        | 2             | 50          
| + PLLINMUXD as Bypass            | 0        |               |             
| PLL                              | 1        | 2             | 50          
| USCMDC                           | 2        | 8             | 25          
| + USCMDC as Bypass               | 0        |               |             
| USCMD                            | 0        | 2             | 0           
| + USCMD as Bypass                | 0        |               |             
| USSMBUF                          | 1        | 8             | 13          
| + USSMBUF as Bypass              | 0        |               |             
+----------------------------------------------------------------------------+

Finished routing. (CPU time elapsed 0h:00m:08s)
Design 'Tieta_Feiteng_1001_top' has been routed successfully.
Saving design to DB.
Action route: Export DB successfully.
Action route: Real time elapsed is 0h:0m:11s
Action route: CPU time elapsed is 0h:0m:9s
Action route: Process CPU time elapsed is 0h:0m:11s
Action route: Peak memory pool usage is 414 MB

Current time: Sat Mar  7 13:59:33 2026
