#Build: Fabric Compiler 2024.2-SP1.2, Build 187561, May 22 18:16 2025
#Install: C:\studyware\pango\PDS_2024.2-SP1.2-ads\bin
#Application name: pds_shell.exe
#OS: Windows 10 10.0.18363
#Hostname: z02665mj
Generated by Fabric Compiler (version 2024.2-SP1.2 build 187561) at Wed Mar 25 19:47:33 2026
Parameters for debugging are loaded as follows:
Compiling verification operator library.
Compiling common defs.
Compiling prim grid devices.
Compiling place grid timing.
Compiling gate devices.
Compiling gate operators.
Building architecture model.
Loading device packaging model.
Building architecture floorplan logic view.
Elaborate the liberty model.
I: Multithreading enabled for Timing using a maximum of 4 processes.

Routing started.
Build routing arch for double attribute device.
Enter timing driven router mode.
I: Multithreading enabled for route using a maximum of 1 processes.
W: Route-4027: Cannot find permit_rougth_thru_units.json file in working directory.
Building routing graph takes 0.32 sec.
Enable Recovery Analysis in Routing
Init coarse delay table.
Read place coarse delay table takes 0.05 sec.
build place dedicate switch graph takes 0.20 sec
Setup STE netlist take 506 msec.
Slack Weight : 90
CE/RS signal series limit : 500
Dispose control chain take 72 msec.
Collect const net info take 23 msec.
Total nets for routing: 2248.
Total loads for routing: 10491.
Direct connect net size: 1094
Build all design net take 139 msec.
Processing design graph takes 0.74 sec.
Delay table total memory: 4.79386520 MB
Route graph total memory: 10.70537949 MB
Route design total memory: 3.61062241 MB
The remaining process takes 0.04 sec.
Stage: after context initialize | Performance: TNS = 0 ; WNS = 12235 ; THS = NA ; WHS = NA | Time (s): real = 0h:0m:5s ; cpu = 0h:0m:3s ; process = 0h:0m:4s | Memory (MB): curr = 331.316406 ; peak = 352.320313 | Checksum: 2A0E1C9CA84C4E7
Global routing takes 0.00 sec.
Pin Cost Increasing Speed 300
Unrouted clock nets at iteration 0 (0.006 sec): 0
Stage: after clock route | Performance: TNS = 0 ; WNS = 12235 ; THS = NA ; WHS = NA | Time (s): real = 0h:0m:5s ; cpu = 0h:0m:3s ; process = 0h:0m:4s | Memory (MB): curr = 333.257813 ; peak = 352.320313 | Checksum: 2B3119858D118925
Total route nets size: 2243
I: Start printing congestion info.
I: Finish printing congestion info.
Pre route takes 0.623 sec
Stage: after pre route | Performance: TNS = 0 ; WNS = 12129 ; THS = 0 ; WHS = 256 | Time (s): real = 0h:0m:6s ; cpu = 0h:0m:3s ; process = 0h:0m:5s | Memory (MB): curr = 381.218750 ; peak = 386.160156 | Checksum: 6402594FDA22061F
Unrouted general nets at iteration 2 (MT total route time: 0.359 sec): 1846(overused: 10385)
Unrouted general nets at iteration 3 (MT total route time: 0.495 sec): 1587(overused: 6463)
Unrouted general nets at iteration 4 (MT total route time: 0.323 sec): 1397(overused: 4996)
Unrouted general nets at iteration 5 (MT total route time: 0.195 sec): 1267(overused: 4135)
Unrouted general nets at iteration 6 (MT total route time: 0.145 sec): 1175(overused: 3722)
Unrouted general nets at iteration 7 (MT total route time: 0.138 sec): 755(overused: 2485)
Unrouted general nets at iteration 8 (MT total route time: 0.098 sec): 609(overused: 1758)
Unrouted general nets at iteration 9 (MT total route time: 0.077 sec): 481(overused: 1269)
Unrouted general nets at iteration 10 (MT total route time: 0.064 sec): 364(overused: 887)
Unrouted general nets at iteration 11 (MT total route time: 0.052 sec): 293(overused: 697)
Unrouted general nets at iteration 12 (MT total route time: 0.043 sec): 249(overused: 571)
Unrouted general nets at iteration 13 (MT total route time: 0.050 sec): 213(overused: 463)
Unrouted general nets at iteration 14 (MT total route time: 0.033 sec): 184(overused: 358)
Unrouted general nets at iteration 15 (MT total route time: 0.032 sec): 166(overused: 317)
Unrouted general nets at iteration 16 (MT total route time: 0.029 sec): 140(overused: 290)
Unrouted general nets at iteration 17 (MT total route time: 0.025 sec): 114(overused: 236)
Unrouted general nets at iteration 18 (MT total route time: 0.023 sec): 99(overused: 204)
Unrouted general nets at iteration 19 (MT total route time: 0.026 sec): 93(overused: 182)
Unrouted general nets at iteration 20 (MT total route time: 0.020 sec): 81(overused: 170)
Unrouted general nets at iteration 21 (MT total route time: 0.024 sec): 84(overused: 179)
Unrouted general nets at iteration 22 (MT total route time: 0.021 sec): 74(overused: 140)
Unrouted general nets at iteration 23 (MT total route time: 0.011 sec): 59(overused: 126)
Unrouted general nets at iteration 24 (MT total route time: 0.018 sec): 55(overused: 96)
Unrouted general nets at iteration 25 (MT total route time: 0.012 sec): 42(overused: 64)
Unrouted general nets at iteration 26 (MT total route time: 0.013 sec): 37(overused: 70)
Unrouted general nets at iteration 27 (MT total route time: 0.012 sec): 28(overused: 36)
Unrouted general nets at iteration 28 (MT total route time: 0.009 sec): 19(overused: 34)
Unrouted general nets at iteration 29 (MT total route time: 0.010 sec): 16(overused: 26)
Unrouted general nets at iteration 30 (MT total route time: 0.016 sec): 13(overused: 24)
Unrouted general nets at iteration 31 (MT total route time: 0.010 sec): 15(overused: 24)
Unrouted general nets at iteration 32 (MT total route time: 0.008 sec): 16(overused: 24)
Unrouted general nets at iteration 33 (MT total route time: 0.007 sec): 14(overused: 18)
Unrouted general nets at iteration 34 (MT total route time: 0.006 sec): 6(overused: 12)
Unrouted general nets at iteration 35 (MT total route time: 0.005 sec): 2(overused: 4)
Unrouted general nets at iteration 36 (MT total route time: 0.005 sec): 2(overused: 2)
Unrouted general nets at iteration 37 (MT total route time: 0.004 sec): 2(overused: 4)
Unrouted general nets at iteration 38 (MT total route time: 0.004 sec): 0(overused: 0)
----General net take 0.006 sec(route net take 0.000 sec, inc cost take 0.002 sec, iter times: 1)
----const net route take 0.006 sec
Unrouted nets at iteration 39 (0.013 sec): 0
Stage: after detail route | Performance: TNS = 0 ; WNS = 11631 ; THS = NA ; WHS = NA | Time (s): real = 0h:0m:8s ; cpu = 0h:0m:4s ; process = 0h:0m:8s | Memory (MB): curr = 388.929688 ; peak = 388.933594 | Checksum: 2ED336C19BC5259B
Begin rip-up and reroute:
Rip-up and reroute takes 0.13 sec.
Stage: after ripup & reroute | Performance: TNS = 0 ; WNS = 11640 ; THS = NA ; WHS = NA | Time (s): real = 0h:0m:9s ; cpu = 0h:0m:4s ; process = 0h:0m:8s | Memory (MB): curr = 392.359375 ; peak = 392.417969 | Checksum: 4F84878C6780C6EE
Detailed routing takes 3.63 sec.
I: Design net nt_i_CLK_C42_IN_25M is routed by general path.
C: Route-2036: The clock path from i_CLK_C42_IN_25M_ibuf/opit_1:OUT to pll_inst/u_pll_e2/goppllinmuxd:CLK_IN[0] is routed by SRB.
Sort Original Nets take 0.001 sec
Check HPIO div result take 0.000 sec
Total net: 2248, route succeed net: 2248
Generate routing result take 0.007 sec
Handle PERMUX permutation take 0.109 sec
Handle const net take 0.007 sec
Handle route through take 0.063 sec
Used SRB routing arc is 18108.
Stage: after finish route | Performance: TNS = 0 ; WNS = 11640 ; THS = NA ; WHS = NA | Time (s): real = 0h:0m:9s ; cpu = 0h:0m:4s ; process = 0h:0m:8s | Memory (MB): curr = 374.167969 ; peak = 392.417969 | Checksum: 31064B238553E88B
Finish routing takes 0.26 sec.
Total routing takes 5.12 sec.


Device Utilization Summary :
+----------------------------------------------------------------------------+
| Device Type                      | Used     | Available     | Util(%)     
+----------------------------------------------------------------------------+
| CLMA                             | 283      | 592           | 48          
| + FF                             | 624      | 3552          | 18          
| + LUT                            | 767      | 2368          | 33          
|   + LUT as Logic                 | 639      |               |             
|   + LUT as Const                 | 106      |               |             
|   + LUT as Bypass                | 22       |               |             
| CLMS                             | 388      | 888           | 44          
| + FF                             | 899      | 5328          | 17          
| + LUT                            | 983      | 3552          | 28          
|   + LUT as Logic                 | 875      |               |             
|   + LUT as Memory                | 0        |               |             
|     + LUT as Distributed RAM     | 0        |               |             
|   + LUT as Const                 | 96       |               |             
|   + LUT as Bypass                | 12       |               |             
| IO                               | 287      | 336           | 86          
| + IOBD                           | 19       | 21            | 91          
| + IOBR                           | 37       | 42            | 89          
| + IOBS                           | 231      | 273           | 85          
| BKCL                             | 6        | 6             | 100         
| CCS                              | 1        | 1             | 100         
| CLKDIV                           | 0        | 4             | 0           
| CLKDLY                           | 0        | 8             | 0           
| DLL                              | 0        | 2             | 0           
| DRM                              | 0        | 26            | 0           
| HARD0N1                          | 84       | 936           | 9           
| IOCKBRG                          | 0        | 2             | 0           
| IOCKGATE                         | 0        | 4             | 0           
| + IOCKGATE as Bypass             | 0        |               |             
| IOLDLYS                          | 132      | 252           | 53          
| IOLDLY                           | 43       | 84            | 52          
| IOL                              | 287      | 336           | 86          
| ISERDES                          | 0        | 21            | 0           
| LDO                              | 0        | 2             | 0           
| OSC                              | 0        | 1             | 0           
| OSERDES                          | 0        | 21            | 0           
| PLLINMUXD                        | 1        | 2             | 50          
| + PLLINMUXD as Bypass            | 0        |               |             
| PLL                              | 1        | 2             | 50          
| USCMDC                           | 1        | 8             | 13          
| + USCMDC as Bypass               | 0        |               |             
| USCMD                            | 0        | 2             | 0           
| + USCMD as Bypass                | 0        |               |             
| USSMBUF                          | 0        | 8             | 0           
| + USSMBUF as Bypass              | 0        |               |             
+----------------------------------------------------------------------------+

Finished routing. (CPU time elapsed 0h:00m:07s)
Design 'Tieta_Feiteng_2001_top' has been routed successfully.
Saving design to DB.
Action route: Export DB successfully.
Action route: Real time elapsed is 0h:0m:10s
Action route: CPU time elapsed is 0h:0m:8s
Action route: Process CPU time elapsed is 0h:0m:9s
Action route: Peak memory pool usage is 392 MB

Current time: Wed Mar 25 19:47:41 2026
