#Build: Fabric Compiler 2024.2-SP1.2, Build 187561, May 22 18:16 2025
#Install: C:\studyware\pango\PDS_2024.2-SP1.2-ads\bin
#Application name: pds_shell.exe
#OS: Windows 10 10.0.18363
#Hostname: z02665mj
Generated by Fabric Compiler (version 2024.2-SP1.2 build 187561) at Wed Mar 25 19:47:44 2026
Parameters for debugging are loaded as follows:
Compiling verification operator library.
Compiling common defs.
Compiling prim grid devices.
Compiling place grid timing.
Compiling gate devices.
Compiling gate operators.
Building architecture model.
Loading device packaging model.
Building architecture floorplan logic view.
Elaborate the liberty model.
I: Multithreading enabled for Timing using a maximum of 4 processes.

Route Optimize started.
Build routing arch for double attribute device.
Enter timing driven router mode.
I: Multithreading enabled for route using a maximum of 1 processes.
I: Column Clock Check close.
W: Route-4027: Cannot find permit_rougth_thru_units.json file in working directory.
Building routing graph takes 0.43 sec.
Total nets for routing: 2536.
Total loads for routing: 10491.
Direct connect net size: 1094
Build all design net take 133 msec.
Processing design graph takes 0.13 sec.
Delay table total memory: 4.79386520 MB
Route graph total memory: 10.74005508 MB
Route design total memory: 3.62757492 MB
The remaining process takes 0.04 sec.
Stage: after context initialize in post route | Performance: TNS = NA ; WNS = NA ; THS = NA ; WHS = NA | Time (s): real = 0h:0m:7s ; cpu = 0h:0m:4s ; process = 0h:0m:5s | Memory (MB): curr = 289.355469 ; peak = 306.929688 | Checksum: 33B3DD5DB9399BAD
Load route result takes 0.02 sec
Fix Hold Violation Threshold For Clock Path Cross SRB(ps) : 200
Fix Hold Violation Threshold For Clock Path On Clock Tree(ps) : 100
Hold fix to no violation.
Hold fix to threshold
Stage: after hold fix | Performance: TNS = 0 ; WNS = 11636 ; THS = 0 ; WHS = 256 | Time (s): real = 0h:0m:8s ; cpu = 0h:0m:4s ; process = 0h:0m:5s | Memory (MB): curr = 356.398438 ; peak = 356.402344 | Checksum: FFB6E4549049A5EC
Hold Violation Fix in router takes 0.41 sec.
Sort Original Nets take 0.001 sec
Total net: 2536, route succeed net: 2536
Generate routing result take 0.007 sec
Handle PERMUX permutation take 0.007 sec
Handle const net take 0.000 sec
Handle route through take 0.025 sec
Used SRB routing arc is 18108.
Stage: after finish post route | Performance: TNS = 0 ; WNS = 11636 ; THS = NA ; WHS = NA | Time (s): real = 0h:0m:8s ; cpu = 0h:0m:4s ; process = 0h:0m:6s | Memory (MB): curr = 341.945313 ; peak = 356.410156 | Checksum: 6636C05663DC8F24
Finish post route takes 0.08 sec.
Total post route takes 1.14 sec.


Device Utilization Summary :
+----------------------------------------------------------------------------+
| Device Type                      | Used     | Available     | Util(%)     
+----------------------------------------------------------------------------+
| CLMA                             | 283      | 592           | 48          
| + FF                             | 624      | 3552          | 18          
| + LUT                            | 767      | 2368          | 33          
|   + LUT as Logic                 | 639      |               |             
|   + LUT as Const                 | 106      |               |             
|   + LUT as Bypass                | 22       |               |             
| CLMS                             | 388      | 888           | 44          
| + FF                             | 899      | 5328          | 17          
| + LUT                            | 983      | 3552          | 28          
|   + LUT as Logic                 | 875      |               |             
|   + LUT as Memory                | 0        |               |             
|     + LUT as Distributed RAM     | 0        |               |             
|   + LUT as Const                 | 96       |               |             
|   + LUT as Bypass                | 12       |               |             
| IO                               | 287      | 336           | 86          
| + IOBD                           | 19       | 21            | 91          
| + IOBR                           | 37       | 42            | 89          
| + IOBS                           | 231      | 273           | 85          
| BKCL                             | 6        | 6             | 100         
| CCS                              | 1        | 1             | 100         
| CLKDIV                           | 0        | 4             | 0           
| CLKDLY                           | 0        | 8             | 0           
| DLL                              | 0        | 2             | 0           
| DRM                              | 0        | 26            | 0           
| HARD0N1                          | 84       | 936           | 9           
| IOCKBRG                          | 0        | 2             | 0           
| IOCKGATE                         | 0        | 4             | 0           
| + IOCKGATE as Bypass             | 0        |               |             
| IOLDLYS                          | 132      | 252           | 53          
| IOLDLY                           | 43       | 84            | 52          
| IOL                              | 287      | 336           | 86          
| ISERDES                          | 0        | 21            | 0           
| LDO                              | 0        | 2             | 0           
| OSC                              | 0        | 1             | 0           
| OSERDES                          | 0        | 21            | 0           
| PLLINMUXD                        | 1        | 2             | 50          
| + PLLINMUXD as Bypass            | 0        |               |             
| PLL                              | 1        | 2             | 50          
| USCMDC                           | 1        | 8             | 13          
| + USCMDC as Bypass               | 0        |               |             
| USCMD                            | 0        | 2             | 0           
| + USCMD as Bypass                | 0        |               |             
| USSMBUF                          | 0        | 8             | 0           
| + USSMBUF as Bypass              | 0        |               |             
+----------------------------------------------------------------------------+

Finished route optimize. (CPU time elapsed 0h:00m:05s)
Design 'Tieta_Feiteng_2001_top' has been routed successfully.
Saving design to DB.
Action route_optimize: Export DB successfully.
Action route_optimize: Real time elapsed is 0h:0m:9s
Action route_optimize: CPU time elapsed is 0h:0m:5s
Action route_optimize: Process CPU time elapsed is 0h:0m:6s
Action route_optimize: Peak memory pool usage is 356 MB

Current time: Wed Mar 25 19:47:50 2026
