#Build: Fabric Compiler 2024.2-SP1.2, Build 187561, May 22 18:16 2025
#Install: C:\studyware\pango\PDS_2024.2-SP1.2-ads\bin
#Application name: pds_shell.exe
#OS: Windows 10 10.0.18363
#Hostname: z02665mj
Generated by Fabric Compiler (version 2024.2-SP1.2 build 187561) at Thu Mar  5 10:56:38 2026
Parameters for debugging are loaded as follows:
Compiling verification operator library.
Compiling common defs.
Compiling prim grid devices.
Compiling place grid timing.
Compiling gate devices.
Compiling gate operators.
Building architecture model.
Loading device packaging model.
Building architecture floorplan logic view.
Elaborate the liberty model.
I: Multithreading enabled for Timing using a maximum of 4 processes.

Routing started.
Build routing arch for double attribute device.
Enter timing driven router mode.
I: Multithreading enabled for route using a maximum of 1 processes.
W: Route-4027: Cannot find permit_rougth_thru_units.json file in working directory.
Building routing graph takes 0.35 sec.
Enable Recovery Analysis in Routing
Init coarse delay table.
Read place coarse delay table takes 0.03 sec.
build place dedicate switch graph takes 0.16 sec
Setup STE netlist take 491 msec.
Slack Weight : 90
CE/RS signal series limit : 500
Dispose control chain take 71 msec.
Collect const net info take 23 msec.
Total nets for routing: 2589.
Total loads for routing: 12196.
Direct connect net size: 1178
Build all design net take 192 msec.
Processing design graph takes 0.78 sec.
Delay table total memory: 4.79386520 MB
Route graph total memory: 10.91126633 MB
Route design total memory: 3.95660782 MB
The remaining process takes 0.09 sec.
Stage: after context initialize | Performance: TNS = 0 ; WNS = 9287 ; THS = NA ; WHS = NA | Time (s): real = 0h:0m:6s ; cpu = 0h:0m:3s ; process = 0h:0m:4s | Memory (MB): curr = 346.738281 ; peak = 369.800781 | Checksum: 2BA7AD3EABC8052D
Global routing takes 0.00 sec.
Pin Cost Increasing Speed 300
Unrouted clock nets at iteration 0 (0.012 sec): 0
Stage: after clock route | Performance: TNS = 0 ; WNS = 9287 ; THS = NA ; WHS = NA | Time (s): real = 0h:0m:6s ; cpu = 0h:0m:3s ; process = 0h:0m:4s | Memory (MB): curr = 348.347656 ; peak = 369.800781 | Checksum: FB93C3E064C0363A
Total route nets size: 2581
I: Start printing congestion info.
I: Finish printing congestion info.
Pre route takes 0.747 sec
Stage: after pre route | Performance: TNS = 0 ; WNS = 10819 ; THS = 0 ; WHS = 256 | Time (s): real = 0h:0m:7s ; cpu = 0h:0m:3s ; process = 0h:0m:6s | Memory (MB): curr = 399.695313 ; peak = 404.105469 | Checksum: 897F34991A07A688
Unrouted general nets at iteration 2 (MT total route time: 0.426 sec): 2230(overused: 12273)
Unrouted general nets at iteration 3 (MT total route time: 0.338 sec): 1913(overused: 7611)
Unrouted general nets at iteration 4 (MT total route time: 0.258 sec): 1604(overused: 5894)
Unrouted general nets at iteration 5 (MT total route time: 0.214 sec): 1440(overused: 4692)
Unrouted general nets at iteration 6 (MT total route time: 0.179 sec): 1282(overused: 4004)
Unrouted general nets at iteration 7 (MT total route time: 0.141 sec): 957(overused: 2835)
Unrouted general nets at iteration 8 (MT total route time: 0.118 sec): 750(overused: 1972)
Unrouted general nets at iteration 9 (MT total route time: 0.099 sec): 573(overused: 1495)
Unrouted general nets at iteration 10 (MT total route time: 0.086 sec): 472(overused: 1189)
Unrouted general nets at iteration 11 (MT total route time: 0.072 sec): 430(overused: 1061)
Unrouted general nets at iteration 12 (MT total route time: 0.064 sec): 359(overused: 871)
Unrouted general nets at iteration 13 (MT total route time: 0.061 sec): 328(overused: 791)
Unrouted general nets at iteration 14 (MT total route time: 0.065 sec): 315(overused: 786)
Unrouted general nets at iteration 15 (MT total route time: 0.057 sec): 265(overused: 632)
Unrouted general nets at iteration 16 (MT total route time: 0.051 sec): 236(overused: 528)
Unrouted general nets at iteration 17 (MT total route time: 0.047 sec): 215(overused: 444)
Unrouted general nets at iteration 18 (MT total route time: 0.045 sec): 189(overused: 396)
Unrouted general nets at iteration 19 (MT total route time: 0.045 sec): 182(overused: 395)
Unrouted general nets at iteration 20 (MT total route time: 0.044 sec): 153(overused: 304)
Unrouted general nets at iteration 21 (MT total route time: 0.030 sec): 129(overused: 266)
Unrouted general nets at iteration 22 (MT total route time: 0.031 sec): 125(overused: 242)
Unrouted general nets at iteration 23 (MT total route time: 0.041 sec): 109(overused: 234)
Unrouted general nets at iteration 24 (MT total route time: 0.039 sec): 84(overused: 212)
Unrouted general nets at iteration 25 (MT total route time: 0.028 sec): 83(overused: 168)
Unrouted general nets at iteration 26 (MT total route time: 0.025 sec): 61(overused: 118)
Unrouted general nets at iteration 27 (MT total route time: 0.020 sec): 54(overused: 104)
Unrouted general nets at iteration 28 (MT total route time: 0.019 sec): 43(overused: 88)
Unrouted general nets at iteration 29 (MT total route time: 0.017 sec): 43(overused: 78)
Unrouted general nets at iteration 30 (MT total route time: 0.014 sec): 29(overused: 52)
Unrouted general nets at iteration 31 (MT total route time: 0.012 sec): 21(overused: 40)
Unrouted general nets at iteration 32 (MT total route time: 0.013 sec): 21(overused: 42)
Unrouted general nets at iteration 33 (MT total route time: 0.013 sec): 23(overused: 48)
Unrouted general nets at iteration 34 (MT total route time: 0.010 sec): 19(overused: 26)
Unrouted general nets at iteration 35 (MT total route time: 0.011 sec): 11(overused: 18)
Unrouted general nets at iteration 36 (MT total route time: 0.008 sec): 6(overused: 8)
Unrouted general nets at iteration 37 (MT total route time: 0.010 sec): 2(overused: 2)
Unrouted general nets at iteration 38 (MT total route time: 0.008 sec): 2(overused: 2)
Unrouted general nets at iteration 39 (MT total route time: 0.008 sec): 0(overused: 0)
----General net take 0.008 sec(route net take 0.000 sec, inc cost take 0.003 sec, iter times: 1)
----const net route take 0.008 sec
Unrouted nets at iteration 40 (0.017 sec): 0
Stage: after detail route | Performance: TNS = 0 ; WNS = 9963 ; THS = NA ; WHS = NA | Time (s): real = 0h:0m:10s ; cpu = 0h:0m:4s ; process = 0h:0m:9s | Memory (MB): curr = 408.953125 ; peak = 408.957031 | Checksum: 384794463CDADC02
Begin rip-up and reroute:
Rip-up and reroute takes 0.15 sec.
Stage: after ripup & reroute | Performance: TNS = 0 ; WNS = 9967 ; THS = NA ; WHS = NA | Time (s): real = 0h:0m:10s ; cpu = 0h:0m:4s ; process = 0h:0m:9s | Memory (MB): curr = 412.320313 ; peak = 412.371094 | Checksum: E97DABB24192BE2F
Detailed routing takes 4.19 sec.
I: Design net genblk1[0].fan_pwm_tach_m/w_clk_1s_pos is routed by general path.
C: Route-2036: The clock path from genblk1[0].fan_pwm_tach_m/Edge_Detect_u1/N0/gateop:Z to clkbufgs_6:CLKIN is routed by SRB.
I: Design net nt_i_CLK_PAL_IN_25M is routed by general path.
C: Route-2036: The clock path from i_CLK_PAL_IN_25M_ibuf/opit_1:OUT to pll_inst/u_pll_e2/goppllinmuxd:CLK_IN[0] is routed by SRB.
Sort Original Nets take 0.001 sec
Check HPIO div result take 0.000 sec
Total net: 2589, route succeed net: 2589
Generate routing result take 0.007 sec
Handle PERMUX permutation take 0.152 sec
Handle const net take 0.010 sec
Handle route through take 0.036 sec
Used SRB routing arc is 20598.
Stage: after finish route | Performance: TNS = 0 ; WNS = 9967 ; THS = NA ; WHS = NA | Time (s): real = 0h:0m:10s ; cpu = 0h:0m:4s ; process = 0h:0m:9s | Memory (MB): curr = 391.839844 ; peak = 412.371094 | Checksum: AFA3C3458D06C529
Finish routing takes 0.28 sec.
Total routing takes 5.82 sec.


Device Utilization Summary :
+----------------------------------------------------------------------------+
| Device Type                      | Used     | Available     | Util(%)     
+----------------------------------------------------------------------------+
| CLMA                             | 344      | 592           | 59          
| + FF                             | 687      | 3552          | 20          
| + LUT                            | 976      | 2368          | 42          
|   + LUT as Logic                 | 801      |               |             
|   + LUT as Const                 | 165      |               |             
|   + LUT as Bypass                | 10       |               |             
| CLMS                             | 446      | 888           | 51          
| + FF                             | 987      | 5328          | 19          
| + LUT                            | 1256     | 3552          | 36          
|   + LUT as Logic                 | 1118     |               |             
|   + LUT as Memory                | 0        |               |             
|     + LUT as Distributed RAM     | 0        |               |             
|   + LUT as Const                 | 116      |               |             
|   + LUT as Bypass                | 22       |               |             
| IO                               | 308      | 336           | 92          
| + IOBD                           | 21       | 21            | 100         
| + IOBR                           | 40       | 42            | 96          
| + IOBS                           | 247      | 273           | 91          
| BKCL                             | 6        | 6             | 100         
| CCS                              | 1        | 1             | 100         
| CLKDIV                           | 0        | 4             | 0           
| CLKDLY                           | 0        | 8             | 0           
| DLL                              | 0        | 2             | 0           
| DRM                              | 0        | 26            | 0           
| HARD0N1                          | 143      | 936           | 16          
| IOCKBRG                          | 0        | 2             | 0           
| IOCKGATE                         | 0        | 4             | 0           
| + IOCKGATE as Bypass             | 0        |               |             
| IOLDLYS                          | 138      | 252           | 55          
| IOLDLY                           | 57       | 84            | 68          
| IOL                              | 308      | 336           | 92          
| ISERDES                          | 0        | 21            | 0           
| LDO                              | 0        | 2             | 0           
| OSC                              | 0        | 1             | 0           
| OSERDES                          | 0        | 21            | 0           
| PLLINMUXD                        | 1        | 2             | 50          
| + PLLINMUXD as Bypass            | 0        |               |             
| PLL                              | 1        | 2             | 50          
| USCMDC                           | 2        | 8             | 25          
| + USCMDC as Bypass               | 0        |               |             
| USCMD                            | 0        | 2             | 0           
| + USCMD as Bypass                | 0        |               |             
| USSMBUF                          | 1        | 8             | 13          
| + USSMBUF as Bypass              | 0        |               |             
+----------------------------------------------------------------------------+

Finished routing. (CPU time elapsed 0h:00m:08s)
Design 'Tieta_Feiteng_1001_top' has been routed successfully.
Saving design to DB.
Action route: Export DB successfully.
Action route: Real time elapsed is 0h:0m:11s
Action route: CPU time elapsed is 0h:0m:9s
Action route: Process CPU time elapsed is 0h:0m:11s
Action route: Peak memory pool usage is 412 MB

Current time: Thu Mar  5 10:56:47 2026
