#Build: Fabric Compiler 2024.2-SP1.2, Build 187561, May 22 18:16 2025
#Install: C:\studyware\pango\PDS_2024.2-SP1.2-ads\bin
#Application name: pds_shell.exe
#OS: Windows 10 10.0.18363
#Hostname: z02665mj
Generated by Fabric Compiler (version 2024.2-SP1.2 build 187561) at Thu Mar 26 14:34:55 2026
Parameters for debugging are loaded as follows:
Compiling verification operator library.
Compiling common defs.
Compiling prim grid devices.
Compiling place grid timing.
Compiling gate devices.
Compiling gate operators.
Building architecture model.
Loading device packaging model.
Building architecture floorplan logic view.
Elaborate the liberty model.
I: Multithreading enabled for Timing using a maximum of 4 processes.

Routing started.
Build routing arch for double attribute device.
Enter timing driven router mode.
I: Multithreading enabled for route using a maximum of 1 processes.
W: Route-4027: Cannot find permit_rougth_thru_units.json file in working directory.
Building routing graph takes 0.28 sec.
Enable Recovery Analysis in Routing
Init coarse delay table.
Read place coarse delay table takes 0.05 sec.
build place dedicate switch graph takes 0.19 sec
Setup STE netlist take 546 msec.
Slack Weight : 90
CE/RS signal series limit : 500
Dispose control chain take 90 msec.
Collect const net info take 26 msec.
Total nets for routing: 3018.
Total loads for routing: 14177.
Direct connect net size: 1294
Build all design net take 181 msec.
Processing design graph takes 0.85 sec.
Delay table total memory: 4.79386520 MB
Route graph total memory: 11.26741028 MB
Route design total memory: 4.22106552 MB
The remaining process takes 0.06 sec.
Stage: after context initialize | Performance: TNS = 0 ; WNS = 8694 ; THS = NA ; WHS = NA | Time (s): real = 0h:0m:6s ; cpu = 0h:0m:4s ; process = 0h:0m:4s | Memory (MB): curr = 354.640625 ; peak = 378.929688 | Checksum: 250C22E073D04A05
Global routing takes 0.00 sec.
Pin Cost Increasing Speed 300
Unrouted clock nets at iteration 0 (0.012 sec): 0
Stage: after clock route | Performance: TNS = 0 ; WNS = 8694 ; THS = NA ; WHS = NA | Time (s): real = 0h:0m:6s ; cpu = 0h:0m:4s ; process = 0h:0m:5s | Memory (MB): curr = 355.578125 ; peak = 378.929688 | Checksum: 1AF3CB5C03C5067E
Total route nets size: 3010
I: Start printing congestion info.
I: Finish printing congestion info.
Pre route takes 0.887 sec
Stage: after pre route | Performance: TNS = 0 ; WNS = 10298 ; THS = 0 ; WHS = 94 | Time (s): real = 0h:0m:7s ; cpu = 0h:0m:4s ; process = 0h:0m:6s | Memory (MB): curr = 416.960938 ; peak = 421.839844 | Checksum: 624E0E078FB5E7CD
Unrouted general nets at iteration 2 (MT total route time: 0.525 sec): 2589(overused: 14265)
Unrouted general nets at iteration 3 (MT total route time: 0.512 sec): 2250(overused: 8887)
Unrouted general nets at iteration 4 (MT total route time: 0.335 sec): 2002(overused: 7091)
Unrouted general nets at iteration 5 (MT total route time: 0.304 sec): 1756(overused: 5713)
Unrouted general nets at iteration 6 (MT total route time: 0.231 sec): 1628(overused: 4817)
Unrouted general nets at iteration 7 (MT total route time: 0.188 sec): 1162(overused: 3414)
Unrouted general nets at iteration 8 (MT total route time: 0.152 sec): 910(overused: 2311)
Unrouted general nets at iteration 9 (MT total route time: 0.126 sec): 737(overused: 1833)
Unrouted general nets at iteration 10 (MT total route time: 0.141 sec): 649(overused: 1553)
Unrouted general nets at iteration 11 (MT total route time: 0.137 sec): 539(overused: 1235)
Unrouted general nets at iteration 12 (MT total route time: 0.100 sec): 447(overused: 1050)
Unrouted general nets at iteration 13 (MT total route time: 0.079 sec): 389(overused: 874)
Unrouted general nets at iteration 14 (MT total route time: 0.067 sec): 322(overused: 707)
Unrouted general nets at iteration 15 (MT total route time: 0.067 sec): 285(overused: 616)
Unrouted general nets at iteration 16 (MT total route time: 0.095 sec): 266(overused: 676)
Unrouted general nets at iteration 17 (MT total route time: 0.085 sec): 232(overused: 496)
Unrouted general nets at iteration 18 (MT total route time: 0.053 sec): 227(overused: 498)
Unrouted general nets at iteration 19 (MT total route time: 0.050 sec): 191(overused: 421)
Unrouted general nets at iteration 20 (MT total route time: 0.046 sec): 170(overused: 365)
Unrouted general nets at iteration 21 (MT total route time: 0.045 sec): 169(overused: 385)
Unrouted general nets at iteration 22 (MT total route time: 0.042 sec): 141(overused: 295)
Unrouted general nets at iteration 23 (MT total route time: 0.042 sec): 142(overused: 305)
Unrouted general nets at iteration 24 (MT total route time: 0.032 sec): 120(overused: 244)
Unrouted general nets at iteration 25 (MT total route time: 0.034 sec): 116(overused: 244)
Unrouted general nets at iteration 26 (MT total route time: 0.028 sec): 96(overused: 178)
Unrouted general nets at iteration 27 (MT total route time: 0.023 sec): 71(overused: 122)
Unrouted general nets at iteration 28 (MT total route time: 0.022 sec): 73(overused: 132)
Unrouted general nets at iteration 29 (MT total route time: 0.016 sec): 53(overused: 74)
Unrouted general nets at iteration 30 (MT total route time: 0.020 sec): 54(overused: 92)
Unrouted general nets at iteration 31 (MT total route time: 0.017 sec): 49(overused: 78)
Unrouted general nets at iteration 32 (MT total route time: 0.017 sec): 36(overused: 69)
Unrouted general nets at iteration 33 (MT total route time: 0.013 sec): 42(overused: 74)
Unrouted general nets at iteration 34 (MT total route time: 0.010 sec): 34(overused: 50)
Unrouted general nets at iteration 35 (MT total route time: 0.010 sec): 23(overused: 36)
Unrouted general nets at iteration 36 (MT total route time: 0.009 sec): 20(overused: 26)
Unrouted general nets at iteration 37 (MT total route time: 0.010 sec): 17(overused: 32)
Unrouted general nets at iteration 38 (MT total route time: 0.009 sec): 14(overused: 26)
Unrouted general nets at iteration 39 (MT total route time: 0.009 sec): 15(overused: 20)
Unrouted general nets at iteration 40 (MT total route time: 0.008 sec): 15(overused: 24)
Unrouted general nets at iteration 41 (MT total route time: 0.009 sec): 7(overused: 8)
Unrouted general nets at iteration 42 (MT total route time: 0.009 sec): 6(overused: 8)
Unrouted general nets at iteration 43 (MT total route time: 0.007 sec): 0(overused: 0)
----General net take 0.007 sec(route net take 0.000 sec, inc cost take 0.003 sec, iter times: 1)
----const net route take 0.009 sec
Unrouted nets at iteration 44 (0.016 sec): 0
Stage: after detail route | Performance: TNS = 0 ; WNS = 8382 ; THS = NA ; WHS = NA | Time (s): real = 0h:0m:11s ; cpu = 0h:0m:4s ; process = 0h:0m:10s | Memory (MB): curr = 424.605469 ; peak = 424.890625 | Checksum: 1077C85BCE39DD18
Begin rip-up and reroute:
Rip-up and reroute takes 0.11 sec.
Stage: after ripup & reroute | Performance: TNS = 0 ; WNS = 8382 ; THS = NA ; WHS = NA | Time (s): real = 0h:0m:11s ; cpu = 0h:0m:4s ; process = 0h:0m:11s | Memory (MB): curr = 429.394531 ; peak = 429.453125 | Checksum: 98111A4C11EBAD75
Detailed routing takes 5.40 sec.
I: Design net genblk1[0].fan_pwm_tach_m/w_clk_1s_pos is routed by general path.
C: Route-2036: The clock path from genblk1[0].fan_pwm_tach_m/Edge_Detect_u1/N0/gateop:Z to clkbufgs_6:CLKIN is routed by SRB.
I: Design net nt_i_CLK_PAL_IN_25M is routed by general path.
C: Route-2036: The clock path from i_CLK_PAL_IN_25M_ibuf/opit_1:OUT to pll_inst/u_pll_e2/goppllinmuxd:CLK_IN[0] is routed by SRB.
Sort Original Nets take 0.002 sec
Check HPIO div result take 0.000 sec
Total net: 3018, route succeed net: 3018
Generate routing result take 0.008 sec
Handle PERMUX permutation take 0.107 sec
Handle const net take 0.010 sec
Handle route through take 0.032 sec
Used SRB routing arc is 24329.
Stage: after finish route | Performance: TNS = 0 ; WNS = 8382 ; THS = NA ; WHS = NA | Time (s): real = 0h:0m:12s ; cpu = 0h:0m:5s ; process = 0h:0m:11s | Memory (MB): curr = 404.902344 ; peak = 429.453125 | Checksum: F3BF378E60B88007
Finish routing takes 0.23 sec.
Total routing takes 6.92 sec.


Device Utilization Summary :
+----------------------------------------------------------------------------+
| Device Type                      | Used     | Available     | Util(%)     
+----------------------------------------------------------------------------+
| CLMA                             | 375      | 592           | 64          
| + FF                             | 795      | 3552          | 23          
| + LUT                            | 1074     | 2368          | 46          
|   + LUT as Logic                 | 893      |               |             
|   + LUT as Const                 | 171      |               |             
|   + LUT as Bypass                | 10       |               |             
| CLMS                             | 545      | 888           | 62          
| + FF                             | 1210     | 5328          | 23          
| + LUT                            | 1520     | 3552          | 43          
|   + LUT as Logic                 | 1326     |               |             
|   + LUT as Memory                | 0        |               |             
|     + LUT as Distributed RAM     | 0        |               |             
|   + LUT as Const                 | 166      |               |             
|   + LUT as Bypass                | 28       |               |             
| IO                               | 308      | 336           | 92          
| + IOBD                           | 21       | 21            | 100         
| + IOBR                           | 40       | 42            | 96          
| + IOBS                           | 247      | 273           | 91          
| BKCL                             | 6        | 6             | 100         
| CCS                              | 1        | 1             | 100         
| CLKDIV                           | 0        | 4             | 0           
| CLKDLY                           | 0        | 8             | 0           
| DLL                              | 0        | 2             | 0           
| DRM                              | 0        | 26            | 0           
| HARD0N1                          | 179      | 936           | 20          
| IOCKBRG                          | 0        | 2             | 0           
| IOCKGATE                         | 0        | 4             | 0           
| + IOCKGATE as Bypass             | 0        |               |             
| IOLDLYS                          | 138      | 252           | 55          
| IOLDLY                           | 57       | 84            | 68          
| IOL                              | 308      | 336           | 92          
| ISERDES                          | 0        | 21            | 0           
| LDO                              | 0        | 2             | 0           
| OSC                              | 0        | 1             | 0           
| OSERDES                          | 0        | 21            | 0           
| PLLINMUXD                        | 1        | 2             | 50          
| + PLLINMUXD as Bypass            | 0        |               |             
| PLL                              | 1        | 2             | 50          
| USCMDC                           | 2        | 8             | 25          
| + USCMDC as Bypass               | 0        |               |             
| USCMD                            | 0        | 2             | 0           
| + USCMD as Bypass                | 0        |               |             
| USSMBUF                          | 1        | 8             | 13          
| + USSMBUF as Bypass              | 0        |               |             
+----------------------------------------------------------------------------+

Finished routing. (CPU time elapsed 0h:00m:09s)
Design 'Tieta_Feiteng_1001_top' has been routed successfully.
Saving design to DB.
Action route: Export DB successfully.
Action route: Real time elapsed is 0h:0m:13s
Action route: CPU time elapsed is 0h:0m:10s
Action route: Process CPU time elapsed is 0h:0m:12s
Action route: Peak memory pool usage is 429 MB

Current time: Thu Mar 26 14:35:05 2026
