#Build: Fabric Compiler 2024.2-SP1.2, Build 187561, May 22 18:16 2025
#Install: C:\studyware\pango\PDS_2024.2-SP1.2-ads\bin
#Application name: pds_shell.exe
#OS: Windows 10 10.0.18363
#Hostname: z02665mj
Generated by Fabric Compiler (version 2024.2-SP1.2 build 187561) at Fri Mar 27 17:51:09 2026
Parameters for debugging are loaded as follows:
Compiling verification operator library.
Compiling common defs.
Compiling prim grid devices.
Compiling place grid timing.
Compiling gate devices.
Compiling gate operators.
Building architecture model.
Loading device packaging model.
Building architecture floorplan logic view.
Elaborate the liberty model.
I: Multithreading enabled for Timing using a maximum of 4 processes.

Routing started.
Build routing arch for double attribute device.
Enter timing driven router mode.
I: Multithreading enabled for route using a maximum of 1 processes.
W: Route-4027: Cannot find permit_rougth_thru_units.json file in working directory.
Building routing graph takes 0.56 sec.
Enable Recovery Analysis in Routing
Init coarse delay table.
Read place coarse delay table takes 0.03 sec.
build place dedicate switch graph takes 0.16 sec
Setup STE netlist take 669 msec.
Slack Weight : 90
CE/RS signal series limit : 500
Dispose control chain take 59 msec.
Collect const net info take 20 msec.
Total nets for routing: 2245.
Total loads for routing: 10467.
Direct connect net size: 1060
Build all design net take 136 msec.
Processing design graph takes 0.89 sec.
Delay table total memory: 4.79386520 MB
Route graph total memory: 10.69975281 MB
Route design total memory: 3.53286362 MB
The remaining process takes 0.04 sec.
Stage: after context initialize | Performance: TNS = 0 ; WNS = 11976 ; THS = NA ; WHS = NA | Time (s): real = 0h:0m:6s ; cpu = 0h:0m:3s ; process = 0h:0m:4s | Memory (MB): curr = 331.167969 ; peak = 350.421875 | Checksum: B4C184EB7A2124D
Global routing takes 0.00 sec.
Pin Cost Increasing Speed 300
Unrouted clock nets at iteration 0 (0.006 sec): 0
Stage: after clock route | Performance: TNS = 0 ; WNS = 11976 ; THS = NA ; WHS = NA | Time (s): real = 0h:0m:6s ; cpu = 0h:0m:3s ; process = 0h:0m:4s | Memory (MB): curr = 332.250000 ; peak = 350.421875 | Checksum: C4396BD005F2B7BA
Total route nets size: 2240
I: Start printing congestion info.
I: Finish printing congestion info.
Pre route takes 0.599 sec
Stage: after pre route | Performance: TNS = 0 ; WNS = 12384 ; THS = 0 ; WHS = 259 | Time (s): real = 0h:0m:6s ; cpu = 0h:0m:3s ; process = 0h:0m:5s | Memory (MB): curr = 377.210938 ; peak = 381.839844 | Checksum: BC0011B8A2CB66FC
Unrouted general nets at iteration 2 (MT total route time: 0.355 sec): 1841(overused: 10333)
Unrouted general nets at iteration 3 (MT total route time: 0.337 sec): 1652(overused: 6508)
Unrouted general nets at iteration 4 (MT total route time: 0.257 sec): 1438(overused: 5113)
Unrouted general nets at iteration 5 (MT total route time: 0.174 sec): 1320(overused: 4213)
Unrouted general nets at iteration 6 (MT total route time: 0.157 sec): 1217(overused: 3560)
Unrouted general nets at iteration 7 (MT total route time: 0.119 sec): 765(overused: 2488)
Unrouted general nets at iteration 8 (MT total route time: 0.095 sec): 587(overused: 1753)
Unrouted general nets at iteration 9 (MT total route time: 0.082 sec): 462(overused: 1295)
Unrouted general nets at iteration 10 (MT total route time: 0.070 sec): 410(overused: 1039)
Unrouted general nets at iteration 11 (MT total route time: 0.066 sec): 340(overused: 890)
Unrouted general nets at iteration 12 (MT total route time: 0.047 sec): 262(overused: 608)
Unrouted general nets at iteration 13 (MT total route time: 0.035 sec): 211(overused: 420)
Unrouted general nets at iteration 14 (MT total route time: 0.029 sec): 200(overused: 402)
Unrouted general nets at iteration 15 (MT total route time: 0.024 sec): 162(overused: 293)
Unrouted general nets at iteration 16 (MT total route time: 0.022 sec): 136(overused: 238)
Unrouted general nets at iteration 17 (MT total route time: 0.019 sec): 120(overused: 226)
Unrouted general nets at iteration 18 (MT total route time: 0.021 sec): 104(overused: 200)
Unrouted general nets at iteration 19 (MT total route time: 0.017 sec): 107(overused: 212)
Unrouted general nets at iteration 20 (MT total route time: 0.015 sec): 72(overused: 144)
Unrouted general nets at iteration 21 (MT total route time: 0.011 sec): 61(overused: 108)
Unrouted general nets at iteration 22 (MT total route time: 0.013 sec): 51(overused: 86)
Unrouted general nets at iteration 23 (MT total route time: 0.020 sec): 39(overused: 74)
Unrouted general nets at iteration 24 (MT total route time: 0.011 sec): 32(overused: 63)
Unrouted general nets at iteration 25 (MT total route time: 0.009 sec): 24(overused: 34)
Unrouted general nets at iteration 26 (MT total route time: 0.007 sec): 20(overused: 30)
Unrouted general nets at iteration 27 (MT total route time: 0.008 sec): 23(overused: 38)
Unrouted general nets at iteration 28 (MT total route time: 0.007 sec): 14(overused: 36)
Unrouted general nets at iteration 29 (MT total route time: 0.007 sec): 7(overused: 12)
Unrouted general nets at iteration 30 (MT total route time: 0.005 sec): 7(overused: 12)
Unrouted general nets at iteration 31 (MT total route time: 0.006 sec): 6(overused: 6)
Unrouted general nets at iteration 32 (MT total route time: 0.004 sec): 4(overused: 6)
Unrouted general nets at iteration 33 (MT total route time: 0.005 sec): 2(overused: 4)
Unrouted general nets at iteration 34 (MT total route time: 0.004 sec): 2(overused: 4)
Unrouted general nets at iteration 35 (MT total route time: 0.004 sec): 2(overused: 4)
Unrouted general nets at iteration 36 (MT total route time: 0.004 sec): 2(overused: 4)
Unrouted general nets at iteration 37 (MT total route time: 0.004 sec): 2(overused: 2)
Unrouted general nets at iteration 38 (MT total route time: 0.005 sec): 4(overused: 10)
Unrouted general nets at iteration 39 (MT total route time: 0.005 sec): 4(overused: 8)
Unrouted general nets at iteration 40 (MT total route time: 0.004 sec): 2(overused: 4)
Unrouted general nets at iteration 41 (MT total route time: 0.005 sec): 0(overused: 0)
----General net take 0.004 sec(route net take 0.000 sec, inc cost take 0.001 sec, iter times: 1)
----const net route take 0.005 sec
Unrouted nets at iteration 42 (0.010 sec): 0
Stage: after detail route | Performance: TNS = 0 ; WNS = 11870 ; THS = NA ; WHS = NA | Time (s): real = 0h:0m:9s ; cpu = 0h:0m:4s ; process = 0h:0m:8s | Memory (MB): curr = 384.335938 ; peak = 384.339844 | Checksum: D2E3C8031C393437
Begin rip-up and reroute:
Rip-up and reroute takes 0.08 sec.
Stage: after ripup & reroute | Performance: TNS = 0 ; WNS = 11872 ; THS = NA ; WHS = NA | Time (s): real = 0h:0m:9s ; cpu = 0h:0m:4s ; process = 0h:0m:8s | Memory (MB): curr = 387.828125 ; peak = 387.882813 | Checksum: 4DBB2C65628AC1DF
Detailed routing takes 3.16 sec.
I: Design net nt_i_CLK_C42_IN_25M is routed by general path.
C: Route-2036: The clock path from i_CLK_C42_IN_25M_ibuf/opit_1:OUT to pll_inst/u_pll_e2/goppllinmuxd:CLK_IN[0] is routed by SRB.
Sort Original Nets take 0.000 sec
Check HPIO div result take 0.000 sec
Total net: 2245, route succeed net: 2245
Generate routing result take 0.004 sec
Handle PERMUX permutation take 0.079 sec
Handle const net take 0.005 sec
Handle route through take 0.026 sec
Used SRB routing arc is 17991.
Stage: after finish route | Performance: TNS = 0 ; WNS = 11872 ; THS = NA ; WHS = NA | Time (s): real = 0h:0m:9s ; cpu = 0h:0m:4s ; process = 0h:0m:8s | Memory (MB): curr = 369.496094 ; peak = 387.882813 | Checksum: C5B306359DFBE6BA
Finish routing takes 0.17 sec.
Total routing takes 4.90 sec.


Device Utilization Summary :
+----------------------------------------------------------------------------+
| Device Type                      | Used     | Available     | Util(%)     
+----------------------------------------------------------------------------+
| CLMA                             | 280      | 592           | 48          
| + FF                             | 615      | 3552          | 18          
| + LUT                            | 735      | 2368          | 32          
|   + LUT as Logic                 | 602      |               |             
|   + LUT as Const                 | 113      |               |             
|   + LUT as Bypass                | 20       |               |             
| CLMS                             | 376      | 888           | 43          
| + FF                             | 910      | 5328          | 18          
| + LUT                            | 998      | 3552          | 29          
|   + LUT as Logic                 | 909      |               |             
|   + LUT as Memory                | 0        |               |             
|     + LUT as Distributed RAM     | 0        |               |             
|   + LUT as Const                 | 71       |               |             
|   + LUT as Bypass                | 18       |               |             
| IO                               | 269      | 336           | 81          
| + IOBD                           | 19       | 21            | 91          
| + IOBR                           | 31       | 42            | 74          
| + IOBS                           | 219      | 273           | 81          
| BKCL                             | 6        | 6             | 100         
| CCS                              | 1        | 1             | 100         
| CLKDIV                           | 0        | 4             | 0           
| CLKDLY                           | 0        | 8             | 0           
| DLL                              | 0        | 2             | 0           
| DRM                              | 0        | 26            | 0           
| HARD0N1                          | 81       | 936           | 9           
| IOCKBRG                          | 0        | 2             | 0           
| IOCKGATE                         | 0        | 4             | 0           
| + IOCKGATE as Bypass             | 0        |               |             
| IOLDLYS                          | 126      | 252           | 50          
| IOLDLY                           | 40       | 84            | 48          
| IOL                              | 269      | 336           | 81          
| ISERDES                          | 0        | 21            | 0           
| LDO                              | 0        | 2             | 0           
| OSC                              | 0        | 1             | 0           
| OSERDES                          | 0        | 21            | 0           
| PLLINMUXD                        | 1        | 2             | 50          
| + PLLINMUXD as Bypass            | 0        |               |             
| PLL                              | 1        | 2             | 50          
| USCMDC                           | 1        | 8             | 13          
| + USCMDC as Bypass               | 0        |               |             
| USCMD                            | 0        | 2             | 0           
| + USCMD as Bypass                | 0        |               |             
| USSMBUF                          | 0        | 8             | 0           
| + USSMBUF as Bypass              | 0        |               |             
+----------------------------------------------------------------------------+

Finished routing. (CPU time elapsed 0h:00m:07s)
Design 'Tieta_Feiteng_2001_top' has been routed successfully.
Saving design to DB.
Action route: Export DB successfully.
Action route: Real time elapsed is 0h:0m:10s
Action route: CPU time elapsed is 0h:0m:8s
Action route: Process CPU time elapsed is 0h:0m:9s
Action route: Peak memory pool usage is 387 MB

Current time: Fri Mar 27 17:51:17 2026
