#Build: Fabric Compiler 2024.2-SP1.2, Build 187561, May 22 18:16 2025
#Install: C:\studyware\pango\PDS_2024.2-SP1.2-ads\bin
#Application name: pds_shell.exe
#OS: Windows 10 10.0.18363
#Hostname: z02665mj
Generated by Fabric Compiler (version 2024.2-SP1.2 build 187561) at Wed Mar  4 17:53:04 2026
Parameters for debugging are loaded as follows:
Compiling verification operator library.
Compiling common defs.
Compiling prim grid devices.
Compiling place grid timing.
Compiling gate devices.
Compiling gate operators.
Building architecture model.
Loading device packaging model.
Building architecture floorplan logic view.
Elaborate the liberty model.
I: Multithreading enabled for Timing using a maximum of 4 processes.

Routing started.
Build routing arch for double attribute device.
Enter timing driven router mode.
I: Multithreading enabled for route using a maximum of 1 processes.
W: Route-4027: Cannot find permit_rougth_thru_units.json file in working directory.
Building routing graph takes 0.29 sec.
Enable Recovery Analysis in Routing
Init coarse delay table.
Read place coarse delay table takes 0.03 sec.
build place dedicate switch graph takes 0.22 sec
Setup STE netlist take 577 msec.
Slack Weight : 90
CE/RS signal series limit : 500
Dispose control chain take 78 msec.
Collect const net info take 21 msec.
Total nets for routing: 1828.
Total loads for routing: 8507.
Direct connect net size: 1056
Build all design net take 137 msec.
Processing design graph takes 0.82 sec.
Delay table total memory: 4.79386520 MB
Route graph total memory: 10.53302002 MB
Route design total memory: 3.36295700 MB
The remaining process takes 0.04 sec.
Stage: after context initialize | Performance: TNS = 0 ; WNS = 12771 ; THS = NA ; WHS = NA | Time (s): real = 0h:0m:5s ; cpu = 0h:0m:3s ; process = 0h:0m:4s | Memory (MB): curr = 327.066406 ; peak = 342.894531 | Checksum: 908C54D8F46854C1
Global routing takes 0.00 sec.
Pin Cost Increasing Speed 300
Unrouted clock nets at iteration 0 (0.008 sec): 0
Stage: after clock route | Performance: TNS = 0 ; WNS = 12771 ; THS = NA ; WHS = NA | Time (s): real = 0h:0m:5s ; cpu = 0h:0m:3s ; process = 0h:0m:4s | Memory (MB): curr = 327.898438 ; peak = 342.894531 | Checksum: 8F58DDB67F32EDDF
Total route nets size: 1823
I: Start printing congestion info.
I: Finish printing congestion info.
Pre route takes 0.740 sec
Stage: after pre route | Performance: TNS = 0 ; WNS = 12718 ; THS = 0 ; WHS = 255 | Time (s): real = 0h:0m:6s ; cpu = 0h:0m:4s ; process = 0h:0m:5s | Memory (MB): curr = 366.496094 ; peak = 371.707031 | Checksum: 4CAABFD75A7842EC
Unrouted general nets at iteration 2 (MT total route time: 0.319 sec): 1453(overused: 8852)
Unrouted general nets at iteration 3 (MT total route time: 0.247 sec): 1310(overused: 5630)
Unrouted general nets at iteration 4 (MT total route time: 0.205 sec): 1177(overused: 4608)
Unrouted general nets at iteration 5 (MT total route time: 0.165 sec): 1097(overused: 3791)
Unrouted general nets at iteration 6 (MT total route time: 0.208 sec): 1015(overused: 3192)
Unrouted general nets at iteration 7 (MT total route time: 0.112 sec): 614(overused: 2415)
Unrouted general nets at iteration 8 (MT total route time: 0.104 sec): 503(overused: 1655)
Unrouted general nets at iteration 9 (MT total route time: 0.076 sec): 400(overused: 1195)
Unrouted general nets at iteration 10 (MT total route time: 0.088 sec): 355(overused: 1002)
Unrouted general nets at iteration 11 (MT total route time: 0.066 sec): 294(overused: 790)
Unrouted general nets at iteration 12 (MT total route time: 0.060 sec): 258(overused: 646)
Unrouted general nets at iteration 13 (MT total route time: 0.043 sec): 235(overused: 540)
Unrouted general nets at iteration 14 (MT total route time: 0.037 sec): 212(overused: 490)
Unrouted general nets at iteration 15 (MT total route time: 0.035 sec): 188(overused: 437)
Unrouted general nets at iteration 16 (MT total route time: 0.037 sec): 147(overused: 352)
Unrouted general nets at iteration 17 (MT total route time: 0.027 sec): 119(overused: 280)
Unrouted general nets at iteration 18 (MT total route time: 0.023 sec): 113(overused: 228)
Unrouted general nets at iteration 19 (MT total route time: 0.022 sec): 89(overused: 176)
Unrouted general nets at iteration 20 (MT total route time: 0.024 sec): 93(overused: 191)
Unrouted general nets at iteration 21 (MT total route time: 0.014 sec): 65(overused: 146)
Unrouted general nets at iteration 22 (MT total route time: 0.012 sec): 59(overused: 118)
Unrouted general nets at iteration 23 (MT total route time: 0.012 sec): 50(overused: 89)
Unrouted general nets at iteration 24 (MT total route time: 0.010 sec): 38(overused: 96)
Unrouted general nets at iteration 25 (MT total route time: 0.010 sec): 40(overused: 61)
Unrouted general nets at iteration 26 (MT total route time: 0.008 sec): 22(overused: 40)
Unrouted general nets at iteration 27 (MT total route time: 0.006 sec): 20(overused: 30)
Unrouted general nets at iteration 28 (MT total route time: 0.006 sec): 18(overused: 28)
Unrouted general nets at iteration 29 (MT total route time: 0.006 sec): 14(overused: 24)
Unrouted general nets at iteration 30 (MT total route time: 0.006 sec): 10(overused: 18)
Unrouted general nets at iteration 31 (MT total route time: 0.005 sec): 12(overused: 16)
Unrouted general nets at iteration 32 (MT total route time: 0.007 sec): 10(overused: 24)
Unrouted general nets at iteration 33 (MT total route time: 0.013 sec): 11(overused: 16)
Unrouted general nets at iteration 34 (MT total route time: 0.009 sec): 10(overused: 14)
Unrouted general nets at iteration 35 (MT total route time: 0.015 sec): 9(overused: 14)
Unrouted general nets at iteration 36 (MT total route time: 0.010 sec): 4(overused: 4)
Unrouted general nets at iteration 37 (MT total route time: 0.003 sec): 0(overused: 0)
----General net take 0.003 sec(route net take 0.000 sec, inc cost take 0.001 sec, iter times: 1)
----const net route take 0.004 sec
Unrouted nets at iteration 38 (0.008 sec): 0
Stage: after detail route | Performance: TNS = 0 ; WNS = 11806 ; THS = NA ; WHS = NA | Time (s): real = 0h:0m:8s ; cpu = 0h:0m:4s ; process = 0h:0m:8s | Memory (MB): curr = 373.160156 ; peak = 373.503906 | Checksum: 39B1009C605FCA31
Begin rip-up and reroute:
Rip-up and reroute takes 0.07 sec.
Stage: after ripup & reroute | Performance: TNS = 0 ; WNS = 11798 ; THS = NA ; WHS = NA | Time (s): real = 0h:0m:9s ; cpu = 0h:0m:4s ; process = 0h:0m:8s | Memory (MB): curr = 377.031250 ; peak = 377.082031 | Checksum: 3C25784BB7F64835
Detailed routing takes 3.29 sec.
I: Design net nt_i_CLK_C42_IN_25M is routed by general path.
C: Route-2036: The clock path from i_CLK_C42_IN_25M_ibuf/opit_1:OUT to pll_inst/u_pll_e2/goppllinmuxd:CLK_IN[0] is routed by SRB.
Sort Original Nets take 0.000 sec
Check HPIO div result take 0.000 sec
Total net: 1828, route succeed net: 1828
Generate routing result take 0.009 sec
Handle PERMUX permutation take 0.082 sec
Handle const net take 0.005 sec
Handle route through take 0.020 sec
Used SRB routing arc is 15000.
Stage: after finish route | Performance: TNS = 0 ; WNS = 11798 ; THS = NA ; WHS = NA | Time (s): real = 0h:0m:9s ; cpu = 0h:0m:4s ; process = 0h:0m:8s | Memory (MB): curr = 359.691406 ; peak = 377.082031 | Checksum: 52384EBE8A061523
Finish routing takes 0.16 sec.
Total routing takes 4.70 sec.


Device Utilization Summary :
+----------------------------------------------------------------------------+
| Device Type                      | Used     | Available     | Util(%)     
+----------------------------------------------------------------------------+
| CLMA                             | 239      | 592           | 41          
| + FF                             | 515      | 3552          | 15          
| + LUT                            | 588      | 2368          | 25          
|   + LUT as Logic                 | 484      |               |             
|   + LUT as Const                 | 94       |               |             
|   + LUT as Bypass                | 10       |               |             
| CLMS                             | 313      | 888           | 36          
| + FF                             | 738      | 5328          | 14          
| + LUT                            | 805      | 3552          | 23          
|   + LUT as Logic                 | 709      |               |             
|   + LUT as Memory                | 0        |               |             
|     + LUT as Distributed RAM     | 0        |               |             
|   + LUT as Const                 | 84       |               |             
|   + LUT as Bypass                | 12       |               |             
| IO                               | 287      | 336           | 86          
| + IOBD                           | 19       | 21            | 91          
| + IOBR                           | 37       | 42            | 89          
| + IOBS                           | 231      | 273           | 85          
| BKCL                             | 6        | 6             | 100         
| CCS                              | 1        | 1             | 100         
| CLKDIV                           | 0        | 4             | 0           
| CLKDLY                           | 0        | 8             | 0           
| DLL                              | 0        | 2             | 0           
| DRM                              | 0        | 26            | 0           
| HARD0N1                          | 49       | 936           | 6           
| IOCKBRG                          | 0        | 2             | 0           
| IOCKGATE                         | 0        | 4             | 0           
| + IOCKGATE as Bypass             | 0        |               |             
| IOLDLYS                          | 131      | 252           | 52          
| IOLDLY                           | 38       | 84            | 46          
| IOL                              | 287      | 336           | 86          
| ISERDES                          | 0        | 21            | 0           
| LDO                              | 0        | 2             | 0           
| OSC                              | 0        | 1             | 0           
| OSERDES                          | 0        | 21            | 0           
| PLLINMUXD                        | 1        | 2             | 50          
| + PLLINMUXD as Bypass            | 0        |               |             
| PLL                              | 1        | 2             | 50          
| USCMDC                           | 1        | 8             | 13          
| + USCMDC as Bypass               | 0        |               |             
| USCMD                            | 0        | 2             | 0           
| + USCMD as Bypass                | 0        |               |             
| USSMBUF                          | 0        | 8             | 0           
| + USSMBUF as Bypass              | 0        |               |             
+----------------------------------------------------------------------------+

Finished routing. (CPU time elapsed 0h:00m:07s)
Design 'Tieta_Feiteng_2001_top' has been routed successfully.
Saving design to DB.
Action route: Export DB successfully.
Action route: Real time elapsed is 0h:0m:10s
Action route: CPU time elapsed is 0h:0m:8s
Action route: Process CPU time elapsed is 0h:0m:9s
Action route: Peak memory pool usage is 377 MB

Current time: Wed Mar  4 17:53:12 2026
