#Build: Fabric Compiler 2024.2-SP1.2, Build 187561, May 22 18:16 2025
#Install: C:\studyware\pango\PDS_2024.2-SP1.2-ads\bin
#Application name: pds_shell.exe
#OS: Windows 10 10.0.18363
#Hostname: z02665mj
Generated by Fabric Compiler (version 2024.2-SP1.2 build 187561) at Thu Mar  5 17:14:33 2026
Parameters for debugging are loaded as follows:
Compiling verification operator library.
Compiling common defs.
Compiling prim grid devices.
Compiling place grid timing.
Compiling gate devices.
Compiling gate operators.
Building architecture model.
Loading device packaging model.
Building architecture floorplan logic view.
Elaborate the liberty model.
I: Multithreading enabled for Timing using a maximum of 4 processes.

Routing started.
Build routing arch for double attribute device.
Enter timing driven router mode.
I: Multithreading enabled for route using a maximum of 1 processes.
W: Route-4027: Cannot find permit_rougth_thru_units.json file in working directory.
Building routing graph takes 0.28 sec.
Enable Recovery Analysis in Routing
Init coarse delay table.
Read place coarse delay table takes 0.02 sec.
build place dedicate switch graph takes 0.19 sec
Setup STE netlist take 442 msec.
Slack Weight : 90
CE/RS signal series limit : 500
Dispose control chain take 52 msec.
Collect const net info take 18 msec.
Total nets for routing: 1817.
Total loads for routing: 8610.
Direct connect net size: 1021
Build all design net take 119 msec.
Processing design graph takes 0.64 sec.
Delay table total memory: 4.79386520 MB
Route graph total memory: 10.53622437 MB
Route design total memory: 3.28772354 MB
The remaining process takes 0.03 sec.
Stage: after context initialize | Performance: TNS = 0 ; WNS = 12564 ; THS = NA ; WHS = NA | Time (s): real = 0h:0m:4s ; cpu = 0h:0m:3s ; process = 0h:0m:4s | Memory (MB): curr = 326.269531 ; peak = 341.621094 | Checksum: 93870A0F1A09E6B0
Global routing takes 0.00 sec.
Pin Cost Increasing Speed 300
Unrouted clock nets at iteration 0 (0.005 sec): 0
Stage: after clock route | Performance: TNS = 0 ; WNS = 12564 ; THS = NA ; WHS = NA | Time (s): real = 0h:0m:4s ; cpu = 0h:0m:3s ; process = 0h:0m:4s | Memory (MB): curr = 326.847656 ; peak = 341.621094 | Checksum: 8830E4DC42F97458
Total route nets size: 1812
I: Start printing congestion info.
I: Finish printing congestion info.
Pre route takes 0.483 sec
Stage: after pre route | Performance: TNS = 0 ; WNS = 12679 ; THS = 0 ; WHS = 258 | Time (s): real = 0h:0m:5s ; cpu = 0h:0m:3s ; process = 0h:0m:4s | Memory (MB): curr = 365.398438 ; peak = 370.679688 | Checksum: EE61AF458A97F29E
Unrouted general nets at iteration 2 (MT total route time: 0.298 sec): 1462(overused: 8716)
Unrouted general nets at iteration 3 (MT total route time: 0.221 sec): 1331(overused: 5609)
Unrouted general nets at iteration 4 (MT total route time: 0.175 sec): 1191(overused: 4543)
Unrouted general nets at iteration 5 (MT total route time: 0.155 sec): 1104(overused: 3654)
Unrouted general nets at iteration 6 (MT total route time: 0.126 sec): 1000(overused: 3175)
Unrouted general nets at iteration 7 (MT total route time: 0.102 sec): 631(overused: 2237)
Unrouted general nets at iteration 8 (MT total route time: 0.092 sec): 509(overused: 1528)
Unrouted general nets at iteration 9 (MT total route time: 0.069 sec): 402(overused: 1170)
Unrouted general nets at iteration 10 (MT total route time: 0.058 sec): 361(overused: 1027)
Unrouted general nets at iteration 11 (MT total route time: 0.047 sec): 276(overused: 747)
Unrouted general nets at iteration 12 (MT total route time: 0.041 sec): 252(overused: 651)
Unrouted general nets at iteration 13 (MT total route time: 0.033 sec): 210(overused: 470)
Unrouted general nets at iteration 14 (MT total route time: 0.029 sec): 167(overused: 354)
Unrouted general nets at iteration 15 (MT total route time: 0.022 sec): 144(overused: 282)
Unrouted general nets at iteration 16 (MT total route time: 0.021 sec): 118(overused: 256)
Unrouted general nets at iteration 17 (MT total route time: 0.016 sec): 88(overused: 208)
Unrouted general nets at iteration 18 (MT total route time: 0.017 sec): 86(overused: 184)
Unrouted general nets at iteration 19 (MT total route time: 0.019 sec): 81(overused: 146)
Unrouted general nets at iteration 20 (MT total route time: 0.016 sec): 74(overused: 146)
Unrouted general nets at iteration 21 (MT total route time: 0.016 sec): 69(overused: 170)
Unrouted general nets at iteration 22 (MT total route time: 0.013 sec): 70(overused: 128)
Unrouted general nets at iteration 23 (MT total route time: 0.012 sec): 53(overused: 110)
Unrouted general nets at iteration 24 (MT total route time: 0.010 sec): 45(overused: 82)
Unrouted general nets at iteration 25 (MT total route time: 0.011 sec): 44(overused: 82)
Unrouted general nets at iteration 26 (MT total route time: 0.008 sec): 36(overused: 58)
Unrouted general nets at iteration 27 (MT total route time: 0.006 sec): 24(overused: 54)
Unrouted general nets at iteration 28 (MT total route time: 0.006 sec): 22(overused: 52)
Unrouted general nets at iteration 29 (MT total route time: 0.005 sec): 14(overused: 34)
Unrouted general nets at iteration 30 (MT total route time: 0.005 sec): 8(overused: 22)
Unrouted general nets at iteration 31 (MT total route time: 0.004 sec): 8(overused: 14)
Unrouted general nets at iteration 32 (MT total route time: 0.005 sec): 13(overused: 22)
Unrouted general nets at iteration 33 (MT total route time: 0.005 sec): 12(overused: 18)
Unrouted general nets at iteration 34 (MT total route time: 0.004 sec): 10(overused: 16)
Unrouted general nets at iteration 35 (MT total route time: 0.005 sec): 6(overused: 10)
Unrouted general nets at iteration 36 (MT total route time: 0.004 sec): 2(overused: 4)
Unrouted general nets at iteration 37 (MT total route time: 0.004 sec): 4(overused: 4)
Unrouted general nets at iteration 38 (MT total route time: 0.003 sec): 2(overused: 4)
Unrouted general nets at iteration 39 (MT total route time: 0.003 sec): 2(overused: 4)
Unrouted general nets at iteration 40 (MT total route time: 0.003 sec): 3(overused: 4)
Unrouted general nets at iteration 41 (MT total route time: 0.004 sec): 3(overused: 6)
Unrouted general nets at iteration 42 (MT total route time: 0.005 sec): 0(overused: 0)
----General net take 0.003 sec(route net take 0.000 sec, inc cost take 0.001 sec, iter times: 1)
----const net route take 0.004 sec
Unrouted nets at iteration 43 (0.008 sec): 0
Stage: after detail route | Performance: TNS = 0 ; WNS = 12068 ; THS = NA ; WHS = NA | Time (s): real = 0h:0m:7s ; cpu = 0h:0m:3s ; process = 0h:0m:6s | Memory (MB): curr = 373.128906 ; peak = 373.132813 | Checksum: 3197E54B8E133F40
Begin rip-up and reroute:
Rip-up and reroute takes 0.07 sec.
Stage: after ripup & reroute | Performance: TNS = 0 ; WNS = 12062 ; THS = NA ; WHS = NA | Time (s): real = 0h:0m:7s ; cpu = 0h:0m:3s ; process = 0h:0m:7s | Memory (MB): curr = 375.792969 ; peak = 375.851563 | Checksum: E90DB647D1828D76
Detailed routing takes 2.64 sec.
I: Design net nt_i_CLK_C42_IN_25M is routed by general path.
C: Route-2036: The clock path from i_CLK_C42_IN_25M_ibuf/opit_1:OUT to pll_inst/u_pll_e2/goppllinmuxd:CLK_IN[0] is routed by SRB.
Sort Original Nets take 0.000 sec
Check HPIO div result take 0.000 sec
Total net: 1817, route succeed net: 1817
Generate routing result take 0.007 sec
Handle PERMUX permutation take 0.066 sec
Handle const net take 0.004 sec
Handle route through take 0.019 sec
Used SRB routing arc is 14908.
Stage: after finish route | Performance: TNS = 0 ; WNS = 12062 ; THS = NA ; WHS = NA | Time (s): real = 0h:0m:7s ; cpu = 0h:0m:3s ; process = 0h:0m:7s | Memory (MB): curr = 360.859375 ; peak = 375.851563 | Checksum: C5A4D57AB7B12C15
Finish routing takes 0.14 sec.
Total routing takes 3.81 sec.


Device Utilization Summary :
+----------------------------------------------------------------------------+
| Device Type                      | Used     | Available     | Util(%)     
+----------------------------------------------------------------------------+
| CLMA                             | 244      | 592           | 42          
| + FF                             | 473      | 3552          | 14          
| + LUT                            | 644      | 2368          | 28          
|   + LUT as Logic                 | 494      |               |             
|   + LUT as Const                 | 130      |               |             
|   + LUT as Bypass                | 20       |               |             
| CLMS                             | 318      | 888           | 36          
| + FF                             | 777      | 5328          | 15          
| + LUT                            | 789      | 3552          | 23          
|   + LUT as Logic                 | 699      |               |             
|   + LUT as Memory                | 0        |               |             
|     + LUT as Distributed RAM     | 0        |               |             
|   + LUT as Const                 | 76       |               |             
|   + LUT as Bypass                | 14       |               |             
| IO                               | 287      | 336           | 86          
| + IOBD                           | 19       | 21            | 91          
| + IOBR                           | 37       | 42            | 89          
| + IOBS                           | 231      | 273           | 85          
| BKCL                             | 6        | 6             | 100         
| CCS                              | 1        | 1             | 100         
| CLKDIV                           | 0        | 4             | 0           
| CLKDLY                           | 0        | 8             | 0           
| DLL                              | 0        | 2             | 0           
| DRM                              | 0        | 26            | 0           
| HARD0N1                          | 51       | 936           | 6           
| IOCKBRG                          | 0        | 2             | 0           
| IOCKGATE                         | 0        | 4             | 0           
| + IOCKGATE as Bypass             | 0        |               |             
| IOLDLYS                          | 131      | 252           | 52          
| IOLDLY                           | 38       | 84            | 46          
| IOL                              | 287      | 336           | 86          
| ISERDES                          | 0        | 21            | 0           
| LDO                              | 0        | 2             | 0           
| OSC                              | 0        | 1             | 0           
| OSERDES                          | 0        | 21            | 0           
| PLLINMUXD                        | 1        | 2             | 50          
| + PLLINMUXD as Bypass            | 0        |               |             
| PLL                              | 1        | 2             | 50          
| USCMDC                           | 1        | 8             | 13          
| + USCMDC as Bypass               | 0        |               |             
| USCMD                            | 0        | 2             | 0           
| + USCMD as Bypass                | 0        |               |             
| USSMBUF                          | 0        | 8             | 0           
| + USSMBUF as Bypass              | 0        |               |             
+----------------------------------------------------------------------------+

Finished routing. (CPU time elapsed 0h:00m:06s)
Design 'Tieta_Feiteng_2001_top' has been routed successfully.
Saving design to DB.
Action route: Export DB successfully.
Action route: Real time elapsed is 0h:0m:8s
Action route: CPU time elapsed is 0h:0m:6s
Action route: Process CPU time elapsed is 0h:0m:7s
Action route: Peak memory pool usage is 375 MB

Current time: Thu Mar  5 17:14:39 2026
