#Build: Fabric Compiler 2024.2-SP1.2, Build 187561, May 22 18:16 2025
#Install: C:\studyware\pango\PDS_2024.2-SP1.2-ads\bin
#Application name: pds_shell.exe
#OS: Windows 10 10.0.18363
#Hostname: z02665mj
Generated by Fabric Compiler (version 2024.2-SP1.2 build 187561) at Tue Apr 14 19:33:50 2026
Parameters for debugging are loaded as follows:
Compiling verification operator library.
Compiling common defs.
Compiling prim grid devices.
Compiling place grid timing.
Compiling gate devices.
Compiling gate operators.
Building architecture model.
Loading device packaging model.
Building architecture floorplan logic view.
Elaborate the liberty model.
I: Multithreading enabled for Timing using a maximum of 4 processes.

Routing started.
Build routing arch for double attribute device.
Enter timing driven router mode.
I: Multithreading enabled for route using a maximum of 1 processes.
W: Route-4027: Cannot find permit_rougth_thru_units.json file in working directory.
Building routing graph takes 0.31 sec.
Enable Recovery Analysis in Routing
Init coarse delay table.
Read place coarse delay table takes 0.05 sec.
build place dedicate switch graph takes 0.17 sec
Setup STE netlist take 567 msec.
Slack Weight : 90
CE/RS signal series limit : 500
Dispose control chain take 97 msec.
Collect const net info take 29 msec.
Total nets for routing: 3172.
Total loads for routing: 14906.
Direct connect net size: 1305
Build all design net take 226 msec.
Processing design graph takes 0.92 sec.
Delay table total memory: 4.79386520 MB
Route graph total memory: 11.34875870 MB
Route design total memory: 4.39873123 MB
The remaining process takes 0.08 sec.
Stage: after context initialize | Performance: TNS = 0 ; WNS = 9478 ; THS = NA ; WHS = NA | Time (s): real = 0h:0m:6s ; cpu = 0h:0m:3s ; process = 0h:0m:5s | Memory (MB): curr = 357.671875 ; peak = 385.996094 | Checksum: C8CADFF9B59DC5D7
Global routing takes 0.00 sec.
Pin Cost Increasing Speed 300
Unrouted clock nets at iteration 0 (0.014 sec): 0
Stage: after clock route | Performance: TNS = 0 ; WNS = 9478 ; THS = NA ; WHS = NA | Time (s): real = 0h:0m:6s ; cpu = 0h:0m:3s ; process = 0h:0m:5s | Memory (MB): curr = 360.132813 ; peak = 385.996094 | Checksum: 1118E5CD8251F47
Total route nets size: 3164
I: Start printing congestion info.
I: Finish printing congestion info.
Pre route takes 0.985 sec
Stage: after pre route | Performance: TNS = 0 ; WNS = 10245 ; THS = 0 ; WHS = 117 | Time (s): real = 0h:0m:7s ; cpu = 0h:0m:4s ; process = 0h:0m:6s | Memory (MB): curr = 422.304688 ; peak = 427.332031 | Checksum: B846EAD390A45ACF
Unrouted general nets at iteration 2 (MT total route time: 0.652 sec): 2766(overused: 15162)
Unrouted general nets at iteration 3 (MT total route time: 0.611 sec): 2384(overused: 9543)
Unrouted general nets at iteration 4 (MT total route time: 0.476 sec): 2091(overused: 7505)
Unrouted general nets at iteration 5 (MT total route time: 0.509 sec): 1856(overused: 6135)
Unrouted general nets at iteration 6 (MT total route time: 0.850 sec): 1679(overused: 4878)
Unrouted general nets at iteration 7 (MT total route time: 0.268 sec): 1235(overused: 3685)
Unrouted general nets at iteration 8 (MT total route time: 0.195 sec): 954(overused: 2653)
Unrouted general nets at iteration 9 (MT total route time: 0.141 sec): 759(overused: 1993)
Unrouted general nets at iteration 10 (MT total route time: 0.155 sec): 621(overused: 1473)
Unrouted general nets at iteration 11 (MT total route time: 0.113 sec): 511(overused: 1172)
Unrouted general nets at iteration 12 (MT total route time: 0.202 sec): 450(overused: 1025)
Unrouted general nets at iteration 13 (MT total route time: 0.082 sec): 363(overused: 764)
Unrouted general nets at iteration 14 (MT total route time: 0.074 sec): 305(overused: 647)
Unrouted general nets at iteration 15 (MT total route time: 0.074 sec): 278(overused: 584)
Unrouted general nets at iteration 16 (MT total route time: 0.049 sec): 249(overused: 493)
Unrouted general nets at iteration 17 (MT total route time: 0.046 sec): 222(overused: 429)
Unrouted general nets at iteration 18 (MT total route time: 0.060 sec): 211(overused: 408)
Unrouted general nets at iteration 19 (MT total route time: 0.074 sec): 226(overused: 516)
Unrouted general nets at iteration 20 (MT total route time: 0.060 sec): 196(overused: 463)
Unrouted general nets at iteration 21 (MT total route time: 0.051 sec): 153(overused: 328)
Unrouted general nets at iteration 22 (MT total route time: 0.049 sec): 146(overused: 284)
Unrouted general nets at iteration 23 (MT total route time: 0.070 sec): 132(overused: 274)
Unrouted general nets at iteration 24 (MT total route time: 0.042 sec): 93(overused: 172)
Unrouted general nets at iteration 25 (MT total route time: 0.033 sec): 90(overused: 160)
Unrouted general nets at iteration 26 (MT total route time: 0.038 sec): 83(overused: 176)
Unrouted general nets at iteration 27 (MT total route time: 0.055 sec): 115(overused: 273)
Unrouted general nets at iteration 28 (MT total route time: 0.051 sec): 94(overused: 172)
Unrouted general nets at iteration 29 (MT total route time: 0.037 sec): 69(overused: 140)
Unrouted general nets at iteration 30 (MT total route time: 0.032 sec): 68(overused: 122)
Unrouted general nets at iteration 31 (MT total route time: 0.023 sec): 42(overused: 74)
Unrouted general nets at iteration 32 (MT total route time: 0.020 sec): 35(overused: 52)
Unrouted general nets at iteration 33 (MT total route time: 0.019 sec): 28(overused: 56)
Unrouted general nets at iteration 34 (MT total route time: 0.022 sec): 27(overused: 42)
Unrouted general nets at iteration 35 (MT total route time: 0.024 sec): 28(overused: 44)
Unrouted general nets at iteration 36 (MT total route time: 0.044 sec): 30(overused: 46)
Unrouted general nets at iteration 37 (MT total route time: 0.026 sec): 34(overused: 50)
Unrouted general nets at iteration 38 (MT total route time: 0.029 sec): 32(overused: 48)
Unrouted general nets at iteration 39 (MT total route time: 0.017 sec): 18(overused: 28)
Unrouted general nets at iteration 40 (MT total route time: 0.015 sec): 22(overused: 46)
Unrouted general nets at iteration 41 (MT total route time: 0.017 sec): 24(overused: 42)
Unrouted general nets at iteration 42 (MT total route time: 0.015 sec): 17(overused: 30)
Unrouted general nets at iteration 43 (MT total route time: 0.014 sec): 21(overused: 36)
Unrouted general nets at iteration 44 (MT total route time: 0.015 sec): 24(overused: 46)
Unrouted general nets at iteration 45 (MT total route time: 0.013 sec): 16(overused: 26)
Unrouted general nets at iteration 46 (MT total route time: 0.012 sec): 13(overused: 22)
Unrouted general nets at iteration 47 (MT total route time: 0.012 sec): 12(overused: 14)
Unrouted general nets at iteration 48 (MT total route time: 0.014 sec): 15(overused: 20)
Unrouted general nets at iteration 49 (MT total route time: 0.012 sec): 14(overused: 16)
Unrouted general nets at iteration 50 (MT total route time: 0.011 sec): 9(overused: 12)
Unrouted general nets at iteration 51 (MT total route time: 0.012 sec): 4(overused: 4)
Unrouted general nets at iteration 52 (MT total route time: 0.012 sec): 2(overused: 2)
Unrouted general nets at iteration 53 (MT total route time: 0.026 sec): 0(overused: 0)
----General net take 0.013 sec(route net take 0.000 sec, inc cost take 0.005 sec, iter times: 1)
----const net route take 0.014 sec
Unrouted nets at iteration 54 (0.028 sec): 0
Stage: after detail route | Performance: TNS = 0 ; WNS = 9359 ; THS = NA ; WHS = NA | Time (s): real = 0h:0m:13s ; cpu = 0h:0m:5s ; process = 0h:0m:13s | Memory (MB): curr = 429.925781 ; peak = 430.625000 | Checksum: 85822B25489C78A
Begin rip-up and reroute:
Rip-up and reroute takes 0.19 sec.
Stage: after ripup & reroute | Performance: TNS = 0 ; WNS = 9353 ; THS = NA ; WHS = NA | Time (s): real = 0h:0m:14s ; cpu = 0h:0m:5s ; process = 0h:0m:13s | Memory (MB): curr = 433.269531 ; peak = 433.316406 | Checksum: EDDD5A833C3AFBDD
Detailed routing takes 8.06 sec.
I: Design net genblk1[0].fan_pwm_tach_m/w_clk_1s_pos is routed by general path.
C: Route-2036: The clock path from genblk1[0].fan_pwm_tach_m/Edge_Detect_u1/N0/gateop:Z to clkbufgs_6:CLKIN is routed by SRB.
I: Design net nt_i_CLK_PAL_IN_25M is routed by general path.
C: Route-2036: The clock path from i_CLK_PAL_IN_25M_ibuf/opit_1:OUT to pll_inst/u_pll_e2/goppllinmuxd:CLK_IN[0] is routed by SRB.
Sort Original Nets take 0.002 sec
Check HPIO div result take 0.000 sec
Total net: 3172, route succeed net: 3172
Generate routing result take 0.010 sec
Handle PERMUX permutation take 0.143 sec
Handle const net take 0.015 sec
Handle route through take 0.046 sec
Used SRB routing arc is 25585.
Stage: after finish route | Performance: TNS = 0 ; WNS = 9353 ; THS = NA ; WHS = NA | Time (s): real = 0h:0m:14s ; cpu = 0h:0m:5s ; process = 0h:0m:13s | Memory (MB): curr = 408.496094 ; peak = 433.316406 | Checksum: 66979DCF7EA3EC04
Finish routing takes 0.32 sec.
Total routing takes 9.81 sec.


Device Utilization Summary :
+----------------------------------------------------------------------------+
| Device Type                      | Used     | Available     | Util(%)     
+----------------------------------------------------------------------------+
| CLMA                             | 396      | 592           | 67          
| + FF                             | 874      | 3552          | 25          
| + LUT                            | 1184     | 2368          | 50          
|   + LUT as Logic                 | 1002     |               |             
|   + LUT as Const                 | 170      |               |             
|   + LUT as Bypass                | 12       |               |             
| CLMS                             | 541      | 888           | 61          
| + FF                             | 1222     | 5328          | 23          
| + LUT                            | 1564     | 3552          | 45          
|   + LUT as Logic                 | 1356     |               |             
|   + LUT as Memory                | 0        |               |             
|     + LUT as Distributed RAM     | 0        |               |             
|   + LUT as Const                 | 182      |               |             
|   + LUT as Bypass                | 26       |               |             
| IO                               | 308      | 336           | 92          
| + IOBD                           | 21       | 21            | 100         
| + IOBR                           | 40       | 42            | 96          
| + IOBS                           | 247      | 273           | 91          
| BKCL                             | 6        | 6             | 100         
| CCS                              | 1        | 1             | 100         
| CLKDIV                           | 0        | 4             | 0           
| CLKDLY                           | 0        | 8             | 0           
| DLL                              | 0        | 2             | 0           
| DRM                              | 0        | 26            | 0           
| HARD0N1                          | 189      | 936           | 21          
| IOCKBRG                          | 0        | 2             | 0           
| IOCKGATE                         | 0        | 4             | 0           
| + IOCKGATE as Bypass             | 0        |               |             
| IOLDLYS                          | 138      | 252           | 55          
| IOLDLY                           | 57       | 84            | 68          
| IOL                              | 308      | 336           | 92          
| ISERDES                          | 0        | 21            | 0           
| LDO                              | 0        | 2             | 0           
| OSC                              | 0        | 1             | 0           
| OSERDES                          | 0        | 21            | 0           
| PLLINMUXD                        | 1        | 2             | 50          
| + PLLINMUXD as Bypass            | 0        |               |             
| PLL                              | 1        | 2             | 50          
| USCMDC                           | 2        | 8             | 25          
| + USCMDC as Bypass               | 0        |               |             
| USCMD                            | 0        | 2             | 0           
| + USCMD as Bypass                | 0        |               |             
| USSMBUF                          | 1        | 8             | 13          
| + USSMBUF as Bypass              | 0        |               |             
+----------------------------------------------------------------------------+

Finished routing. (CPU time elapsed 0h:00m:12s)
Design 'Tieta_Feiteng_1001_top' has been routed successfully.
Saving design to DB.
Action route: Export DB successfully.
Action route: Real time elapsed is 0h:0m:15s
Action route: CPU time elapsed is 0h:0m:13s
Action route: Process CPU time elapsed is 0h:0m:15s
Action route: Peak memory pool usage is 433 MB

Current time: Tue Apr 14 19:34:03 2026
