#Build: Fabric Compiler 2024.2-SP1.2, Build 187561, May 22 18:16 2025
#Install: C:\studyware\pango\PDS_2024.2-SP1.2-ads\bin
#Application name: pds_shell.exe
#OS: Windows 10 10.0.18363
#Hostname: z02665mj
Generated by Fabric Compiler (version 2024.2-SP1.2 build 187561) at Tue Mar 17 17:08:11 2026
Parameters for debugging are loaded as follows:
Compiling verification operator library.
Compiling common defs.
Compiling prim grid devices.
Compiling place grid timing.
Compiling gate devices.
Compiling gate operators.
Building architecture model.
Loading device packaging model.
Building architecture floorplan logic view.
Elaborate the liberty model.
I: Multithreading enabled for Timing using a maximum of 4 processes.

Routing started.
Build routing arch for double attribute device.
Enter timing driven router mode.
I: Multithreading enabled for route using a maximum of 1 processes.
W: Route-4027: Cannot find permit_rougth_thru_units.json file in working directory.
Building routing graph takes 0.39 sec.
Enable Recovery Analysis in Routing
Init coarse delay table.
Read place coarse delay table takes 0.03 sec.
build place dedicate switch graph takes 0.19 sec
Setup STE netlist take 528 msec.
Slack Weight : 90
CE/RS signal series limit : 500
Dispose control chain take 61 msec.
Collect const net info take 20 msec.
Total nets for routing: 2170.
Total loads for routing: 10113.
Direct connect net size: 1084
Build all design net take 150 msec.
Processing design graph takes 0.76 sec.
Delay table total memory: 4.79386520 MB
Route graph total memory: 10.68045425 MB
Route design total memory: 3.51339340 MB
The remaining process takes 0.04 sec.
Stage: after context initialize | Performance: TNS = 0 ; WNS = 12310 ; THS = NA ; WHS = NA | Time (s): real = 0h:0m:6s ; cpu = 0h:0m:3s ; process = 0h:0m:4s | Memory (MB): curr = 330.179688 ; peak = 350.234375 | Checksum: BB09E88C0FACD88C
Global routing takes 0.00 sec.
Pin Cost Increasing Speed 300
Unrouted clock nets at iteration 0 (0.006 sec): 0
Stage: after clock route | Performance: TNS = 0 ; WNS = 12310 ; THS = NA ; WHS = NA | Time (s): real = 0h:0m:6s ; cpu = 0h:0m:3s ; process = 0h:0m:4s | Memory (MB): curr = 331.574219 ; peak = 350.234375 | Checksum: 4B3A588FD2A097DD
Total route nets size: 2165
I: Start printing congestion info.
I: Finish printing congestion info.
Pre route takes 0.599 sec
Stage: after pre route | Performance: TNS = 0 ; WNS = 12145 ; THS = 0 ; WHS = 257 | Time (s): real = 0h:0m:7s ; cpu = 0h:0m:3s ; process = 0h:0m:5s | Memory (MB): curr = 376.902344 ; peak = 381.402344 | Checksum: 408D0B2670C94C9C
Unrouted general nets at iteration 2 (MT total route time: 0.418 sec): 1778(overused: 10327)
Unrouted general nets at iteration 3 (MT total route time: 0.295 sec): 1574(overused: 6531)
Unrouted general nets at iteration 4 (MT total route time: 0.230 sec): 1399(overused: 5308)
Unrouted general nets at iteration 5 (MT total route time: 0.188 sec): 1260(overused: 4186)
Unrouted general nets at iteration 6 (MT total route time: 0.176 sec): 1139(overused: 3557)
Unrouted general nets at iteration 7 (MT total route time: 0.132 sec): 740(overused: 2508)
Unrouted general nets at iteration 8 (MT total route time: 0.113 sec): 576(overused: 1834)
Unrouted general nets at iteration 9 (MT total route time: 0.080 sec): 456(overused: 1314)
Unrouted general nets at iteration 10 (MT total route time: 0.070 sec): 374(overused: 1050)
Unrouted general nets at iteration 11 (MT total route time: 0.065 sec): 328(overused: 815)
Unrouted general nets at iteration 12 (MT total route time: 0.052 sec): 251(overused: 585)
Unrouted general nets at iteration 13 (MT total route time: 0.040 sec): 201(overused: 452)
Unrouted general nets at iteration 14 (MT total route time: 0.035 sec): 185(overused: 411)
Unrouted general nets at iteration 15 (MT total route time: 0.040 sec): 177(overused: 374)
Unrouted general nets at iteration 16 (MT total route time: 0.031 sec): 143(overused: 315)
Unrouted general nets at iteration 17 (MT total route time: 0.025 sec): 116(overused: 230)
Unrouted general nets at iteration 18 (MT total route time: 0.027 sec): 119(overused: 255)
Unrouted general nets at iteration 19 (MT total route time: 0.033 sec): 98(overused: 256)
Unrouted general nets at iteration 20 (MT total route time: 0.029 sec): 98(overused: 212)
Unrouted general nets at iteration 21 (MT total route time: 0.065 sec): 78(overused: 174)
Unrouted general nets at iteration 22 (MT total route time: 0.074 sec): 68(overused: 150)
Unrouted general nets at iteration 23 (MT total route time: 0.014 sec): 53(overused: 104)
Unrouted general nets at iteration 24 (MT total route time: 0.016 sec): 50(overused: 96)
Unrouted general nets at iteration 25 (MT total route time: 0.011 sec): 45(overused: 72)
Unrouted general nets at iteration 26 (MT total route time: 0.012 sec): 35(overused: 62)
Unrouted general nets at iteration 27 (MT total route time: 0.015 sec): 41(overused: 70)
Unrouted general nets at iteration 28 (MT total route time: 0.013 sec): 36(overused: 56)
Unrouted general nets at iteration 29 (MT total route time: 0.011 sec): 24(overused: 40)
Unrouted general nets at iteration 30 (MT total route time: 0.009 sec): 22(overused: 38)
Unrouted general nets at iteration 31 (MT total route time: 0.011 sec): 17(overused: 28)
Unrouted general nets at iteration 32 (MT total route time: 0.014 sec): 13(overused: 30)
Unrouted general nets at iteration 33 (MT total route time: 0.007 sec): 11(overused: 20)
Unrouted general nets at iteration 34 (MT total route time: 0.007 sec): 8(overused: 12)
Unrouted general nets at iteration 35 (MT total route time: 0.006 sec): 8(overused: 12)
Unrouted general nets at iteration 36 (MT total route time: 0.006 sec): 5(overused: 10)
Unrouted general nets at iteration 37 (MT total route time: 0.006 sec): 5(overused: 10)
Unrouted general nets at iteration 38 (MT total route time: 0.005 sec): 0(overused: 0)
----General net take 0.005 sec(route net take 0.000 sec, inc cost take 0.002 sec, iter times: 1)
----const net route take 0.005 sec
Unrouted nets at iteration 39 (0.011 sec): 0
Stage: after detail route | Performance: TNS = 0 ; WNS = 10998 ; THS = NA ; WHS = NA | Time (s): real = 0h:0m:9s ; cpu = 0h:0m:4s ; process = 0h:0m:8s | Memory (MB): curr = 385.253906 ; peak = 385.257813 | Checksum: 1CDB359365B95EBA
Begin rip-up and reroute:
Rip-up and reroute takes 0.08 sec.
Stage: after ripup & reroute | Performance: TNS = 0 ; WNS = 11002 ; THS = NA ; WHS = NA | Time (s): real = 0h:0m:9s ; cpu = 0h:0m:4s ; process = 0h:0m:8s | Memory (MB): curr = 388.867188 ; peak = 388.929688 | Checksum: 67DBFAB746AB96B8
Detailed routing takes 3.54 sec.
I: Design net nt_i_CLK_C42_IN_25M is routed by general path.
C: Route-2036: The clock path from i_CLK_C42_IN_25M_ibuf/opit_1:OUT to pll_inst/u_pll_e2/goppllinmuxd:CLK_IN[0] is routed by SRB.
Sort Original Nets take 0.000 sec
Check HPIO div result take 0.000 sec
Total net: 2170, route succeed net: 2170
Generate routing result take 0.005 sec
Handle PERMUX permutation take 0.089 sec
Handle const net take 0.005 sec
Handle route through take 0.028 sec
Used SRB routing arc is 17230.
Stage: after finish route | Performance: TNS = 0 ; WNS = 11002 ; THS = NA ; WHS = NA | Time (s): real = 0h:0m:10s ; cpu = 0h:0m:4s ; process = 0h:0m:8s | Memory (MB): curr = 372.433594 ; peak = 388.929688 | Checksum: 11A1E3A632EE62D4
Finish routing takes 0.19 sec.
Total routing takes 5.00 sec.


Device Utilization Summary :
+----------------------------------------------------------------------------+
| Device Type                      | Used     | Available     | Util(%)     
+----------------------------------------------------------------------------+
| CLMA                             | 282      | 592           | 48          
| + FF                             | 622      | 3552          | 18          
| + LUT                            | 725      | 2368          | 31          
|   + LUT as Logic                 | 597      |               |             
|   + LUT as Const                 | 116      |               |             
|   + LUT as Bypass                | 12       |               |             
| CLMS                             | 362      | 888           | 41          
| + FF                             | 854      | 5328          | 17          
| + LUT                            | 910      | 3552          | 26          
|   + LUT as Logic                 | 816      |               |             
|   + LUT as Memory                | 0        |               |             
|     + LUT as Distributed RAM     | 0        |               |             
|   + LUT as Const                 | 78       |               |             
|   + LUT as Bypass                | 16       |               |             
| IO                               | 289      | 336           | 87          
| + IOBD                           | 19       | 21            | 91          
| + IOBR                           | 37       | 42            | 89          
| + IOBS                           | 233      | 273           | 86          
| BKCL                             | 6        | 6             | 100         
| CCS                              | 1        | 1             | 100         
| CLKDIV                           | 0        | 4             | 0           
| CLKDLY                           | 0        | 8             | 0           
| DLL                              | 0        | 2             | 0           
| DRM                              | 0        | 26            | 0           
| HARD0N1                          | 73       | 936           | 8           
| IOCKBRG                          | 0        | 2             | 0           
| IOCKGATE                         | 0        | 4             | 0           
| + IOCKGATE as Bypass             | 0        |               |             
| IOLDLYS                          | 134      | 252           | 54          
| IOLDLY                           | 43       | 84            | 52          
| IOL                              | 289      | 336           | 87          
| ISERDES                          | 0        | 21            | 0           
| LDO                              | 0        | 2             | 0           
| OSC                              | 0        | 1             | 0           
| OSERDES                          | 0        | 21            | 0           
| PLLINMUXD                        | 1        | 2             | 50          
| + PLLINMUXD as Bypass            | 0        |               |             
| PLL                              | 1        | 2             | 50          
| USCMDC                           | 1        | 8             | 13          
| + USCMDC as Bypass               | 0        |               |             
| USCMD                            | 0        | 2             | 0           
| + USCMD as Bypass                | 0        |               |             
| USSMBUF                          | 0        | 8             | 0           
| + USSMBUF as Bypass              | 0        |               |             
+----------------------------------------------------------------------------+

Finished routing. (CPU time elapsed 0h:00m:07s)
Design 'Tieta_Feiteng_2001_top' has been routed successfully.
Saving design to DB.
Action route: Export DB successfully.
Action route: Real time elapsed is 0h:0m:10s
Action route: CPU time elapsed is 0h:0m:8s
Action route: Process CPU time elapsed is 0h:0m:9s
Action route: Peak memory pool usage is 388 MB

Current time: Tue Mar 17 17:08:19 2026
