#Build: Fabric Compiler 2024.2-SP1.2, Build 187561, May 22 18:16 2025
#Install: C:\studyware\pango\PDS_2024.2-SP1.2-ads\bin
#Application name: pds_shell.exe
#OS: Windows 10 10.0.18363
#Hostname: z02665mj
Generated by Fabric Compiler (version 2024.2-SP1.2 build 187561) at Tue Mar 17 17:08:21 2026
Parameters for debugging are loaded as follows:
Compiling verification operator library.
Compiling common defs.
Compiling prim grid devices.
Compiling place grid timing.
Compiling gate devices.
Compiling gate operators.
Building architecture model.
Loading device packaging model.
Building architecture floorplan logic view.
Elaborate the liberty model.
I: Multithreading enabled for Timing using a maximum of 4 processes.

Route Optimize started.
Build routing arch for double attribute device.
Enter timing driven router mode.
I: Multithreading enabled for route using a maximum of 1 processes.
I: Column Clock Check close.
W: Route-4027: Cannot find permit_rougth_thru_units.json file in working directory.
Building routing graph takes 0.36 sec.
Total nets for routing: 2435.
Total loads for routing: 10113.
Direct connect net size: 1084
Build all design net take 148 msec.
Processing design graph takes 0.15 sec.
Delay table total memory: 4.79386520 MB
Route graph total memory: 10.71100998 MB
Route design total memory: 3.42907333 MB
The remaining process takes 0.05 sec.
Stage: after context initialize in post route | Performance: TNS = NA ; WNS = NA ; THS = NA ; WHS = NA | Time (s): real = 0h:0m:5s ; cpu = 0h:0m:3s ; process = 0h:0m:3s | Memory (MB): curr = 286.937500 ; peak = 305.160156 | Checksum: 6A16CECFCA77A4A9
Load route result takes 0.02 sec
Fix Hold Violation Threshold For Clock Path Cross SRB(ps) : 200
Fix Hold Violation Threshold For Clock Path On Clock Tree(ps) : 100
Hold fix to no violation.
Hold fix to threshold
Stage: after hold fix | Performance: TNS = 0 ; WNS = 11000 ; THS = 0 ; WHS = 257 | Time (s): real = 0h:0m:5s ; cpu = 0h:0m:3s ; process = 0h:0m:4s | Memory (MB): curr = 352.015625 ; peak = 352.019531 | Checksum: 86DCF1FD86CE300F
Hold Violation Fix in router takes 0.34 sec.
Sort Original Nets take 0.001 sec
Total net: 2435, route succeed net: 2435
Generate routing result take 0.006 sec
Handle PERMUX permutation take 0.007 sec
Handle const net take 0.000 sec
Handle route through take 0.022 sec
Used SRB routing arc is 17230.
Stage: after finish post route | Performance: TNS = 0 ; WNS = 11000 ; THS = NA ; WHS = NA | Time (s): real = 0h:0m:5s ; cpu = 0h:0m:3s ; process = 0h:0m:4s | Memory (MB): curr = 338.789063 ; peak = 352.027344 | Checksum: 9553AC04194A9FCF
Finish post route takes 0.07 sec.
Total post route takes 1.01 sec.


Device Utilization Summary :
+----------------------------------------------------------------------------+
| Device Type                      | Used     | Available     | Util(%)     
+----------------------------------------------------------------------------+
| CLMA                             | 282      | 592           | 48          
| + FF                             | 622      | 3552          | 18          
| + LUT                            | 725      | 2368          | 31          
|   + LUT as Logic                 | 597      |               |             
|   + LUT as Const                 | 116      |               |             
|   + LUT as Bypass                | 12       |               |             
| CLMS                             | 362      | 888           | 41          
| + FF                             | 854      | 5328          | 17          
| + LUT                            | 910      | 3552          | 26          
|   + LUT as Logic                 | 816      |               |             
|   + LUT as Memory                | 0        |               |             
|     + LUT as Distributed RAM     | 0        |               |             
|   + LUT as Const                 | 78       |               |             
|   + LUT as Bypass                | 16       |               |             
| IO                               | 289      | 336           | 87          
| + IOBD                           | 19       | 21            | 91          
| + IOBR                           | 37       | 42            | 89          
| + IOBS                           | 233      | 273           | 86          
| BKCL                             | 6        | 6             | 100         
| CCS                              | 1        | 1             | 100         
| CLKDIV                           | 0        | 4             | 0           
| CLKDLY                           | 0        | 8             | 0           
| DLL                              | 0        | 2             | 0           
| DRM                              | 0        | 26            | 0           
| HARD0N1                          | 73       | 936           | 8           
| IOCKBRG                          | 0        | 2             | 0           
| IOCKGATE                         | 0        | 4             | 0           
| + IOCKGATE as Bypass             | 0        |               |             
| IOLDLYS                          | 134      | 252           | 54          
| IOLDLY                           | 43       | 84            | 52          
| IOL                              | 289      | 336           | 87          
| ISERDES                          | 0        | 21            | 0           
| LDO                              | 0        | 2             | 0           
| OSC                              | 0        | 1             | 0           
| OSERDES                          | 0        | 21            | 0           
| PLLINMUXD                        | 1        | 2             | 50          
| + PLLINMUXD as Bypass            | 0        |               |             
| PLL                              | 1        | 2             | 50          
| USCMDC                           | 1        | 8             | 13          
| + USCMDC as Bypass               | 0        |               |             
| USCMD                            | 0        | 2             | 0           
| + USCMD as Bypass                | 0        |               |             
| USSMBUF                          | 0        | 8             | 0           
| + USSMBUF as Bypass              | 0        |               |             
+----------------------------------------------------------------------------+

Finished route optimize. (CPU time elapsed 0h:00m:03s)
Design 'Tieta_Feiteng_2001_top' has been routed successfully.
Saving design to DB.
Action route_optimize: Export DB successfully.
Action route_optimize: Real time elapsed is 0h:0m:6s
Action route_optimize: CPU time elapsed is 0h:0m:4s
Action route_optimize: Process CPU time elapsed is 0h:0m:5s
Action route_optimize: Peak memory pool usage is 352 MB

Current time: Tue Mar 17 17:08:25 2026
