#Build: Fabric Compiler 2024.2-SP1.2, Build 187561, May 22 18:16 2025
#Install: C:\studyware\pango\PDS_2024.2-SP1.2-ads\bin
#Application name: pds_shell.exe
#OS: Windows 10 10.0.18363
#Hostname: z02665mj
Generated by Fabric Compiler (version 2024.2-SP1.2 build 187561) at Thu Mar  5 16:57:28 2026
Parameters for debugging are loaded as follows:
Compiling verification operator library.
Compiling common defs.
Compiling prim grid devices.
Compiling place grid timing.
Compiling gate devices.
Compiling gate operators.
Building architecture model.
Loading device packaging model.
Building architecture floorplan logic view.
Elaborate the liberty model.
I: Multithreading enabled for Timing using a maximum of 4 processes.

Routing started.
Build routing arch for double attribute device.
Enter timing driven router mode.
I: Multithreading enabled for route using a maximum of 1 processes.
W: Route-4027: Cannot find permit_rougth_thru_units.json file in working directory.
Building routing graph takes 0.49 sec.
Enable Recovery Analysis in Routing
Init coarse delay table.
Read place coarse delay table takes 0.05 sec.
build place dedicate switch graph takes 0.30 sec
Setup STE netlist take 684 msec.
Slack Weight : 90
CE/RS signal series limit : 500
Dispose control chain take 142 msec.
Collect const net info take 32 msec.
Total nets for routing: 1817.
Total loads for routing: 8603.
Direct connect net size: 1029
Build all design net take 234 msec.
Processing design graph takes 1.10 sec.
Delay table total memory: 4.79386520 MB
Route graph total memory: 10.53586578 MB
Route design total memory: 3.36385727 MB
The remaining process takes 0.08 sec.
Stage: after context initialize | Performance: TNS = 0 ; WNS = 12853 ; THS = NA ; WHS = NA | Time (s): real = 0h:0m:6s ; cpu = 0h:0m:4s ; process = 0h:0m:5s | Memory (MB): curr = 327.390625 ; peak = 343.003906 | Checksum: A0E1794BA6598C6C
Global routing takes 0.00 sec.
Pin Cost Increasing Speed 300
Unrouted clock nets at iteration 0 (0.007 sec): 0
Stage: after clock route | Performance: TNS = 0 ; WNS = 12853 ; THS = NA ; WHS = NA | Time (s): real = 0h:0m:6s ; cpu = 0h:0m:4s ; process = 0h:0m:5s | Memory (MB): curr = 327.980469 ; peak = 343.003906 | Checksum: E9590EB844745977
Total route nets size: 1812
I: Start printing congestion info.
I: Finish printing congestion info.
Pre route takes 0.826 sec
Stage: after pre route | Performance: TNS = 0 ; WNS = 12738 ; THS = 0 ; WHS = 258 | Time (s): real = 0h:0m:7s ; cpu = 0h:0m:4s ; process = 0h:0m:6s | Memory (MB): curr = 365.046875 ; peak = 370.687500 | Checksum: 8B5733314C2441A
Unrouted general nets at iteration 2 (MT total route time: 0.511 sec): 1477(overused: 8745)
Unrouted general nets at iteration 3 (MT total route time: 0.415 sec): 1335(overused: 5563)
Unrouted general nets at iteration 4 (MT total route time: 0.374 sec): 1174(overused: 4495)
Unrouted general nets at iteration 5 (MT total route time: 0.249 sec): 1050(overused: 3638)
Unrouted general nets at iteration 6 (MT total route time: 0.221 sec): 986(overused: 3162)
Unrouted general nets at iteration 7 (MT total route time: 0.220 sec): 639(overused: 2244)
Unrouted general nets at iteration 8 (MT total route time: 0.136 sec): 496(overused: 1453)
Unrouted general nets at iteration 9 (MT total route time: 0.103 sec): 368(overused: 1025)
Unrouted general nets at iteration 10 (MT total route time: 0.076 sec): 322(overused: 854)
Unrouted general nets at iteration 11 (MT total route time: 0.080 sec): 263(overused: 739)
Unrouted general nets at iteration 12 (MT total route time: 0.204 sec): 249(overused: 704)
Unrouted general nets at iteration 13 (MT total route time: 0.188 sec): 216(overused: 623)
Unrouted general nets at iteration 14 (MT total route time: 0.077 sec): 179(overused: 510)
Unrouted general nets at iteration 15 (MT total route time: 0.088 sec): 153(overused: 358)
Unrouted general nets at iteration 16 (MT total route time: 0.056 sec): 138(overused: 300)
Unrouted general nets at iteration 17 (MT total route time: 0.044 sec): 109(overused: 258)
Unrouted general nets at iteration 18 (MT total route time: 0.035 sec): 86(overused: 188)
Unrouted general nets at iteration 19 (MT total route time: 0.044 sec): 76(overused: 146)
Unrouted general nets at iteration 20 (MT total route time: 0.042 sec): 72(overused: 142)
Unrouted general nets at iteration 21 (MT total route time: 0.040 sec): 59(overused: 134)
Unrouted general nets at iteration 22 (MT total route time: 0.030 sec): 59(overused: 128)
Unrouted general nets at iteration 23 (MT total route time: 0.021 sec): 50(overused: 116)
Unrouted general nets at iteration 24 (MT total route time: 0.021 sec): 51(overused: 114)
Unrouted general nets at iteration 25 (MT total route time: 0.021 sec): 56(overused: 127)
Unrouted general nets at iteration 26 (MT total route time: 0.021 sec): 51(overused: 114)
Unrouted general nets at iteration 27 (MT total route time: 0.023 sec): 38(overused: 90)
Unrouted general nets at iteration 28 (MT total route time: 0.016 sec): 31(overused: 78)
Unrouted general nets at iteration 29 (MT total route time: 0.365 sec): 32(overused: 54)
Unrouted general nets at iteration 30 (MT total route time: 0.069 sec): 29(overused: 44)
Unrouted general nets at iteration 31 (MT total route time: 0.014 sec): 32(overused: 56)
Unrouted general nets at iteration 32 (MT total route time: 0.018 sec): 22(overused: 28)
Unrouted general nets at iteration 33 (MT total route time: 0.011 sec): 20(overused: 36)
Unrouted general nets at iteration 34 (MT total route time: 0.013 sec): 20(overused: 34)
Unrouted general nets at iteration 35 (MT total route time: 0.009 sec): 18(overused: 26)
Unrouted general nets at iteration 36 (MT total route time: 0.007 sec): 12(overused: 28)
Unrouted general nets at iteration 37 (MT total route time: 0.006 sec): 6(overused: 12)
Unrouted general nets at iteration 38 (MT total route time: 0.005 sec): 7(overused: 12)
Unrouted general nets at iteration 39 (MT total route time: 0.005 sec): 6(overused: 10)
Unrouted general nets at iteration 40 (MT total route time: 0.006 sec): 2(overused: 4)
Unrouted general nets at iteration 41 (MT total route time: 0.005 sec): 2(overused: 6)
Unrouted general nets at iteration 42 (MT total route time: 0.006 sec): 2(overused: 2)
Unrouted general nets at iteration 43 (MT total route time: 0.009 sec): 0(overused: 0)
----General net take 0.005 sec(route net take 0.000 sec, inc cost take 0.001 sec, iter times: 1)
----const net route take 0.005 sec
Unrouted nets at iteration 44 (0.011 sec): 0
Stage: after detail route | Performance: TNS = 0 ; WNS = 11585 ; THS = NA ; WHS = NA | Time (s): real = 0h:0m:12s ; cpu = 0h:0m:5s ; process = 0h:0m:10s | Memory (MB): curr = 372.191406 ; peak = 372.195313 | Checksum: 23ABF7CFAF2F7AA7
Begin rip-up and reroute:
Rip-up and reroute takes 0.09 sec.
Stage: after ripup & reroute | Performance: TNS = 0 ; WNS = 11585 ; THS = NA ; WHS = NA | Time (s): real = 0h:0m:12s ; cpu = 0h:0m:5s ; process = 0h:0m:11s | Memory (MB): curr = 375.250000 ; peak = 375.304688 | Checksum: 897C9F94F7387ABD
Detailed routing takes 5.66 sec.
I: Design net nt_i_CLK_C42_IN_25M is routed by general path.
C: Route-2036: The clock path from i_CLK_C42_IN_25M_ibuf/opit_1:OUT to pll_inst/u_pll_e2/goppllinmuxd:CLK_IN[0] is routed by SRB.
Sort Original Nets take 0.000 sec
Check HPIO div result take 0.000 sec
Total net: 1817, route succeed net: 1817
Generate routing result take 0.007 sec
Handle PERMUX permutation take 0.071 sec
Handle const net take 0.006 sec
Handle route through take 0.042 sec
Used SRB routing arc is 14949.
Stage: after finish route | Performance: TNS = 0 ; WNS = 11585 ; THS = NA ; WHS = NA | Time (s): real = 0h:0m:12s ; cpu = 0h:0m:5s ; process = 0h:0m:11s | Memory (MB): curr = 360.945313 ; peak = 375.304688 | Checksum: 563AD59F7DDC99B4
Finish routing takes 0.18 sec.
Total routing takes 7.62 sec.


Device Utilization Summary :
+----------------------------------------------------------------------------+
| Device Type                      | Used     | Available     | Util(%)     
+----------------------------------------------------------------------------+
| CLMA                             | 244      | 592           | 42          
| + FF                             | 486      | 3552          | 14          
| + LUT                            | 623      | 2368          | 27          
|   + LUT as Logic                 | 490      |               |             
|   + LUT as Const                 | 109      |               |             
|   + LUT as Bypass                | 24       |               |             
| CLMS                             | 326      | 888           | 37          
| + FF                             | 764      | 5328          | 15          
| + LUT                            | 813      | 3552          | 23          
|   + LUT as Logic                 | 703      |               |             
|   + LUT as Memory                | 0        |               |             
|     + LUT as Distributed RAM     | 0        |               |             
|   + LUT as Const                 | 102      |               |             
|   + LUT as Bypass                | 8        |               |             
| IO                               | 287      | 336           | 86          
| + IOBD                           | 19       | 21            | 91          
| + IOBR                           | 37       | 42            | 89          
| + IOBS                           | 231      | 273           | 85          
| BKCL                             | 6        | 6             | 100         
| CCS                              | 1        | 1             | 100         
| CLKDIV                           | 0        | 4             | 0           
| CLKDLY                           | 0        | 8             | 0           
| DLL                              | 0        | 2             | 0           
| DRM                              | 0        | 26            | 0           
| HARD0N1                          | 45       | 936           | 5           
| IOCKBRG                          | 0        | 2             | 0           
| IOCKGATE                         | 0        | 4             | 0           
| + IOCKGATE as Bypass             | 0        |               |             
| IOLDLYS                          | 131      | 252           | 52          
| IOLDLY                           | 38       | 84            | 46          
| IOL                              | 287      | 336           | 86          
| ISERDES                          | 0        | 21            | 0           
| LDO                              | 0        | 2             | 0           
| OSC                              | 0        | 1             | 0           
| OSERDES                          | 0        | 21            | 0           
| PLLINMUXD                        | 1        | 2             | 50          
| + PLLINMUXD as Bypass            | 0        |               |             
| PLL                              | 1        | 2             | 50          
| USCMDC                           | 1        | 8             | 13          
| + USCMDC as Bypass               | 0        |               |             
| USCMD                            | 0        | 2             | 0           
| + USCMD as Bypass                | 0        |               |             
| USSMBUF                          | 0        | 8             | 0           
| + USSMBUF as Bypass              | 0        |               |             
+----------------------------------------------------------------------------+

Finished routing. (CPU time elapsed 0h:00m:09s)
Design 'Tieta_Feiteng_2001_top' has been routed successfully.
Saving design to DB.
Action route: Export DB successfully.
Action route: Real time elapsed is 0h:0m:13s
Action route: CPU time elapsed is 0h:0m:10s
Action route: Process CPU time elapsed is 0h:0m:12s
Action route: Peak memory pool usage is 375 MB

Current time: Thu Mar  5 16:57:39 2026
