#Build: Fabric Compiler 2024.2-SP1.2, Build 187561, May 22 18:16 2025
#Install: C:\studyware\pango\PDS_2024.2-SP1.2-ads\bin
#Application name: pds_shell.exe
#OS: Windows 10 10.0.18363
#Hostname: z02665mj
Generated by Fabric Compiler (version 2024.2-SP1.2 build 187561) at Thu Mar  5 22:32:10 2026
Parameters for debugging are loaded as follows:
Compiling verification operator library.
Compiling common defs.
Compiling prim grid devices.
Compiling place grid timing.
Compiling gate devices.
Compiling gate operators.
Building architecture model.
Loading device packaging model.
Building architecture floorplan logic view.
Elaborate the liberty model.
I: Multithreading enabled for Timing using a maximum of 4 processes.

Routing started.
Build routing arch for double attribute device.
Enter timing driven router mode.
I: Multithreading enabled for route using a maximum of 1 processes.
W: Route-4027: Cannot find permit_rougth_thru_units.json file in working directory.
Building routing graph takes 0.29 sec.
Enable Recovery Analysis in Routing
Init coarse delay table.
Read place coarse delay table takes 0.05 sec.
build place dedicate switch graph takes 0.17 sec
Setup STE netlist take 512 msec.
Slack Weight : 90
CE/RS signal series limit : 500
Dispose control chain take 80 msec.
Collect const net info take 25 msec.
Total nets for routing: 2594.
Total loads for routing: 12185.
Direct connect net size: 1186
Build all design net take 154 msec.
Processing design graph takes 0.77 sec.
Delay table total memory: 4.79386520 MB
Route graph total memory: 10.91197586 MB
Route design total memory: 3.95727158 MB
The remaining process takes 0.05 sec.
Stage: after context initialize | Performance: TNS = 0 ; WNS = 9732 ; THS = NA ; WHS = NA | Time (s): real = 0h:0m:5s ; cpu = 0h:0m:3s ; process = 0h:0m:4s | Memory (MB): curr = 347.742188 ; peak = 370.121094 | Checksum: 1072E23011039B6D
Global routing takes 0.00 sec.
Pin Cost Increasing Speed 300
Unrouted clock nets at iteration 0 (0.008 sec): 0
Stage: after clock route | Performance: TNS = 0 ; WNS = 9732 ; THS = NA ; WHS = NA | Time (s): real = 0h:0m:5s ; cpu = 0h:0m:3s ; process = 0h:0m:4s | Memory (MB): curr = 348.882813 ; peak = 370.121094 | Checksum: 63E087B7AF65E152
Total route nets size: 2586
I: Start printing congestion info.
I: Finish printing congestion info.
Pre route takes 0.712 sec
Stage: after pre route | Performance: TNS = 0 ; WNS = 10258 ; THS = 0 ; WHS = 255 | Time (s): real = 0h:0m:6s ; cpu = 0h:0m:3s ; process = 0h:0m:5s | Memory (MB): curr = 403.269531 ; peak = 408.191406 | Checksum: A4C5C1D628636C7A
Unrouted general nets at iteration 2 (MT total route time: 0.432 sec): 2221(overused: 12339)
Unrouted general nets at iteration 3 (MT total route time: 0.341 sec): 1884(overused: 7688)
Unrouted general nets at iteration 4 (MT total route time: 0.265 sec): 1673(overused: 6098)
Unrouted general nets at iteration 5 (MT total route time: 0.224 sec): 1471(overused: 4937)
Unrouted general nets at iteration 6 (MT total route time: 0.183 sec): 1319(overused: 4193)
Unrouted general nets at iteration 7 (MT total route time: 0.158 sec): 992(overused: 3042)
Unrouted general nets at iteration 8 (MT total route time: 0.130 sec): 734(overused: 2148)
Unrouted general nets at iteration 9 (MT total route time: 0.100 sec): 603(overused: 1533)
Unrouted general nets at iteration 10 (MT total route time: 0.081 sec): 468(overused: 1235)
Unrouted general nets at iteration 11 (MT total route time: 0.079 sec): 375(overused: 988)
Unrouted general nets at iteration 12 (MT total route time: 0.062 sec): 324(overused: 768)
Unrouted general nets at iteration 13 (MT total route time: 0.060 sec): 275(overused: 631)
Unrouted general nets at iteration 14 (MT total route time: 0.047 sec): 240(overused: 514)
Unrouted general nets at iteration 15 (MT total route time: 0.039 sec): 226(overused: 511)
Unrouted general nets at iteration 16 (MT total route time: 0.040 sec): 197(overused: 436)
Unrouted general nets at iteration 17 (MT total route time: 0.037 sec): 190(overused: 400)
Unrouted general nets at iteration 18 (MT total route time: 0.036 sec): 175(overused: 367)
Unrouted general nets at iteration 19 (MT total route time: 0.034 sec): 145(overused: 310)
Unrouted general nets at iteration 20 (MT total route time: 0.029 sec): 122(overused: 248)
Unrouted general nets at iteration 21 (MT total route time: 0.025 sec): 102(overused: 196)
Unrouted general nets at iteration 22 (MT total route time: 0.020 sec): 77(overused: 168)
Unrouted general nets at iteration 23 (MT total route time: 0.018 sec): 59(overused: 124)
Unrouted general nets at iteration 24 (MT total route time: 0.013 sec): 45(overused: 72)
Unrouted general nets at iteration 25 (MT total route time: 0.010 sec): 38(overused: 76)
Unrouted general nets at iteration 26 (MT total route time: 0.012 sec): 45(overused: 78)
Unrouted general nets at iteration 27 (MT total route time: 0.013 sec): 57(overused: 118)
Unrouted general nets at iteration 28 (MT total route time: 0.014 sec): 48(overused: 92)
Unrouted general nets at iteration 29 (MT total route time: 0.016 sec): 51(overused: 93)
Unrouted general nets at iteration 30 (MT total route time: 0.015 sec): 44(overused: 54)
Unrouted general nets at iteration 31 (MT total route time: 0.014 sec): 40(overused: 70)
Unrouted general nets at iteration 32 (MT total route time: 0.011 sec): 34(overused: 56)
Unrouted general nets at iteration 33 (MT total route time: 0.013 sec): 35(overused: 68)
Unrouted general nets at iteration 34 (MT total route time: 0.013 sec): 33(overused: 56)
Unrouted general nets at iteration 35 (MT total route time: 0.011 sec): 25(overused: 40)
Unrouted general nets at iteration 36 (MT total route time: 0.027 sec): 33(overused: 42)
Unrouted general nets at iteration 37 (MT total route time: 0.018 sec): 30(overused: 52)
Unrouted general nets at iteration 38 (MT total route time: 0.028 sec): 37(overused: 91)
Unrouted general nets at iteration 39 (MT total route time: 0.022 sec): 37(overused: 76)
Unrouted general nets at iteration 40 (MT total route time: 0.021 sec): 40(overused: 80)
Unrouted general nets at iteration 41 (MT total route time: 0.015 sec): 38(overused: 68)
Unrouted general nets at iteration 42 (MT total route time: 0.014 sec): 34(overused: 54)
Unrouted general nets at iteration 43 (MT total route time: 0.013 sec): 27(overused: 48)
Unrouted general nets at iteration 44 (MT total route time: 0.011 sec): 24(overused: 32)
Unrouted general nets at iteration 45 (MT total route time: 0.012 sec): 15(overused: 22)
Unrouted general nets at iteration 46 (MT total route time: 0.010 sec): 4(overused: 6)
Unrouted general nets at iteration 47 (MT total route time: 0.007 sec): 6(overused: 10)
Unrouted general nets at iteration 48 (MT total route time: 0.008 sec): 10(overused: 12)
Unrouted general nets at iteration 49 (MT total route time: 0.009 sec): 12(overused: 16)
Unrouted general nets at iteration 50 (MT total route time: 0.018 sec): 11(overused: 12)
Unrouted general nets at iteration 51 (MT total route time: 0.017 sec): 9(overused: 12)
Unrouted general nets at iteration 52 (MT total route time: 0.011 sec): 7(overused: 10)
Unrouted general nets at iteration 53 (MT total route time: 0.007 sec): 6(overused: 8)
Unrouted general nets at iteration 54 (MT total route time: 0.008 sec): 0(overused: 0)
----General net take 0.007 sec(route net take 0.000 sec, inc cost take 0.002 sec, iter times: 1)
----const net route take 0.011 sec
Unrouted nets at iteration 55 (0.019 sec): 0
Stage: after detail route | Performance: TNS = 0 ; WNS = 9906 ; THS = NA ; WHS = NA | Time (s): real = 0h:0m:9s ; cpu = 0h:0m:4s ; process = 0h:0m:9s | Memory (MB): curr = 412.203125 ; peak = 412.207031 | Checksum: 671DC320DBBFCABE
Begin rip-up and reroute:
Rip-up and reroute takes 0.13 sec.
Stage: after ripup & reroute | Performance: TNS = 0 ; WNS = 9905 ; THS = NA ; WHS = NA | Time (s): real = 0h:0m:10s ; cpu = 0h:0m:4s ; process = 0h:0m:9s | Memory (MB): curr = 415.175781 ; peak = 416.355469 | Checksum: 71755C82CC11ACED
Detailed routing takes 4.43 sec.
I: Design net genblk1[0].fan_pwm_tach_m/w_clk_1s_pos is routed by general path.
C: Route-2036: The clock path from genblk1[0].fan_pwm_tach_m/Edge_Detect_u1/N0/gateop:Z to clkbufgs_6:CLKIN is routed by SRB.
I: Design net nt_i_CLK_PAL_IN_25M is routed by general path.
C: Route-2036: The clock path from i_CLK_PAL_IN_25M_ibuf/opit_1:OUT to pll_inst/u_pll_e2/goppllinmuxd:CLK_IN[0] is routed by SRB.
Sort Original Nets take 0.002 sec
Check HPIO div result take 0.000 sec
Total net: 2594, route succeed net: 2594
Generate routing result take 0.007 sec
Handle PERMUX permutation take 0.102 sec
Handle const net take 0.008 sec
Handle route through take 0.028 sec
Used SRB routing arc is 20703.
Stage: after finish route | Performance: TNS = 0 ; WNS = 9905 ; THS = NA ; WHS = NA | Time (s): real = 0h:0m:10s ; cpu = 0h:0m:4s ; process = 0h:0m:9s | Memory (MB): curr = 397.468750 ; peak = 416.355469 | Checksum: 861ED3514157EAA
Finish routing takes 0.21 sec.
Total routing takes 5.84 sec.


Device Utilization Summary :
+----------------------------------------------------------------------------+
| Device Type                      | Used     | Available     | Util(%)     
+----------------------------------------------------------------------------+
| CLMA                             | 337      | 592           | 57          
| + FF                             | 659      | 3552          | 19          
| + LUT                            | 957      | 2368          | 41          
|   + LUT as Logic                 | 770      |               |             
|   + LUT as Const                 | 179      |               |             
|   + LUT as Bypass                | 8        |               |             
| CLMS                             | 460      | 888           | 52          
| + FF                             | 1017     | 5328          | 20          
| + LUT                            | 1288     | 3552          | 37          
|   + LUT as Logic                 | 1154     |               |             
|   + LUT as Memory                | 0        |               |             
|     + LUT as Distributed RAM     | 0        |               |             
|   + LUT as Const                 | 124      |               |             
|   + LUT as Bypass                | 10       |               |             
| IO                               | 308      | 336           | 92          
| + IOBD                           | 21       | 21            | 100         
| + IOBR                           | 40       | 42            | 96          
| + IOBS                           | 247      | 273           | 91          
| BKCL                             | 6        | 6             | 100         
| CCS                              | 1        | 1             | 100         
| CLKDIV                           | 0        | 4             | 0           
| CLKDLY                           | 0        | 8             | 0           
| DLL                              | 0        | 2             | 0           
| DRM                              | 0        | 26            | 0           
| HARD0N1                          | 145      | 936           | 16          
| IOCKBRG                          | 0        | 2             | 0           
| IOCKGATE                         | 0        | 4             | 0           
| + IOCKGATE as Bypass             | 0        |               |             
| IOLDLYS                          | 138      | 252           | 55          
| IOLDLY                           | 57       | 84            | 68          
| IOL                              | 308      | 336           | 92          
| ISERDES                          | 0        | 21            | 0           
| LDO                              | 0        | 2             | 0           
| OSC                              | 0        | 1             | 0           
| OSERDES                          | 0        | 21            | 0           
| PLLINMUXD                        | 1        | 2             | 50          
| + PLLINMUXD as Bypass            | 0        |               |             
| PLL                              | 1        | 2             | 50          
| USCMDC                           | 2        | 8             | 25          
| + USCMDC as Bypass               | 0        |               |             
| USCMD                            | 0        | 2             | 0           
| + USCMD as Bypass                | 0        |               |             
| USSMBUF                          | 1        | 8             | 13          
| + USSMBUF as Bypass              | 0        |               |             
+----------------------------------------------------------------------------+

Finished routing. (CPU time elapsed 0h:00m:08s)
Design 'Tieta_Feiteng_1001_top' has been routed successfully.
Saving design to DB.
Action route: Export DB successfully.
Action route: Real time elapsed is 0h:0m:11s
Action route: CPU time elapsed is 0h:0m:9s
Action route: Process CPU time elapsed is 0h:0m:10s
Action route: Peak memory pool usage is 416 MB

Current time: Thu Mar  5 22:32:19 2026
