#Build: Fabric Compiler 2024.2-SP1.2, Build 187561, May 22 18:16 2025
#Install: C:\studyware\pango\PDS_2024.2-SP1.2-ads\bin
#Application name: pds_shell.exe
#OS: Windows 10 10.0.18363
#Hostname: z02665mj
Generated by Fabric Compiler (version 2024.2-SP1.2 build 187561) at Sat Mar  7 18:52:28 2026
Parameters for debugging are loaded as follows:
Compiling verification operator library.
Compiling common defs.
Compiling prim grid devices.
Compiling place grid timing.
Compiling gate devices.
Compiling gate operators.
Building architecture model.
Loading device packaging model.
Building architecture floorplan logic view.
Elaborate the liberty model.
I: Multithreading enabled for Timing using a maximum of 4 processes.

Routing started.
Build routing arch for double attribute device.
Enter timing driven router mode.
I: Multithreading enabled for route using a maximum of 1 processes.
W: Route-4027: Cannot find permit_rougth_thru_units.json file in working directory.
Building routing graph takes 0.33 sec.
Enable Recovery Analysis in Routing
Init coarse delay table.
Read place coarse delay table takes 0.05 sec.
build place dedicate switch graph takes 0.16 sec
Setup STE netlist take 417 msec.
Slack Weight : 90
CE/RS signal series limit : 500
Dispose control chain take 52 msec.
Collect const net info take 18 msec.
Total nets for routing: 1824.
Total loads for routing: 8531.
Direct connect net size: 1050
Build all design net take 116 msec.
Processing design graph takes 0.61 sec.
Delay table total memory: 4.79386520 MB
Route graph total memory: 10.53290176 MB
Route design total memory: 3.36297226 MB
The remaining process takes 0.03 sec.
Stage: after context initialize | Performance: TNS = 0 ; WNS = 12714 ; THS = NA ; WHS = NA | Time (s): real = 0h:0m:5s ; cpu = 0h:0m:3s ; process = 0h:0m:4s | Memory (MB): curr = 326.304688 ; peak = 342.906250 | Checksum: 53475CCE8318726
Global routing takes 0.00 sec.
Pin Cost Increasing Speed 300
Unrouted clock nets at iteration 0 (0.005 sec): 0
Stage: after clock route | Performance: TNS = 0 ; WNS = 12714 ; THS = NA ; WHS = NA | Time (s): real = 0h:0m:5s ; cpu = 0h:0m:3s ; process = 0h:0m:4s | Memory (MB): curr = 327.265625 ; peak = 342.906250 | Checksum: 49A54A8A02677FD9
Total route nets size: 1819
I: Start printing congestion info.
I: Finish printing congestion info.
Pre route takes 0.514 sec
Stage: after pre route | Performance: TNS = 0 ; WNS = 12509 ; THS = 0 ; WHS = 256 | Time (s): real = 0h:0m:6s ; cpu = 0h:0m:3s ; process = 0h:0m:5s | Memory (MB): curr = 365.699219 ; peak = 370.640625 | Checksum: 31201072D33A764F
Unrouted general nets at iteration 2 (MT total route time: 0.297 sec): 1475(overused: 8721)
Unrouted general nets at iteration 3 (MT total route time: 0.248 sec): 1287(overused: 5488)
Unrouted general nets at iteration 4 (MT total route time: 0.192 sec): 1172(overused: 4428)
Unrouted general nets at iteration 5 (MT total route time: 0.149 sec): 1090(overused: 3606)
Unrouted general nets at iteration 6 (MT total route time: 0.130 sec): 984(overused: 3111)
Unrouted general nets at iteration 7 (MT total route time: 0.111 sec): 629(overused: 2216)
Unrouted general nets at iteration 8 (MT total route time: 0.087 sec): 488(overused: 1458)
Unrouted general nets at iteration 9 (MT total route time: 0.070 sec): 389(overused: 1057)
Unrouted general nets at iteration 10 (MT total route time: 0.052 sec): 320(overused: 836)
Unrouted general nets at iteration 11 (MT total route time: 0.050 sec): 283(overused: 763)
Unrouted general nets at iteration 12 (MT total route time: 0.042 sec): 244(overused: 602)
Unrouted general nets at iteration 13 (MT total route time: 0.038 sec): 200(overused: 488)
Unrouted general nets at iteration 14 (MT total route time: 0.029 sec): 161(overused: 366)
Unrouted general nets at iteration 15 (MT total route time: 0.027 sec): 134(overused: 272)
Unrouted general nets at iteration 16 (MT total route time: 0.025 sec): 127(overused: 294)
Unrouted general nets at iteration 17 (MT total route time: 0.018 sec): 93(overused: 178)
Unrouted general nets at iteration 18 (MT total route time: 0.013 sec): 76(overused: 134)
Unrouted general nets at iteration 19 (MT total route time: 0.012 sec): 60(overused: 100)
Unrouted general nets at iteration 20 (MT total route time: 0.010 sec): 59(overused: 114)
Unrouted general nets at iteration 21 (MT total route time: 0.010 sec): 53(overused: 102)
Unrouted general nets at iteration 22 (MT total route time: 0.012 sec): 54(overused: 96)
Unrouted general nets at iteration 23 (MT total route time: 0.011 sec): 52(overused: 80)
Unrouted general nets at iteration 24 (MT total route time: 0.010 sec): 34(overused: 77)
Unrouted general nets at iteration 25 (MT total route time: 0.008 sec): 25(overused: 54)
Unrouted general nets at iteration 26 (MT total route time: 0.006 sec): 19(overused: 40)
Unrouted general nets at iteration 27 (MT total route time: 0.009 sec): 23(overused: 46)
Unrouted general nets at iteration 28 (MT total route time: 0.008 sec): 25(overused: 50)
Unrouted general nets at iteration 29 (MT total route time: 0.007 sec): 18(overused: 36)
Unrouted general nets at iteration 30 (MT total route time: 0.007 sec): 15(overused: 30)
Unrouted general nets at iteration 31 (MT total route time: 0.004 sec): 12(overused: 16)
Unrouted general nets at iteration 32 (MT total route time: 0.005 sec): 11(overused: 14)
Unrouted general nets at iteration 33 (MT total route time: 0.004 sec): 3(overused: 6)
Unrouted general nets at iteration 34 (MT total route time: 0.003 sec): 4(overused: 6)
Unrouted general nets at iteration 35 (MT total route time: 0.003 sec): 0(overused: 0)
----General net take 0.003 sec(route net take 0.000 sec, inc cost take 0.001 sec, iter times: 1)
----const net route take 0.004 sec
Unrouted nets at iteration 36 (0.008 sec): 0
Stage: after detail route | Performance: TNS = 0 ; WNS = 11973 ; THS = NA ; WHS = NA | Time (s): real = 0h:0m:8s ; cpu = 0h:0m:3s ; process = 0h:0m:7s | Memory (MB): curr = 372.625000 ; peak = 372.628906 | Checksum: 149E9DBBC95C3988
Begin rip-up and reroute:
Rip-up and reroute takes 0.07 sec.
Stage: after ripup & reroute | Performance: TNS = 0 ; WNS = 11972 ; THS = NA ; WHS = NA | Time (s): real = 0h:0m:8s ; cpu = 0h:0m:4s ; process = 0h:0m:7s | Memory (MB): curr = 375.558594 ; peak = 375.621094 | Checksum: 7E3758C357106528
Detailed routing takes 2.65 sec.
I: Design net nt_i_CLK_C42_IN_25M is routed by general path.
C: Route-2036: The clock path from i_CLK_C42_IN_25M_ibuf/opit_1:OUT to pll_inst/u_pll_e2/goppllinmuxd:CLK_IN[0] is routed by SRB.
Sort Original Nets take 0.000 sec
Check HPIO div result take 0.000 sec
Total net: 1824, route succeed net: 1824
Generate routing result take 0.004 sec
Handle PERMUX permutation take 0.072 sec
Handle const net take 0.005 sec
Handle route through take 0.020 sec
Used SRB routing arc is 14964.
Stage: after finish route | Performance: TNS = 0 ; WNS = 11972 ; THS = NA ; WHS = NA | Time (s): real = 0h:0m:8s ; cpu = 0h:0m:4s ; process = 0h:0m:7s | Memory (MB): curr = 363.488281 ; peak = 375.621094 | Checksum: 7D3B194E7E793580
Finish routing takes 0.15 sec.
Total routing takes 3.84 sec.


Device Utilization Summary :
+----------------------------------------------------------------------------+
| Device Type                      | Used     | Available     | Util(%)     
+----------------------------------------------------------------------------+
| CLMA                             | 240      | 592           | 41          
| + FF                             | 488      | 3552          | 14          
| + LUT                            | 581      | 2368          | 25          
|   + LUT as Logic                 | 465      |               |             
|   + LUT as Const                 | 106      |               |             
|   + LUT as Bypass                | 10       |               |             
| CLMS                             | 312      | 888           | 36          
| + FF                             | 765      | 5328          | 15          
| + LUT                            | 805      | 3552          | 23          
|   + LUT as Logic                 | 725      |               |             
|   + LUT as Memory                | 0        |               |             
|     + LUT as Distributed RAM     | 0        |               |             
|   + LUT as Const                 | 70       |               |             
|   + LUT as Bypass                | 10       |               |             
| IO                               | 287      | 336           | 86          
| + IOBD                           | 19       | 21            | 91          
| + IOBR                           | 37       | 42            | 89          
| + IOBS                           | 231      | 273           | 85          
| BKCL                             | 6        | 6             | 100         
| CCS                              | 1        | 1             | 100         
| CLKDIV                           | 0        | 4             | 0           
| CLKDLY                           | 0        | 8             | 0           
| DLL                              | 0        | 2             | 0           
| DRM                              | 0        | 26            | 0           
| HARD0N1                          | 51       | 936           | 6           
| IOCKBRG                          | 0        | 2             | 0           
| IOCKGATE                         | 0        | 4             | 0           
| + IOCKGATE as Bypass             | 0        |               |             
| IOLDLYS                          | 131      | 252           | 52          
| IOLDLY                           | 38       | 84            | 46          
| IOL                              | 287      | 336           | 86          
| ISERDES                          | 0        | 21            | 0           
| LDO                              | 0        | 2             | 0           
| OSC                              | 0        | 1             | 0           
| OSERDES                          | 0        | 21            | 0           
| PLLINMUXD                        | 1        | 2             | 50          
| + PLLINMUXD as Bypass            | 0        |               |             
| PLL                              | 1        | 2             | 50          
| USCMDC                           | 1        | 8             | 13          
| + USCMDC as Bypass               | 0        |               |             
| USCMD                            | 0        | 2             | 0           
| + USCMD as Bypass                | 0        |               |             
| USSMBUF                          | 0        | 8             | 0           
| + USSMBUF as Bypass              | 0        |               |             
+----------------------------------------------------------------------------+

Finished routing. (CPU time elapsed 0h:00m:06s)
Design 'Tieta_Feiteng_2001_top' has been routed successfully.
Saving design to DB.
Action route: Export DB successfully.
Action route: Real time elapsed is 0h:0m:8s
Action route: CPU time elapsed is 0h:0m:7s
Action route: Process CPU time elapsed is 0h:0m:8s
Action route: Peak memory pool usage is 375 MB

Current time: Sat Mar  7 18:52:34 2026
