#Build: Fabric Compiler 2024.2-SP1.2, Build 187561, May 22 18:16 2025
#Install: C:\studyware\pango\PDS_2024.2-SP1.2-ads\bin
#Application name: pds_shell.exe
#OS: Windows 10 10.0.18363
#Hostname: z02665mj
Generated by Fabric Compiler (version 2024.2-SP1.2 build 187561) at Sat Mar 14 16:07:42 2026
Parameters for debugging are loaded as follows:
Compiling verification operator library.
Compiling common defs.
Compiling prim grid devices.
Compiling place grid timing.
Compiling gate devices.
Compiling gate operators.
Building architecture model.
Loading device packaging model.
Building architecture floorplan logic view.
Elaborate the liberty model.
I: Multithreading enabled for Timing using a maximum of 4 processes.

Routing started.
Build routing arch for double attribute device.
Enter timing driven router mode.
I: Multithreading enabled for route using a maximum of 1 processes.
W: Route-4027: Cannot find permit_rougth_thru_units.json file in working directory.
Building routing graph takes 0.37 sec.
Enable Recovery Analysis in Routing
Init coarse delay table.
Read place coarse delay table takes 0.06 sec.
build place dedicate switch graph takes 0.17 sec
Setup STE netlist take 649 msec.
Slack Weight : 90
CE/RS signal series limit : 500
Dispose control chain take 80 msec.
Collect const net info take 24 msec.
Total nets for routing: 2927.
Total loads for routing: 13719.
Direct connect net size: 1239
Build all design net take 172 msec.
Processing design graph takes 0.93 sec.
Delay table total memory: 4.79386520 MB
Route graph total memory: 11.15676880 MB
Route design total memory: 4.19593430 MB
The remaining process takes 0.05 sec.
Stage: after context initialize | Performance: TNS = 0 ; WNS = 8486 ; THS = NA ; WHS = NA | Time (s): real = 0h:0m:5s ; cpu = 0h:0m:3s ; process = 0h:0m:4s | Memory (MB): curr = 356.136719 ; peak = 379.218750 | Checksum: 9ECCA31BB2F169AE
Global routing takes 0.00 sec.
Pin Cost Increasing Speed 300
Unrouted clock nets at iteration 0 (0.009 sec): 0
Stage: after clock route | Performance: TNS = 0 ; WNS = 8486 ; THS = NA ; WHS = NA | Time (s): real = 0h:0m:5s ; cpu = 0h:0m:3s ; process = 0h:0m:4s | Memory (MB): curr = 357.843750 ; peak = 379.218750 | Checksum: 4019053001463F58
Total route nets size: 2919
I: Start printing congestion info.
I: Finish printing congestion info.
Pre route takes 0.802 sec
Stage: after pre route | Performance: TNS = 0 ; WNS = 10319 ; THS = 0 ; WHS = 256 | Time (s): real = 0h:0m:6s ; cpu = 0h:0m:4s ; process = 0h:0m:6s | Memory (MB): curr = 416.062500 ; peak = 421.886719 | Checksum: 29B4B570691C36F3
Unrouted general nets at iteration 2 (MT total route time: 0.518 sec): 2513(overused: 13867)
Unrouted general nets at iteration 3 (MT total route time: 0.387 sec): 2148(overused: 8765)
Unrouted general nets at iteration 4 (MT total route time: 0.297 sec): 1893(overused: 6731)
Unrouted general nets at iteration 5 (MT total route time: 0.231 sec): 1634(overused: 5357)
Unrouted general nets at iteration 6 (MT total route time: 0.206 sec): 1472(overused: 4489)
Unrouted general nets at iteration 7 (MT total route time: 0.153 sec): 1092(overused: 3313)
Unrouted general nets at iteration 8 (MT total route time: 0.119 sec): 818(overused: 2183)
Unrouted general nets at iteration 9 (MT total route time: 0.103 sec): 686(overused: 1743)
Unrouted general nets at iteration 10 (MT total route time: 0.088 sec): 586(overused: 1464)
Unrouted general nets at iteration 11 (MT total route time: 0.078 sec): 470(overused: 1176)
Unrouted general nets at iteration 12 (MT total route time: 0.067 sec): 404(overused: 955)
Unrouted general nets at iteration 13 (MT total route time: 0.058 sec): 328(overused: 788)
Unrouted general nets at iteration 14 (MT total route time: 0.047 sec): 278(overused: 663)
Unrouted general nets at iteration 15 (MT total route time: 0.047 sec): 227(overused: 545)
Unrouted general nets at iteration 16 (MT total route time: 0.039 sec): 207(overused: 486)
Unrouted general nets at iteration 17 (MT total route time: 0.047 sec): 202(overused: 479)
Unrouted general nets at iteration 18 (MT total route time: 0.047 sec): 180(overused: 388)
Unrouted general nets at iteration 19 (MT total route time: 0.032 sec): 154(overused: 332)
Unrouted general nets at iteration 20 (MT total route time: 0.028 sec): 134(overused: 272)
Unrouted general nets at iteration 21 (MT total route time: 0.024 sec): 120(overused: 246)
Unrouted general nets at iteration 22 (MT total route time: 0.025 sec): 111(overused: 210)
Unrouted general nets at iteration 23 (MT total route time: 0.030 sec): 97(overused: 184)
Unrouted general nets at iteration 24 (MT total route time: 0.030 sec): 93(overused: 182)
Unrouted general nets at iteration 25 (MT total route time: 0.028 sec): 84(overused: 148)
Unrouted general nets at iteration 26 (MT total route time: 0.029 sec): 78(overused: 136)
Unrouted general nets at iteration 27 (MT total route time: 0.026 sec): 63(overused: 110)
Unrouted general nets at iteration 28 (MT total route time: 0.040 sec): 64(overused: 124)
Unrouted general nets at iteration 29 (MT total route time: 0.056 sec): 61(overused: 130)
Unrouted general nets at iteration 30 (MT total route time: 0.047 sec): 57(overused: 114)
Unrouted general nets at iteration 31 (MT total route time: 0.034 sec): 56(overused: 126)
Unrouted general nets at iteration 32 (MT total route time: 0.027 sec): 54(overused: 108)
Unrouted general nets at iteration 33 (MT total route time: 0.031 sec): 55(overused: 110)
Unrouted general nets at iteration 34 (MT total route time: 0.023 sec): 50(overused: 100)
Unrouted general nets at iteration 35 (MT total route time: 0.029 sec): 54(overused: 112)
Unrouted general nets at iteration 36 (MT total route time: 0.024 sec): 45(overused: 72)
Unrouted general nets at iteration 37 (MT total route time: 0.019 sec): 34(overused: 50)
Unrouted general nets at iteration 38 (MT total route time: 0.025 sec): 26(overused: 40)
Unrouted general nets at iteration 39 (MT total route time: 0.035 sec): 20(overused: 34)
Unrouted general nets at iteration 40 (MT total route time: 0.034 sec): 19(overused: 34)
Unrouted general nets at iteration 41 (MT total route time: 0.011 sec): 15(overused: 26)
Unrouted general nets at iteration 42 (MT total route time: 0.013 sec): 20(overused: 36)
Unrouted general nets at iteration 43 (MT total route time: 0.010 sec): 19(overused: 34)
Unrouted general nets at iteration 44 (MT total route time: 0.009 sec): 18(overused: 24)
Unrouted general nets at iteration 45 (MT total route time: 0.008 sec): 10(overused: 20)
Unrouted general nets at iteration 46 (MT total route time: 0.008 sec): 9(overused: 12)
Unrouted general nets at iteration 47 (MT total route time: 0.008 sec): 6(overused: 8)
Unrouted general nets at iteration 48 (MT total route time: 0.007 sec): 5(overused: 6)
Unrouted general nets at iteration 49 (MT total route time: 0.007 sec): 2(overused: 2)
Unrouted general nets at iteration 50 (MT total route time: 0.006 sec): 2(overused: 2)
Unrouted general nets at iteration 51 (MT total route time: 0.011 sec): 2(overused: 2)
Unrouted general nets at iteration 52 (MT total route time: 0.009 sec): 0(overused: 0)
----General net take 0.007 sec(route net take 0.000 sec, inc cost take 0.003 sec, iter times: 1)
----const net route take 0.009 sec
Unrouted nets at iteration 53 (0.016 sec): 0
Stage: after detail route | Performance: TNS = 0 ; WNS = 9318 ; THS = NA ; WHS = NA | Time (s): real = 0h:0m:10s ; cpu = 0h:0m:4s ; process = 0h:0m:10s | Memory (MB): curr = 425.019531 ; peak = 425.023438 | Checksum: 6236C516A6BD8E05
Begin rip-up and reroute:
Rip-up and reroute takes 0.12 sec.
Stage: after ripup & reroute | Performance: TNS = 0 ; WNS = 9316 ; THS = NA ; WHS = NA | Time (s): real = 0h:0m:10s ; cpu = 0h:0m:4s ; process = 0h:0m:10s | Memory (MB): curr = 429.429688 ; peak = 429.511719 | Checksum: B73E4F9D2C0201EB
Detailed routing takes 5.04 sec.
I: Design net genblk1[0].fan_pwm_tach_m/w_clk_1s_pos is routed by general path.
C: Route-2036: The clock path from genblk1[0].fan_pwm_tach_m/Edge_Detect_u1/N0/gateop:Z to clkbufgs_6:CLKIN is routed by SRB.
I: Design net nt_i_CLK_PAL_IN_25M is routed by general path.
C: Route-2036: The clock path from i_CLK_PAL_IN_25M_ibuf/opit_1:OUT to pll_inst/u_pll_e2/goppllinmuxd:CLK_IN[0] is routed by SRB.
Sort Original Nets take 0.001 sec
Check HPIO div result take 0.000 sec
Total net: 2927, route succeed net: 2927
Generate routing result take 0.006 sec
Handle PERMUX permutation take 0.110 sec
Handle const net take 0.010 sec
Handle route through take 0.033 sec
Used SRB routing arc is 22890.
Stage: after finish route | Performance: TNS = 0 ; WNS = 9316 ; THS = NA ; WHS = NA | Time (s): real = 0h:0m:10s ; cpu = 0h:0m:5s ; process = 0h:0m:10s | Memory (MB): curr = 408.207031 ; peak = 429.511719 | Checksum: A9BB4B4D6DA697FC
Finish routing takes 0.24 sec.
Total routing takes 6.75 sec.


Device Utilization Summary :
+----------------------------------------------------------------------------+
| Device Type                      | Used     | Available     | Util(%)     
+----------------------------------------------------------------------------+
| CLMA                             | 357      | 592           | 61          
| + FF                             | 781      | 3552          | 22          
| + LUT                            | 1020     | 2368          | 44          
|   + LUT as Logic                 | 850      |               |             
|   + LUT as Const                 | 160      |               |             
|   + LUT as Bypass                | 10       |               |             
| CLMS                             | 503      | 888           | 57          
| + FF                             | 1116     | 5328          | 21          
| + LUT                            | 1493     | 3552          | 43          
|   + LUT as Logic                 | 1314     |               |             
|   + LUT as Memory                | 0        |               |             
|     + LUT as Distributed RAM     | 0        |               |             
|   + LUT as Const                 | 159      |               |             
|   + LUT as Bypass                | 20       |               |             
| IO                               | 310      | 336           | 93          
| + IOBD                           | 21       | 21            | 100         
| + IOBR                           | 40       | 42            | 96          
| + IOBS                           | 249      | 273           | 92          
| BKCL                             | 6        | 6             | 100         
| CCS                              | 1        | 1             | 100         
| CLKDIV                           | 0        | 4             | 0           
| CLKDLY                           | 0        | 8             | 0           
| DLL                              | 0        | 2             | 0           
| DRM                              | 0        | 26            | 0           
| HARD0N1                          | 153      | 936           | 17          
| IOCKBRG                          | 0        | 2             | 0           
| IOCKGATE                         | 0        | 4             | 0           
| + IOCKGATE as Bypass             | 0        |               |             
| IOLDLYS                          | 140      | 252           | 56          
| IOLDLY                           | 57       | 84            | 68          
| IOL                              | 310      | 336           | 93          
| ISERDES                          | 0        | 21            | 0           
| LDO                              | 0        | 2             | 0           
| OSC                              | 0        | 1             | 0           
| OSERDES                          | 0        | 21            | 0           
| PLLINMUXD                        | 1        | 2             | 50          
| + PLLINMUXD as Bypass            | 0        |               |             
| PLL                              | 1        | 2             | 50          
| USCMDC                           | 2        | 8             | 25          
| + USCMDC as Bypass               | 0        |               |             
| USCMD                            | 0        | 2             | 0           
| + USCMD as Bypass                | 0        |               |             
| USSMBUF                          | 1        | 8             | 13          
| + USSMBUF as Bypass              | 0        |               |             
+----------------------------------------------------------------------------+

Finished routing. (CPU time elapsed 0h:00m:09s)
Design 'Tieta_Feiteng_1001_top' has been routed successfully.
Saving design to DB.
Action route: Export DB successfully.
Action route: Real time elapsed is 0h:0m:11s
Action route: CPU time elapsed is 0h:0m:10s
Action route: Process CPU time elapsed is 0h:0m:11s
Action route: Peak memory pool usage is 429 MB

Current time: Sat Mar 14 16:07:51 2026
